Reading matrix from /u/dm68/scratch/src/sst-elements-library-13.1.0/src/sst/elements/rdmaNic/tests_spin/preprocessing/scripts/run_scripts/../../data/tamu_unprocessed/web-NotreDame/web-NotreDame.mtx
Started reading mm file: /u/dm68/scratch/src/sst-elements-library-13.1.0/src/sst/elements/rdmaNic/tests_spin/preprocessing/scripts/run_scripts/../../data/tamu_unprocessed/web-NotreDame/web-NotreDame.mtx
Header: matrix coordinate pattern general
Time to read mm file (seconds): 0.27305
Matrix: 325729 x 325729  nnz = 1497134
Mesh: 4x4, num_nodes = 16, num_banks = 4, num_pes = 12
Row-block size = 1024, num_blocks = 319
PE[0] (router 0) gets 27 row blocks.
PE[1] (router 1) gets 27 row blocks.
PE[2] (router 2) gets 27 row blocks.
PE[3] (router 3) gets 27 row blocks.
PE[4] (router 5) gets 27 row blocks.
PE[5] (router 6) gets 27 row blocks.
PE[6] (router 9) gets 27 row blocks.
PE[7] (router 10) gets 26 row blocks.
PE[8] (router 12) gets 26 row blocks.
PE[9] (router 13) gets 26 row blocks.
PE[10] (router 14) gets 26 row blocks.
PE[11] (router 15) gets 26 row blocks.
Tile parameters: tile_rows = 1024, tile_cols = 1024
Computed global column-tile hotness. Example:
  ct=224 hotness=52155
  ct=223 hotness=51766
  ct=228 hotness=50774
  ct=227 hotness=50639
  ct=253 hotness=49940
  ct=225 hotness=49557
  ct=252 hotness=49228
  ct=229 hotness=47685
  ct=254 hotness=43032
  ct=0 hotness=25859
PE[0] (router 0) processing 27 row blocks.
Wrote trace for PE[0] (router 0) to /u/dm68/scratch/src/sst-elements-library-13.1.0/src/sst/elements/rdmaNic/tests_spin/preprocessing/scripts/run_scripts/../../data/suitesparse_traces/web-NotreDame_25/pe_0.trace
PE[1] (router 1) processing 27 row blocks.
Wrote trace for PE[1] (router 1) to /u/dm68/scratch/src/sst-elements-library-13.1.0/src/sst/elements/rdmaNic/tests_spin/preprocessing/scripts/run_scripts/../../data/suitesparse_traces/web-NotreDame_25/pe_1.trace
PE[2] (router 2) processing 27 row blocks.
Wrote trace for PE[2] (router 2) to /u/dm68/scratch/src/sst-elements-library-13.1.0/src/sst/elements/rdmaNic/tests_spin/preprocessing/scripts/run_scripts/../../data/suitesparse_traces/web-NotreDame_25/pe_2.trace
PE[3] (router 3) processing 27 row blocks.
Wrote trace for PE[3] (router 3) to /u/dm68/scratch/src/sst-elements-library-13.1.0/src/sst/elements/rdmaNic/tests_spin/preprocessing/scripts/run_scripts/../../data/suitesparse_traces/web-NotreDame_25/pe_3.trace
PE[4] (router 5) processing 27 row blocks.
Wrote trace for PE[4] (router 5) to /u/dm68/scratch/src/sst-elements-library-13.1.0/src/sst/elements/rdmaNic/tests_spin/preprocessing/scripts/run_scripts/../../data/suitesparse_traces/web-NotreDame_25/pe_5.trace
PE[5] (router 6) processing 27 row blocks.
Wrote trace for PE[5] (router 6) to /u/dm68/scratch/src/sst-elements-library-13.1.0/src/sst/elements/rdmaNic/tests_spin/preprocessing/scripts/run_scripts/../../data/suitesparse_traces/web-NotreDame_25/pe_6.trace
PE[6] (router 9) processing 27 row blocks.
Wrote trace for PE[6] (router 9) to /u/dm68/scratch/src/sst-elements-library-13.1.0/src/sst/elements/rdmaNic/tests_spin/preprocessing/scripts/run_scripts/../../data/suitesparse_traces/web-NotreDame_25/pe_9.trace
PE[7] (router 10) processing 26 row blocks.
Wrote trace for PE[7] (router 10) to /u/dm68/scratch/src/sst-elements-library-13.1.0/src/sst/elements/rdmaNic/tests_spin/preprocessing/scripts/run_scripts/../../data/suitesparse_traces/web-NotreDame_25/pe_10.trace
PE[8] (router 12) processing 26 row blocks.
Wrote trace for PE[8] (router 12) to /u/dm68/scratch/src/sst-elements-library-13.1.0/src/sst/elements/rdmaNic/tests_spin/preprocessing/scripts/run_scripts/../../data/suitesparse_traces/web-NotreDame_25/pe_12.trace
PE[9] (router 13) processing 26 row blocks.
Wrote trace for PE[9] (router 13) to /u/dm68/scratch/src/sst-elements-library-13.1.0/src/sst/elements/rdmaNic/tests_spin/preprocessing/scripts/run_scripts/../../data/suitesparse_traces/web-NotreDame_25/pe_13.trace
PE[10] (router 14) processing 26 row blocks.
Wrote trace for PE[10] (router 14) to /u/dm68/scratch/src/sst-elements-library-13.1.0/src/sst/elements/rdmaNic/tests_spin/preprocessing/scripts/run_scripts/../../data/suitesparse_traces/web-NotreDame_25/pe_14.trace
PE[11] (router 15) processing 26 row blocks.
Wrote trace for PE[11] (router 15) to /u/dm68/scratch/src/sst-elements-library-13.1.0/src/sst/elements/rdmaNic/tests_spin/preprocessing/scripts/run_scripts/../../data/suitesparse_traces/web-NotreDame_25/pe_15.trace
Wrote reuse stats to /u/dm68/scratch/src/sst-elements-library-13.1.0/src/sst/elements/rdmaNic/tests_spin/preprocessing/scripts/run_scripts/../../data/suitesparse_traces/web-NotreDame_25/reuse_stats.txt
Done generating traces.
