0 15 8 15702
2 15 8 10718
4 15 4 10312
6 15 7 10361
8 15 7 10705
10 15 8 11198
12 15 8 11254
14 15 8 11262
16 15 11 10975
18 15 4 10976
20 15 8 11078
22 15 11 10379
24 15 4 10424
26 15 11 10303
28 15 11 10335
30 15 11 10347
32 15 7 10457
34 15 8 10466
36 15 11 10467
38 15 11 10495
40 15 4 10636
42 15 11 10507
48 15 4 10468
50 15 7 10601
52 15 11 10603
54 15 11 10651
56 15 7 10693
58 15 11 10739
60 15 11 10855
62 15 7 11005
64 15 11 10563
66 15 4 10724
68 15 11 10395
70 15 4 10552
72 15 11 10331
74 15 8 10334
76 15 11 10635
78 15 11 10991
80 15 7 10909
82 15 11 10327
84 15 4 11036
86 15 11 10291
88 15 4 10516
92 15 4 10828
94 15 11 10647
96 15 4 10620
98 15 7 10621
100 15 8 10514
102 15 4 10784
104 15 8 11138
108 15 11 10343
110 15 7 10309
112 15 4 10364
114 15 7 10301
118 15 4 10388
120 15 11 10515
124 15 7 10801
126 15 11 10431
128 15 11 10743
130 15 7 10861
132 15 7 10289
134 15 4 10300
136 15 11 10311
138 15 11 10451
140 15 7 10333
142 15 7 10317
144 15 4 10624
146 15 7 10285
148 15 8 10506
150 15 4 10848
152 15 8 11114
156 15 8 10342
158 15 4 10304
160 15 7 10441
162 15 11 10503
164 15 8 10330
166 15 7 10825
168 15 4 10928
172 15 11 11167
174 15 7 10701
176 15 11 10455
178 15 7 10617
182 15 4 10744
190 15 11 10287
192 15 4 10444
194 15 7 10929
196 15 4 10936
198 15 7 11097
200 15 11 10307
202 15 8 10702
204 15 4 10296
206 15 11 10543
208 15 7 10561
210 15 4 10720
212 15 4 10804
216 15 8 10582
218 15 4 10640
220 15 4 10800
226 15 11 10399
230 15 8 10738
236 15 4 10704
242 15 11 10355
244 15 11 10411
258 15 7 10805
260 15 11 10863
262 15 11 10959
264 15 7 10997
266 15 8 11194
268 15 11 10367
276 15 4 10512
278 15 11 10551
280 15 7 10665
282 15 11 10407
284 15 11 10611
286 15 11 10723
288 15 4 10772
296 15 4 10564
298 15 4 10876
300 15 7 10905
302 15 8 10558
304 15 8 10722
306 15 11 11139
308 15 7 10505
310 15 11 10423
312 15 4 10608
314 15 11 10683
316 15 7 10369
320 15 8 10522
328 15 4 10408
330 15 11 10771
332 15 11 10519
334 15 7 10393
336 15 8 10394
338 15 8 10402
340 15 4 10488
344 15 7 10889
348 15 8 10398
350 15 7 10481
358 15 4 10644
360 15 8 10446
362 15 7 10857
364 15 11 11019
366 15 7 11221
380 15 8 10682
382 15 11 10719
386 15 8 10874
388 15 4 10676
390 15 4 10288
392 15 7 10465
394 15 8 10550
400 15 11 10471
404 15 11 10999
406 15 8 11038
412 15 4 10548
420 15 8 10382
422 15 4 11056
424 15 11 10703
432 15 11 10727
438 15 11 10359
440 15 4 10476
444 15 11 10751
446 15 4 10396
458 15 8 10650
460 15 8 10750
462 15 4 10900
464 15 4 11096
466 15 7 11133
468 15 11 11227
470 15 7 11249
478 15 7 11149
480 15 8 10370
482 15 7 10581
484 15 4 10760
486 15 7 11101
488 15 7 11105
490 15 8 11110
504 15 8 10618
506 15 8 10714
510 15 7 10305
512 15 4 10484
514 15 11 10439
516 15 8 10730
518 15 8 10374
520 15 11 10527
530 15 7 10325
532 15 8 10454
534 15 4 10432
536 15 8 10298
538 15 4 10492
540 15 11 10499
542 15 8 10510
544 15 4 10528
546 15 7 10689
548 15 8 10690
552 15 8 10818
554 15 11 10947
556 15 11 10995
560 15 4 11084
562 15 7 11137
578 15 7 11225
584 15 7 10677
586 15 8 11014
592 15 7 10673
598 15 11 10295
600 15 7 10313
602 15 7 10357
604 15 4 10428
606 15 7 10793
616 15 11 10427
620 15 4 10592
622 15 4 10668
626 15 4 10472
644 15 4 10752
650 15 11 11075
654 15 7 10733
656 15 7 10421
672 15 8 11058
678 15 7 10565
690 15 11 11215
692 15 8 11054
698 15 8 10638
700 15 11 10775
702 15 8 11214
706 15 4 11044
716 15 4 10984
718 15 11 10923
720 15 4 10856
726 15 7 10649
752 15 7 10349
754 15 8 10358
756 15 4 10672
758 15 11 11055
760 15 4 10764
772 15 11 11083
792 15 11 10831
800 15 11 10483
802 15 11 10487
804 15 4 10796
806 15 8 10826
808 15 4 10652
812 15 4 11144
814 15 11 11239
828 15 11 10575
832 15 8 10338
840 15 7 10653
842 15 4 10600
854 15 7 10341
856 15 8 10710
868 15 4 10860
870 15 7 10953
878 15 8 10474
880 15 4 10572
892 15 7 11077
902 15 7 10837
904 15 11 10971
906 15 7 10389
908 15 7 10345
912 15 8 10778
942 15 11 10363
952 15 8 10898
970 15 4 10380
982 15 7 10297
984 15 4 10384
986 15 4 10580
988 15 11 11087
990 15 11 10319
992 15 4 10696
1002 15 11 11191
1004 15 8 10422
1008 15 8 11190
1012 15 7 10469
1016 15 8 10362
1018 15 11 10955
1020 15 8 10758
1030 15 8 10630
1032 15 11 10643
1034 15 7 10657
1040 15 11 11171
1042 15 7 10385
1050 15 7 10497
1052 15 7 10709
1054 15 7 10721
1060 15 7 10957
1062 15 4 11076
1070 15 8 10982
1072 15 11 10475
1074 15 4 10544
1076 15 8 10626
1086 15 7 10789
1090 15 8 10926
1092 15 7 10949
1094 15 7 10965
1096 15 7 11045
1114 15 11 10875
1116 15 8 10978
1118 15 7 10685
1122 15 8 10502
1128 15 4 10920
1130 15 8 10830
1132 15 11 10435
1134 15 7 10517
1140 15 7 10893
1142 15 8 10942
1154 15 8 10706
1156 15 8 10762
1158 15 7 10765
1160 15 7 10577
1164 15 8 10294
1166 15 11 10627
1168 15 4 10924
1172 15 11 10547
1174 15 11 10479
1176 15 4 11012
1188 15 7 10969
1194 15 4 11040
1198 15 7 10873
1200 15 4 11108
1202 15 7 11109
1208 15 7 11065
1220 15 11 11127
1226 15 8 10886
1234 15 8 10614
1236 15 4 10968
1238 15 4 10504
1254 15 4 10440
1256 15 11 11035
1260 15 4 10780
1262 15 7 10633
1264 15 4 11116
1268 15 7 10917
1278 15 4 11216
1282 15 4 10688
1286 15 11 10899
1292 15 7 10461
1294 15 7 10437
1296 15 7 10545
1302 15 8 10302
1308 15 8 10698
1310 15 4 10816
1316 15 11 10391
1318 15 11 11123
1336 15 7 11033
1338 15 11 10779
1340 15 7 11189
1372 15 4 10392
1380 15 4 10768
1396 15 7 10525
1418 15 11 10531
1420 15 4 10560
1448 15 7 10769
1458 15 7 10741
1486 15 11 10999
1492 15 4 10532
1498 15 7 10493
1502 15 7 10509
1504 15 11 10359
1514 15 11 10523
1530 15 7 10449
1534 15 4 10568
1538 15 8 10290
1550 15 11 11115
1560 15 7 10585
1562 15 4 10656
1568 15 8 10790
1582 15 4 10820
1584 15 11 10559
1596 15 7 11141
1606 15 4 10520
1614 15 11 10675
1618 15 7 10757
1620 15 7 10865
1642 15 8 11234
1646 15 11 10711
1648 15 7 10453
1656 15 8 10794
1658 15 11 11143
1682 15 4 10888
1684 15 8 11042
1710 15 11 10595
1712 15 7 10941
1724 15 4 10740
1736 15 11 10835
1738 15 11 10655
1748 15 8 10962
1756 15 11 10979
1758 15 8 10990
1760 15 8 11018
1762 15 7 11209
1764 15 8 10306
1770 15 4 11104
1774 15 7 11213
1806 15 11 10611
1810 15 8 11146
1812 15 4 11156
1838 15 8 10318
1852 15 11 11243
1854 15 11 10299
1872 15 11 10687
1874 15 8 10746
1878 15 11 11235
1884 15 8 10590
1890 15 7 10937
1900 15 8 10494
1904 15 4 10824
1914 15 8 10346
1916 15 11 10535
1918 15 4 10632
1926 15 11 10995
1934 15 7 10401
1942 15 11 11027
1956 15 8 10410
1958 15 4 10604
1964 15 8 10670
1966 15 11 10731
2006 15 8 10726
2012 15 11 10743
2030 15 11 10963
2040 15 4 11060
2046 15 4 11180
2048 15 11 11183
2052 15 7 11237
2060 15 7 10485
2062 15 4 10788
2064 15 11 10607
2070 15 7 10809
2094 15 11 10463
2136 15 8 10854
2146 15 8 11010
2166 15 7 10409
2170 15 8 10934
2184 15 11 11095
2188 15 7 10645
2202 15 8 10938
2216 15 11 10403
2230 15 11 10623
2232 15 11 10679
2272 15 7 11053
2274 15 8 11250
2300 15 4 10648
2302 15 11 11103
2318 15 8 10322
2320 15 4 10776
2350 15 8 10286
2356 15 8 10754
2358 15 8 11030
2370 15 8 10766
2378 15 8 10314
2384 15 11 10663
2420 15 8 10462
2422 15 11 11147
2424 15 7 10377
2428 15 8 10950
2430 15 4 10960
2432 15 4 10316
2438 15 8 10994
2440 15 4 11080
2448 15 4 10680
2454 15 8 10518
2470 15 7 10761
2476 15 8 11258
2478 15 4 11260
2480 15 8 10570
2482 15 11 10571
2484 15 11 11031
2488 15 11 10759
2500 15 7 10885
2506 15 7 11013
2558 15 8 10458
2564 15 4 10904
2638 15 8 10530
2646 15 8 10858
2652 15 8 10974
2654 15 7 10397
2662 15 8 10902
2666 15 4 10892
2704 15 4 10524
2734 15 11 10843
2738 15 7 11145
2746 15 11 10527
2750 15 11 10907
2764 15 8 10646
2790 15 8 10438
2792 15 7 10605
2816 15 8 10930
2838 15 11 10567
2842 15 11 10755
2844 15 8 11102
2846 15 7 11057
2860 15 7 10425
2864 15 11 10639
2868 15 11 10851
2870 15 11 11043
2878 15 11 10967
2892 15 4 10664
2900 15 11 10735
2922 15 11 10975
2924 15 4 10976
2952 15 11 11039
2958 15 4 10400
2960 15 4 10460
2998 15 7 10829
3006 15 7 10589
3010 15 7 10753
3058 15 11 10715
3060 15 11 10763
3070 15 7 10533
3072 15 11 10563
3084 15 4 11168
3086 15 11 11219
3090 15 8 10634
3104 15 11 10699
3110 15 4 10320
3118 15 4 10420
3140 15 11 10491
3142 15 4 10576
3144 15 11 10891
3146 15 11 10487
3148 15 7 10489
3150 15 8 10490
3152 15 8 10810
3154 15 7 11117
3156 15 11 11171
3164 15 4 10712
3174 15 11 10747
3176 15 8 11294
3178 15 11 11275
3180 15 11 11335
3182 15 11 11283
3184 15 11 11355
3186 15 4 11284
3192 15 7 11397
3194 15 4 11264
3196 15 8 11446
3198 15 8 11338
3200 15 8 11298
3202 15 11 11299
3204 15 4 11372
3206 15 7 11605
3210 15 7 11445
3212 15 7 11417
3214 15 11 11443
3216 15 8 11982
3218 15 11 11983
3220 15 4 11416
3224 15 4 11456
3234 15 8 11278
3236 15 11 11363
3240 15 11 11539
3242 15 7 11541
3244 15 4 11568
3246 15 4 11580
3248 15 11 11583
3258 15 7 11297
3260 15 7 11301
3262 15 11 11303
3264 15 4 11392
3270 15 4 11464
3272 15 11 11519
3274 15 11 11279
3276 15 4 11528
3278 15 8 11634
3280 15 11 11271
3284 15 11 11323
3290 15 8 11418
3292 15 8 11442
3294 15 7 11641
3296 15 11 11435
3298 15 4 11668
3300 15 11 11619
3302 15 4 11396
3304 15 7 11461
3308 15 11 11755
3310 15 7 11529
3312 15 4 11548
3314 15 11 11339
3320 15 11 11523
3322 15 8 11578
3324 15 8 11590
3330 15 7 11485
3334 15 11 11395
3338 15 4 11476
3342 15 7 11801
3344 15 11 11903
3346 15 4 11740
3348 15 8 11382
3352 15 11 11659
3354 15 4 11348
3356 15 11 11359
3358 15 7 11841
3360 15 8 11314
3364 15 11 11487
3368 15 8 11482
3370 15 11 11483
3372 15 8 11522
3374 15 8 11614
3376 15 11 12091
3378 15 8 12170
3380 15 8 11542
3382 15 4 11676
3384 15 11 11495
3386 15 11 11699
3388 15 11 11863
3390 15 7 12117
3392 15 11 11391
3394 15 8 11834
3398 15 4 11600
3404 15 4 11532
3408 15 7 11573
3410 15 11 11743
3412 15 4 11572
3414 15 4 11864
3416 15 7 11421
3418 15 8 11654
3426 15 11 11823
3428 15 8 11282
3430 15 4 11328
3432 15 7 11385
3436 15 4 11452
3438 15 4 11472
3440 15 4 11504
3450 15 7 11593
3452 15 7 11617
3454 15 4 11628
3456 15 11 11639
3458 15 8 11670
3460 15 8 11802
3464 15 11 11883
3466 15 7 11901
3468 15 4 11912
3470 15 7 11937
3472 15 8 11998
3474 15 7 12005
3476 15 8 12006
3478 15 7 12013
3480 15 7 12045
3482 15 8 12098
3484 15 4 12120
3486 15 8 12134
3488 15 4 12248
3490 15 11 12267
3492 15 4 11748
3494 15 11 11895
3496 15 11 11351
3504 15 7 11761
3506 15 4 11480
3508 15 11 11319
3510 15 7 11269
3512 15 11 11307
3514 15 7 11309
3516 15 8 11690
3518 15 8 11374
3520 15 4 11636
3522 15 7 11905
3526 15 4 11400
3532 15 7 11569
3534 15 7 11577
3542 15 8 11830
3544 15 4 12008
3546 15 8 11766
3558 15 4 11876
3560 15 4 11588
3562 15 8 11954
3564 15 11 11935
3566 15 11 11399
3576 15 8 11826
3580 15 8 11594
3582 15 7 11821
3598 15 11 11403
3600 15 7 12017
3602 15 8 12018
3606 15 4 12016
3614 15 4 11368
3616 15 8 11930
3618 15 4 11788
3622 15 4 11460
3624 15 8 11342
3626 15 8 11530
3628 15 11 12059
3630 15 8 12158
3640 15 4 12028
3642 15 4 11316
3644 15 8 11926
3646 15 4 12032
3648 15 7 11537
3650 15 4 11604
3652 15 7 11661
3654 15 7 11993
3664 15 11 11595
3672 15 8 12046
3674 15 8 11850
3680 15 7 11737
3682 15 4 11796
3684 15 8 11882
3686 15 4 11336
3688 15 11 11615
3690 15 4 11916
3692 15 11 11295
3696 15 4 11468
3708 15 4 11944
3714 15 11 11371
3716 15 7 11909
3728 15 11 11695
3748 15 4 11420
3752 15 11 11499
3754 15 8 11502
3766 15 11 11507
3772 15 11 11647
3776 15 4 11408
3778 15 7 11705
3780 15 11 11711
3782 15 4 11712
3784 15 11 11731
3786 15 8 11742
3798 15 11 11503
3800 15 8 11486
3804 15 11 11707
3806 15 11 12023
3808 15 8 12206
3812 15 4 11708
3816 15 7 12205
3818 15 8 11666
3822 15 11 11687
3828 15 4 12112
3830 15 4 12144
3836 15 4 12092
3838 15 7 11921
3840 15 4 11536
3844 15 7 11621
3846 15 7 11673
3850 15 8 11630
3852 15 8 11410
3854 15 11 11715
3866 15 11 12191
3870 15 8 11958
3872 15 8 11714
3874 15 11 11407
3876 15 11 12271
3880 15 7 11685
3882 15 7 11745
3886 15 8 12026
3898 15 4 11672
3900 15 11 11451
3902 15 8 12610
3904 15 4 12316
3906 15 8 12914
3908 15 11 12359
3910 15 8 12318
3912 15 8 12330
3914 15 8 12338
3916 15 11 12351
3918 15 8 12442
3920 15 8 12474
3930 15 11 2995
3934 15 8 8150
3936 15 4 7936
3946 15 7 22605
3948 15 7 22709
3950 15 11 22743
3952 15 4 23072
3954 15 11 23199
3956 15 7 23277
3958 15 8 23290
3960 15 7 23329
3962 15 7 23457
3964 15 4 22668
3966 15 7 22685
3968 15 7 22745
3970 15 4 22548
3972 15 8 22570
3974 15 8 22654
3976 15 7 22673
3978 15 4 22824
3980 15 7 22837
3982 15 4 22860
3984 15 4 22956
3986 15 8 23170
3988 15 7 23205
3990 15 4 23276
3992 15 11 23283
3994 15 4 22724
4000 15 4 22740
4004 15 7 22957
4006 15 7 22961
4008 15 11 23059
4012 15 11 23111
4014 15 4 23128
4018 15 7 23217
4022 15 11 23359
4024 15 7 23361
4026 15 8 23390
4028 15 4 23416
4030 15 7 22553
4032 15 4 22676
4038 15 7 22789
4040 15 7 22873
4042 15 7 23017
4044 15 7 23021
4048 15 11 23115
4050 15 4 23136
4052 15 8 23146
4054 15 8 23162
4056 15 11 23179
4058 15 8 23206
4060 15 7 23213
4062 15 8 23218
4064 15 11 23219
4066 15 11 23243
4068 15 4 23244
4070 15 4 23264
4072 15 4 23296
4074 15 11 23299
4076 15 4 23344
4080 15 4 23376
4082 15 7 23393
4084 15 11 23411
4086 15 7 23449
4088 15 11 23483
4090 15 7 23485
4092 15 4 23544
4094 15 8 23546
4096 15 11 23047
4098 15 8 23082
4100 15 8 23330
4102 15 4 23512
4104 15 4 23316
4106 15 7 23477
4108 15 11 23523
4110 15 7 22581
4112 15 8 23258
4114 15 7 23317
4118 15 11 23487
4122 15 11 22535
4124 15 8 22766
4126 15 8 22802
4130 15 4 22768
4136 15 11 22715
4140 15 8 22794
4142 15 4 22796
4144 15 7 22797
4146 15 11 22923
4148 15 4 23088
4160 15 11 23423
4162 15 11 23427
4166 15 11 23331
4176 15 8 23522
4180 15 4 22604
4182 15 4 22680
4184 15 8 22790
4186 15 7 22801
4188 15 8 23446
4190 15 8 23526
4202 15 8 22854
4204 15 4 22936
4206 15 4 23076
4208 15 11 22899
4210 15 11 23079
4220 15 11 22903
4224 15 8 22926
4226 15 7 23041
4234 15 7 23221
4238 15 4 23352
4244 15 4 23408
4248 15 4 23480
4250 15 11 23531
4252 15 8 22542
4256 15 7 22637
4258 15 8 22890
4260 15 11 22919
4262 15 4 22984
4264 15 11 23207
4266 15 11 23211
4268 15 4 23220
4270 15 7 23253
4272 15 7 23269
4274 15 11 23323
4276 15 7 23425
4278 15 4 23460
4288 15 11 23251
4290 15 8 23022
4292 15 7 23469
4294 15 4 22932
4298 15 11 23143
4300 15 7 23161
4302 15 4 23468
4304 15 11 23503
4310 15 4 22816
4312 15 11 22875
4322 15 4 23312
4324 15 11 23387
4326 15 4 22820
4328 15 4 22960
4330 15 8 22598
4332 15 8 22630
4334 15 7 22645
4336 15 7 22653
4338 15 4 22908
4346 15 7 23441
4350 15 7 22881
4352 15 4 23008
4366 15 4 23528
4370 15 4 23004
4378 15 4 23228
4380 15 11 23403
4386 15 7 23537
4388 15 4 23548
4390 15 4 22808
4392 15 8 23062
4394 15 4 23156
4396 15 7 23201
4398 15 4 23300
4400 15 4 23404
4402 15 7 23417
4412 15 11 22883
4416 15 4 22996
4418 15 7 23029
4422 15 7 23053
4426 15 8 22966
4428 15 11 23063
4430 15 11 23215
4432 15 8 23398
4434 15 8 23178
4436 15 7 23349
4438 15 11 22771
4440 15 7 22777
4442 15 8 22842
4444 15 7 22993
4446 15 11 23071
4448 15 7 23225
4450 15 11 23303
4454 15 4 22640
4456 15 11 23027
4458 15 11 23263
4460 15 4 23384
4462 15 8 23270
4468 15 7 23193
4486 15 4 22928
4488 15 11 23051
4508 15 8 22774
4510 15 4 22780
4516 15 7 22809
4518 15 4 22844
4520 15 7 22869
4522 15 7 22933
4526 15 8 23038
4536 15 11 23343
4540 15 8 23378
4544 15 11 23471
4546 15 8 23166
4560 15 11 23351
4566 15 11 22667
4574 15 11 22659
4576 15 11 22887
4578 15 8 22558
4584 15 7 23313
4590 15 7 23165
4592 15 8 23370
4594 15 7 23389
4604 15 8 23402
4610 15 11 23171
4616 15 4 22884
4618 15 8 23274
4622 15 8 23318
4624 15 4 22536
4628 15 11 22703
4630 15 4 22744
4636 15 11 22879
4638 15 8 23386
4640 15 7 23549
4650 15 4 23268
4654 15 11 23383
4684 15 7 22857
4690 15 11 23103
4692 15 8 23430
4696 15 11 22799
4698 15 8 23338
4706 15 4 23496
4752 15 8 23334
4766 15 4 23508
4778 15 11 22895
4784 15 8 22530
4786 15 8 22534
4790 15 8 22582
4802 15 11 22819
4804 15 7 22865
4806 15 8 22898
4816 15 4 23304
4820 15 11 23055
4824 15 4 23056
4826 15 7 23121
4828 15 8 22806
4830 15 8 22818
4834 15 11 22867
4836 15 4 23016
4838 15 7 23405
4840 15 4 23248
4860 15 7 22765
4862 15 11 23415
4868 15 7 22821
4870 15 4 23040
4876 15 8 23134
4878 15 8 23150
4880 15 8 23226
4884 15 4 23392
4902 15 11 22927
4906 15 11 22987
4912 15 4 23388
4914 15 7 22621
4916 15 11 23015
4918 15 11 23091
4922 15 4 22828
4924 15 8 22994
4926 15 7 23077
4952 15 11 22627
4954 15 7 22649
4956 15 7 22669
4958 15 8 22670
4966 15 4 23372
4968 15 4 22616
4970 15 11 22651
4972 15 8 22954
4974 15 8 23414
4976 15 7 23493
4978 15 4 23080
4980 15 8 23122
4986 15 7 22973
4988 15 8 23106
4990 15 11 23119
4992 15 7 23181
5016 15 11 23355
5018 15 7 23105
5020 15 7 22805
5022 15 11 22823
5024 15 4 22872
5026 15 11 23271
5028 15 11 22751
5040 15 11 23495
5048 15 7 22561
5050 15 4 22736
5064 15 7 23145
5072 15 8 23102
5074 15 8 22614
5076 15 7 22925
5078 15 11 23135
5082 15 8 23182
5108 15 7 23173
5132 15 8 22694
5134 15 11 22615
5136 15 7 22945
5138 15 11 23379
5140 15 4 23436
5144 15 11 23535
5172 15 8 23454
5178 15 11 22995
5182 15 4 22560
5184 15 8 22634
5186 15 7 22877
5190 15 8 22946
5196 15 8 23262
5198 15 7 23281
5200 15 7 23413
5202 15 4 22920
5206 15 7 22861
5214 15 11 22699
5216 15 8 23018
5218 15 11 23067
5220 15 4 23064
5222 15 8 22910
5224 15 8 23366
5226 15 8 23222
5258 15 11 22683
5260 15 8 23510
5278 15 8 23042
5282 15 8 22826
5286 15 4 22976
5290 15 8 23278
5304 15 7 22693
5310 15 7 22785
5320 15 7 23305
5324 15 8 23434
5326 15 11 23447
5328 15 7 23489
5350 15 7 23501
5406 15 7 23265
5414 15 4 23464
5452 15 4 23000
5454 15 7 23157
5458 15 8 23066
5460 15 4 22628
5474 15 8 22986
5490 15 8 22778
5492 15 4 22832
5516 15 7 23365
5518 15 4 22532
5520 15 7 22633
5522 15 11 22603
5526 15 11 22711
5528 15 7 22741
5532 15 7 23025
5540 15 7 22829
5548 15 7 23357
5560 15 7 22545
5562 15 4 22648
5564 15 11 23223
5566 15 7 22565
5576 15 7 23021
5578 15 7 23109
5586 15 8 22890
5590 15 11 22543
5602 15 7 23333
5604 15 7 23381
5612 15 11 23463
5614 15 4 22664
5636 15 8 22846
5638 15 7 22853
5640 15 8 22870
5660 15 7 23445
5662 15 8 22906
5664 15 4 22972
5672 15 7 22837
5708 15 4 23204
5710 15 4 22896
5712 15 4 23364
5748 15 4 22652
5750 15 4 23308
5758 15 11 22871
5788 15 7 22901
5806 15 8 23346
5808 15 7 23397
5828 15 4 22612
5832 15 7 23009
5886 15 11 22583
5918 15 7 23221
5928 15 11 23375
5932 15 8 22570
5936 15 8 22726
5954 15 8 22786
5968 15 11 22911
5970 15 11 22983
5972 15 7 23113
5974 15 4 23144
5976 15 4 22636
5978 15 8 22834
5980 15 8 23006
5982 15 4 23104
6024 15 7 22889
6040 15 7 22573
6042 15 4 22692
6044 15 8 22930
6050 15 7 22929
6054 15 4 23532
6056 15 4 23152
6090 15 4 22792
6094 15 11 23087
6106 15 8 22878
6124 15 11 22531
6130 15 11 22563
6132 15 4 22572
6136 15 8 23142
6138 15 7 23349
6142 15 11 23399
6144 15 11 22795
6156 15 11 23511
6158 15 4 22904
6232 15 4 23052
6302 15 4 23448
6304 15 4 23452
6310 15 11 22755
6338 15 4 23472
6354 15 7 22609
6358 15 4 22808
6368 15 8 23458
6372 15 11 23039
6380 15 4 23084
6396 15 4 22912
6408 15 8 23362
6410 15 7 23373
6426 15 8 23010
6446 15 11 23191
6494 15 7 23345
6498 15 7 22537
6500 15 8 23338
6518 15 8 22958
6576 15 11 22999
6584 15 7 23369
6586 15 7 23441
6614 15 11 22827
6618 15 8 22702
6632 15 4 22688
6762 15 11 23147
6764 15 8 23426
6766 15 7 23481
6774 15 4 23356
6776 15 8 22646
6778 15 7 22753
6780 15 8 23086
6782 15 4 23328
6786 15 7 22557
6788 15 7 22937
6790 15 8 23082
6792 15 7 23121
6794 15 4 23148
6810 15 4 23252
6828 15 11 23515
6830 15 7 22781
6840 15 7 22885
6844 15 8 23118
6854 15 7 23473
6856 15 8 22606
6868 15 11 23011
6874 15 11 22579
6894 15 11 22555
6896 15 7 22617
6938 15 11 22619
6940 15 8 22674
6942 15 4 23396
6992 15 4 23500
7028 15 11 23259
7030 15 11 22727
7032 15 11 22847
7034 15 11 22915
7036 15 8 23174
7038 15 11 23175
7040 15 4 23176
7042 15 7 23353
7058 15 7 22793
7062 15 8 23014
7084 15 7 23085
7088 15 11 22967
7106 15 4 22864
7108 15 8 23078
7116 15 4 22856
7122 15 11 22979
7128 15 11 23455
7154 15 11 22547
7162 15 8 23126
7220 15 8 22630
7260 15 8 22826
7264 15 11 22919
7266 15 4 23132
7270 15 7 23189
7284 15 7 22925
7294 15 7 23469
7296 15 4 22588
7302 15 7 23477
7306 15 8 23538
7308 15 11 23539
7310 15 4 22640
7332 15 7 23229
7346 15 4 22800
7348 15 7 22713
7350 15 11 22787
7352 15 8 22574
7354 15 4 23200
7394 15 8 22882
7400 15 7 22805
7402 15 11 23023
7404 15 4 23340
7406 15 7 22665
7448 15 4 22760
7452 15 7 22933
7454 15 7 23253
7480 15 11 23371
7482 15 7 22829
7486 15 8 22730
7538 15 8 22978
7540 15 7 23081
7542 15 8 23542
7546 15 4 22708
7574 15 7 22837
7576 15 11 22843
7580 15 7 22881
7582 15 4 22900
7584 15 4 22916
7586 15 4 22988
7592 15 8 23202
7600 15 7 23453
7622 15 7 22629
7626 15 11 22947
7628 15 8 22974
7630 15 8 22990
7632 15 4 23124
7634 15 4 23168
7636 15 7 23429
7638 15 4 22776
7640 15 11 23007
7642 15 7 23037
7644 15 7 22725
7662 15 4 22644
7754 15 11 22807
7768 15 7 23529
7776 15 8 23242
7778 15 4 23496
7798 15 8 23534
7802 15 8 23310
7808 15 11 22939
7812 15 8 23486
7814 15 4 23272
7836 15 8 23138
7838 15 7 23325
7850 15 7 22909
7862 15 4 22812
7878 15 4 22908
7880 15 7 22529
7894 15 7 22569
7906 15 11 22955
7942 15 11 22559
7970 15 4 23492
7990 15 8 22934
8006 15 7 22705
8008 15 7 23057
8010 15 7 23341
8012 15 7 23541
8014 15 4 23240
8018 15 11 22959
8022 15 7 23249
8054 15 7 23433
8058 15 7 23045
8060 15 8 23482
8104 15 7 23513
8120 15 7 23165
8128 15 4 23420
8134 15 4 22620
8160 15 7 22977
8214 15 8 22550
8220 15 11 23295
8222 15 8 23018
8224 15 7 23405
8226 15 7 22601
8238 15 7 22929
8242 15 8 23422
8246 15 7 22905
8248 15 11 23331
8250 15 8 22782
8270 15 8 23210
8294 15 11 22891
8308 15 8 22914
8310 15 4 23024
8312 15 7 23349
8316 15 8 23114
8372 15 8 23254
8376 15 11 23063
8378 15 11 23215
8384 15 11 22707
8386 15 7 23309
8388 15 11 23547
8402 15 4 23128
8410 15 7 23401
8426 15 8 22642
8432 15 4 23424
8450 15 11 23127
8486 15 7 23373
8492 15 8 22738
8494 15 11 23247
8508 15 7 22837
8510 15 4 22860
8512 15 4 22956
8514 15 7 22765
8520 15 4 22764
8532 15 8 22546
8538 15 4 22876
8542 15 7 23117
8548 15 11 23179
8560 15 8 23274
8580 15 8 23530
8584 15 8 22570
8608 15 4 23152
8620 15 4 23412
8622 15 4 22616
8648 15 8 23250
8690 15 11 22759
8694 15 4 22528
8702 15 7 22857
8732 15 8 23166
8740 15 4 23020
8766 15 7 22701
8768 15 4 22732
8806 15 7 23181
8810 15 8 23338
8834 15 11 23199
8860 15 8 22994
8866 15 7 23029
8872 15 11 22935
8880 15 7 22925
8886 15 11 22851
8890 15 11 22839
8892 15 4 23532
8894 15 11 22623
8896 15 8 22806
8944 15 11 22779
8984 15 4 22672
8988 15 8 23506
9016 15 11 22879
9018 15 7 22901
9022 15 7 22957
9036 15 8 23378
9040 15 4 23500
9042 15 8 22618
9056 15 4 23084
9086 15 4 22740
9092 15 4 22932
9114 15 11 23083
9142 15 7 23501
9150 15 8 23462
9166 15 8 23446
9174 15 7 23053
9176 15 8 23062
9198 15 7 22861
9216 15 11 23499
9230 15 7 22997
9234 15 8 22826
9238 15 7 22953
9260 15 7 22549
9296 15 8 23498
9332 15 4 23120
9354 15 7 23293
9356 15 8 17590
9358 15 11 17927
9360 15 8 18402
9362 15 11 17747
9364 15 7 18081
9366 15 8 18302
9368 15 7 18077
9370 15 8 17550
9372 15 11 17591
9374 15 8 17638
9376 15 11 17659
9378 15 4 17768
9380 15 11 17779
9382 15 7 17797
9384 15 11 17847
9388 15 4 18288
9390 15 11 18299
9394 15 11 17811
9396 15 7 18001
9398 15 7 17661
9400 15 8 17786
9402 15 11 18183
9404 15 4 17548
9406 15 7 17569
9408 15 7 17577
9410 15 8 17754
9412 15 11 17755
9416 15 8 17902
9418 15 11 18227
9420 15 11 17503
9424 15 7 17437
9436 15 8 17702
9438 15 7 17829
9442 15 7 18113
9444 15 8 18410
9446 15 4 17596
9448 15 4 17844
9450 15 7 18209
9454 15 11 17707
9456 15 8 17450
9458 15 8 18194
9460 15 8 17558
9462 15 7 17701
9464 15 11 17731
9466 15 7 17981
9468 15 11 18011
9470 15 11 18059
9472 15 11 18219
9474 15 4 18252
9476 15 4 18344
9478 15 4 17920
9488 15 4 18128
9490 15 8 17658
9492 15 4 18096
9494 15 4 18176
9496 15 8 18114
9502 15 8 17530
9512 15 11 17787
9514 15 8 17834
9516 15 4 18168
9518 15 11 18331
9522 15 4 17820
9530 15 8 17466
9532 15 11 17599
9534 15 11 17823
9538 15 11 18223
9540 15 11 18343
9546 15 7 18021
9548 15 4 17608
9552 15 11 17603
9556 15 11 18163
9558 15 4 17476
9562 15 8 18138
9564 15 4 17976
9568 15 8 18238
9570 15 4 18248
9580 15 11 18267
9586 15 4 18296
9588 15 7 17613
9590 15 8 17718
9594 15 4 17520
9596 15 8 17578
9604 15 8 18186
9606 15 7 17985
9608 15 4 17852
9612 15 4 17720
9618 15 4 18144
9620 15 7 18413
9622 15 4 17632
9624 15 4 17776
9626 15 7 17921
9628 15 4 18060
9630 15 7 17505
9632 15 11 17575
9638 15 7 17813
9640 15 4 17928
9642 15 7 17941
9644 15 8 17586
9660 15 11 17571
9664 15 8 17770
9666 15 11 17775
9668 15 8 17778
9672 15 8 17814
9676 15 8 17842
9680 15 11 17871
9684 15 7 18037
9688 15 4 18236
9692 15 4 18400
9698 15 4 17432
9700 15 8 17866
9702 15 4 17888
9704 15 4 17892
9706 15 11 17843
9708 15 11 17555
9710 15 7 17557
9712 15 8 17694
9726 15 11 17667
9732 15 7 17589
9734 15 7 17537
9736 15 8 17862
9738 15 7 18317
9746 15 8 17974
9748 15 8 18430
9750 15 7 18429
9754 15 11 17419
9756 15 8 18294
9760 15 4 17956
9764 15 7 18089
9766 15 4 18376
9768 15 7 17785
9770 15 8 18398
9772 15 11 18403
9778 15 7 18145
9780 15 4 18088
9788 15 7 18049
9810 15 4 18016
9812 15 4 18056
9816 15 8 18166
9818 15 8 18182
9820 15 8 18234
9822 15 8 17626
9826 15 4 17644
9834 15 4 17836
9838 15 7 18349
9840 15 11 18251
9842 15 7 17601
9844 15 7 17541
9848 15 8 17838
9854 15 11 18047
9856 15 7 18141
9858 15 7 18425
9864 15 7 18241
9866 15 4 18244
9874 15 11 17975
9876 15 7 18377
9878 15 8 18378
9884 15 4 18164
9886 15 4 17544
9890 15 11 17635
9906 15 4 17840
9908 15 8 18170
9910 15 4 17796
9914 15 4 18204
9916 15 11 18091
9918 15 4 18092
9920 15 7 18385
9926 15 7 17553
9928 15 4 17504
9938 15 4 18336
9944 15 11 18291
9962 15 4 18112
9964 15 4 18340
9968 15 8 17894
9970 15 4 17912
9974 15 4 18220
9976 15 8 18350
9978 15 8 18098
9986 15 11 17855
9992 15 4 18384
10014 15 11 17979
10016 15 7 17917
10020 15 4 17804
10022 15 4 18104
10026 15 11 18355
10034 15 11 17675
10058 15 4 17436
10076 15 11 17415
10078 15 11 17799
10082 15 4 17688
10084 15 7 17421
10086 15 11 18031
10102 15 7 18333
10112 15 4 18268
10120 15 7 17597
10132 15 11 17879
10138 15 8 17938
10142 15 11 17951
10152 15 7 18069
10154 15 11 18155
10174 15 8 18290
10178 15 11 18411
10182 15 8 17726
10186 15 8 17794
10200 15 7 17493
10214 15 7 18269
10222 15 8 18246
10232 15 8 17926
10234 15 4 17416
10238 15 4 17708
10240 15 8 18250
10242 15 4 17568
10244 15 7 17417
10246 15 4 17456
10254 15 8 17878
10262 15 4 17560
10270 15 8 17994
10272 15 4 18064
10276 15 11 18287
10278 15 7 17949
10284 15 7 17513
10294 15 7 17745
10298 15 8 17962
10312 15 4 17428
10314 15 7 18093
10324 15 7 18361
10326 15 11 17907
10330 15 7 18381
10332 15 8 17474
10334 15 8 17494
10338 15 11 18159
10340 15 11 17559
10354 15 4 17676
10372 15 7 17693
10374 15 8 17766
10378 15 7 18181
10386 15 8 18354
10388 15 7 18189
10404 15 8 18162
10416 15 8 17570
10438 15 7 17901
10440 15 7 18125
10456 15 7 17629
10458 15 11 17827
10464 15 4 18208
10468 15 4 18260
10504 15 7 17793
10506 15 7 17965
10508 15 11 18255
10516 15 8 17986
10518 15 4 17500
10526 15 8 17642
10538 15 4 17916
10542 15 4 18132
10550 15 11 18419
10564 15 4 17496
10566 15 7 18033
10592 15 7 18221
10604 15 11 18075
10610 15 8 18334
10630 15 4 18200
10640 15 8 18046
10642 15 7 17677
10644 15 4 17996
10646 15 8 18210
10652 15 4 17728
10696 15 11 18079
10726 15 11 18103
10730 15 8 17650
10732 15 8 17434
10734 15 11 17743
10738 15 8 18074
10740 15 11 17447
10750 15 4 17816
10752 15 4 18332
10754 15 7 18365
10756 15 4 17408
10772 15 11 18407
10792 15 8 17546
10810 15 7 18025
10828 15 7 18121
10840 15 8 18030
10844 15 7 17721
10846 15 7 17805
10850 15 11 17859
10854 15 11 17515
10860 15 8 18282
10864 15 4 18308
10876 15 11 18363
10914 15 8 18042
10916 15 11 18275
10918 15 8 18298
10922 15 7 17801
10930 15 4 18428
10932 15 7 18273
10934 15 11 17519
10938 15 7 18313
10942 15 7 17765
10944 15 7 17937
10950 15 8 17698
10960 15 4 17532
10972 15 4 17536
10976 15 8 18078
10978 15 8 18102
10980 15 11 17499
10986 15 4 18044
10988 15 11 18107
10990 15 11 18263
10996 15 7 17913
11002 15 8 18106
11004 15 8 17982
11006 15 7 18177
11018 15 8 17534
11020 15 7 18253
11022 15 7 18305
11026 15 8 17514
11028 15 8 17898
11036 15 11 18127
11038 15 7 18329
11040 15 4 17600
11044 15 11 18367
11054 15 7 18057
11058 15 4 17940
11062 15 11 18179
11066 15 8 18234
11068 15 7 17685
11072 15 4 18256
11074 15 8 18010
11076 15 4 18180
11078 15 7 17573
11082 15 8 18274
11088 15 8 17450
11094 15 7 18225
11096 15 7 17501
11118 15 11 17691
11134 15 4 18216
11152 15 4 17788
11174 15 7 17473
11204 15 7 17653
11224 15 8 17870
11240 15 8 18410
11242 15 11 17439
11264 15 7 17481
11280 15 4 18280
11292 15 4 17792
11298 15 8 17610
11300 15 11 17931
11302 15 11 17631
11304 15 7 17549
11326 15 11 18187
11340 15 4 17588
11344 15 11 17611
11346 15 4 17620
11356 15 8 17426
11364 15 4 18108
11366 15 8 16838
11368 15 11 17219
11370 15 7 17365
11374 15 11 16963
11376 15 7 17009
11378 15 7 17225
11380 15 4 17016
11384 15 7 17389
11386 15 11 17211
11390 15 11 17163
11392 15 8 16726
11394 15 7 17073
11402 15 11 17195
11404 15 4 16472
11406 15 4 16520
11408 15 11 16531
11410 15 4 16684
11412 15 8 16870
11414 15 4 17320
11426 15 7 16905
11430 15 7 17145
11432 15 11 17159
11436 15 7 17265
11438 15 11 16455
11444 15 4 17396
11446 15 8 17398
11450 15 8 17090
11456 15 7 16837
11460 15 11 17279
11462 15 8 16914
11466 15 4 16976
11468 15 8 17210
11470 15 8 16510
11472 15 4 16744
11474 15 4 17228
11478 15 8 16598
11480 15 7 16461
11484 15 7 16749
11486 15 7 16801
11490 15 8 16986
11492 15 8 16994
11494 15 7 17181
11498 15 8 16386
11500 15 4 16612
11508 15 4 16532
11510 15 8 16710
11512 15 11 16711
11514 15 7 17105
11518 15 8 17158
11520 15 11 17375
11528 15 4 17324
11530 15 8 16530
11532 15 11 16859
11534 15 7 17045
11536 15 7 17149
11542 15 11 16759
11544 15 8 16790
11550 15 11 16475
11552 15 4 16648
11556 15 7 16513
11558 15 4 17080
11560 15 4 16680
11566 15 4 17208
11572 15 7 16601
11574 15 8 16714
11576 15 8 17082
11582 15 7 17321
11586 15 11 17291
11588 15 11 16771
11592 15 8 17226
11596 15 4 16444
11602 15 7 17273
11614 15 11 16671
11620 15 11 16863
11624 15 7 16873
11626 15 11 16907
11628 15 8 16922
11630 15 7 16961
11638 15 11 17099
11640 15 8 17118
11644 15 8 17178
11646 15 4 17192
11656 15 7 17229
11660 15 7 17369
11668 15 4 16392
11672 15 8 16918
11674 15 11 17379
11676 15 8 16794
11680 15 7 17405
11682 15 11 16827
11694 15 8 17322
11696 15 7 16805
11698 15 7 16985
11700 15 4 17052
11712 15 11 17335
11714 15 11 17355
11718 15 7 16569
11720 15 4 17252
11722 15 7 17373
11726 15 7 17289
11732 15 8 16690
11742 15 8 17150
11750 15 7 17065
11752 15 7 17101
11756 15 7 17261
11762 15 8 16550
11764 15 11 16687
11774 15 4 16452
11776 15 11 16655
11784 15 8 16774
11786 15 4 16456
11790 15 8 17034
11794 15 11 17031
11796 15 4 16900
11798 15 8 17146
11800 15 7 16525
11802 15 4 16888
11804 15 11 16679
11810 15 11 16703
11812 15 4 17060
11814 15 11 17347
11816 15 11 16791
11820 15 11 16903
11830 15 4 16620
11834 15 8 17126
11836 15 8 17218
11840 15 8 17262
11848 15 11 17271
11852 15 7 16517
11858 15 8 16882
11860 15 7 16989
11862 15 11 17127
11870 15 7 17397
11872 15 4 16632
11904 15 4 17352
11908 15 11 17383
11912 15 4 16852
11922 15 8 16698
11954 15 11 17359
11958 15 8 16438
11960 15 4 17088
11968 15 7 16813
11972 15 4 16560
11974 15 7 16797
11980 15 8 16930
11986 15 8 17202
12018 15 7 16429
12036 15 8 17354
12038 15 11 17395
12040 15 7 17317
12046 15 7 16633
12054 15 11 16707
12066 15 8 16634
12086 15 4 16924
12114 15 7 17297
12130 15 7 17305
12132 15 7 16485
12134 15 11 17327
12144 15 7 16409
12146 15 11 16535
12148 15 11 16647
12150 15 4 16980
12152 15 11 16775
12154 15 4 16776
12156 15 4 17348
12162 15 7 17249
12168 15 11 16583
12172 15 11 17151
12174 15 4 16896
12176 15 7 17257
12178 15 4 17316
12182 15 11 16851
12184 15 11 16387
12186 15 11 16995
12188 15 4 16548
12194 15 7 16965
12198 15 4 17132
12206 15 11 16899
12212 15 7 16457
12218 15 7 16937
12222 15 8 16458
12224 15 4 16672
12228 15 4 17036
12230 15 7 17197
12232 15 7 16705
12238 15 8 16682
12240 15 11 16495
12242 15 4 16436
12244 15 7 16869
12246 15 7 17325
12250 15 7 17349
12270 15 7 16745
12274 15 7 17113
12278 15 7 17213
12282 15 7 16577
12298 15 8 17330
12304 15 11 16943
12306 15 8 16950
12308 15 7 16449
12332 15 4 16704
12336 15 4 16516
12342 15 7 16925
12362 15 8 17298
12376 15 8 17358
12404 15 7 17001
12412 15 8 16450
12432 15 8 17002
12440 15 7 16833
12444 15 11 16883
12468 15 8 16902
12506 15 7 16893
12516 15 4 17244
12524 15 8 16738
12546 15 11 16423
12550 15 8 16394
12552 15 8 16742
12554 15 4 16576
12560 15 11 17387
12590 15 4 17008
12594 15 8 17026
12610 15 11 16999
12618 15 7 16441
12620 15 7 16637
12622 15 11 16699
12624 15 4 16712
12626 15 11 17251
12632 15 4 17084
12636 15 7 16933
12656 15 8 17214
12658 15 8 17302
12662 15 11 16695
12670 15 7 16585
12672 15 11 16871
12684 15 4 17204
12686 15 11 16991
12688 15 4 16488
12690 15 8 16570
12694 15 4 16984
12706 15 11 17011
12708 15 11 16875
12730 15 4 17380
12734 15 7 16821
12770 15 11 16715
12772 15 4 17232
12784 15 11 17207
12786 15 11 16779
12790 15 11 17191
12792 15 8 17030
12822 15 7 16921
12828 15 4 16908
12842 15 4 16904
12846 15 11 16519
12854 15 11 16559
12860 15 11 16919
12876 15 7 16913
12878 15 7 16917
12892 15 4 16716
12900 15 7 16765
12902 15 8 17130
12908 15 4 16756
12910 15 4 16940
12916 15 4 17140
12924 15 4 16732
12926 15 11 16815
12928 15 8 17018
12958 15 7 17401
13014 15 4 16584
13036 15 7 16557
13042 15 8 17286
13044 15 11 17399
13046 15 4 16972
13062 15 7 17233
13066 15 8 16718
13088 15 8 16650
13132 15 8 17010
13140 15 7 16625
13154 15 4 16484
13168 15 7 16881
13172 15 11 16619
13176 15 11 16843
13180 15 4 16608
13190 15 11 16891
13196 15 7 16521
13208 15 8 16142
13210 15 7 15893
13212 15 4 16172
13214 15 8 16178
13216 15 11 16247
13218 15 11 15603
13220 15 4 15784
13224 15 11 16011
13228 15 11 16155
13230 15 11 16279
13234 15 11 15919
13240 15 7 16181
13242 15 4 15392
13246 15 4 15736
13248 15 11 15755
13250 15 4 15960
13252 15 7 16033
13254 15 8 16050
13256 15 4 16376
13258 15 11 15363
13262 15 4 16340
13264 15 8 15930
13266 15 11 15679
13268 15 7 16053
13270 15 11 15851
13274 15 8 15370
13276 15 7 15457
13278 15 11 15655
13282 15 4 15848
13284 15 7 16313
13286 15 8 15870
13288 15 7 16169
13290 15 7 16217
13292 15 7 15637
13294 15 7 15805
13296 15 4 15920
13298 15 11 15955
13302 15 8 16002
13304 15 11 16135
13308 15 11 16243
13310 15 4 16264
13314 15 8 15810
13316 15 11 16215
13322 15 4 15928
13324 15 11 15411
13326 15 4 15844
13328 15 11 16227
13332 15 11 16071
13342 15 4 15512
13344 15 11 16007
13346 15 8 16078
13350 15 4 16176
13354 15 7 15721
13358 15 7 16145
13362 15 7 15793
13364 15 4 16012
13366 15 4 16156
13368 15 4 16152
13370 15 4 16168
13372 15 8 15658
13374 15 4 16248
13376 15 7 15445
13378 15 11 15615
13384 15 4 15692
13386 15 11 15967
13388 15 11 15699
13390 15 7 16253
13394 15 7 15625
13400 15 4 16032
13404 15 8 15794
13410 15 4 15932
13416 15 7 16381
13418 15 11 15683
13420 15 8 16086
13422 15 11 16175
13426 15 11 15495
13434 15 11 15519
13442 15 4 15568
13444 15 4 15760
13446 15 4 16240
13454 15 8 15846
13464 15 4 15992
13468 15 4 15368
13470 15 7 15429
13474 15 8 16210
13478 15 4 16120
13480 15 8 16238
13482 15 7 15497
13484 15 7 15681
13486 15 11 16383
13488 15 11 16291
13492 15 8 16206
13494 15 8 16358
13496 15 8 16122
13498 15 8 15786
13500 15 4 16252
13504 15 4 15728
13512 15 7 16369
13516 15 11 15595
13522 15 4 15816
13528 15 11 16143
13534 15 11 16371
13538 15 8 16102
13544 15 8 15830
13546 15 7 15913
13552 15 8 16134
13554 15 4 15600
13556 15 4 15652
13558 15 4 15868
13562 15 11 15531
13564 15 8 15406
13576 15 4 15956
13592 15 4 16260
13596 15 8 15578
13598 15 7 15933
13602 15 11 15491
13604 15 11 15631
13608 15 4 15952
13614 15 4 16184
13616 15 7 15737
13618 15 11 16315
13620 15 4 15472
13624 15 11 15715
13626 15 11 15743
13662 15 7 15565
13664 15 11 15991
13666 15 4 16068
13668 15 4 16268
13670 15 4 16272
13674 15 7 15829
13676 15 4 16204
13678 15 8 15422
13680 15 4 15888
13682 15 4 15612
13684 15 7 16325
13686 15 11 16151
13702 15 7 16093
13704 15 7 15773
13708 15 11 15507
13710 15 4 15896
13714 15 8 15506
13718 15 7 16101
13722 15 11 15587
13726 15 4 15912
13734 15 7 15617
13736 15 11 16067
13738 15 8 16138
13742 15 11 15395
13748 15 8 16146
13750 15 11 16023
13756 15 4 16280
13758 15 4 16216
13770 15 4 15428
13772 15 11 15567
13778 15 8 15910
13780 15 11 15943
13788 15 7 15997
13790 15 11 15763
13792 15 8 16166
13796 15 7 15881
13798 15 8 15906
13800 15 7 15937
13802 15 8 16046
13804 15 11 15735
13806 15 7 16133
13808 15 4 15408
13810 15 4 16128
13848 15 8 16330
13850 15 7 16329
13852 15 4 15676
13854 15 4 15464
13856 15 8 16198
13858 15 8 15362
13872 15 4 15724
13880 15 11 15831
13892 15 7 15605
13912 15 8 15854
13914 15 8 15946
13916 15 7 16021
13918 15 11 16131
13938 15 7 15853
13944 15 4 15740
13956 15 7 15557
13958 15 4 15636
13962 15 8 15766
13968 15 7 16153
13970 15 8 16334
13972 15 8 16226
13974 15 11 16319
13990 15 8 15594
13992 15 8 15702
13994 15 4 15940
13998 15 7 15857
14000 15 8 15858
14002 15 11 15859
14004 15 8 16118
14006 15 4 16296
14008 15 8 16258
14010 15 4 15488
14012 15 8 15882
14032 15 7 16273
14042 15 4 15480
14046 15 11 15623
14050 15 7 15693
14054 15 4 15360
14066 15 8 15798
14074 15 8 15450
14078 15 11 16163
14082 15 4 16056
14088 15 7 15469
14090 15 4 15928
14094 15 7 15569
14098 15 4 16360
14114 15 7 15477
14126 15 7 15689
14132 15 11 15487
14136 15 8 15926
14148 15 4 16344
14154 15 4 15892
14162 15 11 15971
14164 15 4 16064
14174 15 7 15841
14176 15 11 15827
14192 15 7 16205
14198 15 8 15518
14202 15 11 16159
14208 15 8 15574
14222 15 8 16298
14224 15 11 15483
14226 15 7 16241
14228 15 8 15978
14238 15 11 16363
14246 15 8 15462
14264 15 7 15529
14266 15 4 15916
14268 15 11 15923
14290 15 7 15873
14292 15 11 16259
14296 15 4 15720
14298 15 11 15367
14302 15 8 15562
14304 15 7 16193
14306 15 4 16236
14324 15 8 16282
14326 15 7 16321
14330 15 11 16307
14332 15 7 15441
14334 15 7 15613
14336 15 8 15654
14338 15 7 15425
14346 15 11 16275
14348 15 4 15412
14350 15 8 15446
14352 15 11 15447
14354 15 7 16377
14356 15 4 15380
14358 15 11 15523
14362 15 7 15573
14366 15 7 16161
14368 15 4 16300
14370 15 7 16301
14372 15 7 16261
14374 15 4 15872
14376 15 11 15727
14382 15 7 15697
14388 15 7 16097
14390 15 11 15759
14392 15 4 15800
14420 15 8 16354
14434 15 7 16257
14452 15 11 16355
14464 15 11 16083
14482 15 4 16060
14494 15 7 15433
14500 15 8 15570
14502 15 8 15898
14518 15 7 16085
14526 15 4 16084
14536 15 7 19521
14538 15 4 19656
14540 15 11 19943
14542 15 4 20080
14544 15 4 20240
14546 15 4 19688
14548 15 8 20238
14550 15 7 20277
14552 15 11 19579
14554 15 11 19915
14556 15 11 20135
14558 15 8 20182
14560 15 11 19475
14562 15 4 19912
14566 15 7 19629
14568 15 11 19679
14570 15 8 19882
14572 15 8 20022
14574 15 11 20231
14576 15 8 20274
14578 15 11 20411
14580 15 7 20425
14582 15 7 20437
14588 15 7 19773
14590 15 4 19992
14592 15 7 20097
14594 15 7 20201
14596 15 4 20472
14598 15 7 20473
14600 15 8 19850
14602 15 7 19957
14604 15 7 20185
14606 15 8 20194
14608 15 8 20230
14612 15 11 19735
14614 15 7 19769
14620 15 7 20013
14622 15 7 20105
14628 15 4 20252
14630 15 7 20413
14632 15 4 20460
14634 15 7 19669
14636 15 11 19715
14640 15 8 19486
14642 15 4 19512
14644 15 11 19551
14648 15 8 19694
14650 15 8 19730
14652 15 4 19824
14654 15 4 19844
14658 15 8 19890
14660 15 4 19908
14666 15 4 20156
14670 15 11 20199
14674 15 4 20260
14676 15 7 20301
14684 15 4 19576
14686 15 7 20353
14688 15 11 20363
14690 15 4 20164
14694 15 7 19557
14698 15 4 19520
14700 15 7 20197
14702 15 4 20476
14706 15 7 20001
14708 15 11 20051
14712 15 7 20113
14716 15 11 20343
14720 15 4 19604
14722 15 7 19649
14724 15 11 19659
14732 15 7 20085
14734 15 4 20112
14736 15 11 19787
14738 15 8 19946
14740 15 8 19550
14748 15 11 19507
14750 15 11 19967
14752 15 8 19778
14754 15 8 20098
14758 15 8 19538
14762 15 4 19876
14764 15 7 19985
14768 15 7 20405
14770 15 8 20462
14772 15 4 19700
14776 15 4 20072
14778 15 7 19541
14780 15 11 19767
14782 15 4 20344
14784 15 11 20423
14786 15 11 19747
14790 15 8 20202
14802 15 7 19677
14804 15 11 19763
14806 15 11 19955
14808 15 8 19498
14810 15 11 19543
14812 15 8 19642
14814 15 8 19534
14816 15 8 19570
14818 15 8 19638
14820 15 11 19999
14830 15 4 19736
14832 15 4 20304
14834 15 7 20209
14836 15 8 19906
14838 15 11 20347
14840 15 11 19843
14842 15 4 20000
14846 15 8 20322
14848 15 4 20440
14852 15 7 20021
14854 15 11 20251
14858 15 7 20461
14872 15 7 19593
14874 15 7 19833
14876 15 4 19860
14880 15 8 19982
14882 15 11 20015
14886 15 7 20325
14898 15 11 19759
14900 15 7 20045
14916 15 8 20186
14920 15 4 20200
14922 15 11 20203
14924 15 7 20241
14928 15 4 20400
14934 15 11 20167
14938 15 4 20300
14944 15 11 20107
14946 15 8 20162
14952 15 4 20456
14968 15 11 19663
14982 15 4 20004
14994 15 11 20239
14996 15 7 20333
14998 15 4 20412
15008 15 7 20173
15010 15 11 20271
15012 15 7 20393
15014 15 11 19987
15016 15 8 19838
15028 15 11 19563
15046 15 7 19729
15048 15 4 20328
15050 15 7 20305
15058 15 4 20376
15062 15 11 19719
15074 15 7 20049
15090 15 8 19962
15104 15 7 19749
15106 15 11 20455
15108 15 7 19665
15110 15 11 20059
15112 15 8 20406
15122 15 7 19737
15128 15 11 20259
15132 15 11 19675
15134 15 7 20445
15140 15 8 19958
15142 15 4 20312
15146 15 11 19907
15148 15 8 19846
15150 15 11 19699
15152 15 4 20172
15154 15 4 20256
15156 15 8 19918
15158 15 4 19620
15178 15 11 20115
15182 15 8 20262
15186 15 7 20117
15188 15 8 20246
15200 15 8 20138
15204 15 4 19980
15210 15 4 19472
15212 15 8 20446
15218 15 4 19524
15222 15 7 20149
15226 15 4 19660
15230 15 7 20469
15232 15 8 20114
15236 15 7 20041
15246 15 8 19794
15248 15 11 20403
15254 15 7 19869
15268 15 7 20285
15272 15 4 19652
15276 15 7 19753
15278 15 11 19875
15280 15 11 19979
15292 15 4 19508
15294 15 7 19941
15296 15 7 19661
15302 15 8 19482
15304 15 11 20387
15306 15 4 20076
15312 15 7 19529
15314 15 4 19864
15316 15 11 20163
15318 15 7 20357
15322 15 7 19945
15334 15 11 19771
15342 15 11 20391
15346 15 11 19595
15350 15 4 20208
15352 15 11 20435
15368 15 8 20090
15376 15 8 20426
15378 15 7 19561
15380 15 7 19701
15382 15 7 19621
15384 15 8 19654
15386 15 4 19504
15388 15 7 19777
15390 15 11 19711
15398 15 7 19765
15400 15 8 20470
15406 15 8 19926
15408 15 8 20034
15416 15 4 19904
15424 15 8 20154
15426 15 8 19630
15428 15 8 19682
15430 15 4 20196
15432 15 4 19460
15442 15 4 19704
15444 15 7 19717
15448 15 8 19806
15460 15 4 20056
15462 15 7 20081
15464 15 11 20083
15466 15 11 20103
15478 15 11 20375
15484 15 8 19474
15488 15 7 19901
15494 15 8 19662
15496 15 8 19810
15498 15 11 19839
15504 15 4 20016
15542 15 11 20179
15556 15 11 19591
15562 15 7 20321
15564 15 7 20409
15566 15 11 20471
15588 15 4 19676
15590 15 11 19779
15596 15 7 19961
15602 15 4 20048
15608 15 4 20224
15616 15 4 20228
15618 15 7 20061
15626 15 7 20265
15640 15 11 19863
15646 15 4 19584
15648 15 11 19727
15650 15 4 20188
15652 15 8 20386
15654 15 4 19640
15658 15 8 19878
15676 15 11 20055
15678 15 7 20033
15690 15 11 20339
15704 15 8 20394
15714 15 4 20336
15720 15 4 20444
15724 15 7 20053
15728 15 11 19611
15736 15 7 19885
15740 15 7 20385
15744 15 11 20319
15764 15 7 19789
15766 15 7 19837
15772 15 8 19886
15774 15 8 19910
15782 15 8 19494
15790 15 4 20044
15818 15 7 20109
15832 15 4 19544
15844 15 11 19635
15846 15 8 20222
15848 15 7 19549
15856 15 11 20155
15862 15 7 20217
15868 15 11 19799
15870 15 8 19830
15876 15 7 20421
15878 15 4 20448
15898 15 7 19693
15900 15 7 19821
15916 15 4 20404
15930 15 7 20093
15932 15 7 20433
15934 15 4 19808
15942 15 7 20141
15950 15 8 19786
15958 15 11 19947
15960 15 7 20269
15966 15 4 19872
15970 15 7 19801
15978 15 7 19653
15984 15 4 19848
15988 15 7 19981
15990 15 8 20178
15992 15 8 20210
16020 15 11 20019
16034 15 8 20354
16078 15 8 20346
16080 15 11 19627
16082 15 7 20417
16084 15 7 19797
16094 15 11 19683
16118 15 11 19703
16158 15 7 19969
16162 15 11 19983
16172 15 8 20218
16184 15 11 20331
16188 15 4 20436
16192 15 7 20449
16200 15 7 20297
16202 15 4 20364
16210 15 8 20374
16212 15 7 19881
16214 15 4 19612
16216 15 8 19822
16218 15 4 19928
16220 15 11 20255
16222 15 4 19476
16224 15 4 19888
16240 15 4 19572
16242 15 7 20289
16244 15 4 20396
16248 15 4 20280
16266 15 4 19852
16268 15 11 19883
16292 15 7 19689
16294 15 8 20150
16296 15 11 20419
16310 15 7 19977
16318 15 8 19922
16322 15 8 19522
16332 15 7 19733
16334 15 7 20293
16346 15 4 20024
16348 15 11 19903
16350 15 4 20212
16356 15 11 19499
16362 15 4 20140
16392 15 8 20070
16400 15 4 19820
16410 15 11 19619
16412 15 8 19974
16422 15 8 19870
16426 15 7 19641
16430 15 8 20362
16432 15 11 19723
16448 15 11 19899
16476 15 11 20087
16480 15 7 20281
16482 15 7 19741
16500 15 4 20176
16514 15 4 19936
16518 15 11 20355
16524 15 7 20009
16526 15 4 20136
16560 15 8 19754
16562 15 7 20329
16564 15 11 19835
16576 15 7 19865
16584 15 8 20014
16596 15 8 20122
16598 15 4 20388
16622 15 8 19690
16628 15 8 19594
16630 15 4 19596
16646 15 4 19600
16654 15 7 19745
16670 15 8 20062
16704 15 7 19845
16736 15 11 20303
16756 15 11 19491
16796 15 7 20097
16798 15 8 19658
16822 15 11 20299
16824 15 4 20308
16840 15 7 20213
16846 15 7 19957
16852 15 4 19976
16858 15 11 19687
16868 15 7 19517
16880 15 8 20010
16904 15 4 19456
16906 15 4 19856
16908 15 8 20270
16916 15 8 19254
16918 15 11 19347
16920 15 4 19400
16922 15 11 18675
16924 15 11 19155
16926 15 7 19401
16928 15 8 19422
16930 15 11 18551
16932 15 4 18656
16934 15 7 18733
16938 15 4 19240
16940 15 4 19328
16942 15 11 18639
16946 15 11 18475
16948 15 8 18626
16950 15 8 18702
16952 15 11 18803
16954 15 11 18815
16956 15 11 18923
16958 15 7 19277
16960 15 7 19337
16964 15 7 18789
16972 15 8 18510
16976 15 8 18834
16980 15 4 19192
16982 15 11 18511
16984 15 8 18514
16988 15 4 19100
16990 15 11 18591
16994 15 7 19185
17002 15 7 18541
17004 15 8 18786
17006 15 7 19113
17012 15 8 19338
17016 15 4 18728
17018 15 7 19357
17020 15 7 18505
17022 15 7 18697
17024 15 7 18761
17026 15 7 18461
17030 15 11 19051
17042 15 11 19167
17048 15 11 19295
17052 15 4 19392
17056 15 7 19449
17058 15 8 18674
17060 15 8 18682
17064 15 7 18489
17066 15 11 18547
17068 15 7 18557
17070 15 4 18676
17072 15 4 18768
17074 15 4 18936
17076 15 8 18994
17078 15 11 19031
17082 15 8 19262
17084 15 8 19314
17090 15 11 18823
17092 15 7 18877
17094 15 11 19027
17104 15 7 18785
17108 15 8 18714
17110 15 4 18888
17112 15 11 19219
17118 15 8 18842
17120 15 7 19389
17122 15 11 19095
17128 15 7 18649
17130 15 11 19015
17132 15 11 19335
17134 15 8 19358
17138 15 7 18433
17140 15 8 19046
17142 15 8 19246
17152 15 7 18529
17154 15 11 19091
17158 15 11 19231
17166 15 11 18987
17170 15 11 18767
17182 15 8 18498
17188 15 8 19010
17190 15 7 19153
17208 15 7 18837
17210 15 7 18481
17212 15 7 18841
17214 15 11 18919
17216 15 11 18495
17218 15 11 18631
17220 15 11 18751
17222 15 8 18878
17230 15 7 18945
17236 15 8 19094
17240 15 11 18871
17246 15 4 19056
17250 15 7 18953
17254 15 4 18960
17256 15 8 18638
17258 15 7 18885
17262 15 11 18951
17264 15 8 18586
17272 15 7 18797
17276 15 8 19374
17278 15 4 18680
17280 15 7 19413
17282 15 7 18533
17294 15 11 18843
17304 15 8 19366
17306 15 8 18846
17308 15 7 18701
17310 15 4 19268
17312 15 4 18632
17314 15 8 18818
17318 15 7 19261
17320 15 4 18508
17322 15 7 18509
17332 15 4 19088
17334 15 11 18587
17336 15 8 18558
17340 15 7 19041
17342 15 7 18633
17346 15 7 19369
17350 15 4 18832
17354 15 4 18432
17356 15 7 18437
17358 15 7 19273
17362 15 8 19294
17364 15 11 18715
17368 15 4 18916
17374 15 7 18605
17376 15 7 18753
17378 15 7 19237
17380 15 4 19284
17382 15 11 19339
17396 15 8 18526
17398 15 4 18876
17400 15 7 19429
17408 15 11 19307
17414 15 11 18559
17416 15 11 18851
17418 15 7 18857
17420 15 8 18958
17422 15 11 19047
17424 15 11 18743
17426 15 7 19297
17436 15 4 18456
17438 15 11 18647
17442 15 8 19130
17446 15 4 18724
17452 15 7 19001
17454 15 7 19213
17458 15 11 18863
17460 15 11 18543
17464 15 4 19424
17466 15 7 19425
17472 15 11 18519
17476 15 7 18905
17490 15 11 19039
17492 15 11 18659
17494 15 4 18824
17506 15 4 18816
17514 15 7 19349
17520 15 8 19234
17522 15 11 19131
17524 15 11 18703
17528 15 8 18758
17532 15 7 18993
17542 15 11 18483
17552 15 8 18806
17556 15 8 19058
17558 15 4 19364
17570 15 4 18532
17572 15 4 19108
17582 15 4 19272
17586 15 11 18515
17588 15 7 18893
17590 15 8 18578
17592 15 8 18642
17594 15 8 18798
17598 15 8 18650
17606 15 4 18968
17608 15 4 19444
17610 15 8 18962
17612 15 11 18963
17614 15 7 19097
17618 15 11 19439
17630 15 8 19062
17636 15 4 19244
17640 15 4 19348
17654 15 4 19084
17658 15 11 19427
17664 15 8 18762
17670 15 7 18957
17674 15 11 18583
17700 15 7 18997
17702 15 8 18522
17708 15 11 18879
17724 15 11 18695
17726 15 8 19206
17736 15 4 18472
17738 15 4 19072
17740 15 4 18668
17742 15 7 18669
17744 15 8 18670
17746 15 4 18636
17752 15 7 19245
17754 15 11 18531
17756 15 8 19370
17758 15 7 19437
17766 15 4 18892
17768 15 11 18931
17780 15 7 18457
17786 15 7 18989
17792 15 11 19055
17798 15 8 18614
17800 15 11 18615
17802 15 4 18924
17804 15 8 19214
17810 15 4 18484
17816 15 7 19325
17830 15 4 18452
17838 15 11 18435
17840 15 4 18708
17842 15 7 18817
17850 15 4 18700
17852 15 8 18870
17860 15 11 18467
17874 15 8 18898
17876 15 4 18872
17878 15 8 18546
17886 15 4 18520
17892 15 4 18612
17894 15 4 19116
17898 15 11 18747
17910 15 4 18860
17912 15 11 18471
17914 15 8 19326
17916 15 7 19433
17950 15 4 19000
17954 15 4 19112
17960 15 8 19390
17978 15 7 19221
17982 15 8 18658
17986 15 11 19367
17988 15 4 18588
17990 15 8 18706
17992 15 8 18866
17998 15 8 19342
18000 15 4 18544
18010 15 4 18524
18016 15 4 18540
18020 15 7 19033
18022 15 4 18624
18024 15 4 18736
18028 15 8 18570
18036 15 11 19267
18070 15 7 18545
18082 15 4 18920
18102 15 7 18909
18106 15 4 18640
18110 15 8 18662
18112 15 4 19388
18114 15 4 18744
18116 15 4 18856
18118 15 11 18459
18120 15 8 18790
18126 15 8 18506
18128 15 4 18616
18130 15 11 18755
18136 15 11 19187
18148 15 11 18535
18154 15 8 18726
18156 15 7 18769
18170 15 8 18978
18184 15 8 19014
18190 15 4 18772
18192 15 11 18859
18194 15 8 19450
18198 15 4 19212
18200 15 8 18618
18202 15 4 19216
18206 15 4 19028
18218 15 7 19377
18230 15 4 19004
18250 15 7 19361
18252 15 8 19074
18266 15 4 18844
18280 15 7 18881
18282 15 8 18882
18296 15 7 18593
18300 15 7 18749
18302 15 7 18897
18304 15 11 18979
18306 15 11 19215
18308 15 11 19271
18334 15 4 18688
18336 15 8 18810
18358 15 11 19415
18362 15 11 19135
18376 15 8 18694
18382 15 11 18539
18384 15 11 19343
18388 15 8 18474
18410 15 11 18635
18420 15 11 18663
18438 15 8 19454
18440 15 7 18933
18442 15 4 18764
18444 15 8 18778
18460 15 11 18763
18488 15 4 18552
18490 15 7 18613
18492 15 7 19149
18500 15 7 18561
18504 15 4 19132
18510 15 7 18829
18512 15 8 18858
18524 15 11 19075
18534 15 8 18902
18536 15 7 19061
18538 15 7 19081
18546 15 11 19435
18554 15 11 18799
18566 15 7 19445
18578 15 8 19126
18580 15 11 18771
18582 15 4 19152
18614 15 11 19391
18622 15 11 18927
18636 15 7 18981
18644 15 8 18450
18652 15 4 19176
18676 15 4 18448
18684 15 4 18748
18706 15 8 19158
18710 15 11 19443
18718 15 7 19197
18720 15 11 18571
18750 15 4 19384
18752 15 4 18720
18768 15 8 19122
18772 15 8 19106
18774 15 7 18913
18782 15 11 19019
18788 15 7 18625
18790 15 7 19005
18792 15 4 18564
18802 15 7 18777
18806 15 7 21585
18808 15 11 21595
18810 15 7 21617
18812 15 7 21925
18814 15 7 22153
18816 15 4 22228
18818 15 4 22232
18820 15 4 21504
18822 15 8 21746
18824 15 7 21897
18828 15 11 22227
18830 15 7 22457
18832 15 7 22489
18834 15 8 22274
18836 15 7 21637
18838 15 4 21688
18840 15 4 21912
18842 15 11 21967
18844 15 4 22116
18846 15 11 22119
18848 15 4 22352
18850 15 7 22357
18852 15 8 22390
18858 15 11 21603
18860 15 11 22003
18862 15 4 22008
18864 15 8 22014
18866 15 8 22022
18868 15 11 22027
18870 15 4 22092
18874 15 4 22364
18876 15 7 22401
18878 15 7 22425
18880 15 7 22481
18882 15 7 21833
18884 15 11 21859
18886 15 8 22010
18888 15 4 22404
18890 15 8 21882
18892 15 8 21886
18894 15 7 22033
18896 15 8 22170
18898 15 7 22389
18900 15 7 21709
18902 15 8 21726
18906 15 7 21937
18908 15 4 21992
18912 15 4 21828
18914 15 7 22065
18916 15 4 22448
18920 15 8 21850
18926 15 7 21989
18930 15 4 22036
18944 15 4 22440
18946 15 7 22181
18950 15 4 21948
18952 15 11 22219
18954 15 7 22269
18956 15 7 22337
18958 15 11 22407
18966 15 4 21556
18968 15 4 21560
18970 15 11 21611
18976 15 11 21739
18978 15 4 21792
18980 15 4 21816
18984 15 7 21861
18988 15 8 22018
18990 15 8 22062
19000 15 8 22162
19002 15 8 22202
19006 15 8 22230
19008 15 8 22238
19010 15 11 22283
19012 15 11 22307
19014 15 4 22316
19016 15 8 22318
19018 15 7 21957
19022 15 4 21512
19024 15 8 21830
19026 15 4 21968
19028 15 7 22049
19030 15 4 22084
19032 15 11 22155
19034 15 7 22205
19036 15 7 22225
19038 15 4 22300
19040 15 8 22362
19042 15 4 22428
19046 15 4 22032
19048 15 4 22044
19052 15 7 21737
19062 15 8 22090
19076 15 8 22178
19080 15 4 22028
19084 15 4 22488
19086 15 7 21841
19096 15 11 21551
19098 15 4 22168
19100 15 4 22512
19106 15 4 22308
19108 15 8 21854
19110 15 11 21955
19112 15 7 22089
19114 15 7 22281
19116 15 4 22524
19118 15 8 21526
19120 15 4 22052
19122 15 8 22158
19126 15 8 22510
19128 15 4 21940
19130 15 7 22025
19132 15 11 22235
19134 15 11 21895
19136 15 8 22214
19138 15 11 21911
19140 15 8 22166
19144 15 4 22240
19150 15 11 22331
19152 15 7 22257
19154 15 4 21724
19156 15 11 22223
19160 15 8 22522
19164 15 7 21977
19168 15 11 21763
19170 15 7 21513
19176 15 7 21749
19178 15 4 21780
19180 15 8 21998
19182 15 8 22314
19186 15 4 21528
19204 15 4 22336
19206 15 11 22427
19208 15 7 21705
19210 15 8 22142
19212 15 8 21778
19218 15 4 22356
19222 15 4 21716
19224 15 4 21736
19226 15 7 22045
19228 15 8 22078
19230 15 11 22295
19232 15 7 22297
19234 15 4 22344
19236 15 8 22410
19238 15 11 22423
19240 15 8 22426
19268 15 7 22229
19270 15 11 22135
19274 15 8 21730
19286 15 11 21735
19288 15 4 22452
19300 15 11 22523
19306 15 7 21597
19308 15 11 21843
19310 15 7 21997
19316 15 8 22406
19318 15 4 22408
19324 15 11 22115
19332 15 4 22464
19334 15 7 22485
19338 15 4 21756
19344 15 7 22137
19346 15 11 22483
19348 15 11 21511
19354 15 7 21561
19360 15 11 21671
19362 15 7 21761
19368 15 4 21936
19372 15 7 21969
19374 15 4 21984
19380 15 7 22177
19384 15 8 22234
19392 15 4 22340
19394 15 8 22346
19402 15 4 22216
19404 15 8 21658
19406 15 8 21790
19408 15 4 22120
19412 15 4 22080
19414 15 4 22056
19416 15 4 21620
19418 15 4 22188
19426 15 4 21588
19428 15 4 21604
19430 15 8 21714
19432 15 11 21923
19434 15 4 21932
19436 15 8 21958
19438 15 4 21960
19446 15 8 22218
19448 15 11 22387
19450 15 7 22429
19452 15 11 22475
19462 15 11 22051
19464 15 4 22164
19470 15 4 21592
19494 15 11 22067
19502 15 8 22454
19504 15 11 22459
19508 15 7 22185
19512 15 7 22501
19514 15 8 22478
19526 15 8 22198
19530 15 4 22396
19532 15 8 21722
19534 15 8 22226
19558 15 11 22403
19562 15 7 22213
19564 15 11 22503
19582 15 7 22353
19590 15 11 21807
19596 15 7 21609
19626 15 8 21974
19628 15 4 22108
19630 15 7 22469
19632 15 7 22345
19634 15 7 21833
19636 15 8 21766
19646 15 11 22351
19648 15 7 21541
19650 15 11 22091
19652 15 4 21888
19654 15 7 22377
19660 15 7 21593
19662 15 11 21531
19666 15 8 21978
19668 15 8 22002
19670 15 4 22012
19684 15 7 21777
19692 15 7 22109
19704 15 7 21701
19706 15 11 21951
19708 15 4 22412
19710 15 7 22413
19712 15 4 21572
19714 15 8 21702
19716 15 7 22221
19718 15 11 21643
19720 15 8 22098
19728 15 4 22204
19730 15 7 22381
19732 15 4 22100
19734 15 7 22189
19744 15 4 21964
19752 15 7 21949
19764 15 11 22271
19784 15 4 21732
19786 15 4 21904
19790 15 4 21576
19792 15 11 22055
19796 15 11 21559
19802 15 7 21817
19832 15 8 21914
19834 15 7 22365
19844 15 4 21644
19848 15 11 21587
19850 15 4 21608
19860 15 8 22366
19864 15 8 21538
19874 15 8 21646
19876 15 7 21589
19882 15 11 22279
19886 15 8 21686
19906 15 8 22362
19912 15 11 21547
19916 15 11 21703
19918 15 4 22112
19920 15 8 22150
19922 15 4 22436
19924 15 8 22526
19928 15 4 22292
19968 15 7 21629
19970 15 7 21837
19974 15 7 22201
19976 15 7 22441
19978 15 7 21769
19980 15 8 22070
19998 15 4 22296
20006 15 4 21884
20008 15 11 22291
20014 15 8 22398
20016 15 11 21523
20018 15 8 22258
20020 15 7 21765
20028 15 11 21987
20032 15 11 22375
20050 15 11 21743
20070 15 7 21965
20088 15 8 22322
20096 15 7 22453
20100 15 11 22455
20122 15 11 21783
20124 15 11 22175
20126 15 11 22263
20138 15 11 22183
20140 15 4 22312
20186 15 7 21853
20190 15 7 22081
20200 15 8 21750
20202 15 4 22508
20204 15 11 21819
20214 15 4 21692
20224 15 4 21836
20230 15 4 21764
20232 15 11 21835
20234 15 8 22514
20236 15 11 21871
20250 15 8 21718
20254 15 11 22167
20256 15 8 22270
20262 15 8 21990
20280 15 8 22242
20314 15 7 21789
20316 15 11 22239
20318 15 7 22321
20326 15 7 22085
20334 15 7 21533
20336 15 4 21580
20338 15 11 22099
20346 15 4 21860
20358 15 11 21839
20366 15 11 22371
20374 15 7 22325
20388 15 8 22382
20394 15 8 21534
20398 15 8 22170
20450 15 8 22494
20452 15 7 21573
20454 15 7 22241
20464 15 11 22011
20474 15 4 21924
20484 15 8 22154
20498 15 7 22333
20514 15 8 21806
20520 15 7 21565
20522 15 11 21579
20524 15 4 21708
20530 15 8 21938
20532 15 4 22424
20534 15 8 21530
20544 15 8 22114
20558 15 8 21870
20560 15 4 22104
20566 15 8 21566
20574 15 8 21818
20576 15 7 21961
20588 15 7 21529
20594 15 11 21567
20600 15 11 22035
20612 15 11 22491
20620 15 7 21713
20622 15 8 22458
20624 15 4 21780
20628 15 11 21887
20630 15 4 22432
20632 15 7 21985
20654 15 7 22117
20656 15 4 22212
20670 15 4 22124
20672 15 11 22251
20678 15 4 21684
20680 15 4 21944
20682 15 11 22063
20684 15 7 22217
20686 15 11 22287
20688 15 11 22467
20690 15 7 21553
20702 15 8 22518
20720 15 8 21570
20728 15 11 22463
20744 15 11 21811
20752 15 11 22259
20758 15 7 21953
20762 15 7 21605
20764 15 8 21794
20772 15 4 21664
20782 15 11 22111
20784 15 4 21920
20790 15 4 22444
20798 15 8 21618
20810 15 11 22075
20836 15 8 22430
20838 15 7 21893
20840 15 7 21941
20844 15 7 21689
20858 15 7 22025
20866 15 7 21897
20878 15 4 22068
20882 15 4 21596
20884 15 7 21857
20888 15 11 22339
20894 15 11 21919
20902 15 4 21804
20904 15 8 22278
20952 15 7 21781
20956 15 8 22082
20960 15 8 21514
20968 15 8 21594
20972 15 11 21631
20976 15 8 21722
20988 15 8 21838
20996 15 4 21956
21000 15 11 21995
21006 15 4 22060
21018 15 7 22133
21046 15 4 22320
21054 15 4 21864
21058 15 11 22079
21068 15 8 21902
21070 15 11 21903
21072 15 8 22450
21074 15 11 21879
21078 15 11 22399
21080 15 8 21518
21084 15 4 21600
21088 15 7 22105
21094 15 7 21813
21122 15 7 21741
21170 15 7 21537
21172 15 7 21933
21174 15 4 21844
21180 15 8 21842
21184 15 8 21542
21194 15 8 21910
21210 15 7 22061
21214 15 7 22509
21222 15 4 21624
21230 15 7 21921
21232 15 4 21988
21238 15 11 22123
21242 15 7 22285
21244 15 7 22497
21246 15 7 21521
21256 15 7 22369
21276 15 11 22519
21278 15 11 21983
21280 15 11 22439
21286 15 8 21690
21294 15 4 21720
21310 15 11 21775
21326 15 8 21590
21334 15 7 21637
21342 15 8 22222
21350 15 8 22066
21364 15 8 21862
21370 15 7 22525
21378 15 7 22097
21382 15 8 22466
21386 15 8 22094
21390 15 8 22442
21392 15 4 22324
21408 15 4 22276
21416 15 4 22156
21422 15 4 22272
21442 15 8 22110
21452 15 4 21568
21454 15 7 21873
21456 15 11 21575
21458 15 7 21909
21462 15 7 21929
21468 15 8 21610
21476 15 4 22144
21496 15 4 21740
21504 15 11 22047
21506 15 7 22253
21508 15 7 22009
21554 15 7 22213
21564 15 11 22391
21570 15 8 21854
21576 15 4 21632
21578 15 7 22361
21628 15 8 22374
21638 15 11 21747
21640 15 11 21991
21650 15 4 21672
21656 15 4 21552
21674 15 8 22350
21676 15 8 22126
21692 15 11 22311
21718 15 11 22007
21728 15 4 22348
21748 15 4 21848
21750 15 8 21946
21754 15 11 22043
21806 15 4 22372
21822 15 11 21875
21826 15 7 22089
21828 15 7 22281
21830 15 8 22506
21832 15 8 21926
21834 15 4 21852
21856 15 4 22080
21902 15 7 21613
21910 15 8 21782
21918 15 7 21717
21920 15 4 21784
21932 15 11 21723
21954 15 4 21912
21960 15 7 21677
21970 15 11 21731
21974 15 7 21577
21976 15 4 21880
22016 15 7 22309
22028 15 4 22096
22036 15 4 21856
22062 15 4 22244
22068 15 4 22488
22076 15 11 21671
22078 15 7 22057
22082 15 8 22394
22096 15 4 22164
22108 15 11 22219
22110 15 8 22462
22114 15 7 21633
22138 15 11 22059
22146 15 8 21582
22148 15 7 21673
22150 15 4 10900
22152 15 4 10400
22154 15 4 10572
22156 15 8 11186
22162 15 7 10789
22166 15 7 10617
22168 15 11 10527
22170 15 11 10683
22172 15 4 10956
22174 15 4 11144
22178 15 8 10994
22180 15 11 11231
22184 15 4 10600
22186 15 7 10309
22188 15 4 10528
22194 15 8 10398
22196 15 8 11062
22198 15 4 11188
22200 15 7 10285
22202 15 11 10287
22204 15 11 10443
22206 15 11 10559
22208 15 7 10565
22212 15 11 10679
22214 15 7 11213
22216 15 7 10717
22218 15 4 11128
22220 15 4 10480
22226 15 11 10719
22228 15 4 11040
22230 15 8 10978
22232 15 4 11120
22234 15 8 10526
22236 15 11 10919
22240 15 7 10941
22244 15 7 10481
22246 15 11 10515
22254 15 7 10945
22256 15 8 10694
22258 15 4 10440
22260 15 8 10574
22262 15 8 10818
22264 15 4 10468
22266 15 4 11060
22268 15 7 10965
22272 15 4 10852
22276 15 8 10650
22278 15 7 11133
22280 15 7 11249
22282 15 4 10760
22290 15 11 10715
22292 15 11 10995
22296 15 11 11003
22298 15 8 10518
22300 15 4 10612
22302 15 8 10698
22304 15 11 10319
22306 15 8 10750
22312 15 11 10635
22314 15 11 10519
22316 15 7 11017
22320 15 7 10493
22324 15 4 10652
22326 15 11 10303
22328 15 11 10335
22330 15 4 10512
22332 15 8 10738
22334 15 11 10775
22336 15 7 10865
22338 15 11 11075
22340 15 11 11175
22342 15 4 10888
22344 15 7 11205
22352 15 11 10347
22356 15 4 10636
22358 15 8 10638
22364 15 8 10962
22368 15 11 10487
22370 15 8 10490
22372 15 4 10764
22374 15 8 10810
22376 15 8 10334
22384 15 11 11183
22386 15 4 10712
22388 15 8 10854
22390 15 8 11250
22392 15 11 10351
22394 15 11 10703
22396 15 4 10804
22398 15 7 10537
22402 15 8 10774
22404 15 4 11096
22410 15 11 11063
22412 15 4 10364
22416 15 4 10436
22420 15 4 11256
22422 15 7 10341
22424 15 7 10485
22426 15 8 10654
22430 15 4 10544
22432 15 4 10964
22434 15 7 10465
22436 15 4 10816
22440 15 8 10706
22442 15 4 10292
22444 15 8 10570
22446 15 8 10442
22450 15 7 10845
22452 15 4 11032
22456 15 8 11254
22470 15 8 10766
22474 15 7 10437
22476 15 8 10446
22480 15 7 10497
22482 15 11 10483
22484 15 4 10796
22486 15 8 11218
22488 15 4 10396
22492 15 8 10590
22502 15 7 11137
22506 15 4 10500
22508 15 8 11058
22510 15 11 10435
22512 15 11 10307
22514 15 7 10397
22516 15 8 10782
22518 15 11 10783
22520 15 8 11142
22522 15 11 11015
22528 15 4 10824
22530 15 8 10674
22536 15 7 10861
22544 15 8 10646
22548 15 8 10718
22550 15 4 10784
22552 15 11 10743
22556 15 8 10622
22558 15 7 11081
22560 15 4 10388
22562 15 8 10362
22564 15 11 10699
22566 15 11 10955
22568 15 8 11226
22570 15 8 10394
22572 15 4 10488
22574 15 11 11255
22580 15 7 11157
22582 15 7 10529
22584 15 7 10333
22590 15 7 10805
22596 15 4 10644
22600 15 11 11215
22604 15 8 10678
22606 15 4 10928
22608 15 7 10929
22610 15 4 11076
22630 15 8 11054
22632 15 8 11258
22640 15 4 10344
22666 15 8 10610
22690 15 8 11214
22692 15 8 10494
22704 15 7 10857
22708 15 4 10592
22710 15 8 10958
22716 15 11 10379
22720 15 11 10971
22726 15 11 10407
22728 15 4 10772
22730 15 4 10428
22732 15 4 10504
22734 15 7 10793
22738 15 8 10302
22746 15 7 10457
22748 15 8 10466
22752 15 11 10651
22756 15 11 10855
22760 15 11 10455
22762 15 4 10524
22764 15 8 10778
22766 15 8 11202
22768 15 7 11245
22770 15 7 10413
22772 15 8 10834
22774 15 8 10402
22776 15 7 11129
22780 15 11 10999
22788 15 11 10295
22790 15 4 10296
22792 15 8 10458
22794 15 7 10669
22796 15 8 10918
22800 15 11 10739
22802 15 11 10747
22808 15 8 11158
22810 15 8 11198
22814 15 8 10930
22820 15 8 10870
22824 15 4 11104
22840 15 8 10306
22842 15 7 10585
22852 15 8 10614
22854 15 4 11080
22856 15 4 10720
22858 15 7 11145
22860 15 7 10301
22862 15 4 11092
22864 15 4 10868
22868 15 8 10946
22870 15 4 10716
22874 15 4 10808
22886 15 11 10331
22888 15 11 11027
22890 15 11 11227
22912 15 4 10460
22922 15 7 10353
22928 15 7 10373
22930 15 11 20751
22932 15 7 20509
22934 15 4 20776
22936 15 7 20965
22938 15 8 21278
22940 15 11 20527
22942 15 8 20570
22944 15 8 20842
22946 15 8 20958
22948 15 11 21047
22950 15 8 21158
22952 15 4 21172
22954 15 4 21236
22956 15 4 21264
22958 15 7 21309
22960 15 11 21431
22962 15 11 21091
22964 15 11 21283
22966 15 4 20496
22968 15 4 20716
22970 15 11 20811
22972 15 11 20931
22978 15 8 21030
22980 15 4 20572
22982 15 11 20683
22984 15 8 21178
22986 15 11 20535
22988 15 8 20546
22990 15 7 20785
22992 15 4 20952
22994 15 8 20974
22998 15 4 21192
23000 15 4 21388
23002 15 8 21418
23004 15 8 21470
23010 15 7 20505
23012 15 11 20559
23014 15 8 20674
23020 15 8 20754
23022 15 11 21031
23024 15 7 21097
23026 15 7 21205
23028 15 4 21256
23030 15 7 21293
23032 15 4 21296
23034 15 8 21314
23036 15 11 21395
23038 15 7 21417
23040 15 8 21382
23042 15 11 21339
23044 15 4 20584
23046 15 11 20955
23048 15 4 21204
23050 15 8 20658
23052 15 4 20672
23054 15 8 21154
23056 15 8 21226
23058 15 8 21238
23060 15 7 20937
23062 15 7 21121
23064 15 8 21202
23066 15 7 21401
23068 15 8 20786
23070 15 8 20910
23072 15 8 21274
23074 15 7 21373
23078 15 8 20586
23080 15 7 20609
23088 15 11 20863
23090 15 7 21161
23092 15 4 21248
23094 15 4 21344
23104 15 7 20989
23106 15 11 21251
23112 15 7 20701
23114 15 4 21452
23118 15 11 21123
23120 15 7 20529
23130 15 8 20822
23132 15 7 20853
23134 15 4 20968
23136 15 11 21447
23138 15 7 20581
23140 15 4 20740
23142 15 7 20761
23144 15 11 21079
23146 15 7 21197
23148 15 11 20627
23152 15 11 20687
23154 15 8 20702
23156 15 7 21345
23158 15 4 21476
23160 15 8 21478
23162 15 11 20759
23164 15 11 20851
23166 15 11 20783
23170 15 7 21501
23174 15 4 21176
23176 15 11 20499
23178 15 7 20561
23180 15 4 20792
23182 15 7 21265
23188 15 11 20639
23190 15 11 20847
23192 15 8 21062
23202 15 11 21335
23208 15 4 21220
23210 15 11 20587
23212 15 11 20663
23214 15 11 21075
23216 15 11 21379
23218 15 7 20985
23220 15 7 21413
23222 15 7 21481
23226 15 4 20604
23236 15 4 21000
23244 15 11 21331
23246 15 8 21370
23254 15 4 20520
23256 15 4 20612
23258 15 11 20967
23260 15 11 20983
23262 15 11 21319
23264 15 7 21349
23266 15 8 21414
23268 15 11 21463
23270 15 7 21497
23280 15 8 20762
23282 15 8 21302
23284 15 7 20565
23286 15 8 20650
23294 15 4 21092
23296 15 4 21268
23304 15 7 21213
23308 15 7 21253
23312 15 7 20693
23314 15 7 20681
23316 15 8 20682
23320 15 11 20739
23322 15 11 20743
23326 15 11 21051
23328 15 7 21181
23332 15 7 20881
23334 15 7 20557
23336 15 8 20706
23338 15 7 21445
23340 15 7 21325
23348 15 11 20511
23352 15 7 20773
23362 15 11 21415
23364 15 8 20542
23370 15 8 21266
23376 15 11 20579
23380 15 7 20685
23384 15 8 20710
23388 15 7 20753
23392 15 7 21041
23394 15 8 21214
23396 15 8 21218
23400 15 8 21318
23402 15 8 21346
23404 15 4 21364
23408 15 8 21458
23410 15 7 20645
23412 15 11 20563
23414 15 4 21096
23416 15 4 21332
23420 15 8 21430
23422 15 11 20623
23424 15 7 20481
23428 15 8 20782
23438 15 8 20818
23444 15 7 20585
23448 15 11 20631
23450 15 8 20666
23462 15 4 21456
23470 15 8 21442
23492 15 8 21082
23494 15 4 21372
23498 15 7 20837
23502 15 7 20549
23504 15 7 20653
23506 15 11 20703
23508 15 7 20953
23510 15 8 20582
23512 15 4 20768
23514 15 11 21159
23516 15 4 21160
23544 15 7 20665
23554 15 4 21284
23560 15 4 20556
23564 15 8 21398
23566 15 8 21434
23568 15 7 21409
23570 15 7 20917
23574 15 11 21467
23580 15 8 20498
23582 15 7 20861
23588 15 7 20929
23590 15 11 21435
23596 15 8 21290
23600 15 4 21028
23602 15 7 21257
23606 15 4 21056
23612 15 7 21337
23614 15 4 20600
23618 15 7 20777
23620 15 8 20778
23622 15 11 20779
23624 15 11 21151
23626 15 11 20903
23640 15 8 21166
23642 15 11 21279
23646 15 7 20513
23650 15 7 21101
23652 15 11 21067
23654 15 4 20684
23656 15 8 20810
23658 15 8 21474
23660 15 8 20862
23666 15 11 21503
23668 15 11 20799
23674 15 11 20755
23678 15 8 20918
23684 15 11 20591
23688 15 8 21222
23698 15 8 20514
23700 15 4 20532
23708 15 4 21448
23716 15 4 20652
23718 15 4 20728
23728 15 8 21358
23734 15 11 21243
23738 15 7 21169
23740 15 8 20746
23746 15 4 20940
23754 15 8 21210
23760 15 11 21375
23762 15 8 21114
23764 15 11 21307
23766 15 7 21049
23768 15 7 21433
23772 15 8 21142
23780 15 4 20692
23782 15 11 20907
23784 15 4 20884
23786 15 8 21194
23788 15 7 20857
23790 15 4 20872
23792 15 7 20925
23794 15 11 20999
23796 15 4 21104
23798 15 4 21120
23802 15 11 20599
23808 15 8 21014
23810 15 11 21027
23818 15 7 21297
23824 15 11 20523
23828 15 11 21119
23832 15 4 21492
23852 15 11 20947
23856 15 7 20997
23858 15 11 21071
23860 15 7 21393
23862 15 4 21308
23864 15 7 21305
23866 15 7 20949
23870 15 11 21263
23872 15 11 20879
23874 15 4 20996
23890 15 11 20815
23892 15 8 20930
23894 15 11 21235
23934 15 8 20906
23936 15 8 20998
23948 15 8 21322
23954 15 8 21446
23968 15 8 21438
23972 15 4 20880
23980 15 11 21351
23982 15 4 20688
24002 15 7 21421
24014 15 4 20840
24024 15 4 20828
24026 15 4 21004
24028 15 7 21397
24032 15 7 21189
24044 15 4 20668
24052 15 4 21380
24056 15 11 21147
24058 15 8 21406
24060 15 11 20635
24062 15 4 20976
24068 15 4 20680
24078 15 7 20633
24090 15 7 20657
24092 15 4 20760
24094 15 4 20656
24096 15 7 20901
24098 15 11 21287
24104 15 8 21098
24116 15 11 20735
24118 15 7 20741
24122 15 4 20528
24128 15 7 21321
24142 15 8 20590
24144 15 8 20726
24146 15 11 21179
24158 15 4 20936
24170 15 11 20935
24174 15 7 21449
24182 15 4 20484
24188 15 11 20747
24190 15 11 21275
24204 15 4 21024
24218 15 8 20734
24220 15 4 20932
24222 15 8 21466
24240 15 4 20492
24246 15 8 20750
24256 15 7 21093
24270 15 8 20662
24272 15 11 20671
24286 15 8 21298
24296 15 4 20628
24298 15 7 20649
24300 15 7 20713
24302 15 4 20844
24306 15 8 20954
24316 15 11 21215
24322 15 11 21203
24328 15 4 20900
24330 15 7 21141
24334 15 11 20603
24348 15 11 21039
24350 15 7 21053
24370 15 4 20620
24374 15 11 21127
24382 15 4 21316
24384 15 11 21451
24388 15 11 20611
24394 15 7 20813
24404 15 7 20801
24406 15 7 20965
24408 15 4 20988
24416 15 8 21106
24424 15 8 20774
24426 15 7 21149
24432 15 11 21199
24434 15 8 21374
24436 15 11 21499
24456 15 7 21241
24460 15 8 21350
24462 15 11 21407
24478 15 7 20637
24488 15 7 21369
24492 15 7 20797
24494 15 11 20951
24496 15 8 21334
24510 15 8 21494
24518 15 4 20836
24530 15 11 21139
24534 15 7 20553
24536 15 11 20583
24538 15 8 20982
24540 15 4 21208
24544 15 8 20770
24554 15 11 20899
24560 15 11 20627
24564 15 8 20938
24566 15 7 20945
24572 15 11 21323
24586 15 8 21034
24588 15 7 20769
24590 15 7 21173
24596 15 7 21005
24598 15 8 21066
24600 15 11 21107
24602 15 8 21094
24604 15 8 21262
24606 15 7 21377
24616 15 8 20634
24618 15 11 21207
24620 15 7 20705
24626 15 8 20858
24648 15 11 21291
24652 15 8 20502
24654 15 11 20503
24658 15 8 20538
24664 15 8 20642
24672 15 4 20736
24678 15 11 20751
24698 15 4 21240
24700 15 8 21242
24704 15 7 21281
24726 15 8 21058
24730 15 4 21164
24748 15 11 21247
24754 15 7 21181
24760 15 11 21043
24762 15 8 20626
24764 15 7 20765
24766 15 7 20913
24768 15 8 21170
24774 15 11 21455
24778 15 4 21064
24786 15 11 20887
24788 15 4 21408
24790 15 7 21425
24792 15 11 20911
24794 15 11 21015
24798 15 11 20643
24804 15 4 20608
24806 15 8 20638
24812 15 8 21362
24824 15 8 20846
24826 15 8 20866
24828 15 7 21333
24832 15 4 20596
24836 15 4 21188
24838 15 8 21378
24840 15 4 20644
24844 15 8 20678
24846 15 11 21483
24858 15 4 20732
24864 15 8 20850
24896 15 4 20948
24902 15 11 20499
24906 15 4 20720
24926 15 7 20677
24942 15 8 20814
24944 15 4 21140
24952 15 11 20947
24962 15 8 20882
24966 15 4 20812
24976 15 8 21414
24992 15 8 20886
25008 15 7 20909
25014 15 4 21500
25016 15 7 21201
25020 15 4 21340
25022 15 11 20839
25024 15 4 21320
25028 15 8 20718
25034 15 4 21260
25038 15 8 20622
25042 15 8 21162
25068 15 7 20933
25070 15 4 21212
25092 15 7 21353
25102 15 7 20485
25104 15 4 20548
25110 15 7 20981
25112 15 4 20480
25120 15 8 21326
25126 15 4 20704
25132 15 4 21048
25134 15 7 21365
25144 15 4 20864
25146 15 8 21010
25148 15 8 20526
25158 15 4 21152
25164 15 7 21137
25170 15 8 20802
25182 15 11 20883
25214 15 8 21478
25238 15 4 20816
25242 15 11 20715
25270 15 8 21422
25282 15 7 20957
25288 15 7 20665
25308 15 4 21076
25310 15 8 21266
25312 15 7 21261
25316 15 8 21186
25322 15 4 20664
25328 15 4 21184
25336 15 8 20806
25344 15 4 20648
25356 15 4 20868
25358 15 7 21237
25384 15 7 21389
25396 15 11 21479
25398 15 7 21145
25400 15 7 21469
25406 15 4 21452
25416 15 11 21459
25422 15 8 21026
25428 15 11 20659
25468 15 8 27078
25470 15 8 25774
25472 15 11 25727
25474 15 4 26556
25476 15 7 23613
25478 15 7 23565
25480 15 8 23566
25482 15 8 23582
25484 15 11 23615
25490 15 7 23577
25496 15 7 23593
25504 15 4 23616
25506 15 7 23561
25510 15 11 23579
25512 15 4 23560
25514 15 11 23635
25518 15 7 23589
25520 15 7 23597
25522 15 8 23686
25526 15 4 23628
25534 15 11 23623
25536 15 8 23670
25538 15 7 23681
25542 15 7 23697
25544 15 7 23689
25546 15 11 23631
25548 15 11 23611
25550 15 8 23722
25552 15 8 23650
25554 15 11 23719
25556 15 11 23567
25560 15 7 23653
25562 15 11 23747
25564 15 8 23746
25568 15 11 23663
25570 15 7 23569
25582 15 11 23595
25586 15 7 23637
25588 15 7 23757
25592 15 4 23732
25594 15 4 23716
25596 15 11 23755
25598 15 8 23690
25600 15 4 23672
25606 15 8 23750
25608 15 8 23598
25612 15 4 23552
25614 15 4 23788
25616 15 7 24317
25626 15 11 23703
25628 15 7 23625
25630 15 11 23603
25632 15 11 23655
25634 15 7 23781
25636 15 7 23861
25638 15 8 23902
25640 15 11 23903
25656 15 8 23606
25658 15 11 23807
25660 15 8 23578
25666 15 11 23795
25668 15 7 23813
25678 15 11 23555
25680 15 4 23804
25684 15 8 23778
25690 15 4 23768
25692 15 8 23806
25696 15 11 23563
25700 15 7 23709
25702 15 11 23711
25704 15 7 23721
25712 15 11 23619
25718 15 8 23570
25726 15 11 23651
25728 15 8 23754
25732 15 4 23556
25734 15 8 23774
25736 15 8 24570
25744 15 4 23836
25756 15 4 23776
25758 15 4 23576
25762 15 4 23860
25764 15 11 23695
25772 15 4 23916
25776 15 11 23859
25780 15 4 23588
25782 15 4 23600
25794 15 4 23660
25798 15 8 23862
25800 15 11 23895
25806 15 4 23796
25808 15 7 23677
25812 15 7 23845
25824 15 7 23921
25832 15 4 23896
25838 15 7 23925
25842 15 4 23888
25844 15 7 23897
25846 15 8 23766
25866 15 7 23933
25868 15 7 23937
25870 15 11 23947
25878 15 8 23950
25890 15 4 23736
25902 15 7 23949
25914 15 4 23892
25916 15 4 23904
25918 15 7 23973
25924 15 4 23688
25930 15 4 23824
25932 15 11 23763
25944 15 7 23945
25946 15 8 23874
25948 15 8 23554
25952 15 7 23585
25958 15 8 23946
25972 15 8 23966
25976 15 8 24006
25978 15 11 24015
25986 15 11 23983
25988 15 8 23638
25990 15 4 23880
25998 15 7 23869
26000 15 7 23821
26006 15 4 23984
26008 15 8 23602
26022 15 8 24026
26024 15 11 23987
26026 15 8 23590
26028 15 11 23723
26030 15 8 23734
26036 15 8 23630
26042 15 8 23922
26044 15 11 23963
26050 15 11 23791
26058 15 7 23777
26060 15 4 23780
26062 15 4 23612
26064 15 8 23834
26066 15 8 23614
26076 15 4 23976
26078 15 11 23999
26080 15 4 23932
26090 15 11 24011
26094 15 7 23833
26098 15 4 24036
26100 15 7 24073
26106 15 7 24041
26110 15 4 24060
26116 15 11 23759
26126 15 8 24070
26128 15 7 23733
26130 15 7 23789
26132 15 8 24046
26134 15 4 23944
26146 15 7 23693
26148 15 11 23739
26150 15 11 23931
26152 15 7 23981
26160 15 8 23682
26168 15 4 24064
26188 15 11 23587
26190 15 4 23604
26200 15 8 23770
26202 15 11 23607
26204 15 8 23790
26206 15 4 23696
26214 15 11 23883
26224 15 4 24104
26234 15 4 24020
26240 15 7 24109
26242 15 8 23610
26244 15 4 24136
26258 15 7 23673
26266 15 7 23917
26278 15 7 24133
26280 15 7 23753
26282 15 8 23814
26298 15 4 24048
26300 15 11 24135
26314 15 7 23961
26316 15 4 24008
26318 15 8 24098
26324 15 11 23583
26328 15 8 23626
26336 15 11 23831
26338 15 8 23890
26340 15 11 23891
26342 15 4 23920
26344 15 8 23970
26346 15 8 24050
26348 15 7 24153
26350 15 8 23586
26362 15 11 23979
26370 15 11 23771
26400 15 7 23893
26406 15 7 23965
26408 15 8 24134
26410 15 8 24146
26412 15 11 23643
26416 15 11 24119
26428 15 8 24078
26430 15 4 24108
26436 15 4 24028
26442 15 7 23553
26452 15 11 24067
26454 15 8 23646
26458 15 7 23969
26462 15 7 24065
26464 15 8 23838
26466 15 11 24163
26468 15 7 23633
26474 15 11 23691
26480 15 7 23805
26484 15 7 23993
26486 15 11 24023
26488 15 11 24111
26490 15 4 24112
26498 15 4 24148
26500 15 7 23729
26504 15 8 24062
26506 15 11 23743
26510 15 7 23809
26514 15 11 24059
26516 15 8 24234
26518 15 11 24235
26520 15 7 24233
26528 15 8 24206
26532 15 7 23745
26538 15 8 23978
26540 15 11 24003
26544 15 8 24202
26550 15 8 24170
26552 15 7 23977
26556 15 4 23712
26558 15 8 24118
26562 15 8 24030
26580 15 4 24180
26586 15 8 23714
26592 15 8 23930
26598 15 8 24018
26602 15 8 24094
26606 15 8 23886
26608 15 4 24336
26614 15 7 24081
26616 15 11 23679
26620 15 8 24102
26636 15 4 24252
26642 15 8 24042
26646 15 11 23707
26648 15 11 23799
26650 15 11 23819
26652 15 4 23820
26668 15 4 24172
26672 15 4 24240
26676 15 7 23957
26684 15 11 24047
26686 15 11 23867
26688 15 4 24212
26690 15 11 24131
26692 15 7 24289
26696 15 4 23936
26700 15 4 23748
26704 15 8 23826
26706 15 7 24053
26710 15 7 24229
26714 15 8 23846
26716 15 11 23935
26740 15 7 24089
26744 15 8 24122
26748 15 4 24140
26750 15 8 24174
26752 15 7 23769
26754 15 8 23798
26756 15 7 23649
26770 15 4 24304
26772 15 11 23571
26778 15 7 24313
26798 15 8 24158
26800 15 7 24189
26804 15 8 24270
26806 15 11 24319
26808 15 8 24318
26810 15 11 23767
26814 15 8 24218
26818 15 7 23913
26820 15 11 24331
26822 15 7 23617
26824 15 8 23618
26866 15 11 24147
26868 15 11 23943
26872 15 11 23575
26874 15 11 23783
26888 15 11 24083
26892 15 7 24285
26904 15 4 24360
26908 15 8 24330
26926 15 8 24230
26930 15 4 24368
26934 15 4 24256
26936 15 7 24061
26938 15 8 23582
26948 15 7 23865
26954 15 11 24339
26956 15 11 23699
26962 15 8 24130
26978 15 8 23822
26982 15 4 24340
26988 15 7 24101
26990 15 4 24532
26996 15 7 23873
26998 15 8 23842
27004 15 4 24388
27006 15 7 24297
27010 15 7 24117
27014 15 7 24277
27018 15 4 24092
27024 15 4 24152
27030 15 4 24416
27062 15 11 24299
27086 15 8 24342
27090 15 7 23741
27106 15 7 24429
27112 15 11 23967
27146 15 11 23683
27148 15 8 24254
27154 15 11 24271
27160 15 4 23832
27168 15 7 24293
27170 15 7 24093
27172 15 8 23662
27178 15 4 24412
27180 15 8 24426
27188 15 4 24284
27208 15 11 24039
27210 15 4 24216
27220 15 7 24221
27222 15 8 24470
27226 15 8 24338
27244 15 4 23852
27266 15 4 24168
27270 15 8 24310
27272 15 8 23942
27274 15 4 23964
27276 15 7 24361
27304 15 4 24264
27306 15 4 24268
27314 15 7 24445
27316 15 8 24178
27320 15 4 24280
27324 15 11 24435
27330 15 7 23785
27336 15 11 24455
27338 15 7 24465
27340 15 7 23645
27342 15 8 23998
27344 15 7 24461
27348 15 8 23762
27350 15 11 24075
27352 15 7 24173
27366 15 8 24490
27370 15 8 24478
27384 15 11 24491
27400 15 7 24273
27402 15 4 24404
27404 15 7 23905
27406 15 11 24211
27408 15 11 23687
27410 15 4 23596
27414 15 4 24460
27436 15 8 24506
27438 15 4 24528
27440 15 4 24276
27442 15 4 24300
27454 15 4 24548
27456 15 8 23634
27476 15 4 24096
27492 15 11 24343
27512 15 7 24041
27518 15 11 24103
27520 15 8 24554
27522 15 11 24259
27526 15 8 24378
27528 15 8 24710
27530 15 7 24621
27532 15 4 12240
27534 15 11 12167
27536 15 7 11905
27538 15 7 11737
27540 15 4 12144
27542 15 4 12224
27544 15 7 11349
27546 15 4 11640
27548 15 11 11671
27550 15 7 11497
27554 15 4 12232
27556 15 4 11616
27558 15 11 11635
27560 15 8 12026
27564 15 8 11490
27566 15 4 11676
27568 15 7 12061
27570 15 11 11915
27572 15 8 12186
27580 15 4 12128
27582 15 11 11439
27584 15 4 11528
27586 15 7 11621
27588 15 4 11788
27590 15 4 12236
27592 15 7 12253
27596 15 7 12101
27598 15 11 12151
27600 15 4 12184
27602 15 8 11818
27604 15 11 11951
27606 15 7 12029
27614 15 7 11609
27616 15 7 11709
27618 15 7 12053
27620 15 8 11414
27622 15 7 11549
27624 15 8 11742
27628 15 7 11293
27630 15 11 11447
27632 15 7 11825
27634 15 8 11322
27636 15 4 12208
27638 15 8 11998
27642 15 11 11831
27644 15 7 12021
27646 15 11 12191
27648 15 11 11415
27652 15 8 11542
27654 15 7 11421
27660 15 4 11592
27662 15 8 11334
27664 15 11 11827
27666 15 7 11485
27672 15 8 11762
27678 15 4 11440
27680 15 8 11670
27682 15 8 12086
27686 15 4 11548
27688 15 8 11934
27690 15 4 11608
27694 15 8 11662
27696 15 8 11714
27698 15 7 11265
27700 15 4 12064
27704 15 11 11319
27706 15 7 11645
27712 15 4 11424
27714 15 7 11965
27720 15 4 11988
27728 15 11 11899
27730 15 11 11535
27732 15 4 11544
27734 15 8 11814
27740 15 7 11345
27742 15 4 11500
27746 15 4 11812
27750 15 8 11594
27754 15 7 11865
27770 15 8 11894
27778 15 8 11938
27780 15 7 11465
27782 15 11 11367
27784 15 11 11939
27786 15 4 12196
27788 15 7 11909
27792 15 7 12109
27794 15 11 11879
27798 15 8 12042
27800 15 4 12228
27802 15 4 11612
27804 15 4 11624
27810 15 8 11758
27812 15 7 11817
27816 15 8 12162
27818 15 4 11340
27820 15 11 12211
27824 15 8 11418
27826 15 8 11442
27828 15 7 11641
27834 15 4 12120
27836 15 11 11551
27840 15 11 12067
27844 15 11 11371
27846 15 7 12173
27850 15 8 11366
27858 15 4 11892
27862 15 8 11618
27866 15 8 11310
27868 15 11 11571
27874 15 8 11406
27876 15 11 11663
27882 15 7 11873
27886 15 8 12138
27888 15 4 11692
27890 15 11 11955
27910 15 4 11872
27916 15 4 11288
27918 15 8 11314
27920 15 7 11321
27922 15 7 11329
27926 15 4 12200
27932 15 7 12005
27934 15 4 11696
27936 15 7 11501
27938 15 11 11655
27946 15 4 11476
27964 15 4 11688
27966 15 8 12118
27976 15 4 11348
27984 15 11 11607
27990 15 7 11533
27992 15 7 11717
27996 15 8 12078
27998 15 11 12083
28006 15 4 11396
28008 15 11 11407
28010 15 7 11461
28016 15 4 11668
28018 15 7 11761
28020 15 4 11792
28024 15 11 12019
28026 15 8 11786
28030 15 8 11434
28034 15 7 11401
28036 15 7 12229
28038 15 4 11956
28040 15 4 12188
28054 15 11 11419
28062 15 4 12004
28064 15 11 12055
28068 15 11 11435
28070 15 7 12081
28072 15 8 11554
28074 15 11 12047
28076 15 8 12158
28080 15 7 11281
28082 15 11 11603
28090 15 11 11391
28092 15 8 11834
28094 15 8 11902
28100 15 11 11731
28106 15 8 11486
28108 15 8 12282
28110 15 4 11280
28112 15 11 11459
28120 15 4 11552
28122 15 7 11801
28130 15 11 11399
28132 15 7 12001
28138 15 7 11657
28146 15 8 11282
28150 15 4 11728
28162 15 7 11757
28164 15 11 11355
28170 15 11 12003
28172 15 7 12097
28178 15 8 11890
28180 15 11 12123
28186 15 7 11721
28192 15 11 11755
28200 15 4 11540
28202 15 4 11932
28204 15 11 11947
28206 15 11 11279
28210 15 8 12154
28212 15 11 12155
28220 15 8 11614
28228 15 4 11740
28232 15 4 11752
28252 15 11 12119
28264 15 11 11539
28266 15 4 11644
28268 15 11 1415
28270 15 11 14487
28272 15 11 14623
28274 15 8 15270
28276 15 7 15001
28278 15 4 14724
28286 15 7 14773
28288 15 4 14456
28290 15 8 14350
28294 15 4 15156
28298 15 7 14337
28300 15 4 14768
28306 15 8 14930
28308 15 11 14435
28310 15 4 14908
28314 15 7 14829
28318 15 7 14405
28324 15 8 14670
28326 15 4 14940
28328 15 11 15267
28332 15 7 15309
28334 15 8 15346
28338 15 7 15313
28342 15 11 15351
28344 15 8 14486
28346 15 8 14742
28348 15 4 14932
28350 15 8 14962
28352 15 7 15277
28356 15 8 15234
28358 15 11 15235
28360 15 7 15261
28366 15 11 14643
28374 15 4 15236
28378 15 11 14703
28384 15 7 14981
28386 15 8 14342
28388 15 7 15217
28392 15 7 14393
28394 15 7 14433
28396 15 11 15079
28398 15 4 15300
28400 15 8 14394
28402 15 8 15098
28408 15 4 15268
28414 15 11 14811
28416 15 4 15252
28418 15 11 14663
28424 15 11 14707
28426 15 8 14854
28432 15 4 14504
28436 15 7 14581
28442 15 11 15223
28444 15 4 14532
28446 15 7 14505
28450 15 11 15195
28452 15 11 15355
28454 15 4 14700
28456 15 8 15042
28458 15 4 14696
28468 15 11 14983
28476 15 4 15140
28478 15 8 14614
28480 15 11 14879
28482 15 11 14759
28484 15 11 15227
28490 15 4 15324
28492 15 4 14832
28498 15 4 15180
28500 15 8 14550
28512 15 7 14789
28516 15 11 14655
28520 15 8 14606
28522 15 8 14886
28524 15 7 15285
28526 15 7 15333
28528 15 4 15168
28550 15 4 15184
28554 15 11 15307
28556 15 8 14802
28558 15 7 14605
28560 15 11 15063
28566 15 7 14501
28568 15 8 14538
28578 15 11 14931
28586 15 7 14565
28590 15 4 15008
28596 15 11 14415
28602 15 4 14444
28604 15 7 14929
28610 15 11 14471
28626 15 8 14498
28630 15 8 14894
28632 15 7 15113
28634 15 11 14651
28636 15 11 14943
28638 15 11 15031
28644 15 7 14425
28646 15 8 14570
28650 15 4 15224
28654 15 4 14492
28656 15 7 14537
28658 15 8 14754
28662 15 4 15328
28666 15 4 14660
28676 15 7 15253
28678 15 7 14353
28680 15 4 15016
28686 15 7 14697
28692 15 4 14836
28708 15 7 15117
28710 15 7 15109
28714 15 7 14625
28716 15 8 14654
28720 15 4 14544
28722 15 11 15263
28738 15 11 14399
28746 15 8 14526
28756 15 8 14358
28758 15 4 14692
28772 15 8 14694
28784 15 8 14522
28786 15 8 14778
28790 15 4 14600
28794 15 4 15212
28800 15 4 15120
28802 15 4 15116
28810 15 11 15083
28820 15 8 14402
28836 15 8 14698
28838 15 8 14686
28840 15 4 14872
28852 15 11 14779
28854 15 7 14941
28866 15 4 14344
28868 15 8 14430
28870 15 4 15100
28872 15 7 15225
28874 15 8 14518
28882 15 4 14452
28892 15 8 14898
28894 15 7 15101
28896 15 7 14889
28900 15 4 14484
28906 15 7 14757
28908 15 4 14552
28910 15 7 15009
28918 15 8 14446
28920 15 4 14420
28928 15 11 14979
28930 15 8 14422
28932 15 11 15283
28946 15 7 15105
28950 15 11 15151
28954 15 4 14468
28956 15 7 15149
28958 15 4 15060
28960 15 11 15303
28970 15 4 14480
28976 15 8 14494
28978 15 7 14805
28980 15 7 14809
28982 15 8 15174
28988 15 8 15122
28992 15 4 15136
29000 15 7 15349
29010 15 4 15332
29032 15 4 15348
29034 15 4 15196
29040 15 4 14472
29042 15 11 15159
29044 15 8 15170
29048 15 11 14427
29050 15 8 14450
29052 15 11 14567
29056 15 4 14924
29062 15 8 15118
29064 15 8 15258
29066 15 8 15350
29072 15 8 14338
29074 15 8 14362
29078 15 8 15034
29082 15 11 15171
29088 15 11 15211
29100 15 8 14914
29102 15 11 15279
29114 15 11 15087
29128 15 4 15148
29134 15 4 14684
29136 15 4 14800
29138 15 11 14987
29140 15 8 15202
29144 15 8 15298
29156 15 4 14624
29174 15 7 14613
29178 15 11 15131
29186 15 4 14716
29188 15 4 14432
29194 15 7 14417
29196 15 11 15319
29198 15 7 13253
29200 15 7 12801
29202 15 8 13170
29204 15 8 13198
29206 15 4 13276
29208 15 8 12654
29210 15 11 12331
29212 15 4 13240
29214 15 8 13294
29216 15 8 13302
29218 15 7 12293
29220 15 4 12464
29222 15 8 12538
29226 15 7 12409
29228 15 4 12524
29232 15 11 13283
29236 15 4 12856
29238 15 8 12574
29242 15 11 12887
29244 15 11 12959
29246 15 4 13076
29248 15 4 13092
29250 15 7 13129
29252 15 11 12811
29254 15 4 12412
29256 15 7 12745
29258 15 11 12455
29260 15 7 12529
29262 15 8 12714
29264 15 11 12667
29266 15 7 13173
29268 15 4 13292
29280 15 7 13137
29282 15 8 12402
29284 15 11 13303
29286 15 11 12435
29290 15 11 12511
29292 15 11 13179
29294 15 11 12819
29298 15 8 12614
29300 15 8 12474
29302 15 11 12591
29304 15 8 13270
29308 15 11 12847
29310 15 7 12333
29312 15 11 12391
29314 15 8 13002
29316 15 7 12461
29318 15 7 13065
29320 15 4 12764
29322 15 4 12336
29328 15 4 12500
29334 15 4 12456
29342 15 8 13182
29344 15 11 13227
29346 15 8 12626
29348 15 11 12739
29350 15 7 13297
29352 15 7 12617
29354 15 4 13288
29358 15 11 12431
29362 15 4 12460
29364 15 7 13077
29366 15 8 12290
29368 15 8 12510
29374 15 7 12341
29376 15 11 12639
29382 15 8 12602
29384 15 4 12368
29390 15 8 12838
29392 15 7 12353
29394 15 8 12582
29396 15 8 13298
29398 15 8 12758
29400 15 8 12806
29402 15 4 12544
29404 15 4 12728
29408 15 11 12659
29414 15 7 12381
29416 15 7 12425
29434 15 4 12616
29436 15 11 12795
29438 15 4 12828
29440 15 7 13089
29442 15 8 12514
29458 15 11 12447
29460 15 11 12535
29462 15 4 13180
29466 15 11 13259
29468 15 4 13272
29478 15 8 12362
29480 15 7 13085
29482 15 7 13117
29488 15 11 12583
29490 15 11 12803
29492 15 7 12949
29494 15 8 12958
29506 15 4 12344
29510 15 8 12502
29512 15 8 13286
29514 15 11 12983
29518 15 11 13235
29536 15 11 12763
29538 15 7 13141
29540 15 8 12658
29542 15 11 12299
29544 15 7 13025
29546 15 8 12494
29552 15 4 12512
29554 15 11 12619
29556 15 8 13226
29558 15 11 12831
29560 15 11 12487
29562 15 7 12561
29564 15 7 12789
29566 15 7 12989
29568 15 11 12991
29570 15 8 12338
29584 15 4 12556
29586 15 4 12692
29590 15 4 12668
29592 15 4 13044
29598 15 4 13140
29600 15 4 12468
29602 15 11 12771
29612 15 8 12738
29616 15 7 12345
29618 15 11 13079
29622 15 11 12363
29624 15 4 12956
29628 15 4 12584
29630 15 11 12595
29634 15 11 12775
29638 15 11 13211
29646 15 7 12549
29648 15 7 13145
29650 15 4 12608
29652 15 7 12881
29660 15 11 12671
29664 15 4 12732
29670 15 11 12827
29684 15 8 13158
29686 15 7 12505
29688 15 4 12564
29690 15 11 12875
29692 15 4 13132
29700 15 7 12509
29702 15 11 13167
29706 15 11 12643
29708 15 8 13010
29710 15 7 13225
29720 15 4 13040
29724 15 4 12960
29726 15 11 12651
29728 15 11 12995
29730 15 8 13202
29732 15 7 12653
29738 15 8 13210
29742 15 11 13103
29744 15 11 13223
29746 15 4 12420
29748 15 4 12736
29750 15 7 12825
29752 15 4 12888
29754 15 7 12961
29756 15 7 13181
29760 15 4 12892
29762 15 8 12782
29766 15 4 12852
29768 15 11 12427
29770 15 4 12964
29776 15 8 12926
29780 15 7 12621
29790 15 7 12313
29794 15 8 12942
29796 15 8 12370
29800 15 11 12495
29802 15 7 12993
29808 15 7 13273
29810 15 8 12906
29818 15 8 13130
29820 15 4 12900
29826 15 11 12607
29830 15 11 12599
29832 15 7 12329
29834 15 11 12423
29836 15 11 12999
29850 15 11 12951
29854 15 8 12770
29856 15 7 13177
29880 15 7 12521
29884 15 8 12358
29886 15 7 12733
29898 15 4 13204
29900 15 11 13875
29904 15 11 14235
29908 15 7 13861
29912 15 8 13478
29914 15 7 13809
29916 15 8 14114
29918 15 11 14159
29920 15 4 14328
29922 15 11 14011
29924 15 4 14176
29926 15 7 13329
29928 15 8 13554
29930 15 8 13566
29932 15 7 14177
29938 15 7 13757
29942 15 7 14333
29944 15 8 13686
29946 15 8 14078
29948 15 8 13950
29950 15 11 14223
29952 15 11 14335
29954 15 8 13958
29958 15 4 13880
29960 15 8 14086
29962 15 11 13983
29964 15 4 14216
29966 15 11 14243
29968 15 4 13744
29970 15 7 13341
29972 15 8 14282
29974 15 7 13569
29976 15 11 13943
29978 15 8 13954
29980 15 7 13517
29984 15 11 14135
29986 15 4 14068
29992 15 11 13323
29994 15 4 13352
29996 15 7 13857
29998 15 8 14234
30008 15 11 14255
30010 15 7 14101
30012 15 7 14185
30014 15 11 14303
30016 15 4 13832
30018 15 4 13336
30026 15 7 13549
30028 15 8 14310
30030 15 7 13737
30032 15 4 14072
30038 15 8 13726
30040 15 11 13487
30042 15 8 13998
30044 15 11 13439
30048 15 7 14125
30050 15 4 13548
30054 15 4 14172
30056 15 7 13837
30058 15 4 14280
30064 15 7 13369
30066 15 11 13555
30068 15 11 13947
30072 15 7 14257
30074 15 4 13752
30076 15 4 13996
30078 15 8 13594
30084 15 11 13695
30092 15 4 14284
30094 15 7 13597
30096 15 8 13606
30098 15 11 13347
30100 15 7 13577
30102 15 7 13541
30104 15 4 13892
30106 15 4 13824
30108 15 4 13416
30110 15 11 13739
30112 15 7 13753
30116 15 4 14128
30120 15 11 13435
30122 15 8 13598
30124 15 7 13749
30126 15 11 13659
30128 15 11 13727
30130 15 7 14217
30134 15 11 13791
30136 15 7 13349
30138 15 11 14151
30140 15 4 14188
30142 15 4 14004
30144 15 7 14189
30150 15 11 13991
30154 15 4 13556
30158 15 8 14102
30162 15 4 14204
30164 15 4 14088
30166 15 11 14143
30168 15 11 14323
30176 15 8 13762
30180 15 8 14266
30184 15 8 13546
30186 15 8 13550
30188 15 11 13827
30190 15 8 13962
30192 15 11 13823
30194 15 4 13896
30196 15 11 14107
30202 15 11 13719
30204 15 8 13746
30206 15 7 13401
30210 15 11 13427
30212 15 7 13433
30214 15 4 13460
30220 15 11 14207
30226 15 7 13521
30232 15 11 13987
30236 15 7 13969
30240 15 4 14248
30244 15 7 13365
30246 15 8 13758
30254 15 7 13965
30260 15 8 14222
30264 15 11 14251
30266 15 8 13358
30268 15 8 13646
30270 15 8 14082
30272 15 11 14083
30296 15 7 13889
30302 15 11 14111
30304 15 4 14164
30306 15 11 14331
30312 15 4 13444
30316 15 7 13509
30318 15 11 13599
30320 15 8 13610
30322 15 8 13782
30324 15 8 13834
30326 15 4 13920
30336 15 8 13886
30338 15 7 13417
30340 15 4 13812
30344 15 7 13333
30346 15 7 13461
30348 15 8 13490
30358 15 11 13423
30362 15 7 13513
30370 15 7 13657
30374 15 8 13494
30376 15 11 13495
30378 15 4 13872
30380 15 11 13931
30382 15 8 13882
30384 15 4 13960
30392 15 4 14276
30394 15 8 13390
30398 15 7 13477
30400 15 11 13783
30402 15 4 13628
30404 15 11 13483
30410 15 8 14062
30414 15 11 13331
30416 15 11 13447
30418 15 7 14053
30422 15 4 13964
30424 15 7 13353
30428 15 8 13694
30430 15 4 13836
30434 15 4 13488
30436 15 4 13564
30438 15 8 13642
30440 15 4 13884
30452 15 7 13493
30454 15 4 13772
30466 15 8 13830
30468 15 11 14327
30472 15 11 13615
30480 15 8 13498
30482 15 11 14291
30484 15 11 14087
30486 15 11 13755
30490 15 8 13890
30494 15 8 13906
30512 15 7 13593
30514 15 8 13622
30518 15 7 13565
30522 15 7 13981
30530 15 7 13941
30532 15 8 14198
30534 15 7 14089
30540 15 8 13698
30542 15 7 13429
30554 15 11 13919
30556 15 7 13921
30558 15 11 13491
30562 15 8 13770
30572 15 7 13813
30576 15 8 13710
30578 15 4 13712
30628 15 8 14210
30630 15 8 13734
30638 15 4 13848
30642 15 7 13997
30644 15 8 14038
30646 15 11 13663
30648 15 7 14073
30654 15 8 13578
30656 15 8 14278
30664 15 11 14275
30668 15 7 13473
30670 15 11 14099
30672 15 7 14233
30692 15 7 3125
30694 15 8 7126
30696 15 11 6211
30698 15 4 7936
30704 15 8 8150
30712 15 8 7614
