0 14 4 22984
2 14 7 23269
4 14 11 23415
6 14 4 22664
8 14 11 23483
10 14 7 22709
12 14 11 22743
14 14 7 22873
16 14 7 23017
28 14 8 22774
30 14 8 22794
32 14 7 22809
34 14 7 22853
36 14 4 23544
38 14 11 22951
44 14 11 22923
46 14 11 23343
50 14 11 22715
54 14 7 23277
56 14 8 22534
58 14 11 23223
60 14 11 23079
62 14 11 23403
64 14 7 23537
66 14 4 22896
68 14 11 23259
70 14 4 23364
72 14 7 23025
74 14 8 23510
76 14 7 22669
78 14 7 22917
80 14 4 23192
82 14 8 22674
84 14 8 22682
86 14 11 23283
90 14 8 23114
92 14 7 18305
94 14 11 17775
96 14 11 18299
98 14 7 17621
100 14 7 17701
102 14 4 18252
104 14 7 17829
106 14 4 18128
108 14 8 17930
110 14 4 17612
112 14 8 16726
114 14 4 16688
116 14 8 16626
118 14 4 16612
120 14 8 16698
122 14 11 16699
124 14 8 16710
126 14 7 16805
128 14 11 16883
130 14 4 17052
134 14 8 17202
136 14 4 17396
138 14 8 16870
140 14 11 16907
142 14 7 16901
144 14 7 17369
150 14 8 16902
152 14 7 15677
156 14 11 15519
158 14 4 15600
160 14 7 15805
162 14 4 15896
164 14 11 16243
166 14 11 15875
168 14 8 16134
170 14 4 15580
172 14 4 15884
174 14 11 15719
176 14 4 15652
178 14 8 15870
180 14 8 15910
182 14 11 15943
184 14 4 16176
186 14 7 16217
188 14 8 20426
190 14 11 20411
192 14 11 20199
194 14 4 20412
196 14 11 20283
198 14 4 19968
200 14 11 20111
202 14 4 20308
204 14 7 20141
206 14 8 19926
208 14 8 19538
210 14 8 19946
214 14 4 20440
216 14 4 19856
218 14 4 19768
220 14 7 18833
222 14 7 18945
224 14 7 19277
226 14 7 18433
228 14 8 18870
230 14 4 18960
232 14 11 19287
234 14 8 18638
236 14 11 19439
238 14 8 18694
240 14 11 18539
242 14 8 19046
246 14 7 18461
248 14 8 18578
250 14 8 18642
252 14 8 18798
254 14 11 19263
256 14 4 19400
260 14 8 18674
262 14 8 18682
266 14 11 21671
268 14 8 22070
270 14 7 22153
274 14 11 22155
280 14 11 21551
282 14 8 22302
284 14 7 22365
286 14 4 22436
290 14 7 22373
292 14 7 21673
294 14 4 22116
296 14 7 22185
298 14 11 10267
300 14 4 10572
302 14 4 10744
304 14 11 10423
306 14 11 11115
308 14 11 11139
310 14 7 10617
314 14 4 10244
316 14 4 11144
318 14 7 10365
320 14 4 10808
322 14 8 10698
324 14 7 11245
326 14 7 10789
328 14 11 10635
330 14 8 10394
338 14 11 10295
344 14 8 10478
354 14 7 10289
358 14 8 10286
360 14 11 10463
362 14 8 10302
364 14 7 10321
366 14 7 10357
370 14 4 10312
376 14 11 10415
380 14 8 10298
382 14 11 10499
384 14 11 10995
390 14 8 10630
392 14 4 10564
396 14 7 10301
398 14 11 10299
400 14 11 10539
402 14 8 10678
406 14 4 10608
412 14 8 10682
414 14 4 10396
418 14 7 10369
420 14 11 10563
422 14 11 10335
424 14 4 10412
442 14 11 10719
454 14 8 11214
456 14 8 10322
458 14 4 10292
460 14 7 10397
466 14 7 10729
468 14 11 10759
472 14 7 10313
480 14 11 10395
486 14 8 10354
488 14 7 10465
490 14 4 10508
494 14 11 10331
496 14 7 10437
500 14 7 10361
506 14 7 10345
510 14 4 10740
534 14 8 10718
538 14 4 10296
546 14 7 10505
552 14 7 10409
554 14 4 10288
560 14 7 10801
562 14 8 10802
564 14 8 10294
580 14 8 10346
582 14 7 10385
584 14 11 10363
586 14 11 10587
594 14 4 10380
596 14 8 10466
598 14 4 10468
608 14 11 10863
610 14 8 10306
616 14 7 10761
620 14 8 10474
622 14 4 10592
636 14 11 10303
640 14 7 10457
646 14 8 10330
650 14 8 10706
656 14 8 10626
662 14 7 10521
664 14 4 10864
666 14 7 10441
668 14 8 10506
670 14 8 10390
674 14 7 10829
678 14 11 10319
680 14 8 10510
684 14 8 10334
688 14 11 10355
694 14 11 10467
696 14 11 10471
698 14 4 10492
700 14 4 10512
702 14 11 10551
704 14 7 10601
706 14 4 10636
708 14 11 10651
710 14 7 10693
712 14 11 10739
714 14 4 10752
716 14 4 10780
718 14 7 10805
720 14 4 10840
722 14 11 10855
730 14 11 10431
742 14 11 10399
746 14 4 10588
750 14 8 10742
752 14 4 10476
758 14 7 10445
764 14 8 10570
766 14 7 10741
768 14 4 10804
770 14 4 10400
774 14 8 10550
776 14 4 10816
778 14 7 10305
788 14 11 10411
808 14 8 10738
812 14 8 10962
814 14 11 10999
818 14 7 10309
826 14 4 10600
828 14 11 10291
830 14 4 10516
838 14 11 10483
846 14 4 10528
848 14 8 10726
850 14 7 10997
852 14 8 11010
858 14 4 11004
862 14 8 10410
864 14 11 10371
868 14 8 10402
870 14 4 10488
876 14 7 10861
884 14 4 10420
894 14 4 10444
896 14 8 10730
898 14 4 10936
900 14 8 10986
902 14 4 11076
918 14 8 10786
920 14 7 11069
922 14 7 10873
934 14 11 10347
946 14 8 10314
950 14 11 10339
952 14 4 10340
956 14 8 10370
958 14 8 10534
960 14 8 10594
962 14 4 10632
964 14 11 10663
966 14 11 10771
968 14 4 10980
972 14 4 10548
974 14 4 10392
976 14 11 10683
986 14 7 10689
992 14 8 10818
996 14 4 11056
998 14 4 11084
1014 14 8 10382
1020 14 4 10680
1022 14 4 11040
1024 14 7 10697
1026 14 7 10701
1028 14 11 10599
1030 14 7 10577
1032 14 7 10649
1034 14 7 10533
1042 14 4 10364
1048 14 11 10847
1058 14 4 10300
1066 14 7 10949
1070 14 7 11141
1076 14 11 10783
1080 14 4 10388
1090 14 7 10565
1094 14 8 11174
1096 14 7 10341
1098 14 4 10616
1100 14 7 10837
1104 14 7 10705
1110 14 8 10566
1112 14 4 10948
1114 14 8 10954
1116 14 8 11054
1118 14 4 11164
1122 14 7 10561
1124 14 7 10733
1126 14 11 10831
1132 14 7 10297
1134 14 4 10384
1136 14 7 10541
1138 14 4 10580
1140 14 4 11000
1142 14 11 11087
1144 14 4 10472
1146 14 11 10979
1148 14 8 10990
1150 14 8 11018
1154 14 8 10638
1156 14 11 10775
1158 14 4 10620
1160 14 4 10644
1164 14 7 10965
1166 14 8 10662
1172 14 11 10495
1180 14 11 10451
1184 14 7 10929
1190 14 11 10987
1196 14 4 10536
1198 14 4 11184
1204 14 8 11058
1214 14 8 10578
1216 14 11 10455
1218 14 11 10799
1222 14 8 10614
1230 14 4 11116
1238 14 11 10507
1240 14 8 11146
1242 14 8 11198
1244 14 8 10486
1248 14 8 10398
1250 14 7 10481
1254 14 7 20745
1256 14 8 20830
1258 14 8 20930
1260 14 4 21264
1262 14 4 21476
1264 14 11 21375
1266 14 11 20559
1268 14 11 21407
1270 14 8 20666
1272 14 8 20862
1274 14 8 21130
1276 14 11 21147
1278 14 4 20996
1280 14 7 21153
1282 14 7 20581
1284 14 7 21241
1286 14 8 20726
1288 14 4 20520
1290 14 7 26701
1292 14 4 27036
1294 14 7 26873
1296 14 11 26819
1298 14 8 26862
1300 14 8 26962
1302 14 4 27040
1304 14 7 27353
1306 14 4 26624
1308 14 11 27027
1310 14 8 27098
1312 14 7 27173
1314 14 4 27244
1316 14 4 27512
1318 14 4 26776
1320 14 8 27198
1322 14 11 27387
1324 14 11 27487
1326 14 11 26699
1328 14 4 26884
1330 14 4 26964
1332 14 7 27229
1334 14 11 27319
1336 14 11 27471
1338 14 7 26745
1340 14 11 27399
1342 14 4 27632
1344 14 11 27051
1346 14 11 27143
1348 14 4 27304
1350 14 8 27266
1354 14 11 26795
1358 14 4 27116
1360 14 7 27261
1362 14 7 27293
1366 14 7 26825
1368 14 11 27175
1370 14 8 26634
1372 14 7 26897
1374 14 8 26966
1376 14 4 27288
1380 14 11 27615
1384 14 8 27286
1386 14 11 27611
1390 14 4 27336
1392 14 4 280
1394 14 8 974
1396 14 11 51
1398 14 7 961
1400 14 7 1017
1402 14 11 599
1406 14 7 433
1408 14 7 865
1410 14 11 871
1412 14 8 302
1414 14 4 492
1416 14 11 911
1418 14 11 299
1420 14 8 514
1422 14 8 730
1424 14 4 264
1426 14 4 564
1428 14 7 745
1432 14 11 59
1438 14 8 194
1440 14 11 187
1442 14 4 196
1444 14 7 369
1446 14 7 529
1448 14 8 658
1450 14 8 218
1452 14 8 778
1454 14 8 790
1456 14 7 861
1458 14 11 1023
1460 14 11 191
1462 14 4 988
1464 14 8 442
1470 14 11 507
1474 14 8 78
1476 14 4 416
1478 14 7 585
1482 14 8 86
1486 14 11 919
1488 14 7 901
1490 14 8 998
1492 14 4 620
1494 14 11 427
1496 14 8 546
1498 14 11 25887
1500 14 4 25696
1502 14 7 25709
1504 14 11 25991
1506 14 8 25682
1510 14 7 26233
1512 14 7 25893
1514 14 11 26167
1516 14 8 26282
1518 14 11 25611
1520 14 4 25620
1522 14 11 25955
1524 14 7 26269
1526 14 8 25630
1532 14 8 26170
1534 14 7 26173
1536 14 8 26318
1540 14 8 26530
1542 14 11 25923
1546 14 4 26140
1550 14 8 25870
1552 14 8 26070
1554 14 4 26480
1556 14 7 26085
1560 14 8 26246
1562 14 4 25984
1564 14 4 26116
1566 14 4 23612
1568 14 8 24062
1570 14 8 23650
1572 14 4 23576
1574 14 11 23907
1576 14 4 24476
1578 14 4 24152
1580 14 11 24235
1582 14 11 24327
1584 14 4 24456
1586 14 4 23616
1588 14 4 24352
1590 14 11 23603
1592 14 4 23824
1594 14 7 23993
1596 14 8 23778
1598 14 8 23946
1600 14 11 24011
1602 14 11 24535
1604 14 4 23856
1606 14 7 24493
1608 14 7 24061
1610 14 4 24384
1614 14 8 25266
1616 14 7 25193
1618 14 4 25352
1620 14 7 25309
1622 14 4 25180
1624 14 11 25443
1626 14 7 25061
1628 14 11 25543
1630 14 11 25195
1632 14 4 24876
1636 14 4 25452
1638 14 4 24840
1640 14 7 25185
1642 14 7 25217
1644 14 8 25538
1648 14 8 24934
1650 14 8 25382
1652 14 7 24837
1656 14 4 11528
1658 14 4 12052
1660 14 7 11409
1662 14 11 11539
1664 14 4 11580
1666 14 4 11644
1668 14 11 11823
1670 14 11 12139
1672 14 4 11312
1674 14 7 11865
1676 14 7 11633
1678 14 11 11347
1680 14 11 11755
1682 14 8 11818
1684 14 4 11472
1686 14 11 1135
1688 14 7 1513
1690 14 7 1501
1692 14 4 1176
1694 14 7 1537
1696 14 7 1677
1698 14 7 1705
1700 14 8 1458
1702 14 4 1852
1704 14 11 1247
1706 14 8 1090
1712 14 7 1369
1714 14 11 1583
1716 14 11 1075
1720 14 4 1564
1722 14 7 1641
1724 14 8 1726
1726 14 4 1884
1728 14 4 1956
1730 14 8 1466
1732 14 8 1958
1734 14 7 2017
1738 14 4 1648
1740 14 7 1553
1742 14 8 1646
1744 14 4 1700
1746 14 4 1912
1748 14 8 1986
1750 14 4 1376
1752 14 7 1669
1754 14 4 1768
1756 14 11 1887
1758 14 4 1520
1762 14 11 1315
1764 14 4 1616
1768 14 4 1308
1772 14 4 1660
1774 14 8 1854
1776 14 11 14435
1778 14 7 14869
1780 14 4 14908
1782 14 8 14682
1784 14 7 15053
1786 14 7 14921
1788 14 4 14504
1790 14 4 15196
1792 14 8 14350
1794 14 4 14872
1796 14 11 15179
1798 14 8 14422
1800 14 8 14962
1802 14 7 15229
1804 14 8 15298
1806 14 11 12771
1808 14 8 12794
1810 14 7 12853
1812 14 7 13073
1814 14 8 12730
1816 14 11 12807
1818 14 4 12816
1820 14 8 12546
1822 14 8 12614
1824 14 8 13002
1826 14 11 13215
1828 14 11 12847
1832 14 8 13302
1834 14 11 13563
1836 14 11 13723
1838 14 8 14262
1840 14 4 13620
1842 14 4 14048
1844 14 4 13824
1846 14 11 13619
1848 14 8 13670
1850 14 4 14188
1852 14 11 14159
1854 14 4 14328
1856 14 8 13566
1860 14 8 2058
1862 14 8 2102
1864 14 4 2144
1866 14 11 2199
1868 14 7 2309
1870 14 8 2966
1872 14 7 2977
1874 14 11 2195
1876 14 7 2445
1878 14 7 2821
1880 14 4 2940
1882 14 8 2174
1884 14 7 2125
1886 14 8 2554
1888 14 4 2924
1890 14 11 2059
1892 14 11 2279
1894 14 7 2909
1896 14 7 2229
1898 14 4 2980
1900 14 7 2793
1902 14 8 3054
1904 14 4 2292
1910 14 11 2435
1912 14 8 2494
1914 14 8 2990
1916 14 8 3018
1918 14 7 2097
1920 14 11 2211
1922 14 11 2263
1924 14 11 2291
1926 14 4 2320
1932 14 7 3017
1936 14 11 2579
1938 14 7 2913
1940 14 8 2238
1944 14 7 3345
1946 14 11 3363
1948 14 11 3223
1950 14 11 3903
1952 14 4 3904
1954 14 8 3562
1956 14 8 3806
1958 14 8 3158
1960 14 11 3579
1962 14 7 3753
1966 14 11 3535
1968 14 7 3765
1970 14 4 3608
1972 14 7 4005
1974 14 11 4047
1976 14 11 3303
1978 14 4 3372
1980 14 11 3947
1984 14 11 3695
1986 14 11 3519
1990 14 11 3371
1992 14 4 3524
1994 14 11 3887
1996 14 7 4061
1998 14 11 4083
2000 14 11 3227
2004 14 4 3336
2008 14 8 3966
2010 14 7 3845
2012 14 8 3438
2018 14 7 4045
2020 14 8 4046
2022 14 11 3247
2026 14 8 6382
2028 14 4 6448
2030 14 8 6506
2032 14 11 6771
2034 14 11 6823
2036 14 8 6842
2038 14 8 6902
2040 14 7 6929
2042 14 11 6971
2044 14 11 7015
2046 14 4 7032
2048 14 7 7089
2050 14 7 7017
2052 14 11 6271
2054 14 11 6863
2056 14 11 6915
2058 14 11 6179
2060 14 7 6385
2062 14 8 6470
2064 14 8 6974
2066 14 11 7119
2068 14 8 7134
2070 14 11 7151
2072 14 4 6636
2074 14 4 6996
2080 14 7 6277
2086 14 4 6472
2088 14 7 6537
2090 14 4 6548
2092 14 11 6483
2094 14 8 6586
2096 14 4 6724
2098 14 11 6727
2106 14 4 6928
2108 14 7 6545
2110 14 8 6598
2112 14 8 6678
2114 14 7 6761
2116 14 11 6923
2118 14 8 6986
2124 14 7 7153
2126 14 8 7142
2128 14 4 6468
2130 14 11 6499
2132 14 4 6556
2134 14 7 7045
2138 14 4 6348
2144 14 11 6883
2146 14 7 7053
2148 14 8 6526
2150 14 7 6973
2152 14 8 6178
2154 14 8 6438
2156 14 8 6938
2158 14 4 6912
2160 14 11 7159
2162 14 11 6191
2164 14 4 6344
2168 14 8 6498
2174 14 11 6231
2176 14 4 6244
2178 14 4 6272
2180 14 4 6492
2182 14 7 6509
2184 14 7 6845
2186 14 4 6532
2188 14 11 6675
2190 14 4 6632
2192 14 11 6715
2194 14 8 6730
2196 14 11 6591
2198 14 11 6159
2212 14 7 6637
2214 14 8 6738
2216 14 7 6749
2218 14 4 6764
2222 14 4 6992
2224 14 11 7059
2226 14 4 6856
2228 14 8 4490
2230 14 8 4718
2232 14 11 4407
2234 14 11 4811
2236 14 11 4403
2238 14 8 4406
2242 14 4 4480
2244 14 8 4138
2246 14 11 4255
2248 14 4 4316
2250 14 4 4284
2252 14 11 5015
2254 14 4 5068
2256 14 4 4200
2258 14 4 4248
2260 14 11 4275
2262 14 11 4867
2264 14 8 4102
2266 14 4 5000
2268 14 7 4241
2270 14 4 4432
2272 14 11 4767
2274 14 11 4119
2276 14 4 4620
2280 14 8 4190
2282 14 7 4709
2284 14 7 4713
2286 14 11 4735
2288 14 4 4960
2290 14 7 4209
2292 14 11 4219
2294 14 4 4288
2296 14 4 5100
2298 14 8 4150
2300 14 8 4978
2302 14 8 4186
2304 14 11 4287
2306 14 4 4344
2308 14 8 4318
2310 14 8 4222
2314 14 8 4686
2316 14 4 4716
2318 14 8 4818
2320 14 11 4443
2322 14 8 4114
2324 14 8 4166
2326 14 4 4332
2328 14 11 4447
2332 14 11 5047
2334 14 7 5369
2336 14 8 5390
2338 14 7 5405
2340 14 7 5509
2342 14 11 5663
2344 14 7 5781
2346 14 7 5901
2348 14 7 6057
2350 14 7 5517
2352 14 8 5890
2354 14 7 6033
2356 14 7 5429
2358 14 11 5895
2364 14 4 5544
2366 14 4 5988
2368 14 8 5962
2374 14 8 6138
2376 14 8 5734
2378 14 8 5818
2380 14 8 5198
2382 14 8 5810
2384 14 11 5891
2386 14 11 5311
2388 14 11 5919
2390 14 8 5274
2392 14 8 5642
2396 14 4 6088
2398 14 7 5773
2400 14 11 5999
2402 14 8 5246
2404 14 4 5640
2406 14 8 5662
2408 14 11 5699
2410 14 8 5842
2412 14 11 5607
2414 14 7 5657
2420 14 4 6116
2422 14 8 5598
2424 14 11 5923
2426 14 8 5270
2428 14 8 5318
2430 14 11 5571
2432 14 4 5184
2434 14 8 5146
2436 14 11 5227
2438 14 7 5241
2440 14 8 5566
2442 14 8 5322
2444 14 7 5497
2446 14 8 5406
2448 14 4 5416
2450 14 4 5480
2458 14 7 5721
2466 14 11 7203
2468 14 11 7227
2470 14 4 7260
2472 14 7 7741
2474 14 4 7792
2476 14 11 7935
2478 14 4 8036
2480 14 11 7963
2482 14 8 7522
2484 14 11 7579
2486 14 8 7930
2488 14 7 7977
2490 14 7 7173
2492 14 4 7384
2494 14 11 7399
2496 14 4 7452
2498 14 8 7458
2500 14 8 7466
2502 14 4 7472
2504 14 4 7612
2506 14 4 7956
2508 14 7 8057
2510 14 11 8087
2512 14 4 8088
2514 14 7 8117
2516 14 4 8136
2518 14 7 8137
2520 14 11 8139
2522 14 4 8148
2524 14 8 7518
2526 14 4 7900
2528 14 7 7609
2530 14 8 8026
2534 14 11 7911
2536 14 4 7264
2538 14 4 7404
2540 14 8 7978
2542 14 8 7986
2544 14 4 8072
2546 14 7 7601
2548 14 7 7185
2550 14 7 7361
2552 14 11 7531
2554 14 7 7573
2556 14 11 7587
2558 14 11 7619
2560 14 7 7849
2562 14 11 8019
2564 14 8 8038
2566 14 8 8074
2568 14 4 8096
2572 14 8 7374
2574 14 11 7411
2576 14 7 7645
2578 14 8 7742
2582 14 8 7446
2584 14 7 7565
2586 14 7 7641
2588 14 7 8161
2590 14 4 7268
2592 14 8 7390
2594 14 7 8113
2600 14 11 7319
2602 14 7 7353
2606 14 7 7373
2608 14 11 7631
2610 14 4 7188
2612 14 11 7519
2614 14 4 7228
2616 14 4 7480
2618 14 7 7501
2620 14 4 7508
2622 14 4 7868
2624 14 11 8015
2626 14 4 7768
2628 14 8 7314
2630 14 4 7348
2632 14 11 7599
2634 14 11 7899
2636 14 11 7979
2638 14 4 7952
2640 14 4 7904
2642 14 11 7887
2644 14 7 7809
2646 14 4 7756
2648 14 4 7288
2650 14 7 7857
2652 14 8 8150
2654 14 8 7190
2658 14 8 7686
2660 14 8 7810
2676 14 4 7936
2684 14 4 8256
2686 14 11 8491
2688 14 11 8711
2690 14 4 8860
2692 14 7 8905
2694 14 7 8929
2696 14 7 8301
2698 14 7 8661
2700 14 4 8356
2702 14 7 8357
2704 14 4 9188
2706 14 8 9206
2708 14 4 8584
2710 14 8 8346
2712 14 8 8374
2714 14 4 8392
2716 14 4 8492
2718 14 4 8540
2720 14 11 8631
2722 14 8 8726
2724 14 11 8767
2726 14 8 8878
2728 14 4 8888
2730 14 8 8906
2732 14 4 8908
2734 14 8 9174
2736 14 4 8564
2738 14 7 8997
2740 14 7 9165
2744 14 4 8972
2746 14 8 8870
2748 14 7 8277
2750 14 8 8394
2752 14 7 8545
2754 14 11 8891
2756 14 8 8254
2758 14 11 8307
2760 14 7 8977
2762 14 11 9055
2764 14 7 9181
2766 14 7 9189
2768 14 4 9212
2774 14 4 8984
2776 14 7 9005
2778 14 11 9039
2780 14 4 8428
2782 14 11 8467
2784 14 7 8701
2786 14 11 8835
2788 14 4 9148
2790 14 4 8212
2792 14 8 8602
2794 14 4 8224
2796 14 8 8234
2798 14 4 8792
2802 14 4 9152
2804 14 8 8354
2810 14 7 8321
2812 14 7 8337
2814 14 11 8595
2816 14 11 9059
2818 14 8 8582
2820 14 7 9085
2822 14 8 9170
2824 14 7 8333
2826 14 8 8586
2828 14 4 8604
2830 14 7 8753
2832 14 4 9080
2834 14 11 9143
2836 14 11 9187
2840 14 8 8822
2842 14 8 8706
2848 14 4 8692
2850 14 11 8471
2852 14 7 8453
2858 14 11 8271
2860 14 11 8623
2866 14 8 8946
2868 14 8 8974
2870 14 8 27682
2872 14 11 27747
2874 14 7 27725
2876 14 4 27704
2878 14 8 27730
2880 14 8 27750
2882 14 7 9445
2884 14 7 10169
2886 14 4 9648
2888 14 4 9828
2890 14 11 9415
2892 14 7 9753
2894 14 4 9816
2896 14 4 9980
2898 14 7 9685
2900 14 11 9799
2902 14 7 9233
2904 14 8 9342
2906 14 8 9454
2908 14 7 9545
2910 14 4 9608
2912 14 7 9825
2914 14 8 9870
2916 14 8 9978
2918 14 7 9981
2920 14 8 10046
2922 14 11 10131
2924 14 4 9220
2926 14 4 9304
2928 14 7 10221
2930 14 11 10191
2932 14 7 9309
2934 14 8 9338
2936 14 11 9443
2938 14 8 9758
2940 14 8 9962
2942 14 7 9341
2944 14 11 9487
2946 14 4 9504
2948 14 7 9597
2950 14 8 9674
2952 14 7 10197
2954 14 11 9875
2956 14 8 9478
2960 14 7 9253
2962 14 11 9323
2964 14 11 9939
2968 14 7 9441
2970 14 7 9561
2972 14 11 9687
2974 14 11 10079
2976 14 4 9704
2978 14 11 10007
2980 14 8 9254
2982 14 4 9312
2984 14 7 9965
2986 14 8 10022
2988 14 4 10140
2990 14 4 10020
2998 14 7 10049
3000 14 11 10155
3002 14 7 10213
3004 14 11 9611
3006 14 11 9667
3008 14 11 10163
3010 14 4 9264
3012 14 4 9368
3014 14 4 9540
3016 14 4 10104
3018 14 7 9781
3020 14 8 9786
3022 14 11 9955
3024 14 8 9966
3026 14 11 9399
3028 14 4 9800
3030 14 4 9900
3032 14 11 10207
3034 14 4 9632
3036 14 7 9385
3038 14 8 9718
3040 14 8 9858
3042 14 11 9859
3044 14 11 10075
3046 14 7 10233
3050 14 8 9822
3052 14 11 10011
3054 14 8 9578
3056 14 8 9222
3058 14 4 9396
3060 14 11 9699
3062 14 11 9731
3064 14 7 9813
3066 14 7 10029
3072 14 8 9730
3074 14 11 9767
3076 14 7 9797
3080 14 11 9867
3082 14 4 9968
3086 14 4 10136
3088 14 8 10154
3090 14 4 22528
3092 14 11 22547
3094 14 4 22548
3096 14 8 22582
3098 14 4 22536
3100 14 11 22559
3102 14 11 22567
3104 14 4 22540
3106 14 7 22557
3110 14 7 22973
3112 14 7 22601
3114 14 4 22604
3116 14 8 22546
3118 14 7 22605
3120 14 4 22616
3122 14 8 22534
3124 14 7 22545
3126 14 7 22581
3132 14 8 22570
3134 14 4 22532
3140 14 8 22654
3142 14 7 23193
3144 14 7 23445
3146 14 11 22619
3148 14 7 22613
3150 14 7 22537
3154 14 7 22593
3156 14 8 22610
3158 14 8 22606
3162 14 11 23375
3164 14 11 22587
3168 14 8 22622
3172 14 11 22651
3174 14 11 22579
3178 14 7 22645
3180 14 11 22715
3182 14 7 22541
3184 14 8 22578
3186 14 4 22612
3188 14 11 22699
3190 14 4 22688
3194 14 7 22561
3196 14 7 22649
3204 14 7 22709
3208 14 4 22724
3212 14 4 22668
3214 14 11 22735
3216 14 4 22560
3218 14 7 22653
3224 14 7 22685
3226 14 7 22737
3228 14 11 22535
3232 14 8 22638
3234 14 7 22721
3236 14 4 22728
3246 14 11 22743
3256 14 7 22637
3258 14 11 22603
3260 14 11 22667
3262 14 7 22717
3264 14 7 22693
3274 14 8 22774
3276 14 7 22781
3278 14 7 22713
3280 14 4 22644
3282 14 4 22756
3310 14 4 22796
3312 14 11 22923
3314 14 8 22926
3316 14 11 23051
3318 14 7 23361
3320 14 4 23376
3332 14 7 22765
3336 14 4 22720
3340 14 8 22766
3342 14 11 22623
3350 14 8 22794
3352 14 7 22609
3368 14 7 22797
3370 14 7 22809
3372 14 11 22815
3376 14 8 22806
3386 14 11 22691
3396 14 7 22789
3404 14 11 22807
3408 14 4 22816
3434 14 8 22778
3436 14 8 22786
3446 14 4 22636
3448 14 8 22814
3456 14 8 22670
3458 14 4 22824
3462 14 11 22771
3492 14 7 22821
3494 14 4 22832
3496 14 8 22634
3504 14 8 22550
3510 14 8 22730
3512 14 8 22798
3546 14 4 22844
3548 14 8 22846
3580 14 7 22565
3590 14 7 22669
3596 14 7 22837
3620 14 7 22793
3630 14 11 22755
3688 14 7 22553
3730 14 4 22676
3766 14 7 22833
3776 14 11 22703
3782 14 8 22826
3784 14 7 22573
3786 14 4 22692
3788 14 8 23114
3822 14 7 22853
3824 14 8 22854
3826 14 7 22861
3828 14 7 22869
3830 14 8 22870
3846 14 11 22723
3892 14 11 22883
3938 14 8 22878
3940 14 8 22890
3944 14 11 22859
3946 14 8 22630
3986 14 7 22877
3990 14 11 22847
3992 14 8 22554
4000 14 4 22776
4006 14 4 22780
4056 14 11 22875
4060 14 7 22901
4062 14 11 22903
4064 14 11 22911
4196 14 4 22880
4212 14 11 22919
4214 14 11 22899
4216 14 4 22620
4222 14 8 22858
4224 14 8 22862
4234 14 7 22913
4236 14 4 22904
4238 14 8 22558
4240 14 7 22777
4252 14 4 22860
4314 14 4 22928
4316 14 7 22929
4318 14 7 22785
4320 14 4 22932
4322 14 4 22820
4346 14 7 22957
4416 14 7 22813
4426 14 8 22946
4428 14 11 22615
4432 14 8 22906
4442 14 11 22879
4444 14 8 22530
4454 14 4 22856
4456 14 7 22885
4526 14 8 22542
4540 14 7 22933
4554 14 4 22544
4556 14 8 22974
4562 14 8 22818
4566 14 7 22993
4570 14 4 22908
4580 14 4 22968
4654 14 7 22961
4656 14 4 22964
4658 14 11 22983
4660 14 8 22986
4662 14 4 22736
4664 14 7 22865
4666 14 7 22953
4672 14 8 22918
4752 14 4 23004
4756 14 7 22621
4758 14 11 22867
4766 14 7 22873
4824 14 11 22895
4832 14 4 22916
4850 14 8 23010
4860 14 7 22841
4866 14 11 22931
4868 14 4 22976
4870 14 8 22914
4874 14 11 22711
4876 14 7 22741
4878 14 11 22663
4880 14 4 22640
4978 14 4 22996
4980 14 7 23021
4982 14 7 23029
4986 14 8 23006
4988 14 7 23485
5062 14 4 22760
5064 14 7 22909
5066 14 7 22705
5158 14 11 23023
5160 14 8 23034
5164 14 8 22562
5178 14 8 23022
5182 14 11 23071
5186 14 11 22823
5188 14 4 22936
5198 14 4 22708
5202 14 8 22978
5240 14 7 22753
5252 14 4 23040
5264 14 8 23038
5268 14 11 23083
5270 14 11 23011
5272 14 4 22872
5276 14 4 22608
5282 14 8 22834
5284 14 11 22631
5378 14 7 23041
5382 14 11 23059
5384 14 4 23072
5418 14 4 22812
5478 14 4 23084
5484 14 8 22930
5486 14 8 23062
5500 14 4 22740
5510 14 7 22857
5516 14 7 23017
5534 14 7 22937
5536 14 4 23080
5542 14 8 22990
5544 14 4 23124
5554 14 11 23119
5560 14 11 22999
5564 14 11 22659
5584 14 4 23088
5586 14 11 23111
5614 14 11 22727
5620 14 11 23007
5622 14 4 23064
5624 14 4 22716
5628 14 8 22694
5632 14 8 22958
5636 14 11 23079
5664 14 7 23113
5684 14 11 23115
5700 14 8 23082
5702 14 11 23091
5704 14 7 23121
5716 14 8 23134
5718 14 4 23136
5722 14 4 22648
5748 14 4 23000
5754 14 11 23143
5776 14 7 22801
5798 14 7 23125
5804 14 4 23120
5818 14 11 22915
5824 14 7 23141
5826 14 8 23142
5838 14 4 22876
5842 14 7 23117
5910 14 7 22917
5912 14 11 22935
5914 14 11 22767
5932 14 11 22811
5934 14 7 23069
5936 14 4 22808
5940 14 4 23156
5942 14 8 23166
5958 14 8 23162
5972 14 4 22984
5974 14 7 23189
5994 14 7 23165
5998 14 11 23207
6012 14 7 23197
6014 14 8 23206
6016 14 8 22966
6018 14 11 23063
6030 14 8 23090
6064 14 8 22954
6094 14 11 23067
6096 14 7 23181
6184 14 4 23164
6186 14 11 23191
6188 14 11 22575
6190 14 4 23108
6220 14 7 23161
6222 14 4 22552
6224 14 8 22822
6230 14 11 22627
6248 14 7 23053
6264 14 8 23138
6302 14 11 22951
6306 14 7 22997
6320 14 7 23157
6322 14 11 23039
6338 14 4 23152
6340 14 4 22588
6342 14 4 22900
6344 14 4 23076
6346 14 8 23258
6348 14 7 22889
6356 14 7 23257
6358 14 11 22571
6360 14 4 22884
6368 14 4 23128
6370 14 7 23217
6380 14 11 22987
6392 14 8 23262
6394 14 8 22998
6408 14 7 22681
6410 14 11 22827
6412 14 8 22770
6422 14 7 23277
6424 14 4 22892
6448 14 7 23213
6450 14 8 23214
6452 14 8 23218
6454 14 11 23243
6464 14 4 23148
6484 14 8 23146
6488 14 4 23264
6502 14 7 23137
6506 14 8 23174
6508 14 11 23175
6510 14 4 23176
6512 14 7 23201
6514 14 4 22712
6542 14 11 23199
6558 14 4 23268
6560 14 11 23087
6562 14 11 23171
6568 14 4 23048
6570 14 11 22943
6586 14 11 23211
6588 14 4 23220
6590 14 7 23253
6596 14 7 22633
6602 14 8 23086
6644 14 4 23312
6648 14 8 22898
6652 14 4 23204
6660 14 11 22719
6664 14 8 23286
6670 14 11 22787
6672 14 8 23002
6674 14 7 22805
6702 14 4 23228
6746 14 11 23223
6748 14 4 23296
6750 14 8 22662
6754 14 8 23178
6772 14 7 23221
6786 14 8 23150
6818 14 11 23343
6830 14 4 22896
6832 14 11 23135
6834 14 4 23316
6842 14 4 23248
6850 14 11 22851
6852 14 4 22912
6854 14 4 22696
6894 14 11 23359
6974 14 4 23144
6976 14 8 23226
6980 14 7 23329
6984 14 11 23351
6992 14 4 22700
7054 14 4 23352
7062 14 11 22995
7064 14 8 23278
7068 14 4 23388
7078 14 7 23389
7114 14 4 23344
7118 14 8 22674
7122 14 7 22925
7128 14 4 23244
7148 14 8 23290
7150 14 8 23390
7170 14 7 22701
7172 14 8 22718
7174 14 4 23016
7176 14 8 23350
7202 14 7 23281
7228 14 11 23179
7246 14 4 23328
7258 14 7 23269
7298 14 11 23155
7304 14 4 23240
7306 14 11 22831
7308 14 4 22684
7314 14 4 23320
7318 14 11 22815
7332 14 11 23047
7334 14 11 23147
7384 14 7 22729
7386 14 11 23103
7390 14 4 22960
7392 14 8 23222
7394 14 7 23305
7408 14 8 23398
7414 14 8 23414
7424 14 8 23434
7438 14 4 23416
7462 14 7 23245
7474 14 7 23397
7500 14 11 23323
7528 14 8 23094
7566 14 11 23403
7570 14 11 22819
7574 14 7 22969
7578 14 11 23215
7582 14 11 23387
7620 14 7 23417
7622 14 7 23313
7638 14 8 23462
7678 14 8 23402
7680 14 7 23025
7684 14 8 23510
7696 14 11 22907
7698 14 7 23001
7720 14 11 23219
7724 14 11 23299
7728 14 7 23393
7730 14 11 23411
7732 14 11 23423
7734 14 11 22739
7742 14 7 23477
7744 14 7 23149
7756 14 4 23356
7768 14 8 23442
7772 14 7 23029
7776 14 7 23117
7790 14 7 23421
7828 14 7 22901
7852 14 8 23378
7854 14 8 23386
7856 14 4 23480
7902 14 4 23468
7904 14 11 23151
7908 14 4 22556
7922 14 7 23481
7924 14 8 22982
7942 14 8 23330
7944 14 11 23475
7962 14 11 23487
7966 14 8 23446
7968 14 7 22765
7998 14 4 23392
8000 14 4 23408
8036 14 7 22573
8038 14 4 22880
8048 14 4 23428
8050 14 11 23503
8062 14 7 23057
8064 14 7 23341
8068 14 7 23081
8082 14 4 23236
8128 14 4 23472
8148 14 7 22845
8158 14 7 23157
8164 14 11 23447
8166 14 7 17569
8168 14 7 17577
8170 14 8 17938
8172 14 4 17944
8174 14 8 17974
8176 14 4 18168
8178 14 11 18299
8180 14 11 18331
8182 14 7 18333
8184 14 8 17550
8186 14 7 17621
8188 14 11 17635
8190 14 8 17638
8192 14 8 17766
8194 14 11 17775
8196 14 7 17829
8198 14 11 17847
8200 14 11 17855
8202 14 4 17916
8204 14 11 18219
8206 14 11 18223
8208 14 4 18252
8210 14 4 18268
8212 14 7 18349
8214 14 11 18419
8216 14 11 18251
8218 14 4 17844
8220 14 4 17852
8222 14 7 18181
8224 14 8 18186
8226 14 4 17976
8228 14 7 18037
8232 14 8 17642
8236 14 4 17920
8244 14 11 17707
8246 14 11 17747
8248 14 7 17997
8250 14 8 18302
8252 14 4 17436
8256 14 8 17578
8258 14 11 17659
8260 14 7 17661
8262 14 8 17702
8264 14 11 17779
8266 14 4 17892
8272 14 4 18112
8274 14 11 18207
8276 14 8 18214
8278 14 11 18391
8282 14 4 17888
8290 14 11 17723
8292 14 7 17761
8294 14 11 17827
8296 14 11 17963
8298 14 8 18078
8300 14 11 17547
8308 14 4 18088
8314 14 11 17503
8316 14 4 17776
8324 14 8 17530
8326 14 11 17591
8332 14 4 17788
8334 14 8 18050
8338 14 4 17676
8340 14 11 17559
8342 14 7 17745
8344 14 11 18343
8346 14 8 17626
8352 14 4 17836
8362 14 4 18288
8364 14 7 18021
8370 14 11 17639
8372 14 8 17770
8374 14 8 17778
8376 14 8 17814
8382 14 7 17985
8386 14 7 18077
8388 14 7 18113
8400 14 11 17563
8402 14 8 17698
8408 14 8 17786
8410 14 7 17437
8414 14 8 18354
8418 14 4 17928
8422 14 11 18159
8424 14 8 18290
8428 14 7 18249
8430 14 11 17451
8432 14 4 18176
8434 14 11 17571
8442 14 11 17927
8448 14 4 18344
8458 14 4 18384
8460 14 7 18317
8462 14 8 18042
8474 14 7 17521
8476 14 4 17536
8484 14 11 18415
8486 14 11 17507
8492 14 7 17629
8494 14 8 17754
8496 14 11 17755
8498 14 4 17764
8500 14 8 17794
8502 14 4 17860
8504 14 4 18000
8506 14 8 18222
8510 14 4 18428
8514 14 11 18235
8516 14 8 17970
8518 14 7 18325
8520 14 7 17917
8522 14 8 17890
8524 14 7 18345
8526 14 4 17948
8532 14 8 17590
8534 14 11 17603
8536 14 11 17607
8542 14 11 18267
8546 14 4 17484
8548 14 4 17996
8552 14 4 17596
8556 14 7 18209
8560 14 7 18089
8562 14 7 18201
8566 14 7 17505
8594 14 4 17768
8598 14 7 17801
8608 14 11 17879
8614 14 4 17956
8616 14 4 18016
8622 14 8 18178
8624 14 4 18204
8634 14 4 18336
8638 14 7 18025
8640 14 11 18163
8642 14 4 17440
8644 14 7 17677
8646 14 4 18116
8656 14 4 17736
8668 14 7 17941
8678 14 7 17813
8682 14 4 18052
8686 14 7 17597
8696 14 7 18281
8700 14 7 18381
8718 14 4 18132
8728 14 4 17796
8734 14 4 17912
8736 14 4 18220
8738 14 8 18350
8742 14 11 18011
8744 14 11 18059
8746 14 4 18128
8748 14 4 17444
8750 14 11 17455
8752 14 11 17687
8754 14 8 18294
8756 14 8 17658
8762 14 8 17542
8766 14 8 18006
8768 14 8 18110
8772 14 11 17911
8774 14 11 17843
8776 14 4 18188
8778 14 4 18296
8784 14 7 17921
8786 14 4 18060
8790 14 4 18008
8794 14 7 18121
8796 14 4 17496
8798 14 7 18033
8800 14 7 17693
8804 14 11 17767
8806 14 8 18070
8810 14 11 18167
8814 14 4 17708
8816 14 8 17930
8818 14 11 18367
8826 14 8 17902
8828 14 8 18238
8838 14 11 17835
8840 14 8 18182
8848 14 7 17701
8850 14 11 17731
8872 14 4 17520
8874 14 7 17473
8876 14 4 18028
8878 14 8 18170
8880 14 8 18218
8886 14 8 18366
8894 14 7 18001
8906 14 4 17644
8942 14 4 17700
8956 14 4 18340
8976 14 7 18241
8978 14 11 18047
8980 14 7 18069
8982 14 11 18199
8992 14 4 17416
8996 14 7 18269
9010 14 8 18162
9014 14 7 17481
9026 14 7 18397
9028 14 8 18398
9036 14 4 18152
9038 14 7 17969
9040 14 7 17449
9042 14 8 17682
9044 14 8 18286
9054 14 11 18315
9062 14 8 18098
9064 14 8 17934
9074 14 4 17868
9078 14 11 18075
9080 14 11 17567
9082 14 7 17825
9090 14 8 18430
9128 14 7 17797
9142 14 7 18125
9144 14 7 18141
9146 14 7 18425
9148 14 8 17466
9152 14 8 17586
9176 14 4 17876
9192 14 11 18427
9214 14 7 17837
9220 14 4 18244
9230 14 7 17549
9242 14 7 18049
9244 14 8 18010
9246 14 8 18038
9254 14 7 18221
9256 14 4 18236
9260 14 4 18400
9268 14 7 17613
9280 14 11 17979
9314 14 11 17447
9326 14 11 17975
9336 14 11 18155
9358 14 11 18291
9364 14 8 17986
9372 14 4 17504
9376 14 7 18285
9390 14 8 17558
9410 14 8 18174
9422 14 11 18115
9424 14 8 18114
9434 14 4 17580
9438 14 11 17575
9442 14 4 17804
9446 14 7 18309
9448 14 11 18379
9454 14 8 18250
9494 14 7 17981
9510 14 11 17435
9512 14 11 18007
9514 14 4 18104
9524 14 11 18227
9526 14 4 18376
9538 14 11 18079
9542 14 11 17871
9544 14 8 18334
9576 14 8 17842
9578 14 8 17878
9590 14 4 18356
9592 14 8 17862
9594 14 11 17887
9598 14 4 18292
9614 14 7 17593
9640 14 8 18158
9660 14 11 18407
9700 14 11 17667
9704 14 7 18081
9708 14 4 18412
9714 14 8 18314
9718 14 8 18346
9744 14 11 18283
9748 14 8 18410
9766 14 11 17595
9768 14 11 17419
9770 14 11 17599
9772 14 11 17823
9774 14 8 18282
9792 14 11 18111
9794 14 11 18123
9796 14 4 18124
9814 14 4 18208
9848 14 8 18246
9856 14 8 17650
9862 14 4 17492
9864 14 7 18061
9876 14 7 17933
9882 14 4 17784
9930 14 8 17778
9932 14 11 17811
9936 14 4 17900
9950 14 4 17624
10034 14 7 17937
10080 14 7 17821
10094 14 11 18035
10142 14 4 17676
10146 14 7 18293
10150 14 11 17955
10166 14 11 18215
10168 14 8 17482
10180 14 8 18310
10260 14 4 18024
10270 14 7 18357
10288 14 8 17490
10290 14 7 17537
10292 14 7 17557
10294 14 8 17694
10300 14 8 18298
10304 14 7 18381
10306 14 4 17540
10346 14 8 17534
10348 14 4 18248
10356 14 4 17608
10376 14 11 17859
10378 14 8 18254
10380 14 4 17472
10384 14 7 17437
10398 14 11 18411
10404 14 4 17568
10410 14 8 17574
10412 14 8 17746
10414 14 7 17893
10416 14 4 17960
10434 14 4 18096
10452 14 4 17512
10466 14 11 18103
10472 14 7 17413
10474 14 8 17726
10476 14 4 17756
10478 14 7 17845
10486 14 8 18018
10488 14 7 17589
10490 14 11 17711
10508 14 7 17417
10510 14 4 17456
10518 14 7 17913
10524 14 7 18157
10532 14 11 17579
10550 14 8 17834
10554 14 4 18304
10572 14 7 17545
10578 14 7 17901
10622 14 8 18402
10664 14 4 18164
10666 14 4 17724
10690 14 4 17820
10708 14 4 18044
10710 14 11 18107
10712 14 8 17614
10718 14 7 17861
10720 14 4 18148
10742 14 11 17743
10750 14 11 17987
10752 14 7 18057
10768 14 4 17572
10770 14 11 18255
10796 14 7 17681
10816 14 4 17544
10834 14 7 17725
10836 14 7 17489
10838 14 4 17600
10854 14 11 17799
10856 14 7 18189
10892 14 11 17931
10906 14 4 18212
10918 14 7 18273
10920 14 11 17439
10922 14 8 17822
10928 14 8 17854
10984 14 11 18099
10986 14 7 18101
10988 14 8 18134
11002 14 4 17452
11008 14 7 17697
11120 14 7 16801
11122 14 8 16726
11124 14 8 16838
11126 14 8 16870
11128 14 4 16520
11130 14 7 16797
11136 14 8 16886
11138 14 11 16907
11140 14 8 16930
11142 14 8 17034
11144 14 8 17202
11146 14 11 17211
11148 14 7 17273
11150 14 11 17283
11152 14 4 17324
11154 14 11 17335
11156 14 11 17355
11158 14 4 17396
11160 14 8 17398
11162 14 8 16386
11164 14 11 16851
11166 14 7 17077
11168 14 7 17389
11170 14 4 16532
11174 14 4 16456
11176 14 11 16475
11180 14 11 16779
11184 14 8 16882
11186 14 4 16924
11188 14 11 17159
11190 14 11 17163
11192 14 7 17181
11194 14 11 17191
11196 14 7 17237
11198 14 11 17271
11202 14 11 17323
11208 14 4 16392
11210 14 4 16612
11212 14 8 17174
11214 14 8 16790
11220 14 4 17380
11222 14 8 16698
11224 14 11 16699
11226 14 7 16805
11228 14 8 16902
11230 14 7 16921
11232 14 7 16985
11234 14 4 17000
11236 14 4 17052
11238 14 7 17305
11240 14 8 16458
11242 14 4 16672
11244 14 11 17027
11254 14 4 17208
11266 14 8 17314
11268 14 8 17126
11270 14 7 17045
11276 14 11 16875
11282 14 8 16710
11284 14 11 16711
11288 14 7 16925
11290 14 4 17044
11292 14 7 17105
11294 14 8 17158
11298 14 8 16922
11300 14 11 17127
11302 14 7 17145
11304 14 11 17059
11308 14 11 16687
11314 14 11 16531
11322 14 11 16863
11326 14 8 16926
11328 14 7 16961
11330 14 11 16963
11332 14 4 16976
11334 14 4 17016
11336 14 8 17118
11342 14 7 17225
11344 14 8 17226
11346 14 7 17321
11348 14 11 17359
11358 14 11 17099
11362 14 8 16646
11364 14 11 16555
11366 14 11 16671
11370 14 8 17346
11374 14 11 16787
11376 14 8 16914
11378 14 11 17287
11380 14 7 17369
11402 14 11 16871
11416 14 7 16833
11420 14 11 16883
11426 14 11 17051
11430 14 4 17168
11436 14 7 16485
11438 14 11 17327
11442 14 11 16431
11444 14 8 16810
11450 14 4 16508
11452 14 4 17164
11456 14 8 16738
11464 14 11 16975
11472 14 7 16405
11480 14 11 16619
11518 14 8 16994
11528 14 7 17193
11534 14 8 17282
11546 14 4 16544
11548 14 8 16818
11550 14 7 16409
11552 14 11 16535
11554 14 8 17066
11556 14 7 17221
11558 14 8 16470
11566 14 7 16669
11572 14 11 16919
11578 14 4 17080
11580 14 8 17090
11588 14 7 17289
11594 14 8 16690
11602 14 8 16650
11614 14 4 16664
11632 14 7 17365
11634 14 11 16439
11638 14 11 16995
11648 14 7 16637
11650 14 11 16435
11652 14 4 16560
11654 14 8 16718
11662 14 7 17097
11668 14 8 17358
11670 14 7 16413
11672 14 7 17133
11674 14 8 16494
11676 14 11 16703
11678 14 4 17060
11688 14 8 16986
11692 14 8 17054
11694 14 11 16791
11696 14 11 17203
11698 14 8 16550
11706 14 7 16825
11708 14 4 17084
11728 14 4 16452
11738 14 8 16570
11748 14 4 16812
11756 14 4 17404
11774 14 11 17399
11776 14 4 16512
11778 14 4 17232
11780 14 7 17041
11800 14 8 16706
11838 14 11 16519
11842 14 7 16845
11850 14 4 16620
11852 14 11 16679
11860 14 8 17298
11864 14 7 16945
11874 14 4 16636
11876 14 8 16662
11884 14 11 17031
11886 14 4 16908
11890 14 7 17309
11896 14 4 16868
11898 14 7 17065
11900 14 7 17101
11904 14 8 17122
11906 14 7 16569
11908 14 4 16576
11928 14 11 17247
11930 14 7 17257
11932 14 8 17390
11940 14 11 16823
11954 14 8 17246
11960 14 4 17088
11976 14 7 16497
11978 14 11 16503
11980 14 7 16533
11994 14 11 17347
12004 14 4 16588
12006 14 7 16685
12026 14 11 17375
12036 14 7 16489
12038 14 7 16813
12040 14 4 16688
12052 14 7 17009
12064 14 7 16429
12072 14 4 16680
12094 14 11 17223
12096 14 11 16843
12098 14 4 16904
12120 14 7 17297
12146 14 7 16717
12176 14 7 16841
12198 14 4 16928
12236 14 11 16979
12238 14 11 17003
12244 14 8 17190
12254 14 8 17274
12260 14 4 16536
12262 14 11 17259
12270 14 4 17244
12298 14 11 16899
12304 14 4 16912
12308 14 11 17175
12312 14 11 16879
12318 14 4 16584
12320 14 8 16722
12328 14 4 17188
12338 14 7 17329
12352 14 8 17002
12362 14 4 16836
12364 14 8 16530
12398 14 7 17345
12402 14 4 16700
12406 14 7 16629
12410 14 8 16958
12412 14 7 16745
12414 14 11 16859
12416 14 4 16860
12422 14 11 17135
12436 14 7 16937
12440 14 7 16393
12442 14 8 16554
12444 14 8 16582
12448 14 4 17008
12458 14 7 17373
12466 14 11 16915
12470 14 7 17265
12498 14 4 16964
12518 14 8 16666
12520 14 4 16736
12522 14 7 16973
12534 14 11 16675
12538 14 11 17383
12542 14 8 17230
12588 14 7 17353
12590 14 7 16441
12592 14 8 16950
12598 14 7 16749
12618 14 11 16539
12652 14 11 16387
12680 14 8 17406
12770 14 11 16815
12774 14 4 17176
12776 14 7 16513
12778 14 4 16568
12782 14 11 17155
12784 14 4 16596
12804 14 4 16820
12808 14 4 16472
12860 14 7 16633
12862 14 4 16720
12864 14 7 17205
12866 14 4 17104
12868 14 7 17001
12894 14 8 16794
12898 14 4 17036
12906 14 7 16625
12932 14 4 17152
12936 14 7 16573
12938 14 11 17395
12940 14 4 16844
12968 14 4 16716
12992 14 8 16510
12996 14 8 17186
13012 14 8 17322
13032 14 7 17129
13036 14 8 16850
13040 14 7 16737
13070 14 4 16900
13072 14 4 16996
13076 14 4 17252
13082 14 4 16940
13090 14 4 17272
13098 14 8 17214
13100 14 8 17302
13104 14 11 17043
13112 14 4 16708
13114 14 11 17055
13122 14 4 17092
13156 14 4 16920
13192 14 8 16598
13204 14 11 16395
13212 14 7 17229
13228 14 4 17260
13254 14 7 16449
13268 14 11 16559
13274 14 7 16521
13276 14 8 17362
13280 14 7 17153
13282 14 8 17342
13298 14 11 17091
13306 14 4 16444
13322 14 7 17253
13324 14 4 16776
13334 14 4 16732
13338 14 7 17385
13352 14 11 16759
13392 14 4 17112
13398 14 11 16483
13404 14 8 16538
13408 14 11 16971
13414 14 4 17372
13416 14 4 16856
13418 14 7 16853
13448 14 8 17030
13452 14 4 16488
13458 14 8 16398
13460 14 11 16399
13462 14 4 16604
13464 14 7 16605
13466 14 11 17407
13508 14 11 16571
13528 14 7 15677
13530 14 4 15512
13532 14 11 15603
13534 14 4 15736
13536 14 11 15755
13538 14 4 15784
13540 14 8 15886
13542 14 4 15960
13544 14 4 16012
13546 14 11 16143
13548 14 7 16145
13550 14 4 16184
13552 14 11 16215
13554 14 4 16280
13556 14 8 16334
13558 14 7 15429
13560 14 7 15925
13562 14 8 15938
13564 14 11 16147
13566 14 8 15406
13570 14 11 15743
13572 14 7 15793
13574 14 8 15846
13576 14 4 15848
13578 14 8 15930
13580 14 4 15952
13584 14 7 15977
13586 14 8 16002
13590 14 8 16110
13594 14 7 16313
13596 14 4 16376
13598 14 8 16378
13600 14 8 15658
13602 14 4 16248
13606 14 11 15971
13608 14 4 15896
13610 14 4 15400
13612 14 7 15909
13614 14 11 16011
13622 14 4 15756
13626 14 4 16172
13632 14 7 15637
13634 14 4 15652
13636 14 8 15870
13640 14 4 15920
13642 14 11 15955
13644 14 7 16169
13646 14 7 16217
13648 14 11 16243
13650 14 7 16253
13660 14 4 15840
13662 14 11 15431
13666 14 4 16340
13670 14 4 16156
13674 14 11 16131
13678 14 7 16165
13680 14 11 15679
13684 14 7 15521
13686 14 11 15767
13688 14 7 16025
13690 14 8 16298
13692 14 4 15940
13694 14 4 16016
13696 14 11 15715
13704 14 4 15928
13708 14 11 15931
13710 14 4 15932
13712 14 11 16135
13714 14 7 16205
13716 14 8 16142
13718 14 8 15506
13720 14 11 15731
13722 14 8 15770
13724 14 11 15919
13726 14 11 15975
13728 14 7 16101
13730 14 8 16206
13736 14 7 15885
13738 14 4 16032
13740 14 7 16153
13742 14 7 16289
13748 14 4 16288
13750 14 7 15613
13752 14 8 16214
13756 14 11 15771
13758 14 4 16276
13760 14 8 15578
13762 14 4 15472
13764 14 11 16279
13766 14 8 15822
13768 14 8 16034
13778 14 7 15441
13780 14 7 15589
13784 14 11 15543
13798 14 4 15912
13800 14 7 15913
13810 14 4 16084
13824 14 7 16221
13832 14 8 15786
13834 14 4 16252
13836 14 11 15699
13838 14 7 15969
13840 14 7 16033
13842 14 4 16268
13844 14 4 16272
13846 14 4 16056
13848 14 11 15567
13852 14 11 15783
13854 14 11 15815
13856 14 4 15868
13864 14 8 16050
13866 14 4 16088
13868 14 4 16112
13870 14 4 16176
13878 14 11 15739
13880 14 8 16030
13882 14 11 16355
13890 14 11 16063
13896 14 4 15600
13900 14 8 15910
13902 14 11 16119
13904 14 11 15595
13932 14 11 16247
13938 14 11 16371
13940 14 8 16286
13942 14 11 15967
13950 14 8 16226
13952 14 11 16023
13960 14 11 15487
13962 14 7 15425
13966 14 4 15976
13968 14 11 16047
13982 14 8 16178
13986 14 4 15804
13988 14 7 16201
13990 14 4 15760
13992 14 7 16093
14000 14 4 15488
14004 14 8 15546
14020 14 11 16071
14024 14 11 15851
14036 14 7 15805
14042 14 4 15492
14044 14 8 16134
14054 14 4 15948
14056 14 8 15530
14058 14 11 15635
14062 14 11 15763
14066 14 7 15957
14068 14 4 16144
14074 14 7 15469
14080 14 8 15454
14082 14 7 15533
14084 14 7 16249
14092 14 8 15426
14094 14 7 15529
14096 14 8 15442
14102 14 8 16370
14104 14 8 15590
14120 14 7 16377
14122 14 8 16278
14124 14 11 15399
14136 14 7 15497
14138 14 7 15681
14140 14 11 16383
14164 14 4 16332
14170 14 4 15404
14172 14 4 15696
14174 14 11 15447
14190 14 11 15943
14212 14 11 15703
14220 14 11 15631
14234 14 7 15829
14236 14 4 16204
14244 14 11 15507
14248 14 11 15579
14256 14 4 16168
14258 14 7 15433
14260 14 7 15569
14262 14 11 16099
14264 14 8 16182
14268 14 11 15411
14286 14 4 16148
14292 14 4 15772
14294 14 7 15773
14296 14 7 15545
14298 14 8 16166
14308 14 8 16138
14312 14 8 15950
14344 14 8 15810
14356 14 11 16139
14358 14 7 16257
14366 14 7 16277
14380 14 7 16369
14420 14 11 15547
14422 14 11 16275
14424 14 7 16333
14436 14 4 16264
14438 14 8 16354
14440 14 7 16273
14442 14 7 15617
14444 14 4 15956
14448 14 7 16125
14490 14 8 16042
14542 14 7 15373
14544 14 8 16362
14546 14 7 15865
14552 14 7 15721
14562 14 11 16363
14566 14 4 15368
14604 14 7 16265
14618 14 8 15542
14648 14 8 15830
14650 14 4 16120
14652 14 4 15504
14678 14 7 15873
14680 14 11 16259
14682 14 11 15655
14718 14 7 16349
14720 14 8 16350
14722 14 7 16269
14724 14 7 15445
14726 14 4 15980
14728 14 8 16018
14730 14 4 15740
14738 14 4 15380
14740 14 11 15523
14744 14 4 15692
14746 14 4 15580
14754 14 8 15654
14756 14 11 15911
14758 14 7 15777
14764 14 7 15917
14770 14 7 15841
14776 14 4 15876
14782 14 7 15377
14784 14 7 16049
14810 14 11 15439
14812 14 11 16175
14816 14 4 16260
14822 14 4 15816
14824 14 7 15817
14838 14 11 16331
14856 14 8 16210
14858 14 4 15508
14868 14 4 16212
14874 14 4 15612
14894 14 11 15831
14902 14 11 15951
14906 14 7 15557
14908 14 4 15636
14910 14 4 15724
14918 14 8 15666
14924 14 8 15906
14926 14 7 15937
14950 14 11 15495
14974 14 4 15768
14984 14 7 16193
14986 14 7 16245
14988 14 4 15576
15006 14 8 15946
15024 14 8 15722
15026 14 7 15981
15030 14 7 15585
15032 14 11 16155
15034 14 11 16291
15036 14 7 15565
15038 14 4 16068
15082 14 11 16359
15094 14 8 16242
15100 14 4 16232
15108 14 11 15719
15110 14 7 15673
15128 14 8 15734
15144 14 8 15574
15150 14 7 16241
15156 14 4 16048
15158 14 11 16203
15164 14 7 15893
15176 14 8 15698
15178 14 8 16162
15196 14 8 19474
15198 14 7 19537
15200 14 7 19629
15202 14 7 20001
15204 14 8 20022
15206 14 11 20051
15208 14 7 20113
15210 14 8 20154
15212 14 11 20411
15214 14 7 19693
15216 14 11 19943
15218 14 8 19850
15220 14 7 20185
15222 14 8 20230
15224 14 7 20413
15226 14 4 20460
15228 14 8 19486
15230 14 4 19532
15232 14 8 19538
15234 14 11 19551
15236 14 8 19630
15238 14 11 19679
15240 14 8 19694
15242 14 11 19763
15244 14 4 19844
15246 14 4 19848
15248 14 4 19908
15250 14 11 19955
15252 14 7 19981
15254 14 7 20097
15256 14 4 20156
15258 14 11 20199
15260 14 7 20281
15262 14 4 20476
15264 14 4 19576
15266 14 7 20021
15268 14 7 20405
15270 14 7 20461
15272 14 7 19513
15276 14 4 20200
15278 14 4 19968
15280 14 11 20299
15282 14 4 20308
15288 14 11 20363
15290 14 7 19701
15294 14 11 19715
15296 14 7 19773
15298 14 11 19875
15300 14 8 20166
15302 14 4 20332
15304 14 11 20271
15306 14 7 20393
15308 14 4 19688
15312 14 7 20201
15314 14 4 20024
15316 14 4 19808
15318 14 7 19941
15322 14 4 20248
15324 14 8 20414
15330 14 8 20138
15334 14 7 20297
15338 14 4 20364
15342 14 8 20098
15346 14 11 19507
15348 14 7 19521
15362 14 8 20462
15364 14 4 19460
15368 14 4 19664
15370 14 8 19806
15372 14 4 19864
15376 14 11 20083
15378 14 8 20162
15380 14 11 20163
15384 14 4 20300
15386 14 11 20243
15388 14 11 19583
15394 14 7 20425
15414 14 11 19575
15416 14 8 19550
15418 14 8 19778
15420 14 8 19834
15422 14 11 19867
15424 14 4 19876
15436 14 4 20196
15438 14 4 19692
15440 14 8 20474
15442 14 11 19855
15450 14 4 19512
15456 14 11 19563
15460 14 11 19663
15464 14 8 19730
15466 14 8 19794
15474 14 11 20103
15476 14 7 20105
15478 14 4 20112
15482 14 7 20165
15490 14 7 20301
15492 14 7 20397
15494 14 4 20412
15496 14 8 20426
15498 14 4 20448
15502 14 4 19896
15504 14 4 19912
15506 14 7 19961
15508 14 4 20004
15510 14 4 20044
15514 14 7 19845
15516 14 7 20005
15518 14 4 20064
15520 14 7 19473
15522 14 8 19882
15524 14 4 20396
15526 14 11 19755
15528 14 8 19950
15530 14 11 19719
15536 14 11 20239
15542 14 4 19492
15544 14 11 19671
15546 14 11 19923
15550 14 8 19774
15552 14 8 19890
15558 14 4 19656
15560 14 11 20015
15562 14 11 20135
15564 14 7 19869
15566 14 8 20114
15570 14 8 20178
15572 14 11 19967
15578 14 4 19704
15580 14 4 19840
15586 14 11 20251
15596 14 8 20478
15598 14 11 20255
15608 14 11 20155
15622 14 7 19553
15634 14 4 20256
15636 14 7 20421
15644 14 11 19839
15648 14 11 20087
15654 14 7 19765
15656 14 4 19860
15660 14 8 19982
15664 14 7 20409
15666 14 7 19637
15668 14 11 20323
15670 14 8 20374
15672 14 11 20111
15674 14 7 19641
15682 14 4 20456
15684 14 4 20052
15686 14 7 20293
15692 14 4 19764
15704 14 7 19945
15712 14 11 20115
15714 14 8 20262
15716 14 7 20325
15720 14 11 19999
15722 14 8 20430
15732 14 8 19690
15734 14 7 19785
15736 14 7 19797
15738 14 7 19853
15740 14 4 19552
15742 14 11 19795
15744 14 11 19903
15746 14 4 19972
15748 14 4 20432
15752 14 11 20231
15766 14 11 20107
15770 14 8 19670
15772 14 4 19904
15774 14 4 19468
15780 14 7 19489
15782 14 11 19511
15786 14 8 19534
15794 14 8 19570
15796 14 4 19652
15800 14 11 19699
15806 14 11 19979
15810 14 8 20066
15816 14 4 20164
15828 14 7 19677
15832 14 7 20049
15834 14 11 20347
15836 14 4 20036
15838 14 4 20380
15842 14 7 19501
15848 14 7 19549
15856 14 8 19638
15858 14 8 19678
15872 14 7 20045
15880 14 4 20172
15890 14 4 20252
15898 14 7 20369
15902 14 8 20410
15912 14 7 20437
15926 14 7 19717
15932 14 7 19937
15934 14 7 19957
15936 14 4 19984
15950 14 4 20212
15956 14 7 19793
15958 14 7 19969
15960 14 11 19983
15962 14 8 20238
15964 14 7 20277
15966 14 4 20436
15970 14 4 19700
15984 14 8 20002
15986 14 4 20316
15996 14 4 20356
16006 14 7 20173
16010 14 7 20121
16016 14 4 19508
16024 14 11 19459
16026 14 8 19754
16032 14 4 20080
16034 14 4 20240
16038 14 8 19602
16040 14 11 19987
16042 14 4 19736
16044 14 7 20161
16054 14 7 20081
16058 14 11 20215
16060 14 7 20093
16062 14 11 20431
16064 14 11 20447
16070 14 4 20420
16072 14 7 20053
16076 14 4 19476
16078 14 8 19506
16082 14 8 19734
16100 14 11 19491
16102 14 11 19907
16108 14 11 19675
16110 14 7 20445
16120 14 7 20353
16126 14 11 20391
16170 14 4 20344
16172 14 11 20423
16178 14 4 19460
16182 14 4 19632
16186 14 7 19669
16196 14 11 19911
16200 14 11 20063
16226 14 7 19661
16254 14 8 19726
16260 14 4 20000
16264 14 4 20440
16268 14 8 19810
16284 14 11 20055
16286 14 7 19965
16288 14 8 20210
16290 14 8 20390
16304 14 4 19972
16316 14 4 20384
16320 14 11 19759
16328 14 7 19897
16330 14 11 20387
16332 14 11 19863
16338 14 8 19598
16346 14 4 20056
16350 14 4 20360
16352 14 8 20406
16370 14 7 20357
16372 14 7 19665
16374 14 11 20059
16384 14 11 19835
16388 14 11 19547
16398 14 11 20343
16402 14 7 19557
16408 14 4 19604
16410 14 7 19649
16412 14 11 19659
16414 14 4 20312
16420 14 8 20042
16422 14 7 20349
16424 14 8 20442
16426 14 7 20453
16436 14 4 20032
16438 14 11 19843
16440 14 4 20208
16442 14 11 20435
16458 14 8 20110
16466 14 11 19503
16468 14 11 20307
16472 14 11 19515
16482 14 8 20182
16506 14 8 19654
16508 14 4 19940
16512 14 8 19478
16520 14 4 20160
16530 14 11 19483
16558 14 4 19504
16578 14 7 20017
16582 14 11 20167
16606 14 8 19546
16628 14 11 19735
16640 14 7 19737
16646 14 7 19593
16648 14 8 19594
16650 14 11 19595
16652 14 4 19596
16656 14 4 20228
16664 14 4 19980
16668 14 11 19747
16672 14 4 19720
16680 14 8 19926
16682 14 8 20014
16698 14 7 19769
16706 14 7 20013
16734 14 8 20470
16776 14 11 19631
16780 14 8 19662
16788 14 4 20372
16790 14 4 20376
16792 14 8 20382
16818 14 11 20471
16826 14 11 19703
16836 14 7 20449
16840 14 8 20354
16848 14 11 20019
16850 14 8 20342
16870 14 4 19676
16880 14 8 19846
16882 14 8 20362
16884 14 8 19938
16886 14 8 19522
16900 14 7 20241
16902 14 11 20375
16920 14 11 19579
16924 14 8 20218
16936 14 4 20164
16952 14 8 20222
16970 14 7 19901
16972 14 7 20009
16974 14 4 20136
16980 14 8 20146
16982 14 11 20351
16986 14 11 20459
16988 14 7 19881
16990 14 4 19472
16998 14 4 19608
17000 14 4 20260
17002 14 7 20321
17008 14 8 20026
17064 14 8 19798
17066 14 8 19902
17068 14 11 19915
17076 14 7 20213
17078 14 4 19820
17100 14 11 19775
17142 14 11 19767
17144 14 4 20280
17172 14 4 19544
17176 14 4 20036
17182 14 8 20010
17184 14 11 19899
17186 14 8 19646
17198 14 8 20202
17200 14 4 20336
17212 14 8 19954
17214 14 7 19893
17220 14 4 19992
17228 14 4 20144
17230 14 11 20159
17244 14 4 20192
17248 14 7 20085
17258 14 7 19801
17260 14 7 19985
17272 14 7 20469
17274 14 8 19986
17278 14 11 19771
17286 14 11 19683
17288 14 11 19851
17290 14 8 20250
17300 14 7 19701
17306 14 11 19691
17344 14 7 19929
17366 14 8 19526
17372 14 7 20277
17374 14 11 19463
17376 14 7 19465
17380 14 4 19716
17384 14 7 20333
17388 14 8 19706
17390 14 11 19883
17394 14 8 20386
17408 14 7 19749
17410 14 11 20455
17426 14 8 20302
17442 14 8 19482
17444 14 7 20061
17458 14 7 19653
17460 14 8 19682
17498 14 4 19520
17500 14 7 20197
17526 14 7 19837
17592 14 4 20468
17626 14 7 20405
17634 14 8 19614
17714 14 11 19707
17740 14 7 20137
17746 14 4 19736
17748 14 11 20171
17790 14 11 19591
17794 14 11 19935
17824 14 8 20278
17826 14 11 20279
17872 14 11 19655
17878 14 4 19792
17924 14 4 20388
17938 14 8 19498
17940 14 7 20109
17942 14 7 19721
17954 14 11 19639
17956 14 7 20389
17972 14 4 20392
17982 14 8 19786
18010 14 4 20440
18016 14 4 19528
18058 14 7 20113
18094 14 11 19687
18142 14 11 20203
18146 14 4 20248
18164 14 8 19762
18172 14 8 20170
18182 14 11 20147
18184 14 8 20030
18190 14 11 19799
18200 14 11 20419
18210 14 11 19635
18222 14 7 20329
18246 14 8 19962
18250 14 11 19511
18252 14 8 19818
18286 14 4 20276
18288 14 11 20331
18290 14 4 20404
18308 14 8 19642
18368 14 7 20417
18390 14 8 19958
18392 14 4 20312
18420 14 11 20103
18440 14 7 19865
18444 14 4 19544
18454 14 7 19673
18456 14 7 19857
18464 14 8 20454
18478 14 7 20345
18484 14 8 20206
18502 14 7 19485
18510 14 7 19765
18540 14 11 20099
18554 14 11 19711
18556 14 11 20355
18580 14 4 19976
18612 14 8 19658
18614 14 4 19660
18618 14 7 19833
18648 14 11 19467
18654 14 8 19946
18656 14 4 20060
18662 14 11 20451
18670 14 4 19524
18686 14 8 20446
18690 14 7 19713
18694 14 4 20028
18696 14 8 20274
18710 14 7 20129
18718 14 8 19990
18746 14 8 20322
18780 14 4 20040
18800 14 11 18475
18802 14 8 18702
18804 14 11 18815
18806 14 11 18923
18808 14 7 18945
18810 14 4 18968
18812 14 7 19277
18814 14 11 19391
18816 14 11 19155
18818 14 4 19400
18820 14 11 18803
18822 14 4 19192
18824 14 8 18778
18826 14 8 18442
18828 14 7 18461
18830 14 11 18507
18832 14 8 18570
18834 14 8 18658
18836 14 7 18721
18838 14 8 19058
18842 14 11 19267
18844 14 11 19299
18846 14 8 19374
18850 14 4 19056
18852 14 8 18474
18856 14 8 18754
18858 14 7 18433
18860 14 8 18870
18862 14 11 19231
18864 14 7 18533
18866 14 4 18884
18868 14 8 18638
18870 14 7 19113
18872 14 11 19439
18876 14 11 18675
18878 14 7 19357
18880 14 11 18483
18882 14 7 18517
18884 14 8 18558
18892 14 11 18767
18894 14 8 18786
18896 14 7 18793
18898 14 8 18806
18900 14 8 18818
18902 14 4 18824
18904 14 8 18962
18906 14 7 18965
18910 14 7 19213
18912 14 4 19364
18916 14 7 18481
18920 14 8 19246
18922 14 4 19392
18924 14 7 18593
18926 14 8 18438
18928 14 7 19097
18930 14 11 18523
18932 14 8 19082
18934 14 8 18490
18940 14 7 19145
18946 14 4 18544
18948 14 8 18694
18950 14 8 19046
18952 14 11 19095
18954 14 11 19347
18958 14 7 18841
18960 14 11 18919
18964 14 7 19397
18966 14 7 19261
18970 14 11 19335
18974 14 11 18823
18976 14 4 18948
18978 14 4 19168
18984 14 4 18628
18986 14 8 18674
18988 14 8 18682
18990 14 4 18936
18992 14 11 18951
18994 14 11 19031
18996 14 7 19245
18998 14 8 19262
19000 14 11 19399
19002 14 8 19446
19006 14 8 18726
19008 14 11 18747
19010 14 11 18591
19012 14 11 18659
19022 14 7 18733
19024 14 4 18916
19030 14 7 19337
19050 14 7 19441
19052 14 7 19345
19054 14 7 19377
19066 14 11 18555
19068 14 4 18940
19070 14 8 19294
19072 14 11 19167
19074 14 11 18915
19076 14 11 18695
19078 14 8 19254
19082 14 8 19358
19086 14 8 18714
19088 14 4 18888
19092 14 4 19448
19114 14 7 18457
19116 14 4 18680
19122 14 7 19413
19124 14 4 18588
19128 14 8 18706
19130 14 11 18811
19134 14 8 18866
19140 14 8 19342
19144 14 7 18769
19152 14 11 19415
19154 14 7 19449
19156 14 7 18501
19158 14 11 18583
19160 14 7 18977
19162 14 7 19125
19164 14 7 19285
19168 14 7 19209
19176 14 7 18777
19178 14 11 18667
19184 14 7 18797
19188 14 4 18436
19190 14 7 18661
19192 14 11 18639
19196 14 4 19072
19198 14 4 19412
19200 14 4 18464
19204 14 11 18879
19228 14 8 19126
19230 14 7 18897
19232 14 11 18899
19234 14 11 18979
19236 14 8 19038
19238 14 11 19215
19240 14 11 19271
19242 14 11 19339
19244 14 8 19350
19250 14 11 18735
19252 14 8 19242
19270 14 8 19454
19276 14 11 18467
19280 14 7 18505
19282 14 4 18524
19286 14 4 18540
19288 14 8 18562
19290 14 8 18622
19300 14 8 18974
19302 14 4 18976
19306 14 4 19084
19308 14 7 19153
19322 14 4 19300
19324 14 4 18532
19326 14 11 18623
19338 14 7 19389
19340 14 7 18597
19342 14 11 18935
19344 14 4 19388
19364 14 4 18816
19368 14 4 18836
19374 14 11 18963
19384 14 4 19308
19386 14 7 19349
19414 14 7 19149
19422 14 4 19452
19424 14 4 18592
19438 14 8 19010
19442 14 11 18559
19446 14 4 18828
19448 14 11 18851
19450 14 7 18857
19456 14 11 19263
19458 14 11 19375
19460 14 4 18432
19462 14 4 18740
19466 14 7 18761
19468 14 11 19003
19470 14 4 19088
19472 14 11 18463
19474 14 4 18624
19480 14 4 19376
19486 14 8 18618
19488 14 4 19176
19490 14 11 19295
19500 14 4 19140
19504 14 11 19307
19508 14 11 18535
19522 14 7 18785
19528 14 7 19333
19530 14 8 18478
19532 14 4 18620
19534 14 7 18689
19536 14 11 19083
19538 14 7 19197
19540 14 4 18724
19548 14 8 19338
19576 14 4 18568
19578 14 11 18791
19586 14 11 19395
19590 14 8 18802
19592 14 11 19091
19594 14 7 19101
19602 14 7 19297
19604 14 11 18603
19606 14 8 18506
19608 14 11 18571
19610 14 4 18616
19644 14 8 19422
19652 14 4 18672
19654 14 4 19076
19660 14 4 18756
19666 14 4 18748
19670 14 8 18498
19674 14 8 19090
19684 14 7 19353
19712 14 11 18543
19714 14 7 19425
19732 14 8 18642
19734 14 4 19256
19744 14 7 18885
19758 14 7 18477
19762 14 7 18833
19766 14 4 18440
19768 14 7 19177
19772 14 11 18843
19780 14 11 19131
19806 14 11 19447
19810 14 11 19191
19824 14 11 19059
19834 14 8 18466
19854 14 4 18812
19856 14 4 18876
19860 14 7 19429
19878 14 7 18437
19880 14 7 19273
19886 14 4 18600
19904 14 4 19260
19916 14 8 18586
19918 14 8 18626
19924 14 8 18946
19944 14 7 18877
19946 14 7 18649
19948 14 11 19015
19954 14 7 19025
19960 14 11 18647
19964 14 4 19276
19968 14 8 18798
19970 14 11 19075
19978 14 7 18853
19980 14 4 18860
20012 14 4 19272
20016 14 8 18526
20068 14 4 19348
20090 14 7 19165
20092 14 4 18896
20114 14 7 19185
20128 14 11 18987
20130 14 8 19062
20134 14 4 19188
20164 14 11 19219
20170 14 4 19424
20174 14 7 19325
20182 14 4 19316
20198 14 4 19112
20200 14 8 19390
20252 14 11 19179
20258 14 11 18491
20276 14 8 19210
20298 14 4 18728
20304 14 7 19257
20306 14 8 19134
20308 14 7 18913
20310 14 7 18789
20314 14 4 19332
20316 14 11 18527
20318 14 7 18589
20320 14 4 19200
20322 14 7 19365
20324 14 4 19212
20332 14 8 19014
20354 14 4 18712
20356 14 8 19018
20366 14 7 18489
20368 14 7 18557
20370 14 4 18676
20374 14 8 18994
20376 14 8 19366
20392 14 7 18485
20450 14 4 18460
20468 14 4 18872
20470 14 7 18633
20472 14 7 18529
20474 14 4 18972
20478 14 7 18801
20486 14 4 18832
20538 14 11 18547
20558 14 11 19051
20570 14 7 18469
20572 14 4 19064
20576 14 11 18907
20612 14 7 18905
20644 14 8 18942
20662 14 8 18790
20678 14 8 18762
20680 14 4 18768
20686 14 8 18954
20688 14 7 18957
20690 14 8 19006
20694 14 11 19043
20700 14 4 18560
20712 14 8 18814
20730 14 4 18764
20732 14 4 19024
20786 14 4 19116
20788 14 11 18511
20794 14 11 18743
20798 14 11 18435
20800 14 7 19221
20802 14 7 19077
20836 14 8 19314
20846 14 11 18551
20848 14 7 18825
20858 14 8 18534
20860 14 8 19138
20864 14 8 19174
20866 14 8 19410
20898 14 7 19001
20922 14 8 19346
20926 14 8 19026
20928 14 8 18902
20932 14 8 18590
20934 14 4 19132
20946 14 11 18631
20948 14 11 18751
20950 14 8 18878
20954 14 11 19255
20956 14 7 19341
20958 14 7 18585
20962 14 8 18898
20992 14 8 19002
21002 14 8 18578
21004 14 11 18831
21006 14 11 19451
21018 14 4 19292
21030 14 11 19019
21050 14 11 18795
21052 14 7 18881
21054 14 8 18882
21096 14 4 18792
21128 14 8 18854
21136 14 7 18993
21144 14 7 18465
21168 14 7 18953
21170 14 11 19427
21190 14 7 18933
21192 14 11 18715
21204 14 11 18799
21206 14 11 18503
21224 14 8 19190
21226 14 11 19323
21232 14 4 19328
21238 14 4 19240
21250 14 8 18642
21278 14 4 18808
21280 14 7 18809
21292 14 8 19082
21348 14 11 18471
21350 14 4 18636
21352 14 8 19326
21378 14 8 19194
21386 14 4 18960
21438 14 11 18755
21442 14 11 19187
21454 14 7 18977
21464 14 7 19073
21476 14 4 18584
21478 14 7 18697
21510 14 11 19275
21534 14 4 19340
21562 14 8 19090
21572 14 11 19343
21586 14 8 19066
21600 14 4 19448
21604 14 11 18967
21606 14 7 19445
21650 14 11 19227
21662 14 7 21761
21664 14 11 22027
21666 14 4 22092
21668 14 4 22272
21670 14 7 22401
21672 14 7 22425
21674 14 8 21526
21676 14 8 22158
21678 14 4 22212
21680 14 8 21582
21682 14 4 21560
21684 14 11 21603
21686 14 8 21638
21688 14 8 21726
21690 14 8 21850
21692 14 7 21937
21694 14 11 21951
21696 14 8 22162
21698 14 11 22227
21700 14 11 21531
21702 14 8 21978
21704 14 8 22002
21706 14 4 22012
21708 14 11 22051
21710 14 7 22065
21712 14 4 22164
21714 14 4 22448
21716 14 8 21830
21718 14 11 22295
21720 14 7 22297
21722 14 4 22344
21724 14 8 22410
21726 14 11 22423
21728 14 8 22426
21730 14 8 22466
21732 14 4 21552
21734 14 11 21563
21736 14 4 21652
21738 14 8 21662
21740 14 8 21742
21742 14 11 21835
21744 14 11 21843
21746 14 4 21924
21748 14 7 22053
21750 14 4 22072
21752 14 11 22131
21754 14 4 22240
21756 14 7 22269
21758 14 8 22338
21760 14 8 22350
21762 14 11 22087
21766 14 11 22403
21768 14 4 21512
21772 14 7 22049
21774 14 4 22084
21776 14 11 22155
21778 14 7 22205
21780 14 7 22225
21782 14 4 22300
21784 14 8 22362
21786 14 8 22454
21788 14 11 21819
21790 14 7 21837
21792 14 11 21987
21794 14 7 22201
21796 14 8 22482
21800 14 7 22153
21802 14 8 22390
21808 14 7 22481
21810 14 4 22116
21812 14 4 22204
21814 14 4 22352
21816 14 4 21944
21818 14 8 22110
21820 14 7 21805
21822 14 7 22309
21824 14 11 22427
21826 14 4 21588
21828 14 4 21604
21830 14 11 21923
21832 14 4 21932
21834 14 8 21958
21836 14 4 21960
21840 14 8 22470
21842 14 7 21709
21848 14 8 22374
21850 14 7 21553
21856 14 4 21668
21858 14 4 22120
21860 14 7 22501
21862 14 7 21513
21866 14 7 21749
21868 14 8 21750
21870 14 8 21998
21872 14 8 22314
21876 14 11 21595
21880 14 8 21722
21884 14 8 21730
21886 14 7 21789
21888 14 4 21920
21890 14 11 22135
21894 14 4 22444
21898 14 4 21592
21900 14 8 21834
21902 14 8 22038
21904 14 7 22097
21912 14 8 21718
21916 14 11 22167
21918 14 8 22270
21920 14 4 21836
21922 14 4 21524
21924 14 11 22211
21926 14 4 21692
21938 14 7 22237
21940 14 8 22494
21942 14 7 21561
21944 14 7 21585
21950 14 7 21617
21952 14 7 21689
21958 14 8 21882
21960 14 8 21886
21962 14 7 21925
21964 14 4 21936
21968 14 8 21986
21970 14 4 21992
21972 14 7 22001
21974 14 8 22018
21976 14 7 22033
21980 14 11 22119
21982 14 7 22169
21984 14 8 22170
21986 14 8 22226
21990 14 4 22232
21992 14 11 22259
21994 14 11 22311
21996 14 4 22336
22002 14 7 22389
22004 14 7 22453
22006 14 11 22523
22012 14 4 21764
22014 14 7 22477
22016 14 8 22514
22018 14 11 21579
22038 14 11 22407
22042 14 7 21741
22044 14 8 21862
22046 14 8 22386
22048 14 8 21586
22050 14 8 21918
22052 14 4 21980
22054 14 7 21993
22056 14 7 21929
22058 14 8 21522
22060 14 8 21914
22062 14 7 21969
22064 14 7 22365
22082 14 4 22472
22084 14 7 22081
22088 14 11 22115
22092 14 4 22228
22106 14 11 22163
22110 14 7 22185
22112 14 11 22195
22114 14 4 22324
22124 14 8 22438
22128 14 4 22512
22130 14 4 22452
22138 14 8 22186
22140 14 7 22301
22166 14 11 21551
22168 14 4 21684
22170 14 11 21799
22172 14 8 21858
22176 14 7 21953
22178 14 7 22057
22180 14 11 22063
22184 14 11 22147
22186 14 11 22175
22188 14 8 22194
22190 14 7 22217
22192 14 11 22263
22194 14 4 22264
22196 14 7 22329
22198 14 8 22442
22200 14 8 21534
22202 14 7 21577
22204 14 4 22296
22206 14 4 21724
22208 14 8 21778
22210 14 7 21853
22212 14 8 22010
22214 14 8 22214
22216 14 8 21702
22222 14 11 22203
22226 14 11 22283
22232 14 11 21779
22234 14 7 21793
22236 14 11 21999
22238 14 11 22483
22240 14 4 21756
22246 14 7 22357
22248 14 7 22521
22256 14 4 21956
22268 14 8 22178
22274 14 11 22271
22278 14 7 22525
22282 14 11 21567
22290 14 4 22156
22292 14 7 22165
22312 14 4 21596
22314 14 4 22020
22316 14 8 22174
22318 14 7 21529
22320 14 8 21982
22340 14 7 21957
22348 14 8 22218
22352 14 11 22387
22356 14 11 22475
22358 14 8 22458
22360 14 8 22462
22362 14 7 22121
22364 14 8 21506
22386 14 4 22464
22392 14 8 21794
22414 14 7 21981
22418 14 4 22008
22420 14 8 22022
22428 14 8 22202
22432 14 8 22238
22434 14 8 22302
22436 14 4 22364
22438 14 7 22381
22450 14 4 22320
22454 14 8 22166
22456 14 7 21521
22458 14 8 21734
22460 14 7 21785
22462 14 11 21895
22466 14 4 22004
22468 14 8 22478
22470 14 4 22348
22472 14 8 22070
22474 14 8 21866
22476 14 7 22025
22478 14 7 21509
22486 14 4 21716
22488 14 4 21736
22490 14 7 21745
22494 14 11 21811
22500 14 7 21889
22508 14 4 21984
22510 14 7 21985
22514 14 4 22052
22576 14 8 21514
22578 14 7 21613
22584 14 4 21780
22598 14 8 21738
22600 14 8 21802
22602 14 7 22221
22604 14 7 22241
22606 14 4 22284
22610 14 8 21818
22614 14 7 21921
22624 14 7 22497
22638 14 11 21635
22646 14 4 22028
22648 14 11 21911
22650 14 8 21594
22656 14 8 22330
22658 14 4 22488
22660 14 7 22489
22664 14 8 22042
22668 14 11 21671
22670 14 4 22524
22672 14 11 21611
22674 14 4 22316
22684 14 4 21748
22702 14 8 22414
22704 14 11 22463
22710 14 11 21623
22714 14 11 21859
22722 14 4 22420
22732 14 7 21541
22736 14 8 22150
22738 14 4 22436
22746 14 11 21683
22748 14 11 21971
22750 14 7 21945
22752 14 7 21913
22754 14 11 22455
22764 14 8 21518
22778 14 8 22182
22788 14 11 22383
22790 14 7 22445
22792 14 4 22516
22802 14 11 22067
22806 14 8 22274
22808 14 4 22400
22810 14 7 22277
22812 14 7 21713
22814 14 4 22172
22816 14 8 22014
22824 14 4 22328
22832 14 11 21703
22838 14 4 22112
22840 14 11 22179
22842 14 8 22346
22846 14 11 22491
22886 14 8 22522
22890 14 8 21854
22896 14 4 21824
22898 14 4 21864
22902 14 4 22372
22916 14 4 21968
22922 14 11 22467
22924 14 7 21737
22926 14 11 21747
22928 14 4 22180
22956 14 8 21978
22986 14 11 22315
23000 14 8 22318
23008 14 8 21990
23012 14 7 22209
23042 14 4 22036
23058 14 11 22019
23060 14 11 22059
23078 14 7 21857
23082 14 7 22245
23118 14 11 22239
23154 14 7 21609
23156 14 8 21714
23170 14 4 22068
23184 14 8 22206
23196 14 4 22168
23200 14 11 22351
23202 14 4 22076
23206 14 4 21872
23228 14 7 22353
23234 14 8 22430
23236 14 11 21807
23238 14 11 21931
23260 14 11 21763
23336 14 8 21686
23362 14 7 22229
23368 14 11 21975
23382 14 7 21845
23384 14 8 21846
23386 14 8 22030
23388 14 4 22040
23436 14 7 21605
23448 14 4 21580
23450 14 4 21812
23452 14 11 22487
23456 14 4 21896
23460 14 4 21948
23476 14 11 22371
23486 14 8 21578
23492 14 11 21711
23508 14 7 22485
23510 14 11 22127
23512 14 4 22080
23538 14 4 21696
23556 14 11 22459
23588 14 11 22111
23592 14 4 21740
23602 14 4 22060
23610 14 4 22440
23634 14 7 22337
23648 14 7 22225
23652 14 4 22468
23656 14 4 22260
23658 14 7 22313
23672 14 11 21815
23674 14 7 21833
23676 14 7 21949
23678 14 4 22340
23694 14 7 21861
23702 14 7 22449
23742 14 11 22099
23750 14 8 22062
23792 14 7 22429
23806 14 11 21743
23808 14 8 21874
23812 14 7 21965
23814 14 7 22133
23818 14 8 22230
23846 14 11 22331
23924 14 7 22097
23926 14 11 22287
23930 14 8 22154
23952 14 8 21590
23958 14 11 21839
23974 14 8 22138
23980 14 11 22323
23986 14 7 22109
23994 14 8 22322
24010 14 8 22510
24014 14 8 22242
24016 14 11 22519
24042 14 7 22037
24062 14 8 21558
24064 14 7 22193
24066 14 11 22299
24100 14 11 22047
24102 14 4 22208
24110 14 8 22198
24112 14 4 22504
24122 14 7 21781
24126 14 8 22082
24134 14 7 21961
24136 14 11 21967
24138 14 7 22117
24158 14 8 22170
24160 14 4 22216
24174 14 7 22045
24176 14 8 22078
24178 14 7 22085
24220 14 11 22279
24234 14 11 21631
24248 14 11 21879
24252 14 7 21633
24258 14 4 21840
24262 14 4 22356
24294 14 4 21532
24340 14 8 21698
24352 14 11 21875
24354 14 7 22289
24394 14 11 21547
24400 14 11 22035
24410 14 8 22526
24412 14 4 22148
24414 14 8 21938
24416 14 4 22424
24426 14 4 22404
24428 14 7 22145
24446 14 7 21969
24450 14 4 22048
24460 14 8 22402
24480 14 11 22391
24486 14 4 21952
24506 14 8 21570
24510 14 11 21955
24512 14 7 22089
24514 14 7 22281
24516 14 11 22503
24520 14 4 21964
24526 14 11 22223
24530 14 8 21954
24532 14 8 21646
24534 14 4 21732
24560 14 4 21828
24562 14 7 22029
24570 14 4 21996
24576 14 11 21739
24578 14 4 21792
24582 14 11 22307
24584 14 4 22188
24588 14 8 22518
24624 14 7 21713
24668 14 7 22433
24682 14 4 21856
24686 14 7 21669
24690 14 8 22086
24692 14 11 22471
24694 14 11 22251
24696 14 8 21970
24698 14 4 22452
24710 14 7 22149
24768 14 7 22009
24802 14 11 21991
24804 14 7 22033
24806 14 8 21630
24854 14 11 21695
24884 14 11 21651
24938 14 11 21783
24964 14 11 22195
24982 14 4 21528
24996 14 4 21556
25004 14 4 21816
25010 14 4 22308
25020 14 7 22197
25046 14 11 22339
25082 14 8 21798
25086 14 11 21887
25094 14 4 21916
25098 14 7 22377
25100 14 11 21675
25102 14 4 21912
25150 14 7 22061
25172 14 7 21941
25212 14 8 21618
25234 14 4 21524
25264 14 4 21664
25290 14 11 22219
25344 14 11 22143
25346 14 11 22235
25364 14 7 22285
25378 14 4 21688
25446 14 7 21905
25448 14 7 22397
25456 14 4 21972
25464 14 4 21624
25466 14 8 21706
25470 14 4 21988
25522 14 8 22494
25544 14 4 21680
25586 14 8 21826
25588 14 4 22104
25594 14 4 22432
25620 14 11 22067
25632 14 11 22123
25656 14 11 22003
25666 14 7 21629
25670 14 8 22054
25674 14 4 21888
25680 14 11 21883
25682 14 11 21643
25684 14 8 22098
25702 14 8 22278
25716 14 4 22272
25726 14 8 22342
25732 14 4 22072
25736 14 8 22338
25754 14 4 21604
25758 14 7 22373
25760 14 8 22142
25762 14 4 21560
25766 14 8 22114
25774 14 11 22163
25788 14 8 21594
25794 14 11 21995
25804 14 4 22132
25820 14 4 21956
25824 14 8 22018
25842 14 4 21940
25856 14 4 21708
25866 14 11 22131
25896 14 7 22081
25900 14 8 22174
25902 14 11 22435
25904 14 4 21520
25908 14 8 21918
25912 14 7 21993
25918 14 8 22274
25930 14 8 21958
25944 14 7 21593
25962 14 7 21909
25966 14 11 22039
25970 14 8 21566
25984 14 4 21984
26002 14 11 21635
26014 14 4 22256
26016 14 7 22317
26018 14 7 22333
26028 14 4 22436
26042 14 4 22100
26048 14 11 21639
26056 14 8 22190
26058 14 8 21838
26082 14 7 21841
26088 14 8 21534
26094 14 4 22296
26100 14 11 22415
26124 14 7 22325
26126 14 7 21813
26160 14 11 22007
26164 14 4 22244
26166 14 8 21562
26172 14 7 21601
26176 14 11 21775
26178 14 8 22398
26188 14 7 21893
26206 14 4 21924
26224 14 4 22384
26298 14 8 22086
26310 14 7 21597
26350 14 8 22014
26352 14 4 22044
26370 14 4 22112
26372 14 8 22150
26384 14 8 22078
26392 14 4 21928
26404 14 8 22222
26424 14 7 22033
26452 14 11 22359
26470 14 8 21702
26482 14 8 22270
26500 14 7 22497
26542 14 4 22180
26546 14 4 10572
26548 14 11 10719
26550 14 7 10945
26552 14 8 11098
26554 14 4 11144
26556 14 8 10978
26558 14 4 10488
26560 14 7 10309
26562 14 4 10600
26564 14 4 11040
26568 14 11 11183
26572 14 4 10504
26574 14 4 10768
26578 14 4 10468
26582 14 8 10698
26584 14 4 10852
26586 14 4 10528
26588 14 7 10669
26590 14 8 10854
26592 14 7 11245
26594 14 11 10335
26596 14 11 10347
26598 14 4 10636
26600 14 11 10651
26602 14 11 10715
26604 14 4 10752
26606 14 4 10840
26608 14 8 10962
26610 14 8 11042
26612 14 4 11180
26614 14 7 10329
26618 14 7 10585
26622 14 4 10296
26626 14 8 10918
26628 14 8 10738
26630 14 11 10331
26632 14 7 10561
26634 14 4 10796
26638 14 4 10904
26640 14 4 10288
26642 14 7 10465
26644 14 8 10550
26646 14 11 10907
26648 14 11 11039
26650 14 7 10617
26652 14 4 11188
26656 14 11 10559
26658 14 11 11215
26660 14 4 10584
26662 14 7 10789
26664 14 8 10818
26666 14 7 10965
26668 14 7 11045
26676 14 11 10899
26678 14 4 10664
26680 14 7 10761
26684 14 4 10868
26688 14 4 10388
26690 14 4 10364
26694 14 4 11084
26696 14 4 10436
26702 14 7 10545
26706 14 11 11111
26710 14 8 10458
26712 14 4 10708
26734 14 8 10358
26736 14 4 10564
26738 14 4 10648
26740 14 11 11103
26750 14 11 10575
26756 14 4 10480
26762 14 7 10769
26764 14 4 10860
26766 14 8 11054
26768 14 4 11260
26770 14 8 10570
26772 14 8 10778
26774 14 8 11202
26776 14 8 11218
26778 14 4 10312
26780 14 7 10369
26782 14 4 10808
26786 14 8 11062
26788 14 7 10569
26792 14 7 10733
26800 14 8 10614
26802 14 4 11080
26804 14 8 11254
26806 14 11 10303
26810 14 4 10824
26812 14 7 10565
26820 14 11 10635
26840 14 4 11248
26846 14 7 10861
26848 14 11 11175
26850 14 8 10774
26854 14 11 10351
26856 14 4 10804
26858 14 4 10644
26864 14 11 10455
26866 14 11 10519
26870 14 8 10750
26886 14 11 11075
26888 14 11 10743
26894 14 11 11063
26896 14 4 10396
26898 14 4 10720
26910 14 8 10958
26916 14 8 10518
26922 14 11 10423
26926 14 7 11157
26928 14 7 10989
26936 14 11 10919
26944 14 8 10442
26946 14 7 10897
26948 14 4 11208
26954 14 4 10472
26958 14 8 10994
26960 14 8 11198
26966 14 7 11233
26970 14 11 10639
26972 14 11 10987
26974 14 4 10988
26976 14 7 10913
26978 14 7 11025
26980 14 8 10302
26986 14 4 10816
26996 14 7 10497
27004 14 4 10544
27006 14 7 10937
27008 14 8 10938
27010 14 8 11222
27018 14 8 10410
27024 14 4 10668
27042 14 7 10449
27046 14 4 10744
27054 14 11 11171
27058 14 7 10461
27066 14 4 10492
27068 14 7 10997
27070 14 7 10325
27072 14 8 10418
27076 14 8 10334
27078 14 8 10526
27080 14 8 10670
27084 14 11 11007
27086 14 8 10650
27088 14 7 11133
27090 14 7 11249
27096 14 11 10487
27098 14 7 10489
27100 14 8 10490
27102 14 8 10810
27104 14 8 10674
27106 14 11 10419
27110 14 11 10815
27118 14 7 10413
27120 14 4 11032
27122 14 11 10483
27130 14 4 10500
27136 14 11 10527
27138 14 8 10882
27144 14 7 10373
27146 14 7 10921
27148 14 8 11022
27156 14 4 11192
27168 14 8 10586
27180 14 4 10896
27184 14 4 10828
27188 14 8 10838
27190 14 8 10790
27198 14 4 11120
27202 14 7 10729
27206 14 4 10300
27214 14 8 10642
27220 14 11 10679
27222 14 7 11213
27224 14 7 10297
27226 14 7 10541
27228 14 4 10580
27230 14 7 10341
27232 14 7 11145
27236 14 7 10285
27240 14 7 10313
27242 14 4 10428
27254 14 7 10485
27260 14 8 10598
27262 14 8 11230
27266 14 7 10873
27268 14 4 11108
27284 14 4 10812
27288 14 8 11250
27300 14 8 10374
27302 14 11 10807
27308 14 11 20527
27310 14 8 20570
27312 14 8 20586
27314 14 7 20609
27316 14 8 20618
27318 14 11 20815
27320 14 8 20830
27322 14 8 20930
27324 14 8 20958
27326 14 11 21059
27328 14 11 21203
27330 14 11 21235
27332 14 4 21264
27334 14 4 20572
27336 14 7 21245
27338 14 8 20754
27340 14 8 20786
27342 14 8 20910
27344 14 7 21065
27346 14 8 21154
27348 14 8 21238
27350 14 11 21459
27352 14 4 20584
27354 14 11 20599
27356 14 4 20672
27358 14 8 20906
27360 14 8 21446
27362 14 11 21463
27364 14 7 20701
27366 14 8 20710
27368 14 7 20753
27370 14 8 20998
27372 14 8 21406
27374 14 8 21466
27378 14 4 20968
27382 14 11 20947
27384 14 11 20967
27386 14 7 20997
27388 14 11 21071
27390 14 4 20652
27392 14 4 20792
27394 14 8 21166
27396 14 7 20933
27398 14 4 21096
27400 14 4 20496
27402 14 7 20909
27404 14 11 21199
27406 14 11 21499
27408 14 7 20809
27410 14 4 21112
27412 14 11 21179
27414 14 8 21430
27416 14 7 20613
27420 14 11 21431
27424 14 7 20505
27426 14 8 20842
27428 14 11 21331
27430 14 8 21370
27432 14 7 21417
27434 14 8 20578
27436 14 8 20582
27438 14 4 20768
27440 14 8 20650
27446 14 11 21447
27448 14 7 20529
27450 14 11 20775
27454 14 4 21332
27456 14 11 21419
27458 14 8 21442
27460 14 4 20668
27462 14 11 20783
27464 14 7 20785
27466 14 4 21476
27468 14 4 20520
27470 14 8 20822
27472 14 7 20853
27474 14 4 20940
27480 14 4 21316
27482 14 7 21349
27484 14 8 21374
27486 14 11 21451
27488 14 11 20535
27490 14 11 20639
27492 14 4 20664
27494 14 7 21009
27496 14 4 20556
27498 14 7 20561
27502 14 8 21434
27504 14 8 20762
27510 14 4 20656
27512 14 7 20581
27514 14 4 20612
27516 14 8 20750
27526 14 11 20983
27530 14 11 21319
27534 14 4 20484
27536 14 11 20935
27538 14 8 21150
27540 14 11 20503
27542 14 7 20513
27546 14 4 20828
27548 14 7 20857
27550 14 4 20872
27552 14 11 20999
27554 14 4 21104
27556 14 4 21120
27558 14 4 21468
27562 14 7 21501
27566 14 8 20514
27568 14 8 20542
27570 14 11 20611
27572 14 8 20674
27574 14 7 20681
27576 14 8 20682
27578 14 7 20685
27584 14 4 20716
27586 14 11 20739
27588 14 4 20740
27592 14 11 20811
27594 14 7 20813
27596 14 11 20899
27598 14 11 20931
27600 14 11 21051
27602 14 11 21355
27604 14 4 21396
27606 14 7 21421
27608 14 4 21448
27616 14 7 21041
27618 14 11 21147
27620 14 7 21429
27622 14 11 20631
27632 14 8 21470
27636 14 7 20641
27640 14 11 20915
27642 14 4 20852
27644 14 7 21161
27646 14 4 21248
27648 14 4 21344
27652 14 8 20966
27654 14 7 21025
27656 14 8 21070
27658 14 11 21455
27660 14 11 20591
27662 14 8 21222
27664 14 11 20659
27672 14 11 20603
27674 14 11 21047
27682 14 4 20632
27684 14 8 20658
27686 14 8 20730
27696 14 7 20945
27702 14 8 20978
27706 14 8 21106
27712 14 8 21330
27716 14 7 21377
27718 14 8 21414
27724 14 4 21456
27728 14 7 21497
27730 14 8 20626
27732 14 8 21170
27780 14 8 21302
27782 14 8 21346
27784 14 11 20619
27798 14 4 21500
27800 14 4 20680
27804 14 7 21337
27806 14 7 21397
27808 14 11 20831
27810 14 4 20924
27812 14 7 21241
27818 14 7 20633
27822 14 8 20846
27824 14 7 20981
27826 14 8 21266
27828 14 11 20623
27830 14 7 20825
27834 14 4 20988
27846 14 8 21158
27848 14 4 21172
27850 14 8 20770
27860 14 8 20942
27864 14 4 20684
27866 14 4 20692
27868 14 7 20717
27870 14 8 20718
27872 14 7 20741
27874 14 4 21052
27876 14 11 21123
27878 14 4 21140
27880 14 7 21189
27882 14 8 21198
27892 14 11 20759
27896 14 8 20550
27898 14 7 20585
27900 14 4 21220
27902 14 11 21415
27904 14 8 20510
27906 14 4 20616
27908 14 4 20752
27910 14 7 20769
27912 14 8 20678
27914 14 11 21075
27916 14 8 21258
27918 14 11 21315
27920 14 8 21342
27922 14 11 21483
27928 14 4 20512
27932 14 7 20657
27942 14 8 21418
27960 14 11 21367
27962 14 8 20726
27964 14 4 21256
27976 14 7 20705
27980 14 4 20736
27984 14 8 20798
27990 14 8 21202
27996 14 11 20587
27998 14 11 20663
28004 14 11 21379
28014 14 11 20559
28044 14 11 20771
28052 14 8 20886
28056 14 4 20916
28068 14 11 20987
28080 14 4 21236
28082 14 4 21268
28084 14 7 21293
28090 14 11 21323
28100 14 7 21401
28130 14 8 21322
28142 14 11 20747
28144 14 11 21275
28146 14 11 20579
28158 14 4 21276
28160 14 8 21318
28162 14 7 21333
28174 14 8 21030
28178 14 4 20644
28180 14 7 21021
28182 14 11 20751
28184 14 4 21240
28190 14 11 20743
28194 14 4 21372
28196 14 4 21452
28198 14 4 20524
28206 14 7 20885
28214 14 11 21031
28216 14 7 21213
28218 14 11 21283
28220 14 8 21314
28226 14 7 20549
28244 14 7 21145
28248 14 11 21503
28250 14 7 20861
28252 14 7 21169
28258 14 7 21373
28262 14 7 21381
28270 14 11 21339
28272 14 8 20518
28276 14 7 20665
28280 14 11 20823
28282 14 7 20921
28284 14 4 21312
28286 14 4 20504
28292 14 8 21486
28294 14 8 20774
28300 14 7 21265
28306 14 7 20957
28314 14 8 20734
28322 14 4 21360
28324 14 7 20689
28338 14 8 20802
28344 14 11 20955
28348 14 8 21358
28350 14 8 21438
28354 14 4 21364
28360 14 8 20538
28374 14 7 20841
28390 14 8 21098
28412 14 11 20627
28414 14 11 20875
28420 14 8 20582
28430 14 4 20604
28440 14 8 20954
28448 14 8 20858
28452 14 11 21227
28454 14 4 20832
28456 14 8 21274
28474 14 7 20565
28482 14 11 21375
28484 14 7 21061
28486 14 4 21100
28494 14 7 20797
28496 14 4 21204
28498 14 4 20728
28500 14 8 21094
28502 14 7 21173
28512 14 7 20557
28520 14 8 20974
28522 14 4 21000
28524 14 11 21091
28526 14 7 21121
28528 14 4 21192
28540 14 11 20951
28544 14 11 21287
28566 14 7 21181
28572 14 7 20837
28576 14 4 20696
28588 14 11 20683
28600 14 4 20552
28602 14 11 20543
28604 14 11 20855
28624 14 7 20745
28628 14 11 20863
28632 14 11 20551
28634 14 8 20746
28636 14 11 20635
28644 14 11 20523
28646 14 7 20985
28648 14 11 21119
28650 14 11 20711
28660 14 11 20575
28704 14 4 20884
28706 14 11 21011
28708 14 4 21336
28716 14 8 20646
28718 14 11 20647
28720 14 4 21028
28726 14 4 20808
28730 14 4 20600
28732 14 4 21388
28742 14 8 21334
28746 14 4 20592
28748 14 8 20686
28750 14 4 20952
28752 14 7 21209
28776 14 8 21478
28778 14 8 20498
28782 14 11 20511
28792 14 4 20820
28800 14 8 21126
28802 14 4 21288
28804 14 11 21343
28806 14 8 21398
28808 14 8 21410
28814 14 4 20488
28828 14 8 21010
28844 14 8 21178
28852 14 11 20583
28856 14 11 21139
28860 14 7 21481
28862 14 4 21492
28876 14 11 20847
28880 14 4 21152
28882 14 7 21201
28884 14 7 21325
28888 14 4 20812
28924 14 7 20661
28932 14 8 21214
28940 14 7 20949
28952 14 8 20810
28956 14 4 21024
28958 14 11 21247
28994 14 11 21351
29002 14 11 20487
29006 14 8 20546
29008 14 4 20568
29038 14 11 20927
29050 14 4 20608
29060 14 7 21097
29064 14 4 21296
29072 14 11 20643
29084 14 11 21299
29090 14 8 20938
29102 14 8 20706
29110 14 7 21445
29114 14 11 20567
29118 14 4 21256
29126 14 8 21014
29128 14 4 20840
29130 14 7 21085
29142 14 11 20655
29146 14 7 20937
29150 14 4 20880
29170 14 11 21291
29174 14 8 20982
29178 14 11 20851
29180 14 11 21307
29184 14 4 20788
29204 14 4 21092
29206 14 8 21290
29216 14 4 20860
29222 14 8 21142
29280 14 4 21448
29296 14 7 20773
29304 14 7 20761
29306 14 7 21197
29328 14 4 20892
29332 14 4 21404
29338 14 8 20638
29342 14 4 21072
29372 14 11 21027
29374 14 8 21050
29378 14 4 21284
29380 14 7 21297
29384 14 4 20960
29392 14 11 21079
29396 14 11 20963
29400 14 4 20544
29404 14 7 20989
29418 14 7 21257
29420 14 4 20780
29434 14 11 21495
29438 14 7 21441
29444 14 11 21251
29448 14 7 20961
29454 14 7 20953
29460 14 8 20870
29462 14 7 21369
29476 14 4 21212
29486 14 4 20836
29488 14 4 21176
29508 14 7 21133
29522 14 8 20782
29568 14 7 21001
29572 14 11 21151
29582 14 8 20986
29588 14 7 21149
29590 14 7 21029
29592 14 7 20481
29608 14 4 21008
29644 14 4 20944
29646 14 4 20816
29672 14 11 20663
29688 14 8 20850
29708 14 11 21335
29720 14 8 21114
29754 14 8 21162
29756 14 4 20588
29790 14 8 20534
29806 14 7 20697
29824 14 8 21414
29826 14 8 21062
29828 14 7 21345
29830 14 8 21386
29842 14 8 21458
29854 14 7 21205
29882 14 11 20715
29888 14 8 21434
29890 14 7 20713
29892 14 7 20865
29894 14 4 21184
29916 14 7 20509
29926 14 8 21030
29932 14 11 20563
29938 14 4 21108
29940 14 7 21109
29958 14 7 21093
29972 14 11 21459
29976 14 4 21128
30006 14 7 20929
30012 14 7 21089
30016 14 4 20948
30044 14 8 21218
30052 14 4 20492
30054 14 7 21049
30056 14 7 21077
30062 14 8 20710
30076 14 11 20799
30078 14 4 21228
30090 14 8 20714
30100 14 8 20918
30104 14 8 21118
30110 14 11 21407
30116 14 11 20691
30138 14 11 21467
30140 14 7 21073
30146 14 11 20907
30152 14 4 21280
30158 14 8 20858
30178 14 8 21094
30218 14 4 21156
30228 14 7 21281
30230 14 8 20602
30234 14 8 20610
30246 14 7 20997
30248 14 7 21341
30254 14 8 21082
30262 14 4 20760
30270 14 11 20571
30272 14 7 20729
30274 14 11 21439
30292 14 4 20872
30316 14 4 20932
30326 14 7 20625
30328 14 8 21246
30330 14 4 21232
30332 14 8 20666
30336 14 8 21130
30350 14 8 21422
30364 14 8 20590
30392 14 4 21252
30394 14 4 20996
30444 14 7 21497
30458 14 4 21012
30460 14 8 21242
30462 14 4 21060
30496 14 8 21370
30520 14 8 21298
30548 14 11 21347
30550 14 4 21004
30556 14 8 20966
30558 14 7 21025
30566 14 4 21444
30596 14 11 20839
30598 14 8 20482
30600 14 8 21338
30614 14 11 21479
30616 14 7 21261
30618 14 8 20526
30632 14 7 21477
30638 14 4 21080
30652 14 4 20976
30704 14 4 20752
30706 14 8 20642
30712 14 7 20933
30722 14 4 21216
30734 14 4 21308
30790 14 11 21067
30802 14 8 20830
30818 14 7 20881
30842 14 4 20776
30852 14 7 21309
30896 14 4 20868
30908 14 4 20552
30918 14 8 20974
30922 14 4 21192
30946 14 11 20899
30980 14 4 596
30982 14 4 26096
30984 14 11 26167
30986 14 8 26470
30988 14 4 26516
30990 14 7 23613
30992 14 4 23912
30994 14 7 23957
30996 14 4 24312
30998 14 4 24504
31000 14 8 23890
31002 14 4 24412
31004 14 8 23946
31006 14 11 23947
31008 14 11 24135
31010 14 4 24144
31012 14 7 23797
31016 14 4 23556
31020 14 8 24590
31022 14 4 24628
31024 14 4 25212
31026 14 11 25123
31028 14 8 25126
31030 14 7 25261
31032 14 8 25458
31034 14 11 25427
31036 14 4 25276
31038 14 4 11616
31040 14 11 11635
31042 14 7 12109
31044 14 8 11542
31046 14 7 11865
31048 14 7 11905
31050 14 7 12061
31054 14 7 11349
31056 14 4 11640
31066 14 4 12240
31068 14 8 11434
31070 14 11 11747
31072 14 11 11447
31074 14 7 11909
31078 14 11 11523
31084 14 8 11314
31086 14 4 11552
31088 14 7 11973
31090 14 11 11607
31092 14 11 12163
31094 14 11 12227
31096 14 8 12210
31100 14 4 11384
31102 14 11 12099
31104 14 7 11853
31106 14 8 11742
31108 14 8 11670
31110 14 7 11461
31112 14 7 11473
31114 14 8 11594
31116 14 4 12004
31118 14 11 11443
31120 14 8 11362
31122 14 4 11464
31124 14 8 12110
31126 14 8 11758
31128 14 7 11817
31130 14 4 12232
31132 14 7 11293
31134 14 4 11500
31138 14 11 11551
31142 14 4 11396
31144 14 4 11668
31146 14 11 11951
31148 14 4 11676
31152 14 4 11964
31154 14 4 12028
31158 14 4 12064
31160 14 8 11698
31162 14 11 11439
31164 14 8 11470
31166 14 4 12260
31168 14 4 12040
31170 14 4 12212
31172 14 4 11752
31174 14 11 11319
31178 14 7 11645
31182 14 8 11762
31184 14 4 11848
31186 14 8 11662
31188 14 11 11827
31190 14 8 11618
31196 14 4 12200
31202 14 8 11646
31204 14 4 11872
31206 14 4 12016
31208 14 8 12018
31210 14 4 12076
31212 14 11 11399
31214 14 7 12001
31220 14 7 12021
31246 14 7 11269
31248 14 4 11932
31250 14 11 11947
31254 14 8 11934
31256 14 8 11278
31258 14 8 11522
31262 14 7 11369
31264 14 4 12092
31272 14 7 11957
31276 14 4 11880
31290 14 8 11442
31294 14 4 11420
31316 14 4 12024
31322 14 11 11347
31324 14 11 11595
31334 14 4 11376
31338 14 7 12249
31340 14 8 11478
31342 14 11 11879
31344 14 4 11516
31346 14 8 11894
31350 14 4 12184
31358 14 11 12019
31360 14 7 12033
31364 14 7 12229
31370 14 8 11550
31374 14 4 12208
31376 14 7 12005
31384 14 4 12172
31388 14 7 11533
31392 14 7 11721
31402 14 7 11657
31404 14 11 11819
31406 14 11 11419
31408 14 7 11929
31412 14 11 11975
31414 14 7 12029
31422 14 4 12196
31424 14 8 12026
31428 14 8 11782
31430 14 8 11798
31432 14 7 11437
31436 14 8 12042
31438 14 4 12228
31440 14 11 12067
31450 14 11 11875
31452 14 7 11709
31458 14 11 11407
31464 14 8 11986
31466 14 8 12270
31468 14 4 11788
31470 14 8 11886
31472 14 4 11612
31474 14 4 11624
31480 14 7 11641
31482 14 11 11903
31484 14 8 11490
31492 14 7 11405
31502 14 7 12101
31520 14 7 11665
31534 14 7 11541
31544 14 8 11938
31546 14 7 12217
31552 14 4 11608
31558 14 11 11367
31560 14 11 11939
31568 14 7 11469
31570 14 8 11942
31572 14 7 11489
31574 14 7 12053
31580 14 11 12107
31584 14 7 11485
31586 14 4 11740
31588 14 8 12158
31592 14 4 12120
31602 14 7 11913
31604 14 11 11915
31606 14 8 11890
31608 14 11 11415
31610 14 8 11570
31614 14 8 12242
31616 14 8 11270
31618 14 4 11804
31620 14 8 11322
31622 14 11 11539
31628 14 7 11669
31630 14 7 11329
31632 14 4 11920
31648 14 8 12118
31650 14 8 11906
31652 14 4 12204
31662 14 8 11266
31668 14 11 12151
31676 14 7 11621
31678 14 11 11663
31680 14 11 11751
31682 14 4 12236
31692 14 4 11340
31698 14 8 12006
31700 14 8 11414
31710 14 7 11305
31716 14 4 12072
31718 14 7 11393
31724 14 7 11273
31732 14 7 11717
31734 14 8 11834
31740 14 4 12252
31742 14 7 11697
31744 14 4 11852
31750 14 4 11416
31752 14 7 11989
31782 14 7 12141
31790 14 4 12068
31794 14 4 11440
31796 14 7 12125
31798 14 7 11925
31804 14 4 1660
31806 14 11 1719
31808 14 11 14643
31810 14 7 15117
31812 14 7 15229
31814 14 8 15298
31816 14 4 14724
31818 14 11 14811
31820 14 4 15156
31822 14 8 15270
31824 14 4 14940
31826 14 8 14350
31834 14 4 15172
31840 14 11 14399
31842 14 4 14908
31844 14 4 14552
31846 14 7 14881
31848 14 7 15009
31852 14 4 15252
31854 14 8 15114
31858 14 7 15273
31862 14 4 14764
31866 14 4 15264
31870 14 7 14405
31876 14 4 14852
31882 14 7 14829
31884 14 4 14836
31890 14 11 15111
31892 14 4 15112
31898 14 11 14779
31904 14 11 14487
31910 14 8 14422
31912 14 4 14840
31914 14 8 14626
31920 14 4 14872
31922 14 11 15139
31926 14 8 15306
31934 14 7 14341
31936 14 7 14669
31938 14 11 14891
31940 14 4 15008
31944 14 4 15324
31946 14 7 15345
31950 14 4 15348
31952 14 4 15340
31954 14 4 15068
31956 14 7 15313
31960 14 4 15052
31962 14 7 14433
31964 14 7 14701
31966 14 8 14886
31968 14 4 14696
31976 14 7 14453
31986 14 4 15236
31990 14 4 15268
31992 14 11 15087
31994 14 4 15196
31996 14 11 14627
32000 14 8 14698
32002 14 4 15116
32004 14 11 15167
32018 14 11 14343
32020 14 11 14987
32022 14 7 15113
32034 14 7 14889
32036 14 4 14588
32038 14 11 14739
32048 14 8 15130
32050 14 11 14751
32062 14 11 14983
32064 14 11 15227
32074 14 7 15137
32078 14 7 14633
32080 14 4 15240
32086 14 11 15191
32090 14 8 15106
32096 14 8 14978
32106 14 8 14570
32110 14 11 14503
32112 14 11 15351
32122 14 4 15148
32134 14 7 14981
32138 14 8 14694
32140 14 11 14991
32148 14 4 14468
32150 14 7 14805
32152 14 8 15174
32156 14 8 14830
32158 14 8 14854
32164 14 8 14662
32168 14 4 14692
32170 14 7 14765
32178 14 8 14766
32180 14 11 15083
32202 14 4 15180
32204 14 8 14954
32220 14 8 14670
32222 14 11 14731
32224 14 11 14771
32268 14 4 14660
32272 14 7 14565
32274 14 8 14974
32286 14 11 15195
32290 14 7 15321
32292 14 7 15333
32302 14 7 14637
32304 14 8 14446
32320 14 8 14962
32324 14 11 15187
32336 14 11 15355
32338 14 11 14527
32348 14 4 14340
32364 14 7 14993
32366 14 8 15338
32368 14 11 14679
32378 14 7 14613
32392 14 8 15294
32394 14 11 14703
32396 14 4 15212
32406 14 11 14955
32408 14 8 14362
32410 14 7 14429
32418 14 8 14870
32424 14 7 14441
32430 14 11 15235
32436 14 7 14417
32454 14 11 14539
32464 14 11 15295
32470 14 7 14861
32472 14 11 14675
32484 14 11 14979
32506 14 11 15063
32518 14 4 15312
32520 14 4 15160
32522 14 7 14505
32524 14 11 15347
32532 14 7 15349
32548 14 11 14507
32550 14 7 15341
32552 14 8 14466
32554 14 11 14623
32560 14 8 14450
32562 14 11 14567
32564 14 8 15006
32566 14 11 15151
32580 14 4 15076
32584 14 4 14896
32592 14 8 14634
32596 14 7 14569
32616 14 4 14440
32618 14 11 14735
32620 14 7 15193
32628 14 7 14809
32630 14 7 14601
32632 14 4 14652
32634 14 4 14680
32636 14 7 15265
32646 14 8 14898
32660 14 4 14984
32666 14 11 14435
32678 14 8 14374
32686 14 11 15159
32688 14 11 15231
32698 14 11 15303
32708 14 7 15261
32710 14 4 15332
32712 14 8 15054
32718 14 4 15184
32736 14 11 14471
32756 14 11 15179
32764 14 7 15277
32772 14 7 14625
32784 14 8 15202
32788 14 8 14530
32790 14 4 14700
32800 14 7 14773
32814 14 8 14826
32822 14 8 12654
32824 14 4 13240
32826 14 8 13294
32828 14 8 13170
32830 14 8 13198
32832 14 4 13276
32834 14 8 13270
32838 14 7 12801
32840 14 8 13302
32842 14 7 12881
32844 14 11 12415
32846 14 11 12519
32848 14 4 12736
32850 14 7 13205
32852 14 8 12366
32854 14 11 12455
32856 14 11 12547
32860 14 4 12368
32862 14 8 12574
32864 14 8 12614
32866 14 7 12381
32868 14 8 12490
32876 14 8 12502
32878 14 8 13286
32880 14 4 12608
32882 14 7 12617
32884 14 11 12447
32886 14 11 12535
32888 14 4 13180
32890 14 8 13182
32892 14 11 13227
32894 14 11 12331
32898 14 4 13172
32902 14 11 12995
32904 14 8 13202
32906 14 4 13028
32908 14 4 12444
32910 14 7 13233
32912 14 8 12602
32914 14 4 12804
32916 14 8 12362
32918 14 7 13085
32922 14 7 13253
32924 14 4 12344
32926 14 4 12816
32930 14 11 12667
32932 14 8 12758
32934 14 11 12619
32938 14 11 13235
32946 14 11 12511
32948 14 11 12795
32952 14 4 13044
32954 14 4 12812
32966 14 11 12847
32968 14 11 12431
32970 14 4 12460
32972 14 11 12607
32976 14 11 12639
32978 14 7 13049
32982 14 8 12402
32988 14 4 12740
32990 14 7 13117
32994 14 8 12538
32996 14 7 13121
33000 14 8 12622
33002 14 4 12632
33004 14 7 12425
33006 14 11 12959
33008 14 11 12827
33014 14 8 12586
33024 14 8 12930
33028 14 4 12468
33030 14 4 13084
33034 14 11 12895
33036 14 11 12359
33038 14 7 12481
33052 14 4 12452
33054 14 8 12814
33056 14 8 13130
33058 14 7 13293
33060 14 4 12556
33064 14 4 12328
33074 14 11 13211
33082 14 4 12356
33086 14 4 12980
33094 14 4 13140
33096 14 11 12655
33102 14 8 12902
33108 14 8 12510
33112 14 4 13040
33114 14 4 13120
33130 14 11 12575
33138 14 11 12387
33142 14 8 13226
33146 14 11 12819
33148 14 4 12668
33150 14 7 12533
33152 14 8 13010
33154 14 7 13225
33162 14 4 12524
33168 14 7 13061
33170 14 7 12521
33172 14 7 12409
33176 14 7 13101
33180 14 7 13305
33182 14 8 13254
33186 14 7 12669
33188 14 8 12670
33190 14 8 13126
33192 14 8 12290
33194 14 8 12370
33206 14 7 13141
33208 14 7 13089
33210 14 4 12884
33212 14 11 12347
33218 14 11 13291
33220 14 7 12437
33222 14 11 13159
33226 14 4 12412
33232 14 8 12914
33242 14 11 12427
33244 14 7 12641
33246 14 7 12709
33248 14 11 13311
33258 14 7 12557
33262 14 8 12878
33264 14 7 12609
33282 14 11 12811
33284 14 8 13018
33288 14 7 13201
33290 14 8 12530
33296 14 8 13282
33302 14 11 12623
33304 14 7 12537
33306 14 11 13255
33308 14 4 12500
33310 14 8 12514
33312 14 11 12643
33318 14 8 13306
33322 14 7 13077
33326 14 8 12534
33332 14 4 12856
33336 14 8 12782
33338 14 11 12831
33342 14 11 12603
33344 14 7 12653
33346 14 4 12680
33348 14 11 13035
33356 14 8 12730
33358 14 8 13098
33360 14 11 12651
33362 14 11 13079
33364 14 11 12659
33368 14 11 12383
33370 14 4 12756
33372 14 8 13234
33386 14 4 12488
33388 14 8 12750
33390 14 11 13143
33404 14 4 12996
33410 14 4 13076
33414 14 11 13151
33416 14 11 12583
33420 14 8 13042
33426 14 4 12456
33434 14 11 12687
33438 14 7 12293
33440 14 4 13160
33452 14 4 12764
33454 14 4 12728
33456 14 11 12987
33458 14 4 13048
33464 14 8 13158
33468 14 11 13187
33474 14 8 12626
33484 14 11 12363
33486 14 4 12956
33490 14 11 13219
33492 14 4 12616
33496 14 4 12828
33498 14 7 12661
33514 14 4 12584
33516 14 11 12595
33520 14 11 12775
33522 14 4 13292
33528 14 7 12477
33530 14 8 12690
33532 14 8 12978
33534 14 11 12979
33536 14 7 13133
33552 14 11 13407
33554 14 8 13478
33556 14 11 13695
33558 14 4 14068
33560 14 8 13594
33562 14 7 13737
33564 14 11 14159
33566 14 11 14335
33570 14 4 13488
33572 14 4 13976
33576 14 11 13823
33578 14 4 13896
33580 14 11 14031
33582 14 4 14152
33584 14 4 14248
33586 14 4 13628
33588 14 11 13439
33590 14 4 13832
33592 14 8 13566
33594 14 7 14109
33596 14 7 13617
33602 14 7 13393
33604 14 11 13791
33606 14 11 13435
33610 14 8 13646
33612 14 8 14082
33614 14 11 13639
33616 14 11 14111
33620 14 8 13390
33624 14 7 14177
33628 14 7 13853
33630 14 4 13904
33632 14 7 13913
33634 14 11 14023
33636 14 4 14088
33638 14 11 14143
33640 14 7 14321
33642 14 11 14323
33644 14 11 13359
33646 14 4 13480
33648 14 4 13496
33650 14 11 14255
33652 14 4 13416
33654 14 8 13546
33656 14 11 13827
33660 14 7 14333
33662 14 4 13892
33666 14 8 14182
33670 14 8 13830
33674 14 8 14114
33682 14 8 13758
33686 14 7 13333
33692 14 4 14328
33694 14 8 14102
33698 14 11 13875
33700 14 4 14320
33704 14 11 14267
33706 14 4 13856
33708 14 8 13686
33710 14 8 14078
33712 14 11 13859
33724 14 8 13734
33726 14 11 13947
33728 14 4 14128
33732 14 11 14295
33734 14 4 13712
33736 14 4 13352
33738 14 8 14234
33746 14 4 13452
33752 14 7 13989
33756 14 11 14251
33758 14 4 14276
33760 14 7 13813
33764 14 7 13805
33766 14 7 13657
33768 14 11 13895
33788 14 7 13513
33798 14 7 13569
33800 14 11 13563
33806 14 7 14189
33808 14 4 13848
33810 14 11 13503
33816 14 7 13697
33818 14 4 13548
33820 14 8 14086
33822 14 11 13531
33824 14 7 13501
33826 14 4 14188
33830 14 7 13529
33832 14 4 13620
33834 14 8 13970
33844 14 11 13755
33850 14 11 13543
33856 14 7 13889
33858 14 8 14282
33864 14 7 14153
33866 14 7 13837
33870 14 11 13663
33872 14 7 14073
33880 14 8 13630
33882 14 8 13914
33894 14 4 13752
33896 14 7 14161
33908 14 8 13330
33926 14 11 14275
33934 14 11 14119
33936 14 7 13517
33940 14 7 14301
33942 14 8 13490
33944 14 7 13541
33952 14 7 13353
33954 14 8 13498
33956 14 11 13987
33966 14 7 13509
33976 14 7 13433
33978 14 4 13880
33982 14 7 13521
33996 14 7 13641
34004 14 4 14160
34006 14 8 13554
34010 14 7 13565
34016 14 4 13684
34018 14 4 13920
34020 14 11 13411
34024 14 11 13847
34026 14 8 13762
34030 14 7 13945
34032 14 7 13457
34034 14 4 13556
34036 14 4 14296
34038 14 7 14329
34046 14 8 13354
34048 14 7 13645
34050 14 7 13701
34052 14 8 14258
34054 14 8 14198
34056 14 11 14259
34066 14 11 13555
34072 14 8 13990
34074 14 8 13610
34084 14 7 13861
34086 14 8 14134
34096 14 7 13877
34098 14 7 13961
34102 14 4 13744
34106 14 8 14242
34110 14 7 13369
34120 14 8 13978
34126 14 8 14274
34130 14 8 13726
34134 14 11 14247
34142 14 8 13426
34162 14 11 13463
34166 14 4 13924
34176 14 7 13757
34182 14 7 13753
34184 14 11 14135
34186 14 11 13819
34188 14 7 14253
34190 14 7 13377
34192 14 11 13851
34200 14 4 14104
34206 14 7 13549
34208 14 8 14310
34224 14 4 13560
34226 14 7 13981
34228 14 7 14065
34230 14 7 14093
34232 14 4 14124
34238 14 8 13850
34240 14 11 14011
34242 14 11 13723
34244 14 4 14076
34246 14 4 13600
34248 14 4 14280
34250 14 8 13314
34254 14 4 13564
34264 14 11 13871
34266 14 4 13348
34280 14 4 13872
34284 14 11 13771
34298 14 11 13423
34300 14 8 13998
34312 14 7 14241
34314 14 8 14062
34326 14 4 14200
34332 14 7 13925
34344 14 4 13596
34350 14 7 14001
34378 14 4 14136
34384 14 4 14032
34386 14 4 14192
34388 14 8 13742
34390 14 8 13834
34402 14 11 13659
34404 14 7 14217
34406 14 8 14106
34428 14 7 13665
34442 14 11 13559
34446 14 4 13680
34450 14 11 14223
34460 14 8 13578
34466 14 11 2271
34468 14 7 3125
34470 14 4 7936
