0 15 0 22984
2 15 20 23269
4 15 24 23415
6 15 0 22664
8 15 10 23483
10 15 20 22709
12 15 24 22743
14 15 2 22873
16 15 2 23017
28 15 22 22774
30 15 4 22794
32 15 2 22809
34 15 20 22853
36 15 0 23544
38 15 24 22951
44 15 10 22923
46 15 24 23343
50 15 10 22715
54 15 20 23277
56 15 22 22534
58 15 24 23223
60 15 24 23079
62 15 10 23403
64 15 2 23537
66 15 0 22896
68 15 10 23259
70 15 14 23364
72 15 2 23025
74 15 22 23510
76 15 20 22669
78 15 20 22917
80 15 0 23192
82 15 4 22674
84 15 4 22682
86 15 10 23283
90 15 4 23114
92 15 2 18305
94 15 24 17775
96 15 10 18299
98 15 20 17621
100 15 20 17701
102 15 14 18252
104 15 20 17829
106 15 0 18128
108 15 4 17930
110 15 14 17612
112 15 22 16726
114 15 0 16688
116 15 4 16626
118 15 14 16612
120 15 4 16698
122 15 10 16699
124 15 22 16710
126 15 20 16805
128 15 10 16883
130 15 14 17052
134 15 4 17202
136 15 14 17396
138 15 22 16870
140 15 10 16907
142 15 20 16901
144 15 2 17369
150 15 22 16902
152 15 20 15677
156 15 24 15519
158 15 0 15600
160 15 20 15805
162 15 0 15896
164 15 10 16243
166 15 10 15875
168 15 22 16134
170 15 14 15580
172 15 14 15884
174 15 24 15719
176 15 14 15652
178 15 22 15870
180 15 22 15910
182 15 24 15943
184 15 0 16176
186 15 2 16217
188 15 4 20426
190 15 10 20411
192 15 24 20199
194 15 14 20412
196 15 10 20283
198 15 0 19968
200 15 24 20111
202 15 14 20308
204 15 20 20141
206 15 22 19926
208 15 4 19538
210 15 4 19946
214 15 0 20440
216 15 0 19856
218 15 0 19768
220 15 2 18833
222 15 2 18945
224 15 20 19277
226 15 2 18433
228 15 22 18870
230 15 0 18960
232 15 24 19287
234 15 22 18638
236 15 24 19439
238 15 22 18694
240 15 10 18539
242 15 22 19046
246 15 20 18461
248 15 4 18578
250 15 4 18642
252 15 22 18798
254 15 24 19263
256 15 0 19400
260 15 4 18674
262 15 4 18682
266 15 24 21671
268 15 22 22070
270 15 2 22153
274 15 10 22155
280 15 24 21551
282 15 22 22302
284 15 20 22365
286 15 14 22436
290 15 20 22373
292 15 2 21673
294 15 14 22116
296 15 2 22185
298 15 10 10267
300 15 14 10572
302 15 0 10744
304 15 24 10423
306 15 10 11115
308 15 10 11139
310 15 2 10617
314 15 14 10244
316 15 0 11144
318 15 20 10365
320 15 0 10808
322 15 4 10698
324 15 20 11245
326 15 20 10789
328 15 10 10635
330 15 4 10394
338 15 24 10295
344 15 22 10478
354 15 2 10289
358 15 22 10286
360 15 24 10463
362 15 22 10302
364 15 2 10321
366 15 20 10357
370 15 0 10312
376 15 24 10415
380 15 4 10298
382 15 10 10499
384 15 10 10995
390 15 22 10630
392 15 14 10564
396 15 20 10301
398 15 10 10299
400 15 10 10539
402 15 22 10678
406 15 0 10608
412 15 4 10682
414 15 14 10396
418 15 2 10369
420 15 10 10563
422 15 24 10335
424 15 14 10412
442 15 24 10719
454 15 22 11214
456 15 4 10322
458 15 14 10292
460 15 20 10397
466 15 2 10729
468 15 24 10759
472 15 2 10313
480 15 10 10395
486 15 4 10354
488 15 2 10465
490 15 14 10508
494 15 10 10331
496 15 20 10437
500 15 2 10361
506 15 2 10345
510 15 14 10740
534 15 22 10718
538 15 0 10296
546 15 2 10505
552 15 2 10409
554 15 0 10288
560 15 2 10801
562 15 4 10802
564 15 22 10294
580 15 4 10346
582 15 2 10385
584 15 10 10363
586 15 10 10587
594 15 14 10380
596 15 4 10466
598 15 14 10468
608 15 24 10863
610 15 4 10306
616 15 2 10761
620 15 4 10474
622 15 0 10592
636 15 24 10303
640 15 2 10457
646 15 4 10330
650 15 4 10706
656 15 4 10626
662 15 2 10521
664 15 0 10864
666 15 2 10441
668 15 4 10506
670 15 22 10390
674 15 20 10829
678 15 24 10319
680 15 22 10510
684 15 22 10334
688 15 10 10355
694 15 10 10467
696 15 24 10471
698 15 14 10492
700 15 0 10512
702 15 24 10551
704 15 2 10601
706 15 14 10636
708 15 10 10651
710 15 20 10693
712 15 10 10739
714 15 0 10752
716 15 14 10780
718 15 20 10805
720 15 0 10840
722 15 24 10855
730 15 24 10431
742 15 24 10399
746 15 14 10588
750 15 22 10742
752 15 14 10476
758 15 20 10445
764 15 4 10570
766 15 20 10741
768 15 14 10804
770 15 0 10400
774 15 22 10550
776 15 0 10816
778 15 2 10305
788 15 10 10411
808 15 4 10738
812 15 4 10962
814 15 24 10999
818 15 20 10309
826 15 0 10600
828 15 10 10291
830 15 14 10516
838 15 10 10483
846 15 0 10528
848 15 22 10726
850 15 20 10997
852 15 4 11010
858 15 14 11004
862 15 4 10410
864 15 10 10371
868 15 4 10402
870 15 0 10488
876 15 20 10861
884 15 14 10420
894 15 14 10444
896 15 4 10730
898 15 0 10936
900 15 4 10986
902 15 14 11076
918 15 4 10786
920 15 20 11069
922 15 2 10873
934 15 10 10347
946 15 4 10314
950 15 10 10339
952 15 14 10340
956 15 4 10370
958 15 22 10534
960 15 4 10594
962 15 0 10632
964 15 24 10663
966 15 10 10771
968 15 14 10980
972 15 14 10548
974 15 0 10392
976 15 10 10683
986 15 2 10689
992 15 4 10818
996 15 0 11056
998 15 14 11084
1014 15 22 10382
1020 15 0 10680
1022 15 0 11040
1024 15 2 10697
1026 15 20 10701
1028 15 24 10599
1030 15 2 10577
1032 15 2 10649
1034 15 20 10533
1042 15 14 10364
1048 15 24 10847
1058 15 14 10300
1066 15 20 10949
1070 15 20 11141
1076 15 24 10783
1080 15 14 10388
1090 15 20 10565
1094 15 22 11174
1096 15 20 10341
1098 15 0 10616
1100 15 20 10837
1104 15 2 10705
1110 15 22 10566
1112 15 14 10948
1114 15 4 10954
1116 15 22 11054
1118 15 14 11164
1122 15 2 10561
1124 15 20 10733
1126 15 24 10831
1132 15 2 10297
1134 15 0 10384
1136 15 20 10541
1138 15 14 10580
1140 15 0 11000
1142 15 24 11087
1144 15 0 10472
1146 15 10 10979
1148 15 22 10990
1150 15 4 11018
1154 15 22 10638
1156 15 24 10775
1158 15 14 10620
1160 15 14 10644
1164 15 20 10965
1166 15 22 10662
1172 15 24 10495
1180 15 10 10451
1184 15 2 10929
1190 15 10 10987
1196 15 0 10536
1198 15 0 11184
1204 15 4 11058
1214 15 4 10578
1216 15 24 10455
1218 15 24 10799
1222 15 22 10614
1230 15 14 11116
1238 15 10 10507
1240 15 4 11146
1242 15 22 11198
1244 15 22 10486
1248 15 22 10398
1250 15 2 10481
1254 15 2 20745
1256 15 22 20830
1258 15 4 20930
1260 15 0 21264
1262 15 14 21476
1264 15 24 21375
1266 15 24 20559
1268 15 24 21407
1270 15 4 20666
1272 15 22 20862
1274 15 4 21130
1276 15 10 21147
1278 15 14 20996
1280 15 2 21153
1282 15 20 20581
1284 15 2 21241
1286 15 22 20726
1288 15 0 20520
1290 15 20 26701
1292 15 14 27036
1294 15 2 26873
1296 15 10 26819
1298 15 22 26862
1300 15 4 26962
1302 15 0 27040
1304 15 2 27353
1306 15 0 26624
1308 15 10 27027
1310 15 4 27098
1312 15 20 27173
1314 15 14 27244
1316 15 0 27512
1318 15 0 26776
1320 15 22 27198
1322 15 10 27387
1324 15 24 27487
1326 15 10 26699
1328 15 14 26884
1330 15 14 26964
1332 15 20 27229
1334 15 24 27319
1336 15 24 27471
1338 15 2 26745
1340 15 24 27399
1342 15 0 27632
1344 15 10 27051
1346 15 24 27143
1348 15 0 27304
1350 15 4 27266
1354 15 10 26795
1358 15 14 27116
1360 15 20 27261
1362 15 20 27293
1366 15 2 26825
1368 15 24 27175
1370 15 4 26634
1372 15 2 26897
1374 15 22 26966
1376 15 0 27288
1380 15 24 27615
1384 15 22 27286
1386 15 10 27611
1390 15 0 27336
1392 15 0 280
1394 15 22 974
1396 15 10 51
1398 15 2 961
1400 15 2 1017
1402 15 24 599
1406 15 2 433
1408 15 2 865
1410 15 24 871
1412 15 22 302
1414 15 14 492
1416 15 24 911
1418 15 10 299
1420 15 4 514
1422 15 4 730
1424 15 0 264
1426 15 14 564
1428 15 2 745
1432 15 10 59
1438 15 4 194
1440 15 10 187
1442 15 14 196
1444 15 2 369
1446 15 2 529
1448 15 4 658
1450 15 4 218
1452 15 4 778
1454 15 22 790
1456 15 20 861
1458 15 24 1023
1460 15 24 191
1462 15 14 988
1464 15 4 442
1470 15 10 507
1474 15 22 78
1476 15 0 416
1478 15 2 585
1482 15 22 86
1486 15 24 919
1488 15 20 901
1490 15 22 998
1492 15 14 620
1494 15 10 427
1496 15 4 546
1498 15 24 25887
1500 15 0 25696
1502 15 20 25709
1504 15 24 25991
1506 15 4 25682
1510 15 2 26233
1512 15 20 25893
1514 15 24 26167
1516 15 4 26282
1518 15 10 25611
1520 15 14 25620
1522 15 10 25955
1524 15 20 26269
1526 15 22 25630
1532 15 4 26170
1534 15 20 26173
1536 15 22 26318
1540 15 4 26530
1542 15 10 25923
1546 15 14 26140
1550 15 22 25870
1552 15 22 26070
1554 15 0 26480
1556 15 20 26085
1560 15 22 26246
1562 15 0 25984
1564 15 14 26116
1566 15 14 23612
1568 15 22 24062
1570 15 4 23650
1572 15 0 23576
1574 15 10 23907
1576 15 14 24476
1578 15 0 24152
1580 15 10 24235
1582 15 24 24327
1584 15 0 24456
1586 15 0 23616
1588 15 0 24352
1590 15 10 23603
1592 15 0 23824
1594 15 2 23993
1596 15 4 23778
1598 15 4 23946
1600 15 10 24011
1602 15 24 24535
1604 15 0 23856
1606 15 20 24493
1608 15 20 24061
1610 15 0 24384
1614 15 4 25266
1616 15 2 25193
1618 15 0 25352
1620 15 20 25309
1622 15 14 25180
1624 15 10 25443
1626 15 20 25061
1628 15 24 25543
1630 15 10 25195
1632 15 14 24876
1636 15 14 25452
1638 15 0 24840
1640 15 2 25185
1642 15 2 25217
1644 15 4 25538
1648 15 22 24934
1650 15 22 25382
1652 15 20 24837
1656 15 0 11528
1658 15 14 12052
1660 15 2 11409
1662 15 10 11539
1664 15 14 11580
1666 15 14 11644
1668 15 24 11823
1670 15 10 12139
1672 15 0 11312
1674 15 2 11865
1676 15 2 11633
1678 15 10 11347
1680 15 10 11755
1682 15 4 11818
1684 15 0 11472
1686 15 24 1135
1688 15 2 1513
1690 15 20 1501
1692 15 0 1176
1694 15 2 1537
1696 15 20 1677
1698 15 2 1705
1700 15 4 1458
1702 15 14 1852
1704 15 24 1247
1706 15 4 1090
1712 15 2 1369
1714 15 24 1583
1716 15 10 1075
1720 15 14 1564
1722 15 2 1641
1724 15 22 1726
1726 15 14 1884
1728 15 14 1956
1730 15 4 1466
1732 15 22 1958
1734 15 2 2017
1738 15 0 1648
1740 15 2 1553
1742 15 22 1646
1744 15 14 1700
1746 15 0 1912
1748 15 4 1986
1750 15 0 1376
1752 15 20 1669
1754 15 0 1768
1756 15 24 1887
1758 15 0 1520
1762 15 10 1315
1764 15 0 1616
1768 15 14 1308
1772 15 14 1660
1774 15 22 1854
1776 15 10 14435
1778 15 20 14869
1780 15 14 14908
1782 15 4 14682
1784 15 20 15053
1786 15 2 14921
1788 15 0 14504
1790 15 14 15196
1792 15 22 14350
1794 15 0 14872
1796 15 10 15179
1798 15 22 14422
1800 15 4 14962
1802 15 20 15229
1804 15 4 15298
1806 15 10 12771
1808 15 4 12794
1810 15 20 12853
1812 15 2 13073
1814 15 4 12730
1816 15 24 12807
1818 15 0 12816
1820 15 4 12546
1822 15 22 12614
1824 15 4 13002
1826 15 24 13215
1828 15 24 12847
1832 15 22 13302
1834 15 10 13563
1836 15 10 13723
1838 15 22 14262
1840 15 14 13620
1842 15 0 14048
1844 15 0 13824
1846 15 10 13619
1848 15 22 13670
1850 15 14 14188
1852 15 24 14159
1854 15 0 14328
1856 15 22 13566
1860 15 4 2058
1862 15 22 2102
1864 15 0 2144
1866 15 24 2199
1868 15 20 2309
1870 15 22 2966
1872 15 2 2977
1874 15 10 2195
1876 15 20 2445
1878 15 20 2821
1880 15 14 2940
1882 15 22 2174
1884 15 20 2125
1886 15 4 2554
1888 15 14 2924
1890 15 10 2059
1892 15 24 2279
1894 15 20 2909
1896 15 20 2229
1898 15 14 2980
1900 15 2 2793
1902 15 22 3054
1904 15 14 2292
1910 15 10 2435
1912 15 22 2494
1914 15 22 2990
1916 15 4 3018
1918 15 2 2097
1920 15 10 2211
1922 15 24 2263
1924 15 10 2291
1926 15 0 2320
1932 15 2 3017
1936 15 10 2579
1938 15 2 2913
1940 15 22 2238
1944 15 2 3345
1946 15 10 3363
1948 15 24 3223
1950 15 24 3903
1952 15 0 3904
1954 15 4 3562
1956 15 22 3806
1958 15 22 3158
1960 15 10 3579
1962 15 2 3753
1966 15 24 3535
1968 15 20 3765
1970 15 0 3608
1972 15 20 4005
1974 15 24 4047
1976 15 24 3303
1978 15 14 3372
1980 15 10 3947
1984 15 24 3695
1986 15 24 3519
1990 15 10 3371
1992 15 14 3524
1994 15 24 3887
1996 15 20 4061
1998 15 10 4083
2000 15 10 3227
2004 15 0 3336
2008 15 22 3966
2010 15 20 3845
2012 15 22 3438
2018 15 20 4045
2020 15 22 4046
2022 15 24 3247
2026 15 22 6382
2028 15 0 6448
2030 15 4 6506
2032 15 10 6771
2034 15 24 6823
2036 15 4 6842
2038 15 22 6902
2040 15 2 6929
2042 15 10 6971
2044 15 24 7015
2046 15 0 7032
2048 15 2 7089
2050 15 2 7017
2052 15 24 6271
2054 15 24 6863
2056 15 10 6915
2058 15 10 6179
2060 15 2 6385
2062 15 22 6470
2064 15 22 6974
2066 15 24 7119
2068 15 22 7134
2070 15 24 7151
2072 15 14 6636
2074 15 14 6996
2080 15 20 6277
2086 15 0 6472
2088 15 2 6537
2090 15 14 6548
2092 15 10 6483
2094 15 4 6586
2096 15 14 6724
2098 15 24 6727
2106 15 0 6928
2108 15 2 6545
2110 15 22 6598
2112 15 22 6678
2114 15 2 6761
2116 15 10 6923
2118 15 4 6986
2124 15 2 7153
2126 15 22 7142
2128 15 14 6468
2130 15 10 6499
2132 15 14 6556
2134 15 20 7045
2138 15 14 6348
2144 15 10 6883
2146 15 20 7053
2148 15 22 6526
2150 15 20 6973
2152 15 4 6178
2154 15 22 6438
2156 15 4 6938
2158 15 0 6912
2160 15 24 7159
2162 15 24 6191
2164 15 0 6344
2168 15 4 6498
2174 15 24 6231
2176 15 14 6244
2178 15 0 6272
2180 15 14 6492
2182 15 20 6509
2184 15 20 6845
2186 15 14 6532
2188 15 10 6675
2190 15 0 6632
2192 15 10 6715
2194 15 4 6730
2196 15 24 6591
2198 15 24 6159
2212 15 20 6637
2214 15 4 6738
2216 15 20 6749
2218 15 14 6764
2222 15 0 6992
2224 15 10 7059
2226 15 0 6856
2228 15 4 4490
2230 15 22 4718
2232 15 24 4407
2234 15 10 4811
2236 15 10 4403
2238 15 22 4406
2242 15 0 4480
2244 15 4 4138
2246 15 24 4255
2248 15 14 4316
2250 15 14 4284
2252 15 24 5015
2254 15 14 5068
2256 15 0 4200
2258 15 0 4248
2260 15 10 4275
2262 15 10 4867
2264 15 22 4102
2266 15 0 5000
2268 15 2 4241
2270 15 0 4432
2272 15 24 4767
2274 15 24 4119
2276 15 14 4620
2280 15 22 4190
2282 15 20 4709
2284 15 2 4713
2286 15 24 4735
2288 15 0 4960
2290 15 2 4209
2292 15 10 4219
2294 15 0 4288
2296 15 14 5100
2298 15 22 4150
2300 15 4 4978
2302 15 4 4186
2304 15 24 4287
2306 15 0 4344
2308 15 22 4318
2310 15 22 4222
2314 15 22 4686
2316 15 14 4716
2318 15 4 4818
2320 15 10 4443
2322 15 4 4114
2324 15 22 4166
2326 15 14 4332
2328 15 24 4447
2332 15 24 5047
2334 15 2 5369
2336 15 22 5390
2338 15 20 5405
2340 15 20 5509
2342 15 24 5663
2344 15 20 5781
2346 15 20 5901
2348 15 2 6057
2350 15 20 5517
2352 15 4 5890
2354 15 2 6033
2356 15 20 5429
2358 15 24 5895
2364 15 0 5544
2366 15 14 5988
2368 15 4 5962
2374 15 4 6138
2376 15 22 5734
2378 15 4 5818
2380 15 22 5198
2382 15 4 5810
2384 15 10 5891
2386 15 24 5311
2388 15 24 5919
2390 15 4 5274
2392 15 4 5642
2396 15 0 6088
2398 15 20 5773
2400 15 24 5999
2402 15 22 5246
2404 15 0 5640
2406 15 22 5662
2408 15 10 5699
2410 15 4 5842
2412 15 24 5607
2414 15 2 5657
2420 15 14 6116
2422 15 22 5598
2424 15 10 5923
2426 15 22 5270
2428 15 22 5318
2430 15 10 5571
2432 15 0 5184
2434 15 4 5146
2436 15 10 5227
2438 15 2 5241
2440 15 22 5566
2442 15 4 5322
2444 15 2 5497
2446 15 22 5406
2448 15 0 5416
2450 15 0 5480
2458 15 2 5721
2466 15 10 7203
2468 15 10 7227
2470 15 14 7260
2472 15 20 7741
2474 15 0 7792
2476 15 24 7935
2478 15 14 8036
2480 15 10 7963
2482 15 4 7522
2484 15 10 7579
2486 15 4 7930
2488 15 2 7977
2490 15 20 7173
2492 15 0 7384
2494 15 24 7399
2496 15 14 7452
2498 15 4 7458
2500 15 4 7466
2502 15 0 7472
2504 15 14 7612
2506 15 14 7956
2508 15 2 8057
2510 15 24 8087
2512 15 0 8088
2514 15 20 8117
2516 15 0 8136
2518 15 2 8137
2520 15 10 8139
2522 15 14 8148
2524 15 22 7518
2526 15 14 7900
2528 15 2 7609
2530 15 4 8026
2534 15 24 7911
2536 15 0 7264
2538 15 14 7404
2540 15 4 7978
2542 15 4 7986
2544 15 0 8072
2546 15 2 7601
2548 15 2 7185
2550 15 2 7361
2552 15 10 7531
2554 15 20 7573
2556 15 10 7587
2558 15 10 7619
2560 15 2 7849
2562 15 10 8019
2564 15 22 8038
2566 15 4 8074
2568 15 0 8096
2572 15 22 7374
2574 15 10 7411
2576 15 20 7645
2578 15 22 7742
2582 15 22 7446
2584 15 20 7565
2586 15 2 7641
2588 15 2 8161
2590 15 14 7268
2592 15 22 7390
2594 15 2 8113
2600 15 24 7319
2602 15 2 7353
2606 15 20 7373
2608 15 24 7631
2610 15 14 7188
2612 15 24 7519
2614 15 14 7228
2616 15 0 7480
2618 15 20 7501
2620 15 14 7508
2622 15 14 7868
2624 15 24 8015
2626 15 0 7768
2628 15 4 7314
2630 15 14 7348
2632 15 24 7599
2634 15 10 7899
2636 15 10 7979
2638 15 0 7952
2640 15 0 7904
2642 15 24 7887
2644 15 2 7809
2646 15 14 7756
2648 15 0 7288
2650 15 2 7857
2652 15 22 8150
2654 15 22 7190
2658 15 22 7686
2660 15 4 7810
2676 15 0 7936
2684 15 0 8256
2686 15 10 8491
2688 15 24 8711
2690 15 14 8860
2692 15 2 8905
2694 15 2 8929
2696 15 20 8301
2698 15 20 8661
2700 15 14 8356
2702 15 20 8357
2704 15 14 9188
2706 15 22 9206
2708 15 0 8584
2710 15 4 8346
2712 15 22 8374
2714 15 0 8392
2716 15 14 8492
2718 15 14 8540
2720 15 24 8631
2722 15 22 8726
2724 15 24 8767
2726 15 22 8878
2728 15 0 8888
2730 15 4 8906
2732 15 14 8908
2734 15 22 9174
2736 15 14 8564
2738 15 20 8997
2740 15 20 9165
2744 15 14 8972
2746 15 22 8870
2748 15 20 8277
2750 15 4 8394
2752 15 2 8545
2754 15 10 8891
2756 15 22 8254
2758 15 10 8307
2760 15 2 8977
2762 15 24 9055
2764 15 20 9181
2766 15 20 9189
2768 15 14 9212
2774 15 0 8984
2776 15 20 9005
2778 15 24 9039
2780 15 14 8428
2782 15 10 8467
2784 15 20 8701
2786 15 10 8835
2788 15 14 9148
2790 15 14 8212
2792 15 4 8602
2794 15 0 8224
2796 15 4 8234
2798 15 0 8792
2802 15 0 9152
2804 15 4 8354
2810 15 2 8321
2812 15 2 8337
2814 15 10 8595
2816 15 10 9059
2818 15 22 8582
2820 15 20 9085
2822 15 4 9170
2824 15 20 8333
2826 15 4 8586
2828 15 14 8604
2830 15 2 8753
2832 15 0 9080
2834 15 24 9143
2836 15 10 9187
2840 15 22 8822
2842 15 4 8706
2848 15 14 8692
2850 15 24 8471
2852 15 20 8453
2858 15 24 8271
2860 15 24 8623
2866 15 4 8946
2868 15 22 8974
2870 15 4 27682
2872 15 10 27747
2874 15 20 27725
2876 15 0 27704
2878 15 4 27730
2880 15 22 27750
2882 15 20 9445
2884 15 2 10169
2886 15 0 9648
2888 15 14 9828
2890 15 24 9415
2892 15 2 9753
2894 15 0 9816
2896 15 14 9980
2898 15 20 9685
2900 15 24 9799
2902 15 2 9233
2904 15 22 9342
2906 15 22 9454
2908 15 2 9545
2910 15 0 9608
2912 15 2 9825
2914 15 22 9870
2916 15 4 9978
2918 15 20 9981
2920 15 22 10046
2922 15 10 10131
2924 15 14 9220
2926 15 0 9304
2928 15 20 10221
2930 15 24 10191
2932 15 20 9309
2934 15 4 9338
2936 15 10 9443
2938 15 22 9758
2940 15 4 9962
2942 15 20 9341
2944 15 24 9487
2946 15 0 9504
2948 15 20 9597
2950 15 4 9674
2952 15 20 10197
2954 15 10 9875
2956 15 22 9478
2960 15 20 9253
2962 15 10 9323
2964 15 10 9939
2968 15 2 9441
2970 15 2 9561
2972 15 24 9687
2974 15 24 10079
2976 15 0 9704
2978 15 24 10007
2980 15 22 9254
2982 15 0 9312
2984 15 20 9965
2986 15 22 10022
2988 15 14 10140
2990 15 14 10020
2998 15 2 10049
3000 15 10 10155
3002 15 20 10213
3004 15 10 9611
3006 15 10 9667
3008 15 10 10163
3010 15 0 9264
3012 15 0 9368
3014 15 14 9540
3016 15 0 10104
3018 15 20 9781
3020 15 4 9786
3022 15 10 9955
3024 15 22 9966
3026 15 24 9399
3028 15 0 9800
3030 15 14 9900
3032 15 24 10207
3034 15 0 9632
3036 15 2 9385
3038 15 22 9718
3040 15 4 9858
3042 15 10 9859
3044 15 10 10075
3046 15 2 10233
3050 15 22 9822
3052 15 10 10011
3054 15 4 9578
3056 15 22 9222
3058 15 14 9396
3060 15 10 9699
3062 15 10 9731
3064 15 20 9813
3066 15 20 10029
3072 15 4 9730
3074 15 24 9767
3076 15 20 9797
3080 15 10 9867
3082 15 0 9968
3086 15 0 10136
3088 15 4 10154
3090 15 20 22709
3092 15 14 22724
3094 15 24 22743
3096 15 4 22794
3098 15 2 22961
3100 15 20 23501
3102 15 22 23342
3104 15 22 23054
3106 15 20 22565
3108 15 20 22581
3110 15 14 22668
3112 15 0 22680
3114 15 24 23359
3116 15 24 22847
3118 15 10 22915
3120 15 14 23156
3122 15 22 23174
3124 15 24 23175
3126 15 0 23176
3128 15 2 23201
3130 15 14 23300
3132 15 14 23404
3134 15 22 22534
3136 15 20 22653
3138 15 22 23014
3140 15 20 22725
3142 15 10 22755
3144 15 20 23085
3146 15 20 22645
3148 15 24 22895
3150 15 14 22908
3152 15 14 22548
3154 15 10 23283
3156 15 14 23436
3158 15 2 23025
3160 15 20 23181
3166 15 22 23134
3168 15 14 22644
3170 15 4 23530
3172 15 0 22672
3174 15 0 22800
3176 15 10 22683
3178 15 0 22920
3180 15 24 23079
3182 15 24 23143
3184 15 10 23403
3186 15 14 23468
3188 15 24 22703
3196 15 2 23537
3198 15 24 22535
3200 15 22 22766
3202 15 2 22793
3208 15 22 23510
3210 15 24 23551
3216 15 24 23111
3218 15 2 23361
3220 15 0 23416
3226 15 20 22821
3228 15 0 23040
3230 15 0 23088
3234 15 0 23352
3236 15 0 23392
3238 15 0 23408
3240 15 10 23531
3244 15 20 22669
3250 15 10 22923
3252 15 10 22995
3254 15 2 22849
3256 15 0 23240
3258 15 14 22932
3262 15 2 23345
3266 15 4 22818
3268 15 22 23006
3272 15 10 23171
3274 15 22 23318
3276 15 24 23135
3282 15 22 23046
3284 15 20 22805
3286 15 24 23271
3294 15 0 23080
3302 15 22 22774
3304 15 2 22809
3306 15 20 22869
3308 15 22 23038
3310 15 24 23279
3312 15 4 23002
3314 15 20 23365
3316 15 20 23269
3318 15 24 23415
3326 15 2 23217
3330 15 10 23259
3332 15 4 23210
3338 15 4 22666
3340 15 2 23289
3352 15 14 23004
3362 15 14 23316
3364 15 0 22536
3366 15 22 22654
3368 15 4 23378
3370 15 4 23386
3372 15 10 23355
3378 15 0 22776
3396 15 2 23353
3404 15 4 22570
3412 15 0 22824
3414 15 20 22837
3416 15 14 22956
3418 15 4 23170
3436 15 0 22984
3446 15 0 22832
3452 15 10 23475
3462 15 10 22619
3464 15 20 23277
3468 15 4 22674
3470 15 14 23396
3474 15 2 22553
3478 15 0 22816
3480 15 4 23146
3482 15 10 23299
3484 15 10 23387
3486 15 22 22742
3488 15 10 17747
3490 15 0 17784
3492 15 4 18050
3494 15 2 18081
3496 15 22 18302
3498 15 2 17625
3500 15 20 18173
3502 15 24 17503
3504 15 4 18130
3506 15 22 17590
3508 15 10 17723
3510 15 22 18078
3512 15 14 18268
3514 15 24 18343
3516 15 22 17550
3518 15 22 17638
3520 15 24 17847
3522 15 14 17916
3524 15 14 18132
3526 15 20 18349
3528 15 10 18419
3530 15 24 17975
3532 15 0 17496
3534 15 2 18033
3536 15 14 17820
3540 15 4 17466
3542 15 14 18340
3544 15 4 18410
3546 15 4 17626
3548 15 20 18421
3550 15 24 18231
3552 15 14 18332
3554 15 14 17692
3556 15 2 18377
3558 15 4 18378
3560 15 22 17558
3564 15 10 18011
3566 15 10 18059
3568 15 0 18128
3570 15 14 18252
3572 15 10 18275
3574 15 2 18361
3576 15 14 17596
3578 15 20 17829
3580 15 2 18209
3588 15 2 18113
3592 15 20 18037
3594 15 2 17497
3600 15 20 17437
3602 15 10 17571
3604 15 4 17786
3610 15 22 18102
3612 15 2 17569
3614 15 0 17768
3616 15 2 18185
3618 15 4 17698
3620 15 14 17844
3622 15 0 18400
3628 15 22 17710
3632 15 4 17578
3636 15 10 18403
3638 15 20 18165
3640 15 14 17852
3642 15 10 18115
3644 15 20 17677
3648 15 4 17930
3652 15 4 17530
3656 15 4 17754
3658 15 10 17755
3660 15 24 17879
3662 15 24 18047
3664 15 22 18430
3666 15 0 17440
3670 15 0 17920
3674 15 10 17547
3676 15 20 17949
3688 15 0 17976
3690 15 2 18001
3696 15 4 18010
3698 15 10 16787
3700 15 2 17393
3702 15 22 16838
3704 15 22 17126
3706 15 0 16520
3708 15 0 16680
3710 15 4 16698
3712 15 10 16699
3714 15 22 16710
3716 15 24 16711
3718 15 20 16805
3720 15 2 16833
3722 15 10 16883
3724 15 22 16902
3726 15 22 17158
3728 15 4 16930
3730 15 4 17034
3732 15 10 17211
3734 15 10 17355
3736 15 14 16924
3738 15 24 17071
3740 15 0 16672
3742 15 14 16804
3746 15 4 17218
3748 15 2 16625
3750 15 22 17398
3752 15 14 17364
3754 15 22 16870
3756 15 10 16907
3760 15 24 16863
3764 15 0 16976
3766 15 20 16405
3768 15 0 16664
3772 15 22 16646
3774 15 22 16726
3776 15 14 16940
3778 15 10 17379
3780 15 20 17389
3784 15 24 16687
3786 15 4 16882
3788 15 2 17273
3790 15 24 16703
3794 15 14 17060
3796 15 10 17347
3802 15 22 16678
3804 15 10 16739
3808 15 2 16537
3810 15 22 17150
3816 15 24 16791
3818 15 24 16815
3826 15 2 17225
3832 15 2 16961
3838 15 20 16765
3840 15 4 17130
3842 15 4 16922
3844 15 0 17208
3846 15 24 17031
3860 15 22 16846
3872 15 2 17145
3886 15 10 17099
3888 15 20 17365
3892 15 22 16454
3894 15 4 16458
3896 15 20 17197
3898 15 14 15452
3900 15 22 16038
3902 15 10 16147
3904 15 4 15946
3906 15 24 16071
3908 15 0 16376
3910 15 2 15377
3912 15 20 15805
3914 15 0 15896
3916 15 14 15932
3918 15 10 15955
3920 15 0 15960
3922 15 24 16135
3924 15 10 16243
3926 15 10 15603
3928 15 0 15912
3930 15 2 16145
3932 15 14 16156
3934 15 14 16172
3936 15 0 16280
3938 15 24 15487
3946 15 24 16231
3948 15 4 16122
3950 15 10 15635
3952 15 20 15429
3954 15 22 16142
3956 15 24 15623
3958 15 20 16237
3960 15 24 15679
3962 15 20 16053
3964 15 0 15984
3966 15 0 15848
3970 15 2 16033
3972 15 24 15471
3976 15 24 15399
3980 15 0 15784
3982 15 2 15849
3986 15 22 15430
3990 15 14 15684
3992 15 2 15793
3994 15 2 16161
3996 15 0 15696
3998 15 14 15388
4004 15 4 15898
4006 15 2 16313
4008 15 14 16300
4014 15 0 15400
4016 15 20 15909
4018 15 24 15631
4020 15 20 15637
4026 15 0 15920
4034 15 4 16002
4040 15 0 15808
4044 15 24 20471
4046 15 22 20030
4048 15 22 19902
4050 15 10 19483
4052 15 0 19864
4054 15 10 19507
4056 15 2 19521
4058 15 0 19656
4060 15 14 19908
4062 15 24 20135
4064 15 20 19893
4066 15 22 20222
4068 15 4 19538
4070 15 0 19808
4072 15 14 19876
4074 15 20 19941
4076 15 24 20087
4078 15 10 20363
4080 15 22 19486
4082 15 14 19532
4084 15 22 19630
4086 15 24 19759
4088 15 0 19848
4090 15 20 19965
4092 15 10 19979
4094 15 20 19981
4096 15 22 19990
4098 15 4 20210
4100 15 4 20378
4102 15 0 19576
4104 15 10 20203
4106 15 2 20241
4108 15 2 19753
4110 15 20 19765
4112 15 0 19928
4122 15 2 20097
4124 15 14 20476
4126 15 24 20351
4128 15 4 20114
4138 15 4 19594
4140 15 4 20162
4142 15 0 20200
4144 15 24 19719
4146 15 2 19553
4148 15 0 19912
4150 15 24 20015
4152 15 10 20115
4154 15 2 19945
4156 15 2 20105
4158 15 22 20230
4160 15 20 20301
4162 15 2 19561
4164 15 14 20228
4168 15 20 19701
4170 15 24 20463
4172 15 10 20059
4174 15 4 19850
4176 15 2 20185
4182 15 4 19986
4184 15 10 19699
4192 15 0 19688
4194 15 4 19730
4198 15 4 19522
4202 15 2 19969
4204 15 24 19983
4222 15 14 20372
4224 15 24 20103
4226 15 14 20172
4228 15 14 20412
4230 15 14 20004
4232 15 14 20044
4234 15 4 20426
4236 15 10 19579
4238 15 2 19793
4242 15 0 20240
4244 15 10 19595
4250 15 14 19148
4252 15 2 19305
4254 15 24 18639
4256 15 14 18876
4258 15 10 19091
4260 15 20 19429
4262 15 10 19347
4264 15 14 18588
4266 15 0 18936
4268 15 24 19031
4270 15 2 19113
4272 15 22 19262
4274 15 4 18442
4276 15 14 18540
4278 15 4 18570
4280 15 4 19010
4282 15 10 19267
4284 15 10 19299
4286 15 24 19439
4288 15 4 18618
4290 15 10 18731
4292 15 0 19216
4294 15 2 18433
4296 15 24 19095
4298 15 10 19155
4302 15 0 19392
4304 15 14 18916
4306 15 2 19337
4308 15 0 19400
4310 15 22 18606
4312 15 0 18472
4316 15 20 19133
4318 15 20 18461
4320 15 2 18505
4324 15 2 18697
4326 15 2 18761
4328 15 24 18551
4332 15 0 19056
4334 15 0 19088
4338 15 20 18733
4340 15 24 19335
4342 15 2 19449
4348 15 0 18824
4350 15 4 19058
4354 15 24 18879
4356 15 24 18967
4360 15 4 19338
4362 15 20 19397
4364 15 24 18695
4366 15 20 18877
4374 15 0 19112
4376 15 2 19273
4378 15 14 18684
4380 15 24 19007
4384 15 24 18895
4392 15 22 18630
4394 15 24 18463
4408 15 2 18961
4410 15 10 18523
4412 15 4 18546
4418 15 22 19006
4426 15 2 19425
4442 15 4 18898
4444 15 2 18649
4446 15 24 19015
4452 15 20 21637
4454 15 14 22116
4456 15 20 22357
4460 15 24 21815
4462 15 2 21513
4464 15 22 21526
4466 15 20 21749
4468 15 22 22158
4470 15 4 22162
4472 15 24 21551
4474 15 0 21944
4476 15 10 22099
4478 15 22 22110
4480 15 24 21711
4482 15 14 22180
4484 15 24 22463
4486 15 22 21518
4488 15 2 21761
4490 15 14 22052
4492 15 2 22153
4496 15 20 22381
4498 15 2 22337
4502 15 22 21534
4504 15 2 21577
4506 15 20 22221
4508 15 14 22284
4510 15 0 22296
4512 15 14 22068
4514 15 4 22154
4516 15 2 22185
4518 15 0 21600
4520 15 2 22105
4522 15 24 22367
4524 15 4 21914
4526 15 14 22436
4532 15 20 21629
4534 15 20 21837
4540 15 4 21778
4542 15 0 21840
4544 15 0 21912
4546 15 4 22010
4548 15 14 22356
4550 15 0 21664
4554 15 24 22407
4556 15 0 21808
4558 15 10 21843
4560 15 24 22071
4562 15 14 22156
4564 15 4 22122
4570 15 0 21528
4572 15 4 21850
4574 15 2 21937
4578 15 4 22226
4580 15 10 22227
4582 15 20 21773
4584 15 0 22480
4586 15 20 22117
4592 15 2 22137
4596 15 24 21807
4598 15 20 21613
4600 15 4 21722
4608 15 24 21871
4610 15 2 21857
4618 15 14 21596
4620 15 14 21964
4622 15 24 22119
4628 15 4 21858
4640 15 24 22183
4642 15 0 22312
4644 15 0 22352
4646 15 24 22055
4656 15 0 21936
4664 15 4 22042
4666 15 20 22333
4684 15 24 11247
4686 15 24 11015
4688 15 2 10945
4690 15 10 10635
4692 15 20 10637
4694 15 10 10291
4696 15 14 10516
4698 15 20 11141
4700 15 20 10493
4702 15 14 10612
4704 15 20 10597
4706 15 2 10705
4708 15 10 10723
4710 15 14 10884
4712 15 22 11254
4714 15 0 10592
4716 15 10 11003
4718 15 24 11207
4720 15 4 10306
4722 15 14 10332
4724 15 0 10408
4726 15 0 10664
4728 15 22 10678
4730 15 22 11054
4732 15 10 10483
4734 15 14 10388
4736 15 2 10585
4738 15 0 11144
4740 15 4 10650
4742 15 20 11133
4746 15 10 10435
4748 15 2 10545
4750 15 20 10789
4752 15 22 10750
4754 15 10 10747
4756 15 20 10365
4760 15 24 10319
4762 15 22 10654
4764 15 14 10572
4768 15 4 10818
4770 15 0 11128
4776 15 14 10796
4778 15 22 10838
4780 15 0 20728
4782 15 2 21201
4784 15 14 20668
4786 15 24 20847
4788 15 2 21345
4790 15 14 21476
4792 15 24 20495
4794 15 4 20754
4796 15 22 20822
4798 15 20 20853
4800 15 0 20968
4802 15 24 21447
4804 15 10 21499
4806 15 20 20797
4808 15 24 20951
4810 15 22 21382
4812 15 10 21459
4814 15 20 20557
4816 15 20 20701
4818 15 2 20753
4820 15 0 20680
4822 15 10 20747
4824 15 10 21275
4826 15 4 21058
4828 15 0 21488
4830 15 4 20546
4832 15 0 20976
4834 15 4 20778
4836 15 24 21151
4838 15 24 21295
4840 15 4 20786
4842 15 22 20910
4844 15 20 21373
4846 15 2 20577
4848 15 24 20591
4850 15 2 20665
4856 15 22 21222
4858 15 2 21297
4860 15 2 21393
4862 15 0 21400
4864 15 4 20762
4866 15 10 20963
4868 15 10 21427
4870 15 14 21140
4872 15 24 21247
4874 15 24 20559
4876 15 24 21031
4878 15 10 21395
4882 15 2 21337
4884 15 0 20496
4886 15 20 20581
4888 15 14 20740
4890 15 0 21368
4894 15 4 21162
4896 15 20 20837
4900 15 22 21158
4902 15 14 21172
4906 15 0 20512
4908 15 2 21353
4910 15 10 20635
4912 15 4 20666
4914 15 22 20862
4916 15 24 20743
4918 15 14 21452
4922 15 10 20883
4928 15 14 20620
4930 15 22 20590
4932 15 14 20588
4946 15 20 21421
4948 15 22 21446
4950 15 20 20565
4952 15 14 21092
4956 15 0 21128
4958 15 14 20492
4964 15 2 21241
4966 15 10 21339
4970 15 14 27492
4972 15 2 26889
4974 15 20 27573
4976 15 10 26699
4980 15 4 27554
4984 15 10 27611
4986 15 2 27033
4988 15 2 27097
4992 15 22 26902
4994 15 4 27122
4996 15 10 27235
4998 15 0 27552
5000 15 4 26634
5002 15 20 26821
5004 15 2 26833
5006 15 20 26893
5008 15 22 26966
5010 15 4 27010
5012 15 22 27078
5014 15 0 27288
5016 15 20 27453
5018 15 24 27599
5020 15 24 27615
5022 15 4 26658
5024 15 10 26971
5026 15 4 26770
5028 15 24 27639
5030 15 10 26707
5032 15 4 26802
5034 15 20 26957
5036 15 2 26985
5038 15 2 26625
5040 15 20 26645
5042 15 20 26749
5044 15 22 27510
5048 15 20 26661
5050 15 2 26673
5052 15 4 26730
5054 15 22 26742
5056 15 22 26766
5058 15 10 26811
5060 15 0 26816
5064 15 24 26839
5066 15 2 26897
5068 15 0 26960
5070 15 4 27066
5072 15 14 27468
5074 15 22 27606
5076 15 22 27638
5078 15 4 27306
5086 15 14 27116
5088 15 22 27198
5098 15 4 26810
5104 15 20 27133
5108 15 24 27487
5110 15 2 27497
5114 15 14 26692
5116 15 2 27153
5118 15 10 27155
5120 15 10 27627
5122 15 24 27631
5124 15 0 26624
5128 15 20 27285
5130 15 4 27498
5132 15 24 27503
5150 15 4 26866
5152 15 4 26890
5158 15 20 27197
5160 15 24 26807
5162 15 24 26687
5164 15 24 26775
5166 15 20 27205
5168 15 22 27318
5170 15 2 27425
5172 15 24 26703
5174 15 24 27127
5176 15 24 27391
5178 15 20 27589
5180 15 4 26778
5184 15 10 26819
5190 15 10 27067
5194 15 14 26716
5196 15 2 27457
5198 15 24 27471
5204 15 22 27374
5208 15 0 26768
5210 15 20 26973
5218 15 0 27440
5220 15 20 26861
5226 15 4 27082
5228 15 20 26725
5230 15 4 27042
5232 15 10 27043
5234 15 2 27297
5242 15 0 26696
5248 15 24 26831
5256 15 22 27470
5288 15 20 27293
5290 15 4 27338
5292 15 0 27400
5298 15 4 27018
5300 15 24 27175
5304 15 4 26794
5306 15 20 26877
5308 15 24 26903
5310 15 14 27132
5312 15 24 27047
5314 15 10 27355
5316 15 4 27578
5318 15 10 27595
5320 15 2 27609
5322 15 0 26864
5330 15 22 27246
5332 15 0 27640
5336 15 14 27556
5338 15 2 26825
5340 15 2 27353
5344 15 2 27001
5346 15 22 27006
5348 15 22 27134
5352 15 4 26698
5356 15 24 26895
5360 15 2 26937
5364 15 24 27263
5366 15 4 27522
5376 15 2 27601
5378 15 22 26630
5380 15 4 26682
5384 15 24 27079
5388 15 20 27333
5394 15 2 27625
5396 15 10 26691
5402 15 4 26994
5404 15 10 27435
5408 15 4 26874
5410 15 2 26713
5412 15 22 26854
5416 15 2 27081
5420 15 24 27287
5422 15 0 27424
5424 15 14 26700
5430 15 10 27267
5432 15 20 27613
5438 15 22 27110
5440 15 0 26888
5444 15 14 26844
5454 15 4 27602
5456 15 20 26701
5458 15 24 26791
5460 15 4 26858
5462 15 2 27641
5466 15 14 26900
5468 15 20 26949
5470 15 4 27434
5472 15 14 27588
5474 15 0 26664
5476 15 0 27568
5484 15 4 27634
5486 15 24 26671
5500 15 0 27416
5502 15 0 27464
5508 15 2 26649
5514 15 22 26822
5516 15 14 27068
5518 15 20 27077
5520 15 14 27276
5522 15 24 27295
5524 15 20 27373
5526 15 4 27418
5528 15 14 27428
5534 15 2 26705
5536 15 24 27583
5540 15 22 26662
5548 15 2 105
5552 15 4 322
5554 15 4 770
5556 15 10 43
5558 15 20 25645
5560 15 2 25713
5562 15 24 26167
5564 15 22 26350
5566 15 10 25691
5568 15 14 25692
5570 15 24 25991
5572 15 20 26365
5574 15 4 26554
5576 15 4 25746
5578 15 10 25755
5580 15 20 25933
5582 15 20 26293
5584 15 0 26464
5586 15 22 25702
5588 15 14 25780
5590 15 20 26173
5592 15 20 26085
5594 15 4 26282
5596 15 10 26547
5598 15 10 25619
5600 15 22 25974
5604 15 0 26352
5606 15 20 25893
5612 15 2 25689
5620 15 22 26294
5622 15 14 26412
5626 15 10 26299
5628 15 14 26356
5630 15 0 26472
5632 15 2 25609
5636 15 2 25961
5638 15 10 26075
5642 15 2 26313
5650 15 20 26421
5654 15 24 26063
5656 15 22 25822
5658 15 4 26466
5660 15 2 25865
5662 15 22 26422
5664 15 24 25679
5666 15 2 25737
5668 15 10 25739
5670 15 4 25874
5672 15 4 25914
5674 15 10 26331
5676 15 22 26622
5678 15 4 25978
5680 15 2 26017
5682 15 24 26143
5684 15 4 26250
5686 15 20 26437
5688 15 4 25722
5690 15 10 25779
5694 15 4 25634
5696 15 10 25643
5700 15 22 26094
5702 15 22 26102
5706 15 10 26323
5708 15 22 26542
5710 15 4 25602
5712 15 0 25928
5714 15 2 25929
5716 15 10 25955
5718 15 10 26155
5720 15 2 26201
5722 15 20 26253
5724 15 0 26288
5726 15 4 26426
5728 15 2 26449
5730 15 0 25872
5734 15 0 26600
5736 15 2 26601
5742 15 22 26366
5744 15 24 26575
5746 15 20 26581
5748 15 24 26583
5752 15 4 26506
5754 15 24 25655
5756 15 22 25686
5760 15 22 25774
5762 15 10 26147
5764 15 10 26531
5766 15 14 26372
5768 15 4 26474
5770 15 10 25763
5772 15 20 26509
5774 15 24 25967
5776 15 14 25972
5778 15 14 26244
5782 15 22 26302
5790 15 24 26423
5798 15 2 26473
5800 15 14 26492
5802 15 14 26540
5804 15 2 26577
5806 15 0 25920
5808 15 0 25808
5810 15 4 26594
5814 15 2 26441
5816 15 0 26096
5822 15 22 25630
5824 15 2 25905
5826 15 2 26161
5828 15 14 26380
5830 15 24 26047
5832 15 14 25956
5836 15 22 26134
5842 15 20 26429
5846 15 4 25706
5848 15 0 26608
5850 15 10 25611
5852 15 22 26262
5854 15 14 26292
5860 15 24 26159
5862 15 24 26183
5864 15 10 26203
5866 15 20 26317
5872 15 24 25623
5874 15 2 26505
5876 15 14 26596
5878 15 14 26020
5880 15 24 25647
5882 15 10 25731
5886 15 22 26454
5896 15 20 26117
5898 15 2 26425
5904 15 20 25901
5908 15 10 26099
5910 15 2 26137
5914 15 10 26443
5920 15 2 26105
5922 15 24 26135
5926 15 10 25923
5930 15 2 25777
5932 15 4 25794
5934 15 22 25870
5936 15 24 25887
5938 15 24 25895
5940 15 0 25936
5942 15 24 26311
5950 15 0 26528
5952 15 20 26549
5954 15 4 26314
5962 15 24 26367
5966 15 22 26614
5976 15 10 24531
5978 15 4 23970
5982 15 24 24255
5984 15 2 23833
5986 15 24 24575
5988 15 2 23873
5990 15 22 24342
5992 15 22 24406
5994 15 20 24445
5996 15 22 24462
5998 15 2 23601
6000 15 20 24077
6002 15 22 24302
6004 15 0 24080
6006 15 20 24085
6008 15 20 24509
6010 15 10 23739
6012 15 4 23890
6014 15 20 23925
6016 15 14 24412
6018 15 4 24426
6020 15 20 24493
6022 15 14 24524
6024 15 0 24128
6026 15 10 24379
6028 15 14 24004
6030 15 24 24327
6032 15 10 24435
6034 15 2 23809
6036 15 24 24407
6038 15 4 24474
6040 15 0 24504
6042 15 20 24325
6044 15 24 23751
6046 15 2 23753
6048 15 2 24137
6050 15 10 24403
6052 15 14 23588
6054 15 14 24060
6056 15 24 24519
6058 15 20 23821
6062 15 2 24329
6064 15 24 23567
6066 15 24 23727
6068 15 14 24300
6072 15 0 24024
6074 15 2 23673
6076 15 20 23917
6078 15 4 23946
6080 15 10 23947
6082 15 20 23965
6084 15 24 24135
6088 15 0 23672
6090 15 2 23745
6092 15 10 23795
6094 15 14 23796
6096 15 2 23937
6098 15 10 24083
6100 15 0 24104
6102 15 4 24122
6104 15 14 24180
6106 15 24 24239
6108 15 20 24285
6110 15 0 24368
6112 15 10 24459
6114 15 22 24094
6116 15 4 24258
6120 15 14 24340
6126 15 2 24305
6128 15 4 24378
6130 15 4 23922
6132 15 22 24046
6134 15 4 24170
6136 15 22 23774
6138 15 4 24498
6140 15 20 23901
6142 15 4 23834
6144 15 22 24062
6148 15 14 23732
6154 15 4 24074
6156 15 14 24388
6162 15 22 23878
6164 15 4 23778
6166 15 2 23945
6168 15 4 24506
6170 15 20 24565
6172 15 0 23696
6174 15 22 23934
6184 15 20 24181
6188 15 14 23556
6196 15 24 24455
6198 15 20 24485
6200 15 4 24490
6206 15 4 23634
6208 15 22 24558
6210 15 20 23765
6212 15 10 23867
6216 15 20 24221
6220 15 10 23691
6222 15 14 23980
6224 15 20 23781
6226 15 20 24061
6228 15 20 23813
6230 15 2 23897
6232 15 22 23950
6234 15 22 23966
6236 15 10 24011
6238 15 10 24067
6240 15 22 24158
6242 15 14 24252
6244 15 22 24270
6246 15 20 24317
6248 15 14 23908
6254 15 0 24384
6256 15 2 23961
6264 15 2 24401
6266 15 4 25146
6268 15 4 24978
6270 15 24 25487
6272 15 10 25515
6274 15 2 25593
6276 15 24 25407
6278 15 24 24863
6280 15 20 25133
6282 15 22 24686
6284 15 10 24843
6286 15 4 24866
6288 15 14 25108
6290 15 2 24881
6292 15 0 25056
6294 15 10 25171
6296 15 14 25404
6298 15 14 25412
6300 15 22 25478
6302 15 22 24766
6304 15 20 24789
6306 15 2 24993
6308 15 0 25512
6310 15 4 25026
6312 15 20 25437
6314 15 22 24958
6316 15 24 24711
6318 15 14 25124
6320 15 2 24841
6322 15 14 25276
6324 15 0 25328
6326 15 20 25357
6328 15 10 25323
6330 15 2 25441
6332 15 0 25384
6334 15 14 25596
6336 15 22 25150
6338 15 20 25221
6340 15 10 24771
6342 15 20 25461
6344 15 24 25567
6346 15 24 24719
6352 15 10 25059
6354 15 22 25462
6356 15 20 24813
6358 15 22 25062
6360 15 22 25126
6362 15 22 25494
6366 15 10 24659
6368 15 4 24698
6370 15 0 24704
6372 15 24 24871
6374 15 4 25034
6376 15 0 25168
6378 15 20 24917
6384 15 2 25457
6386 15 24 25335
6388 15 24 25047
6392 15 22 24582
6394 15 4 24682
6396 15 20 24781
6398 15 2 24793
6400 15 20 25053
6404 15 20 25061
6406 15 14 25140
6408 15 24 25263
6410 15 0 24624
6412 15 10 24947
6414 15 4 24762
6420 15 0 24728
6422 15 20 25421
6424 15 2 25465
6426 15 22 24918
6428 15 10 24651
6430 15 4 24786
6432 15 20 24837
6434 15 14 25204
6436 15 20 25309
6438 15 22 24606
6440 15 10 24707
6442 15 22 24806
6444 15 24 25175
6446 15 24 25503
6448 15 10 24931
6450 15 0 25016
6452 15 24 25127
6454 15 22 25214
6458 15 4 24594
6460 15 14 24708
6462 15 14 24892
6464 15 14 25148
6466 15 2 25153
6468 15 14 25180
6470 15 24 25279
6472 15 10 25299
6474 15 4 25314
6476 15 10 25395
6480 15 10 25499
6482 15 0 25592
6484 15 2 25233
6490 15 10 24691
6492 15 4 25138
6496 15 2 25409
6498 15 0 25448
6500 15 22 25502
6502 15 14 25172
6510 15 24 25239
6512 15 24 25359
6522 15 4 24970
6524 15 4 25058
6528 15 20 24733
6530 15 22 24750
6532 15 24 24807
6538 15 10 25531
6540 15 14 25092
6542 15 2 25209
6544 15 2 25073
6548 15 24 25255
6550 15 22 25270
6554 15 0 25464
6568 15 10 11523
6570 15 4 11586
6572 15 14 12220
6574 15 0 12240
6576 15 0 12200
6578 15 4 11266
6580 15 4 11418
6582 15 4 11442
6584 15 22 11550
6588 15 0 11264
6590 15 0 11464
6592 15 14 11788
6594 15 24 11319
6596 15 20 11349
6598 15 0 11640
6600 15 14 11500
6602 15 4 11762
6604 15 10 11507
6606 15 20 11285
6608 15 24 11439
6610 15 0 11728
6614 15 0 11504
6620 15 24 12191
6624 15 24 11431
6626 15 24 11447
6628 15 0 15120
6630 15 22 15294
6632 15 4 15338
6634 15 20 14789
6636 15 0 15208
6638 15 14 14724
6640 15 14 14836
6642 15 20 14837
6644 15 14 14700
6646 15 4 15042
6648 15 14 15100
6650 15 20 14373
6652 15 24 14679
6654 15 2 14889
6656 15 2 15057
6660 15 20 15117
6662 15 20 15349
6664 15 20 15181
6666 15 24 15103
6668 15 2 15265
6670 15 0 14504
6672 15 10 15195
6676 15 14 14436
6678 15 2 15105
6680 15 14 15060
6682 15 2 14353
6686 15 4 14698
6688 15 24 15167
6690 15 20 14429
6692 15 2 15081
6694 15 14 15196
6696 15 14 14908
6702 15 22 14486
6704 15 14 15252
6714 15 14 15156
6716 15 20 13101
6718 15 20 13205
6720 15 22 13238
6722 15 24 13191
6724 15 24 12431
6726 15 14 12460
6728 15 10 12739
6730 15 2 12745
6732 15 2 13297
6734 15 0 12480
6736 15 2 13273
6738 15 10 13275
6740 15 10 12675
6742 15 4 13170
6744 15 22 13198
6746 15 14 12804
6748 15 24 12951
6750 15 0 13240
6752 15 10 12619
6754 15 2 12441
6756 15 14 12868
6758 15 0 12344
6760 15 14 12668
6762 15 14 13044
6766 15 2 12801
6772 15 4 13202
6774 15 24 13223
6776 15 22 13302
6778 15 4 13354
6780 15 24 13327
6782 15 10 14179
6784 15 10 14187
6786 15 24 14159
6788 15 10 13947
6790 15 4 13594
6792 15 2 13737
6794 15 4 13738
6796 15 24 14087
6798 15 0 14328
6800 15 2 13457
6802 15 22 13518
6804 15 24 14287
6806 15 10 14315
6808 15 20 13653
6810 15 24 13847
6812 15 14 13500
6814 15 24 13823
6816 15 2 13697
6818 15 20 13365
6820 15 20 13573
6822 15 24 13439
6824 15 20 13333
6826 15 20 14165
6828 15 4 13930
6830 15 0 14248
6834 15 24 14295
6836 15 24 13743
6838 15 22 13758
6840 15 14 13628
6844 15 2 3377
6846 15 0 7936
6852 15 4 27650
6854 15 22 27726
6856 15 0 27664
6858 15 2 27681
6860 15 0 27656
6862 15 0 27696
6864 15 24 27687
6866 15 10 27659
6868 15 4 27730
6870 15 14 27724
6872 15 20 27709
