0 19 15 15702
2 19 22 10718
4 19 1 10312
6 19 2 10361
8 19 21 10705
10 19 22 11198
12 19 15 11254
14 19 3 11262
16 19 5 10975
18 19 10 10976
20 19 22 11078
22 19 16 10379
24 19 10 10424
26 19 5 10303
28 19 23 10335
30 19 23 10347
32 19 2 10457
34 19 22 10466
36 19 23 10467
38 19 5 10495
40 19 1 10636
42 19 5 10507
48 19 1 10468
50 19 2 10601
52 19 5 10603
54 19 5 10651
56 19 21 10693
58 19 16 10739
60 19 5 10855
62 19 21 11005
64 19 23 10563
66 19 10 10724
68 19 23 10395
70 19 1 10552
72 19 16 10331
74 19 22 10334
76 19 23 10635
78 19 16 10991
80 19 21 10909
82 19 5 10327
84 19 10 11036
86 19 5 10291
88 19 1 10516
92 19 1 10828
94 19 23 10647
96 19 20 10620
98 19 21 10621
100 19 22 10514
102 19 10 10784
104 19 22 11138
108 19 16 10343
110 19 21 10309
112 19 10 10364
114 19 2 10301
118 19 10 10388
120 19 23 10515
124 19 21 10801
126 19 23 10431
128 19 23 10743
130 19 21 10861
132 19 2 10289
134 19 1 10300
136 19 23 10311
138 19 16 10451
140 19 21 10333
142 19 11 10317
144 19 1 10624
146 19 21 10285
148 19 3 10506
150 19 20 10848
152 19 22 11114
156 19 15 10342
158 19 10 10304
160 19 21 10441
162 19 23 10503
164 19 15 10330
166 19 21 10825
168 19 10 10928
172 19 5 11167
174 19 11 10701
176 19 23 10455
178 19 11 10617
182 19 1 10744
190 19 23 10287
192 19 1 10444
194 19 11 10929
196 19 1 10936
198 19 11 11097
200 19 16 10307
202 19 15 10702
204 19 20 10296
206 19 5 10543
208 19 21 10561
210 19 1 10720
212 19 1 10804
216 19 15 10582
218 19 10 10640
220 19 20 10800
226 19 5 10399
230 19 15 10738
236 19 20 10704
242 19 16 10355
244 19 5 10411
258 19 2 10805
260 19 23 10863
262 19 23 10959
264 19 2 10997
266 19 15 11194
268 19 16 10367
276 19 20 10512
278 19 23 10551
280 19 11 10665
282 19 23 10407
284 19 23 10611
286 19 5 10723
288 19 10 10772
296 19 1 10564
298 19 1 10876
300 19 11 10905
302 19 15 10558
304 19 3 10722
306 19 23 11139
308 19 2 10505
310 19 5 10423
312 19 20 10608
314 19 23 10683
316 19 21 10369
320 19 15 10522
328 19 1 10408
330 19 5 10771
332 19 5 10519
334 19 21 10393
336 19 22 10394
338 19 15 10402
340 19 20 10488
344 19 2 10889
348 19 3 10398
350 19 2 10481
358 19 20 10644
360 19 3 10446
362 19 11 10857
364 19 23 11019
366 19 21 11221
380 19 22 10682
382 19 23 10719
386 19 22 10874
388 19 10 10676
390 19 1 10288
392 19 21 10465
394 19 22 10550
400 19 5 10471
404 19 5 10999
406 19 15 11038
412 19 20 10548
420 19 22 10382
422 19 1 11056
424 19 16 10703
432 19 16 10727
438 19 23 10359
440 19 20 10476
444 19 16 10751
446 19 1 10396
458 19 3 10650
460 19 15 10750
462 19 1 10900
464 19 10 11096
466 19 11 11133
468 19 5 11227
470 19 2 11249
478 19 21 11149
480 19 22 10370
482 19 11 10581
484 19 10 10760
486 19 21 11101
488 19 2 11105
490 19 15 11110
504 19 15 10618
506 19 15 10714
510 19 11 10305
512 19 10 10484
514 19 16 10439
516 19 22 10730
518 19 3 10374
520 19 23 10527
530 19 2 10325
532 19 22 10454
534 19 1 10432
536 19 22 10298
538 19 1 10492
540 19 16 10499
542 19 15 10510
544 19 1 10528
546 19 11 10689
548 19 15 10690
552 19 3 10818
554 19 23 10947
556 19 23 10995
560 19 10 11084
562 19 21 11137
578 19 2 11225
584 19 11 10677
586 19 15 11014
592 19 2 10673
598 19 16 10295
600 19 2 10313
602 19 21 10357
604 19 20 10428
606 19 2 10793
616 19 16 10427
620 19 10 10592
622 19 20 10668
626 19 10 10472
644 19 20 10752
650 19 16 11075
654 19 2 10733
656 19 2 10421
672 19 3 11058
678 19 2 10565
690 19 5 11215
692 19 22 11054
698 19 3 10638
700 19 16 10775
702 19 3 11214
706 19 1 11044
716 19 1 10984
718 19 23 10923
720 19 10 10856
726 19 2 10649
752 19 2 10349
754 19 22 10358
756 19 1 10672
758 19 23 11055
760 19 20 10764
772 19 5 11083
792 19 5 10831
800 19 5 10483
802 19 16 10487
804 19 10 10796
806 19 22 10826
808 19 10 10652
812 19 10 11144
814 19 5 11239
828 19 23 10575
832 19 3 10338
840 19 11 10653
842 19 1 10600
854 19 11 10341
856 19 3 10710
868 19 20 10860
870 19 11 10953
878 19 15 10474
880 19 20 10572
892 19 21 11077
902 19 21 10837
904 19 23 10971
906 19 11 10389
908 19 21 10345
912 19 22 10778
942 19 5 10363
952 19 22 10898
970 19 20 10380
982 19 21 10297
984 19 1 10384
986 19 10 10580
988 19 16 11087
990 19 16 10319
992 19 1 10696
1002 19 5 11191
1004 19 3 10422
1008 19 3 11190
1012 19 2 10469
1016 19 3 10362
1018 19 16 10955
1020 19 3 10758
1030 19 15 10630
1032 19 16 10643
1034 19 21 10657
1040 19 16 11171
1042 19 2 10385
1050 19 11 10497
1052 19 2 10709
1054 19 2 10721
1060 19 21 10957
1062 19 20 11076
1070 19 22 10982
1072 19 16 10475
1074 19 10 10544
1076 19 3 10626
1086 19 21 10789
1090 19 3 10926
1092 19 2 10949
1094 19 11 10965
1096 19 2 11045
1114 19 23 10875
1116 19 15 10978
1118 19 2 10685
1122 19 22 10502
1128 19 20 10920
1130 19 3 10830
1132 19 5 10435
1134 19 2 10517
1140 19 11 10893
1142 19 15 10942
1154 19 22 10706
1156 19 15 10762
1158 19 21 10765
1160 19 2 10577
1164 19 15 10294
1166 19 5 10627
1168 19 1 10924
1172 19 16 10547
1174 19 23 10479
1176 19 10 11012
1188 19 21 10969
1194 19 20 11040
1198 19 21 10873
1200 19 10 11108
1202 19 11 11109
1208 19 21 11065
1220 19 23 11127
1226 19 22 10886
1234 19 3 10614
1236 19 20 10968
1238 19 1 10504
1254 19 20 10440
1256 19 5 11035
1260 19 1 10780
1262 19 21 10633
1264 19 1 11116
1268 19 11 10917
1278 19 10 11216
1282 19 10 10688
1286 19 23 10899
1292 19 11 10461
1294 19 11 10437
1296 19 11 10545
1302 19 3 10302
1308 19 3 10698
1310 19 1 10816
1316 19 16 10391
1318 19 16 11123
1336 19 2 11033
1338 19 23 10779
1340 19 2 11189
1372 19 20 10392
1380 19 1 10768
1396 19 21 10525
1418 19 5 10531
1420 19 20 10560
1448 19 2 10769
1458 19 21 10741
1486 19 5 10999
1492 19 10 10532
1498 19 2 10493
1502 19 11 10509
1504 19 23 10359
1514 19 16 10523
1530 19 11 10449
1534 19 10 10568
1538 19 3 10290
1550 19 23 11115
1560 19 21 10585
1562 19 20 10656
1568 19 22 10790
1582 19 10 10820
1584 19 16 10559
1596 19 2 11141
1606 19 10 10520
1614 19 5 10675
1618 19 2 10757
1620 19 2 10865
1642 19 22 11234
1646 19 5 10711
1648 19 21 10453
1656 19 3 10794
1658 19 5 11143
1682 19 1 10888
1684 19 22 11042
1710 19 16 10595
1712 19 11 10941
1724 19 20 10740
1736 19 16 10835
1738 19 16 10655
1748 19 3 10962
1756 19 16 10979
1758 19 15 10990
1760 19 22 11018
1762 19 21 11209
1764 19 15 10306
1770 19 1 11104
1774 19 2 11213
1806 19 23 10611
1810 19 15 11146
1812 19 10 11156
1838 19 15 10318
1852 19 16 11243
1854 19 23 10299
1872 19 5 10687
1874 19 3 10746
1878 19 23 11235
1884 19 3 10590
1890 19 2 10937
1900 19 3 10494
1904 19 20 10824
1914 19 22 10346
1916 19 16 10535
1918 19 20 10632
1926 19 23 10995
1934 19 11 10401
1942 19 16 11027
1956 19 3 10410
1958 19 10 10604
1964 19 22 10670
1966 19 23 10731
2006 19 15 10726
2012 19 23 10743
2030 19 5 10963
2040 19 10 11060
2046 19 10 11180
2048 19 16 11183
2052 19 2 11237
2060 19 11 10485
2062 19 20 10788
2064 19 16 10607
2070 19 11 10809
2094 19 16 10463
2136 19 3 10854
2146 19 3 11010
2166 19 2 10409
2170 19 22 10934
2184 19 5 11095
2188 19 21 10645
2202 19 3 10938
2216 19 16 10403
2230 19 23 10623
2232 19 16 10679
2272 19 21 11053
2274 19 3 11250
2300 19 1 10648
2302 19 23 11103
2318 19 22 10322
2320 19 20 10776
2350 19 22 10286
2356 19 22 10754
2358 19 22 11030
2370 19 22 10766
2378 19 3 10314
2384 19 5 10663
2420 19 15 10462
2422 19 16 11147
2424 19 11 10377
2428 19 3 10950
2430 19 1 10960
2432 19 10 10316
2438 19 22 10994
2440 19 1 11080
2448 19 20 10680
2454 19 3 10518
2470 19 11 10761
2476 19 22 11258
2478 19 1 11260
2480 19 15 10570
2482 19 16 10571
2484 19 23 11031
2488 19 5 10759
2500 19 21 10885
2506 19 11 11013
2558 19 3 10458
2564 19 10 10904
2638 19 3 10530
2646 19 15 10858
2652 19 3 10974
2654 19 2 10397
2662 19 3 10902
2666 19 10 10892
2704 19 20 10524
2734 19 5 10843
2738 19 11 11145
2746 19 23 10527
2750 19 16 10907
2764 19 22 10646
2790 19 15 10438
2792 19 11 10605
2816 19 15 10930
2838 19 5 10567
2842 19 23 10755
2844 19 22 11102
2846 19 2 11057
2860 19 11 10425
2864 19 5 10639
2868 19 23 10851
2870 19 23 11043
2878 19 16 10967
2892 19 10 10664
2900 19 5 10735
2922 19 5 10975
2924 19 10 10976
2952 19 16 11039
2958 19 10 10400
2960 19 10 10460
2998 19 2 10829
3006 19 2 10589
3010 19 21 10753
3058 19 16 10715
3060 19 16 10763
3070 19 11 10533
3072 19 23 10563
3084 19 10 11168
3086 19 16 11219
3090 19 22 10634
3104 19 5 10699
3110 19 20 10320
3118 19 1 10420
3140 19 23 10491
3142 19 1 10576
3144 19 5 10891
3146 19 16 10487
3148 19 21 10489
3150 19 22 10490
3152 19 15 10810
3154 19 2 11117
3156 19 16 11171
3164 19 10 10712
3174 19 5 10747
3176 19 15 11294
3178 19 23 11275
3180 19 23 11335
3182 19 16 11283
3184 19 16 11355
3186 19 20 11284
3192 19 2 11397
3194 19 1 11264
3196 19 3 11446
3198 19 3 11338
3200 19 22 11298
3202 19 23 11299
3204 19 1 11372
3206 19 11 11605
3210 19 2 11445
3212 19 21 11417
3214 19 23 11443
3216 19 22 11982
3218 19 23 11983
3220 19 20 11416
3224 19 1 11456
3234 19 3 11278
3236 19 5 11363
3240 19 23 11539
3242 19 2 11541
3244 19 10 11568
3246 19 10 11580
3248 19 16 11583
3258 19 21 11297
3260 19 2 11301
3262 19 5 11303
3264 19 20 11392
3270 19 20 11464
3272 19 5 11519
3274 19 5 11279
3276 19 1 11528
3278 19 22 11634
3280 19 16 11271
3284 19 23 11323
3290 19 22 11418
3292 19 22 11442
3294 19 11 11641
3296 19 5 11435
3298 19 20 11668
3300 19 16 11619
3302 19 1 11396
3304 19 11 11461
3308 19 23 11755
3310 19 2 11529
3312 19 20 11548
3314 19 5 11339
3320 19 16 11523
3322 19 3 11578
3324 19 3 11590
3330 19 11 11485
3334 19 23 11395
3338 19 20 11476
3342 19 21 11801
3344 19 5 11903
3346 19 20 11740
3348 19 22 11382
3352 19 23 11659
3354 19 1 11348
3356 19 23 11359
3358 19 2 11841
3360 19 3 11314
3364 19 16 11487
3368 19 3 11482
3370 19 5 11483
3372 19 15 11522
3374 19 3 11614
3376 19 23 12091
3378 19 15 12170
3380 19 3 11542
3382 19 10 11676
3384 19 5 11495
3386 19 5 11699
3388 19 23 11863
3390 19 2 12117
3392 19 16 11391
3394 19 15 11834
3398 19 1 11600
3404 19 10 11532
3408 19 21 11573
3410 19 23 11743
3412 19 20 11572
3414 19 1 11864
3416 19 2 11421
3418 19 15 11654
3426 19 16 11823
3428 19 15 11282
3430 19 10 11328
3432 19 2 11385
3436 19 20 11452
3438 19 10 11472
3440 19 1 11504
3450 19 11 11593
3452 19 11 11617
3454 19 10 11628
3456 19 5 11639
3458 19 22 11670
3460 19 22 11802
3464 19 16 11883
3466 19 2 11901
3468 19 1 11912
3470 19 2 11937
3472 19 3 11998
3474 19 21 12005
3476 19 22 12006
3478 19 11 12013
3480 19 2 12045
3482 19 15 12098
3484 19 10 12120
3486 19 15 12134
3488 19 1 12248
3490 19 16 12267
3492 19 10 11748
3494 19 16 11895
3496 19 5 11351
3504 19 11 11761
3506 19 1 11480
3508 19 16 11319
3510 19 11 11269
3512 19 16 11307
3514 19 21 11309
3516 19 15 11690
3518 19 3 11374
3520 19 1 11636
3522 19 11 11905
3526 19 10 11400
3532 19 11 11569
3534 19 2 11577
3542 19 3 11830
3544 19 1 12008
3546 19 22 11766
3558 19 1 11876
3560 19 1 11588
3562 19 15 11954
3564 19 23 11935
3566 19 5 11399
3576 19 22 11826
3580 19 15 11594
3582 19 11 11821
3598 19 16 11403
3600 19 21 12017
3602 19 22 12018
3606 19 20 12016
3614 19 20 11368
3616 19 15 11930
3618 19 20 11788
3622 19 10 11460
3624 19 15 11342
3626 19 3 11530
3628 19 5 12059
3630 19 15 12158
3640 19 20 12028
3642 19 10 11316
3644 19 3 11926
3646 19 1 12032
3648 19 21 11537
3650 19 10 11604
3652 19 2 11661
3654 19 21 11993
3664 19 16 11595
3672 19 3 12046
3674 19 22 11850
3680 19 11 11737
3682 19 10 11796
3684 19 15 11882
3686 19 1 11336
3688 19 5 11615
3690 19 10 11916
3692 19 16 11295
3696 19 1 11468
3708 19 20 11944
3714 19 23 11371
3716 19 21 11909
3728 19 23 11695
3748 19 1 11420
3752 19 16 11499
3754 19 22 11502
3766 19 5 11507
3772 19 23 11647
3776 19 1 11408
3778 19 21 11705
3780 19 5 11711
3782 19 10 11712
3784 19 23 11731
3786 19 22 11742
3798 19 23 11503
3800 19 15 11486
3804 19 23 11707
3806 19 5 12023
3808 19 15 12206
3812 19 1 11708
3816 19 11 12205
3818 19 15 11666
3822 19 5 11687
3828 19 20 12112
3830 19 10 12144
3836 19 1 12092
3838 19 21 11921
3840 19 20 11536
3844 19 21 11621
3846 19 2 11673
3850 19 15 11630
3852 19 3 11410
3854 19 16 11715
3866 19 5 12191
3870 19 22 11958
3872 19 15 11714
3874 19 23 11407
3876 19 23 12271
3880 19 2 11685
3882 19 2 11745
3886 19 15 12026
3898 19 1 11672
3900 19 16 11451
3902 19 22 12610
3904 19 10 12316
3906 19 3 12914
3908 19 23 12359
3910 19 15 12318
3912 19 15 12330
3914 19 3 12338
3916 19 5 12351
3918 19 22 12442
3920 19 15 12474
3930 19 23 2995
3934 19 22 8150
3936 19 1 7936
3946 19 11 22581
3948 19 16 23063
3950 19 5 23215
3952 19 20 23268
3956 19 20 22668
3958 19 2 22709
3960 19 23 22743
3962 19 10 22796
3964 19 11 22797
3966 19 23 22923
3968 19 10 22928
3970 19 20 23088
3972 19 16 23111
3974 19 15 23134
3976 19 21 23185
3980 19 20 23316
3982 19 20 23352
3984 19 11 23361
3986 19 16 23531
3988 19 11 22653
3990 19 21 22801
3992 19 15 23446
3994 19 3 23526
3996 19 20 23064
3998 19 11 22953
4000 19 22 23006
4002 19 10 23048
4004 19 2 23225
4006 19 11 23313
4008 19 1 23320
4010 19 11 23421
4012 19 23 23499
4014 19 21 22777
4028 19 21 23221
4032 19 20 23376
4034 19 10 23480
4036 19 5 23419
4038 19 11 23193
4040 19 10 22736
4042 19 2 22865
4044 19 21 23005
4046 19 10 22676
4050 19 3 22998
4054 19 16 23411
4056 19 16 23423
4058 19 23 23427
4060 19 21 23485
4062 19 15 22774
4072 19 21 22645
4084 19 3 23022
4086 19 15 23122
4088 19 15 22582
4090 19 1 22588
4092 19 5 22999
4094 19 3 22974
4096 19 15 22990
4098 19 2 23429
4100 19 5 22651
4102 19 1 22708
4104 19 22 23414
4106 19 11 23493
4118 19 5 22903
4122 19 3 22926
4126 19 3 23010
4128 19 21 23041
4130 19 16 23051
4132 19 5 23191
4136 19 5 23359
4142 19 16 22535
4144 19 22 22766
4146 19 22 22802
4152 19 11 23025
4160 19 11 22809
4162 19 2 22901
4166 19 2 22961
4170 19 11 23217
4172 19 15 23290
4174 19 21 23329
4176 19 2 23501
4190 19 21 23197
4192 19 1 23416
4198 19 20 23496
4200 19 23 22659
4208 19 22 23498
4212 19 16 22787
4220 19 20 23136
4228 19 15 22870
4230 19 20 23040
4240 19 2 23213
4244 19 10 23264
4248 19 1 23392
4250 19 10 23408
4254 19 16 22751
4256 19 5 22555
4258 19 11 22617
4266 19 3 22794
4272 19 20 23076
4288 19 2 22637
4290 19 21 22933
4292 19 1 22984
4294 19 16 23207
4296 19 21 23269
4298 19 23 23415
4300 19 20 23460
4302 19 16 23471
4304 19 3 23046
4306 19 1 22552
4308 19 11 22569
4310 19 3 22806
4312 19 3 22818
4314 19 22 23390
4318 19 20 23016
4322 19 10 22820
4324 19 1 22960
4326 19 2 23333
4328 19 16 22919
4332 19 2 23165
4334 19 2 23189
4338 19 23 23211
4340 19 20 23220
4342 19 20 22908
4346 19 16 23171
4348 19 11 23373
4350 19 23 23403
4354 19 11 22677
4356 19 5 22579
4358 19 21 22633
4360 19 20 23328
4362 19 3 23514
4364 19 22 23222
4372 19 11 22821
4374 19 21 22861
4382 19 3 23226
4386 19 3 23334
4414 19 21 22789
4416 19 3 22854
4418 19 16 22883
4420 19 5 23047
4426 19 1 23344
4428 19 2 23393
4430 19 22 23402
4432 19 21 23449
4434 19 23 23331
4436 19 10 22616
4446 19 3 22530
4448 19 3 23118
4450 19 10 22880
4452 19 23 22899
4454 19 15 22930
4464 19 2 22853
4476 19 1 23152
4478 19 11 23265
4480 19 5 22615
4494 19 11 22689
4496 19 22 23378
4498 19 11 22785
4500 19 2 22793
4502 19 15 23014
4504 19 5 23551
4516 19 20 23544
4518 19 5 22723
4522 19 22 23510
4524 19 2 22745
4526 19 16 22991
4528 19 20 22536
4534 19 15 23386
4538 19 16 22715
4542 19 23 22755
4548 19 11 22869
4550 19 15 23038
4552 19 2 23249
4570 19 22 23162
4582 19 20 23148
4586 19 16 22955
4588 19 15 22642
4640 19 20 22956
4642 19 23 23283
4644 19 23 22587
4656 19 16 23483
4660 19 22 23522
4664 19 21 23053
4666 19 21 23173
4668 19 16 23327
4680 19 11 23277
4682 19 16 23351
4694 19 15 22594
4698 19 23 22851
4700 19 16 23243
4702 19 1 23296
4714 19 20 22884
4716 19 3 23274
4722 19 15 22954
4728 19 3 23442
4732 19 15 23398
4734 19 1 23440
4742 19 5 22879
4764 19 22 22934
4766 19 23 23079
4768 19 5 23143
4770 19 21 23161
4774 19 10 23468
4776 19 5 23503
4778 19 5 22543
4780 19 3 22566
4784 19 23 23511
4788 19 2 23453
4790 19 20 22548
4792 19 21 22669
4804 19 23 23379
4806 19 2 23477
4828 19 16 22631
4830 19 3 23106
4838 19 5 23275
4846 19 15 22570
4848 19 20 22824
4850 19 21 22837
4852 19 20 22860
4856 19 15 23170
4862 19 20 22776
4864 19 5 23155
4866 19 1 22540
4876 19 15 23434
4880 19 22 22682
4882 19 2 22685
4884 19 15 23242
4890 19 5 23023
4892 19 23 23067
4896 19 5 23011
4908 19 16 22823
4910 19 20 23340
4912 19 20 22596
4924 19 1 23104
4926 19 2 22565
4928 19 2 23021
4930 19 3 22782
4932 19 16 22967
4936 19 23 22563
4938 19 20 22572
4940 19 16 23027
4942 19 15 23182
4944 19 10 23384
4946 19 11 22545
4948 19 2 22889
4952 19 23 23223
4958 19 22 22994
5014 19 21 23317
5016 19 5 22927
5018 19 20 22680
5020 19 21 23425
5036 19 22 22790
5038 19 11 22833
5042 19 21 23245
5044 19 22 23450
5052 19 1 22816
5054 19 21 23017
5058 19 15 23146
5062 19 5 23299
5072 19 23 22539
5074 19 15 22714
5084 19 10 23036
5110 19 15 23206
5116 19 10 22604
5118 19 10 22760
5120 19 1 22780
5124 19 11 23253
5126 19 5 23323
5130 19 10 23420
5132 19 10 22688
5138 19 21 23257
5142 19 15 23338
5152 19 23 22683
5158 19 1 22996
5202 19 3 23538
5204 19 5 23539
5206 19 11 22701
5208 19 21 23509
5220 19 11 23457
5238 19 10 22724
5246 19 21 22813
5248 19 2 23525
5250 19 2 22541
5260 19 22 23018
5266 19 21 22849
5268 19 11 23469
5276 19 16 23147
5278 19 11 23481
5282 19 3 23166
5288 19 22 23474
5290 19 5 23491
5294 19 16 23075
5296 19 11 22605
5306 19 20 23208
5310 19 10 22832
5312 19 3 22986
5326 19 11 23397
5344 19 2 23501
5348 19 5 23251
5356 19 2 22841
5364 19 16 22931
5366 19 22 23126
5368 19 22 23294
5380 19 22 22550
5382 19 1 22612
5384 19 1 23176
5390 19 22 23186
5392 19 3 22542
5396 19 3 22890
5406 19 20 23280
5432 19 15 22846
5448 19 20 23532
5478 19 16 23303
5486 19 22 22826
5488 19 16 22847
5490 19 21 22861
5494 19 10 22976
5496 19 5 22987
5500 19 15 23278
5504 19 20 23388
5506 19 21 23389
5508 19 1 23404
5510 19 2 23549
5532 19 20 23172
5534 19 3 23430
5562 19 16 22571
5564 19 1 23272
5566 19 10 22652
5568 19 23 22839
5570 19 15 23374
5572 19 15 23542
5582 19 23 22779
5596 19 20 22932
5606 19 2 23537
5610 19 22 23318
5620 19 1 22732
5634 19 16 22547
5636 19 11 23121
5646 19 10 23084
5660 19 21 22717
5664 19 15 23050
5668 19 21 23305
5670 19 1 23380
5696 19 20 23436
5698 19 2 23285
5702 19 11 23085
5704 19 5 22531
5710 19 3 23466
5716 19 16 22895
5718 19 1 23128
5722 19 2 22649
5728 19 11 22929
5730 19 15 22978
5732 19 2 23081
5754 19 15 23314
5768 19 5 22735
5784 19 16 22643
5790 19 5 22939
5792 19 22 23078
5794 19 22 23486
5812 19 22 22670
5814 19 15 22726
5824 19 10 22988
5826 19 1 23080
5830 19 16 22583
5834 19 10 22664
5842 19 2 22757
5844 19 21 23089
5852 19 15 23098
5860 19 1 23032
5862 19 2 23033
5872 19 15 22558
5878 19 1 22972
5890 19 5 22807
5892 19 21 22957
5916 19 11 23529
5920 19 5 23119
5922 19 11 23181
5934 19 20 23244
5938 19 20 23052
5942 19 16 22703
5948 19 2 22817
5950 19 15 22858
5952 19 15 23422
5954 19 1 22540
5974 19 10 22604
5990 19 10 22904
6000 19 15 22630
6010 19 10 22844
6024 19 5 23383
6030 19 15 22654
6080 19 20 23472
6092 19 23 23343
6096 19 11 22725
6098 19 23 22935
6100 19 22 23030
6102 19 22 23174
6104 19 23 23175
6106 19 21 23353
6108 19 11 23505
6110 19 21 22657
6148 19 15 22798
6158 19 23 23487
6168 19 15 23218
6172 19 23 23259
6174 19 15 22882
6176 19 3 23214
6216 19 10 23312
6218 19 16 23387
6226 19 23 22875
6228 19 16 23063
6230 19 23 23199
6244 19 2 23417
6260 19 5 22711
6262 19 21 22741
6274 19 10 22532
6296 19 23 22827
6298 19 11 23337
6302 19 5 22603
6316 19 22 23426
6350 19 1 22936
6364 19 16 22619
6366 19 3 22674
6368 19 10 23396
6370 19 15 23086
6372 19 3 22614
6378 19 1 22828
6398 19 10 23372
6408 19 20 23004
6412 19 2 23381
6432 19 20 23292
6434 19 5 23467
6478 19 16 22859
6506 19 10 23144
6516 19 11 22857
6524 19 21 23029
6542 19 10 23432
6544 19 1 22636
6568 19 16 22691
6570 19 22 23258
6574 19 23 23523
6586 19 11 22665
6594 19 11 23229
6596 19 10 22712
6598 19 11 23301
6600 19 23 22767
6636 19 20 23232
6644 19 11 23325
6646 19 5 22615
6654 19 23 23535
6664 19 20 23400
6692 19 1 23236
6694 19 23 23247
6696 19 21 23545
6738 19 10 23120
6790 19 22 22646
6798 19 15 22918
6800 19 23 23007
6832 19 10 23156
6834 19 2 23201
6846 19 21 22909
6852 19 21 23053
6854 19 15 23062
6874 19 1 23464
6878 19 20 22560
6884 19 21 22945
6922 19 15 23362
6938 19 2 22805
6940 19 1 23248
6946 19 3 22878
6980 19 22 22610
6986 19 22 22982
7016 19 22 22946
7018 19 21 23413
7022 19 5 22699
7026 19 23 23439
7028 19 16 23447
7048 19 1 23428
7064 19 20 22620
7082 19 16 23183
7084 19 1 22672
7086 19 11 23445
7088 19 15 23506
7106 19 22 23210
7126 19 20 22800
7142 19 21 22573
7146 19 20 22692
7174 19 16 23399
7182 19 5 22915
7186 19 10 22700
7196 19 22 22874
7200 19 22 22910
7218 19 16 22799
7226 19 15 22786
7240 19 20 22908
7242 19 23 22911
7246 19 23 22983
7248 19 21 23113
7256 19 1 23500
7286 19 2 22673
7356 19 5 22759
7382 19 23 22659
7384 19 20 22788
7392 19 20 23256
7444 19 21 23221
7458 19 21 22729
7460 19 22 22634
7486 19 21 23161
7520 19 22 22730
7524 19 1 22912
7526 19 11 23373
7530 19 22 23018
7552 19 1 22648
7580 19 10 23132
7586 19 20 23436
7588 19 23 22719
7650 19 11 23181
7662 19 22 22802
7664 19 15 22606
7686 19 22 22826
7688 19 21 22861
7708 19 3 22590
7734 19 21 23245
7762 19 23 22947
7822 19 5 23515
7836 19 21 22705
7838 19 21 23341
7840 19 11 23541
7848 19 10 23360
7864 19 11 22557
7866 19 2 22937
7894 19 15 23230
7918 19 21 22873
7922 19 23 23115
7930 19 5 23299
7954 19 23 23091
7956 19 21 23137
7962 19 5 22975
8004 19 10 23252
8008 19 15 23458
8010 19 1 23548
8080 19 5 22819
8082 19 22 22922
8090 19 16 22979
8150 19 20 23424
8152 19 21 23497
8176 19 2 23477
8184 19 5 22531
8188 19 3 22842
8200 19 1 22756
8256 19 11 22581
8272 19 15 23110
8274 19 10 22952
8276 19 1 22924
8310 19 10 22748
8312 19 11 22749
8314 19 15 22966
8352 19 23 22995
8378 19 3 22602
8448 19 5 23179
8450 19 21 22561
8472 19 15 22534
8484 19 16 23171
8498 19 15 23434
8510 19 10 23072
8536 19 2 22781
8544 19 11 22629
8566 19 16 22727
8580 19 20 22572
8582 19 16 23039
8586 19 5 23263
8588 19 22 23282
8590 19 16 23423
8594 19 15 23194
8602 19 21 22669
8610 19 22 23054
8614 19 15 22546
8620 19 3 22854
8650 19 2 23501
8666 19 22 23198
8672 19 21 22537
8674 19 22 23354
8676 19 23 22803
8704 19 15 23122
8712 19 10 23300
8784 19 15 22954
8794 19 11 23409
8812 19 22 23234
8816 19 1 22540
8822 19 5 22843
8824 19 11 23517
8826 19 10 22580
8872 19 22 23294
8876 19 3 23202
8878 19 15 22594
8880 19 1 23332
8890 19 22 23330
8894 19 1 22564
8896 19 20 23208
8902 19 5 23407
8950 19 15 23338
9006 19 3 23454
9020 19 16 23123
9024 19 5 22663
9026 19 20 22752
9070 19 21 23293
9074 19 11 22965
9118 19 22 22898
9148 19 15 22702
9222 19 23 23355
9224 19 20 23448
9246 19 5 23491
9248 19 3 22770
9252 19 5 23287
9302 19 3 22662
9304 19 11 17473
9306 19 22 17550
9308 19 11 17569
9310 19 22 17658
9312 19 22 17814
9314 19 2 17829
9316 19 10 18096
9318 19 5 18299
9320 19 23 17503
9324 19 3 17638
9326 19 16 17847
9328 19 16 18219
9330 19 2 18021
9332 19 11 17941
9334 19 16 17607
9336 19 20 17920
9340 19 10 17892
9342 19 15 18218
9344 19 11 17593
9346 19 5 18227
9348 19 20 17632
9350 19 5 17687
9352 19 20 17776
9354 19 21 17921
9356 19 10 18060
9360 19 3 17974
9364 19 16 17775
9366 19 10 18024
9368 19 16 18399
9370 19 21 18269
9372 19 16 18183
9378 19 1 17852
9382 19 2 17577
9384 19 22 17754
9386 19 23 17755
9388 19 11 17797
9390 19 11 17677
9396 19 20 18088
9400 19 3 17578
9404 19 5 18047
9406 19 16 17547
9408 19 5 17843
9412 19 20 17596
9414 19 20 17644
9416 19 11 17701
9418 19 20 17836
9420 19 16 18267
9422 19 21 18317
9424 19 5 17975
9426 19 3 17590
9428 19 5 17603
9430 19 23 17707
9434 19 10 17820
9436 19 20 18244
9438 19 10 17436
9440 19 10 17544
9450 19 22 17766
9458 19 3 18058
9462 19 2 18069
9464 19 5 18155
9466 19 22 18162
9468 19 3 17962
9470 19 23 18091
9472 19 1 18092
9474 19 11 18385
9476 19 23 18151
9478 19 23 17467
9488 19 23 17731
9494 19 2 18333
9496 19 16 17871
9498 19 21 18125
9500 19 20 18400
9502 19 16 17559
9504 19 23 17563
9506 19 21 17729
9508 19 10 17844
9510 19 22 18186
9514 19 3 18130
9536 19 20 18112
9538 19 21 18209
9540 19 10 17520
9542 19 5 18275
9544 19 3 18298
9546 19 11 18361
9554 19 23 18415
9556 19 10 17580
9560 19 5 17699
9562 19 23 18139
9564 19 3 17770
9568 19 15 17690
9572 19 2 17697
9574 19 15 18122
9584 19 5 17639
9586 19 16 17763
9588 19 5 18083
9590 19 3 18010
9594 19 15 17786
9596 19 1 17444
9598 19 23 17455
9602 19 11 18133
9604 19 20 17452
9606 19 21 17537
9608 19 22 17862
9610 19 23 17887
9614 19 3 17986
9616 19 22 18138
9618 19 3 18226
9622 19 16 17571
9636 19 5 17927
9638 19 10 18108
9640 19 1 18128
9644 19 2 17985
9660 19 21 18089
9662 19 11 17437
9666 19 1 17792
9668 19 11 18121
9672 19 5 18251
9676 19 22 17466
9684 19 5 17855
9686 19 10 17916
9690 19 21 18077
9692 19 21 18113
9694 19 10 18132
9698 19 10 18252
9700 19 20 18268
9702 19 10 18288
9704 19 10 18384
9706 19 5 18419
9714 19 22 17574
9716 19 3 17746
9722 19 3 18346
9724 19 21 17597
9726 19 10 17868
9730 19 10 17976
9732 19 1 17516
9746 19 11 18025
9748 19 21 17573
9750 19 20 17608
9752 19 3 17926
9754 19 21 17993
9756 19 23 17635
9758 19 15 17702
9760 19 23 17779
9762 19 15 17834
9768 19 11 17557
9770 19 16 18279
9780 19 11 18037
9796 19 16 17811
9798 19 11 18001
9812 19 3 17890
9814 19 2 18345
9818 19 1 18344
9834 19 16 17439
9842 19 15 18410
9850 19 23 17659
9864 19 15 17558
9870 19 21 17981
9872 19 5 18011
9874 19 5 18059
9876 19 1 18164
9884 19 21 17417
9888 19 20 18340
9902 19 5 18407
9920 19 10 17700
9922 19 3 17854
9928 19 23 17599
9930 19 10 17796
9932 19 16 17823
9940 19 16 17667
9972 19 10 17928
9976 19 1 18044
9978 19 11 17521
9980 19 20 17536
9982 19 5 17723
9984 19 23 17827
9986 19 5 17963
9988 19 1 18296
9994 19 22 17586
10000 19 23 18343
10008 19 16 18159
10012 19 15 17930
10014 19 3 17626
10024 19 3 17878
10026 19 5 17951
10040 19 3 17530
10042 19 21 17489
10064 19 5 17591
10066 19 2 18165
10090 19 16 18099
10106 19 22 18282
10110 19 10 17496
10112 19 2 18033
10114 19 21 18005
10120 19 2 18297
10122 19 22 18390
10140 19 2 17661
10144 19 3 17938
10168 19 5 18287
10170 19 10 18336
10176 19 21 17813
10190 19 15 17414
10206 19 2 17805
10210 19 22 17694
10212 19 11 17905
10218 19 3 18286
10240 19 20 17728
10244 19 20 17956
10250 19 15 17450
10256 19 5 17783
10262 19 3 18250
10266 19 22 18114
10290 19 22 18174
10302 19 20 17524
10310 19 5 17747
10312 19 2 18081
10314 19 15 18302
10324 19 5 18023
10328 19 22 18066
10332 19 20 18208
10334 19 1 18260
10338 19 23 18223
10366 19 22 18102
10398 19 2 17541
10410 19 22 17646
10412 19 15 17678
10414 19 2 17553
10420 19 10 18216
10424 19 20 18016
10442 19 1 17768
10466 19 20 17440
10470 19 1 18116
10474 19 15 18098
10476 19 16 17499
10484 19 11 18049
10496 19 11 17629
10498 19 20 17788
10508 19 15 18182
10510 19 20 17560
10512 19 22 17994
10528 19 20 18028
10530 19 15 18218
10540 19 21 17465
10550 19 21 17669
10552 19 21 17621
10564 19 16 18315
10568 19 21 17693
10572 19 22 18078
10594 19 20 18148
10622 19 15 18398
10624 19 16 18255
10628 19 1 18332
10632 19 22 18018
10652 19 2 18201
10654 19 21 17645
10670 19 20 18376
10684 19 2 17481
10686 19 3 17698
10692 19 15 18170
10698 19 1 17864
10700 19 22 18354
10702 19 5 17411
10728 19 20 18424
10730 19 5 18347
10742 19 2 18417
10774 19 22 17418
10810 19 23 18355
10812 19 11 17965
10866 19 22 18294
10868 19 22 18210
10908 19 10 17736
10912 19 11 17821
10918 19 5 17795
10922 19 20 17944
10930 19 21 17549
10934 19 1 17888
10936 19 10 18144
10938 19 21 18413
10942 19 15 18290
10944 19 16 18411
10956 19 23 17419
10962 19 22 18246
10966 19 23 17947
10972 19 21 17861
10978 19 23 18163
10980 19 16 18003
10998 19 2 17853
11010 19 15 18194
11026 19 23 17863
11048 19 21 17969
11056 19 1 17840
11058 19 3 18418
11098 19 11 18337
11152 19 10 17676
11154 19 2 17709
11158 19 1 17552
11194 19 16 17907
11196 19 2 17961
11212 19 16 17859
11226 19 3 18430
11258 19 15 17474
11260 19 3 17494
11262 19 21 17849
11272 19 5 17435
11280 19 1 18200
11306 19 23 17575
11308 19 15 17630
11310 19 1 17804
11326 19 16 18075
11330 19 3 17842
11332 19 1 18236
11344 19 21 18365
11346 19 22 17682
11358 19 2 17937
11360 19 21 17945
11370 19 15 16714
11372 19 10 16520
11374 19 5 16531
11376 19 15 16726
11378 19 22 16790
11380 19 22 16838
11382 19 23 16863
11384 19 16 16907
11386 19 5 16963
11388 19 2 17117
11390 19 23 17211
11392 19 2 17225
11394 19 21 17389
11396 19 5 16927
11406 19 3 16986
11410 19 15 16510
11412 19 1 16744
11414 19 23 17067
11416 19 10 17228
11418 19 1 16456
11420 19 21 16801
11422 19 21 17329
11424 19 2 16625
11430 19 3 17118
11434 19 21 16633
11436 19 5 17359
11438 19 15 16870
11442 19 16 16679
11446 19 11 16821
11448 19 5 17239
11452 19 3 17358
11462 19 2 17009
11464 19 15 16678
11466 19 1 16672
11468 19 11 16485
11470 19 20 17208
11476 19 1 16648
11480 19 16 16475
11484 19 22 16550
11492 19 21 16837
11500 19 2 16961
11504 19 22 16994
11506 19 21 17041
11508 19 11 17181
11510 19 23 17271
11514 19 10 17396
11516 19 16 16619
11518 19 10 16532
11522 19 15 16882
11524 19 15 16930
11526 19 11 17397
11536 19 1 16444
11540 19 23 17163
11542 19 2 17297
11546 19 23 16887
11548 19 15 17038
11554 19 3 16386
11556 19 23 16851
11558 19 2 16925
11562 19 1 16612
11564 19 23 16995
11566 19 22 17018
11568 19 2 17129
11570 19 11 16545
11572 19 16 17159
11574 19 21 16825
11580 19 20 16680
11586 19 22 16922
11588 19 20 17232
11596 19 5 16759
11600 19 5 16387
11602 19 5 17383
11608 19 23 16743
11612 19 11 17145
11614 19 16 16787
11618 19 10 16976
11620 19 5 17287
11622 19 1 16576
11624 19 5 17371
11626 19 23 16815
11630 19 11 16845
11636 19 10 17300
11640 19 15 16738
11644 19 23 16671
11648 19 15 17398
11666 19 5 17203
11678 19 16 17195
11680 19 11 16713
11682 19 2 16805
11690 19 5 17323
11692 19 21 17365
11694 19 10 16940
11698 19 23 16707
11700 19 21 16717
11704 19 16 17099
11706 19 16 16991
11708 19 21 16813
11710 19 21 16525
11720 19 5 16435
11722 19 11 16569
11726 19 20 16584
11728 19 16 17279
11730 19 23 17031
11732 19 10 16568
11734 19 1 16636
11736 19 3 16662
11738 19 23 17175
11740 19 3 17190
11742 19 20 17268
11746 19 23 16899
11748 19 1 16924
11756 19 21 16873
11762 19 11 17229
11766 19 10 16472
11776 19 21 16681
11778 19 3 17142
11782 19 16 16439
11784 19 11 16449
11786 19 1 17080
11792 19 1 17308
11810 19 10 17204
11838 19 23 16791
11840 19 3 16494
11842 19 3 17202
11846 19 21 16441
11850 19 20 16488
11862 19 3 16530
11872 19 3 17034
11874 19 22 17126
11886 19 23 17055
11888 19 20 16560
11890 19 2 16613
11892 19 22 16718
11896 19 11 16797
11904 19 11 17097
11914 19 5 16747
11926 19 22 16694
11948 19 22 17090
11952 19 16 17375
11956 19 3 17298
11962 19 15 16990
11964 19 15 17338
11966 19 3 16698
11968 19 5 16699
11974 19 16 16883
11976 19 3 16902
11978 19 21 16921
11980 19 20 17052
11982 19 10 17168
11984 19 21 17305
12000 19 15 17134
12004 19 5 16711
12006 19 11 16833
12010 19 2 17105
12012 19 15 17158
12058 19 16 16871
12060 19 23 16875
12062 19 16 16655
12064 19 23 16779
12084 19 11 17265
12096 19 3 16650
12098 19 5 17071
12100 19 2 16937
12110 19 23 16695
12124 19 16 16919
12128 19 21 16429
12134 19 2 16697
12140 19 20 17088
12160 19 22 16598
12164 19 16 16859
12166 19 2 16409
12168 19 16 16535
12174 19 3 17322
12176 19 2 17345
12178 19 22 16646
12184 19 11 16989
12188 19 10 16616
12204 19 22 17030
12208 19 2 16385
12232 19 10 17324
12234 19 23 17223
12238 19 11 16557
12242 19 23 16971
12246 19 3 17286
12272 19 23 17355
12276 19 21 16513
12280 19 10 17084
12292 19 3 16926
12304 19 20 17016
12308 19 15 16690
12316 19 10 16760
12326 19 5 17335
12342 19 15 17074
12344 19 1 17092
12364 19 1 17008
12374 19 15 16570
12376 19 2 16853
12378 19 5 16951
12388 19 1 16900
12390 19 1 16996
12408 19 3 17226
12416 19 23 17283
12422 19 20 16632
12430 19 22 17042
12436 19 16 17327
12454 19 15 16774
12456 19 1 16420
12466 19 11 16533
12470 19 16 16751
12492 19 3 16710
12538 19 21 17341
12548 19 15 16810
12552 19 16 16559
12564 19 2 17237
12566 19 1 17320
12588 19 16 17291
12594 19 21 16945
12608 19 1 17224
12634 19 2 17273
12644 19 11 16965
12660 19 23 17151
12678 19 5 16819
12698 19 20 16620
12706 19 20 17112
12724 19 10 16808
12726 19 5 17347
12728 19 20 16908
12768 19 11 16497
12774 19 2 16577
12776 19 1 16696
12792 19 3 16458
12796 19 20 16884
12802 19 1 17380
12822 19 2 17369
12824 19 10 16868
12828 19 5 17143
12840 19 20 16992
12862 19 23 16767
12920 19 23 16827
12952 19 2 16745
12956 19 16 17135
12958 19 21 17149
12960 19 21 17077
12964 19 21 17113
12986 19 2 16985
13006 19 16 16943
13008 19 3 16950
13020 19 15 16966
13024 19 3 17178
13040 19 11 16461
13078 19 16 17231
13080 19 21 17353
13082 19 16 16691
13084 19 3 16818
13124 19 23 16647
13134 19 1 17056
13136 19 10 17060
13154 19 5 16423
13156 19 20 16980
13172 19 21 16405
13174 19 10 16436
13176 19 23 16539
13190 19 15 17158
13192 19 1 15516
13194 19 5 15543
13196 19 21 15561
13198 19 5 15603
13200 19 23 15755
13202 19 2 15793
13204 19 15 15846
13206 19 10 15784
13208 19 20 16280
13210 19 16 16279
13212 19 20 16376
13214 19 11 16289
13216 19 2 15457
13218 19 20 16112
13222 19 23 16139
13224 19 21 16257
13226 19 22 16378
13228 19 20 16088
13230 19 15 16362
13232 19 11 16181
13234 19 15 16074
13236 19 5 16011
13240 19 10 15400
13242 19 5 15831
13244 19 21 15909
13246 19 3 15854
13248 19 3 15494
13250 19 1 15960
13252 19 20 16340
13254 19 16 15439
13256 19 22 15970
13258 19 23 15851
13260 19 16 16291
13262 19 2 15409
13266 19 20 16064
13268 19 3 16166
13270 19 20 16328
13272 19 3 15518
13276 19 20 15644
13278 19 10 15736
13284 19 20 15848
13286 19 11 15905
13288 19 15 15930
13292 19 15 16146
13294 19 5 16215
13296 19 21 16221
13300 19 11 16313
13304 19 5 15411
13310 19 1 15912
13314 19 10 16012
13316 19 11 16145
13322 19 10 15472
13328 19 1 16380
13330 19 2 16093
13334 19 11 15701
13336 19 21 16329
13338 19 2 15853
13340 19 1 15636
13342 19 5 15567
13344 19 10 15868
13346 19 15 15870
13348 19 2 15925
13350 19 3 15938
13352 19 16 15943
13354 19 11 16253
13356 19 15 15702
13358 19 22 16354
13362 19 16 15595
13364 19 5 16131
13368 19 3 16142
13370 19 22 15454
13372 19 11 15569
13378 19 2 15841
13382 19 1 15600
13384 19 3 15554
13386 19 23 16007
13388 19 5 15399
13390 19 21 15849
13392 19 23 16331
13398 19 15 15810
13400 19 20 16184
13404 19 15 16050
13408 19 16 15679
13410 19 21 16053
13414 19 16 15715
13416 19 15 15630
13420 19 1 16044
13424 19 2 16381
13428 19 23 16247
13432 19 2 15637
13434 19 15 16002
13438 19 10 15724
13440 19 2 16033
13442 19 21 15981
13444 19 3 16214
13448 19 21 15813
13450 19 5 15615
13456 19 2 16165
13458 19 21 15429
13460 19 21 16245
13462 19 2 15913
13466 19 21 15789
13468 19 3 15686
13470 19 3 16262
13474 19 2 16369
13476 19 5 16371
13478 19 23 15971
13480 19 11 16049
13482 19 16 15655
13488 19 5 16071
13492 19 5 16167
13494 19 1 15504
13504 19 23 15431
13506 19 2 15997
13518 19 22 15382
13524 19 11 15533
13526 19 1 15852
13532 19 15 15978
13550 19 20 16172
13552 19 3 16178
13556 19 10 15928
13566 19 20 15404
13570 19 16 15967
13572 19 20 16004
13576 19 3 15458
13578 19 10 15556
13594 19 2 15673
13596 19 23 15719
13598 19 20 15920
13602 19 5 16359
13604 19 20 16244
13606 19 5 15495
13608 19 10 16120
13610 19 22 15406
13616 19 5 15519
13628 19 23 15743
13634 19 3 15830
13638 19 11 15881
13640 19 21 15885
13642 19 22 15886
13644 19 15 15906
13656 19 15 16134
13658 19 5 16143
13662 19 3 16202
13668 19 3 16334
13694 19 3 15950
13706 19 23 15923
13708 19 20 15896
13710 19 20 15932
13714 19 2 15805
13718 19 16 15955
13722 19 16 16135
13724 19 16 16243
13730 19 10 16156
13742 19 1 15888
13744 19 11 15917
13764 19 1 16248
13766 19 23 16355
13772 19 2 15541
13778 19 10 15532
13780 19 10 15580
13788 19 10 15652
13794 19 22 15910
13798 19 11 16169
13800 19 1 16176
13802 19 11 16217
13804 19 2 15625
13806 19 22 16138
13834 19 3 15362
13836 19 20 16268
13838 19 1 16272
13840 19 11 16025
13842 19 3 16298
13846 19 22 15982
13848 19 5 15435
13852 19 3 16094
13854 19 23 15875
13880 19 11 16241
13884 19 15 15882
13886 19 5 16119
13890 19 5 15363
13908 19 16 15487
13912 19 16 16147
13914 19 11 15737
13920 19 1 15900
13922 19 11 15677
13932 19 1 15684
13934 19 21 16137
13950 19 20 15800
13954 19 11 16349
13956 19 15 16350
13964 19 22 15682
13966 19 3 15734
13970 19 15 15786
13972 19 23 15911
13976 19 10 16252
13980 19 20 15368
13992 19 1 15576
13994 19 16 15919
13998 19 1 16056
14014 19 16 15631
14030 19 1 15768
14052 19 2 15829
14076 19 22 16210
14078 19 23 15899
14080 19 10 16240
14096 19 11 16193
14108 19 21 15441
14110 19 2 15589
14112 19 11 15509
14114 19 22 15586
14120 19 16 15847
14138 19 11 15941
14140 19 21 15957
14142 19 15 15582
14154 19 1 15360
14156 19 22 16054
14158 19 15 15642
14178 19 15 16194
14182 19 2 15445
14186 19 20 15776
14188 19 2 15781
14190 19 22 15826
14194 19 16 15403
14196 19 1 16116
14208 19 20 15512
14216 19 15 15594
14226 19 16 16267
14230 19 3 16226
14232 19 20 15884
14236 19 23 16235
14284 19 21 16209
14290 19 10 15676
14308 19 20 15560
14310 19 10 16144
14322 19 3 15842
14336 19 20 15728
14340 19 5 16251
14374 19 22 15430
14386 19 20 15680
14390 19 23 15575
14392 19 1 15840
14394 19 5 15843
14428 19 10 15772
14430 19 11 15773
14444 19 11 15425
14464 19 21 15693
14504 19 1 16032
14526 19 23 15635
14532 19 15 15546
14534 19 21 15969
14544 19 16 15823
14546 19 20 15824
14554 19 3 15698
14574 19 20 15392
14576 19 22 16042
14594 19 16 16363
14598 19 5 15699
14600 19 15 19486
14602 19 20 19512
14604 19 22 19550
14606 19 1 19576
14608 19 22 19694
14610 19 23 19719
14612 19 22 19850
14614 19 1 20080
14616 19 22 20138
14618 19 21 20185
14620 19 15 20230
14622 19 16 20231
14624 19 10 20240
14626 19 16 20363
14628 19 3 20406
14630 19 21 20437
14632 19 16 19979
14634 19 21 19981
14636 19 10 20072
14638 19 11 19521
14640 19 5 19591
14644 19 20 19836
14646 19 16 20015
14648 19 11 20325
14654 19 23 20019
14656 19 23 20115
14660 19 11 20277
14662 19 2 20213
14664 19 1 20344
14666 19 21 20425
14668 19 21 19669
14670 19 1 20200
14672 19 5 20203
14674 19 11 20241
14678 19 20 20400
14682 19 11 20097
14690 19 22 19598
14692 19 16 19799
14694 19 10 19688
14696 19 21 20293
14698 19 11 19881
14700 19 20 20472
14702 19 21 20473
14704 19 1 19912
14712 19 3 19842
14716 19 5 20347
14718 19 15 20374
14720 19 15 20014
14722 19 11 19629
14724 19 3 20022
14726 19 16 20411
14730 19 2 20141
14734 19 3 19974
14738 19 20 20136
14740 19 10 19496
14742 19 1 20248
14744 19 2 20093
14746 19 21 20365
14752 19 5 19987
14756 19 11 19701
14758 19 21 20173
14760 19 11 20121
14764 19 16 20135
14768 19 3 20430
14770 19 1 19972
14772 19 11 20049
14776 19 21 19513
14778 19 15 19522
14782 19 16 19775
14784 19 22 19970
14786 19 5 20107
14790 19 16 20291
14792 19 20 19524
14794 19 23 20259
14796 19 3 20394
14798 19 20 20088
14800 19 5 19507
14802 19 23 19551
14804 19 20 19656
14806 19 20 19908
14808 19 21 19945
14810 19 16 19967
14812 19 22 19982
14820 19 3 19650
14828 19 21 19693
14830 19 16 19943
14832 19 22 19778
14834 19 2 19973
14836 19 20 20064
14840 19 1 20392
14844 19 15 19570
14848 19 3 19638
14852 19 21 20269
14856 19 20 20412
14862 19 22 20210
14866 19 15 20098
14868 19 10 19544
14870 19 22 20114
14878 19 20 19860
14892 19 20 19476
14894 19 21 19561
14896 19 15 20302
14916 19 11 20061
14918 19 15 20086
14922 19 16 19955
14924 19 23 19467
14926 19 3 19686
14936 19 23 19899
14938 19 5 19735
14942 19 10 19940
14944 19 21 19957
14946 19 1 19960
14952 19 21 20413
14954 19 20 20460
14956 19 11 19593
14958 19 15 19594
14966 19 16 20111
14970 19 15 19774
14974 19 2 20381
14976 19 16 19463
14978 19 20 19464
14980 19 21 19465
14982 19 22 19946
14984 19 1 20164
14986 19 1 20476
14994 19 16 19787
14996 19 3 20238
14998 19 5 19699
15000 19 10 19748
15006 19 16 20387
15008 19 11 19473
15010 19 3 19542
15012 19 15 19882
15018 19 2 19469
15026 19 11 20421
15028 19 15 20386
15030 19 21 19549
15032 19 22 19682
15034 19 20 19848
15036 19 11 19965
15042 19 15 19990
15044 19 22 20066
15046 19 5 20383
15050 19 1 19528
15056 19 11 19869
15078 19 20 20004
15082 19 22 20426
15086 19 5 19759
15094 19 11 19689
15100 19 23 20055
15102 19 20 20076
15104 19 3 20202
15106 19 10 19652
15108 19 11 19773
15110 19 23 19875
15112 19 23 19659
15120 19 22 19958
15122 19 16 19547
15124 19 21 19921
15126 19 2 20009
15130 19 5 20335
15138 19 22 19730
15140 19 21 19969
15160 19 11 19653
15164 19 10 20156
15168 19 2 19721
15170 19 15 19786
15178 19 15 19534
15186 19 15 19546
15188 19 16 19919
15192 19 3 20274
15204 19 5 19615
15208 19 11 19509
15210 19 22 19538
15216 19 22 19766
15222 19 21 20281
15224 19 10 20300
15228 19 10 20444
15238 19 15 19762
15252 19 5 19483
15266 19 10 20060
15268 19 16 19691
15270 19 2 19901
15272 19 10 19532
15276 19 23 20199
15280 19 1 19600
15282 19 1 19888
15284 19 10 20408
15290 19 2 20249
15302 19 2 20021
15304 19 2 20045
15308 19 2 20177
15310 19 5 20251
15312 19 2 20297
15314 19 5 20299
15316 19 1 20308
15320 19 20 20364
15322 19 2 20369
15324 19 2 20405
15326 19 15 20410
15328 19 21 20461
15340 19 21 19741
15344 19 10 19808
15346 19 23 19839
15348 19 11 19941
15350 19 16 20087
15352 19 20 20196
15356 19 21 20161
15360 19 1 20440
15366 19 10 20372
15368 19 3 20382
15380 19 5 20275
15394 19 1 19852
15398 19 11 19677
15400 19 20 19692
15402 19 1 20260
15404 19 2 20321
15406 19 11 20409
15408 19 22 20474
15436 19 23 19491
15452 19 21 19765
15460 19 10 20048
15474 19 5 19579
15476 19 2 19769
15480 19 10 20252
15482 19 23 20403
15506 19 5 20431
15508 19 16 20447
15514 19 11 19545
15518 19 21 20005
15528 19 22 20162
15538 19 16 20471
15568 19 3 19830
15572 19 22 19646
15576 19 3 20322
15580 19 10 19736
15582 19 15 20470
15604 19 11 20013
15616 19 1 20044
15618 19 5 19687
15624 19 15 19630
15626 19 1 19840
15628 19 20 19968
15632 19 3 20178
15642 19 3 19710
15654 19 5 19999
15662 19 10 19640
15668 19 5 19915
15682 19 3 19794
15686 19 2 20201
15690 19 5 20239
15692 19 20 20256
15700 19 21 20245
15704 19 16 20147
15708 19 11 20001
15728 19 11 20037
15730 19 21 20197
15732 19 1 19876
15734 19 11 19977
15760 19 1 20032
15774 19 16 19655
15788 19 1 19468
15798 19 16 20327
15808 19 23 20463
15816 19 22 20354
15822 19 5 19795
15826 19 16 19907
15830 19 1 19864
15848 19 11 20385
15852 19 3 20454
15860 19 2 19961
15862 19 15 20266
15872 19 10 20456
15884 19 10 19700
15906 19 1 20056
15920 19 5 19675
15926 19 16 19595
15936 19 10 19952
15940 19 23 19563
15942 19 2 20105
15946 19 20 20448
15952 19 2 20069
15954 19 2 20189
15956 19 21 20377
15974 19 2 19661
15980 19 3 19662
15994 19 2 19553
16006 19 3 20310
16012 19 21 19801
16026 19 3 20046
16040 19 1 20092
16052 19 23 20475
16056 19 11 19665
16058 19 5 20059
16060 19 20 19620
16062 19 10 19928
16064 19 1 19936
16066 19 15 20194
16086 19 11 20085
16096 19 15 20110
16100 19 21 19789
16110 19 11 20277
16126 19 15 19654
16130 19 22 20462
16138 19 20 19704
16140 19 5 20155
16146 19 1 19660
16156 19 23 19863
16168 19 21 19717
16172 19 10 19844
16194 19 2 19529
16202 19 1 20176
16206 19 1 19552
16210 19 5 19903
16214 19 10 20432
16248 19 15 20362
16254 19 3 19518
16258 19 15 19966
16286 19 16 19679
16290 19 20 20172
16296 19 20 20304
16342 19 10 20288
16356 19 10 19664
16358 19 3 19806
16364 19 2 20081
16366 19 5 20083
16368 19 20 20124
16370 19 23 20163
16378 19 2 20393
16384 19 23 20319
16388 19 5 20071
16392 19 5 19663
16410 19 23 20271
16414 19 10 19472
16416 19 3 19890
16428 19 16 20051
16442 19 20 19644
16458 19 11 19557
16464 19 20 19584
16466 19 15 20398
16476 19 3 19482
16478 19 22 20414
16494 19 10 20180
16524 19 5 20227
16538 19 23 20103
16542 19 15 19726
16574 19 1 20272
16650 19 23 19707
16656 19 10 19820
16692 19 21 20353
16696 19 11 19737
16700 19 21 19837
16706 19 15 19534
16718 19 3 19878
16744 19 22 19562
16758 19 2 20357
16762 19 23 20391
16780 19 2 19541
16782 19 2 20213
16814 19 22 19886
16816 19 11 19905
16818 19 22 19910
16820 19 10 20024
16826 19 2 20273
16830 19 10 20036
16832 19 1 20380
16838 19 21 20017
16846 19 16 20459
16848 19 10 20312
16854 19 10 20360
16858 19 15 20182
16860 19 15 19642
16866 19 10 20228
16886 19 3 20346
16888 19 20 19716
16894 19 3 19662
16902 19 2 19985
16904 19 20 20376
16912 19 16 18475
16914 19 5 18675
16916 19 15 18702
16918 19 2 18733
16920 19 23 18923
16922 19 2 19153
16924 19 5 19155
16926 19 1 19392
16928 19 20 19400
16930 19 1 18876
16932 19 2 19357
16934 19 15 18978
16936 19 16 18823
16938 19 3 19358
16942 19 10 18532
16944 19 23 19295
16946 19 2 18433
16948 19 5 18987
16950 19 11 19277
16954 19 20 18680
16956 19 3 18866
16958 19 21 19113
16964 19 20 19280
16966 19 15 18894
16968 19 5 18543
16970 19 20 19424
16972 19 21 19425
16974 19 22 19246
16976 19 21 18897
16978 19 5 19215
16980 19 16 18931
16982 19 16 19075
16984 19 1 19428
16986 19 21 19353
16990 19 3 18626
16998 19 10 18544
17002 19 22 18694
17004 19 10 18832
17006 19 21 19449
17008 19 15 18714
17010 19 16 18523
17012 19 3 19082
17014 19 10 19144
17018 19 21 19221
17020 19 2 19297
17022 19 16 18583
17024 19 3 18818
17026 19 2 19045
17028 19 11 19349
17032 19 16 18535
17034 19 2 18625
17038 19 15 18786
17042 19 16 18979
17048 19 16 19339
17050 19 15 19350
17052 19 21 19389
17056 19 10 18748
17058 19 5 18603
17064 19 5 18483
17070 19 20 18824
17072 19 15 19062
17074 19 5 19119
17078 19 5 19227
17080 19 11 19397
17084 19 15 19242
17086 19 23 18743
17088 19 15 19338
17090 19 23 18695
17092 19 21 18801
17094 19 15 19254
17096 19 5 19335
17098 19 5 19347
17102 19 23 19415
17112 19 20 19112
17114 19 22 19138
17116 19 22 19390
17118 19 15 19422
17120 19 22 18754
17122 19 2 18853
17124 19 23 19403
17126 19 5 18879
17128 19 20 18728
17130 19 20 19088
17136 19 16 19135
17138 19 22 19450
17146 19 3 19058
17154 19 21 18645
17156 19 22 19126
17158 19 3 19142
17160 19 22 18778
17168 19 15 19014
17170 19 10 19408
17176 19 10 19192
17188 19 2 18649
17190 19 15 18750
17192 19 16 19015
17194 19 22 19234
17202 19 22 19366
17206 19 2 18565
17208 19 11 18461
17210 19 5 18615
17218 19 5 18843
17224 19 20 18872
17228 19 3 18638
17234 19 15 19026
17238 19 22 18706
17240 19 1 19056
17248 19 2 18793
17252 19 2 18529
17254 19 21 19149
17258 19 20 18896
17262 19 1 19260
17264 19 16 19267
17266 19 21 19413
17270 19 10 19156
17272 19 16 19255
17274 19 16 18559
17278 19 23 18851
17280 19 11 19001
17284 19 5 18795
17286 19 15 18882
17288 19 1 18792
17292 19 22 18646
17302 19 3 18734
17306 19 3 19010
17312 19 15 19074
17320 19 20 18632
17322 19 5 18435
17324 19 3 19454
17330 19 15 18558
17332 19 23 18767
17334 19 20 19364
17336 19 15 18450
17340 19 21 19041
17348 19 15 19374
17350 19 23 19391
17364 19 23 19091
17366 19 5 19095
17370 19 11 18533
17372 19 20 18884
17376 19 10 18616
17380 19 3 18662
17382 19 2 18961
17384 19 2 18589
17400 19 23 18755
17404 19 1 18888
17406 19 3 18962
17408 19 23 19187
17412 19 2 18457
17430 19 11 19337
17436 19 23 18443
17438 19 2 18505
17440 19 23 18551
17442 19 2 18697
17444 19 11 18761
17446 19 10 19240
17448 19 20 19328
17454 19 15 19002
17456 19 22 19210
17458 19 11 19301
17460 19 23 18587
17466 19 2 19213
17474 19 15 18498
17480 19 22 19090
17482 19 21 19257
17490 19 21 18777
17492 19 21 18489
17496 19 10 18676
17498 19 15 18762
17502 19 5 18915
17506 19 22 18742
17508 19 1 18636
17518 19 16 18811
17522 19 11 18857
17526 19 5 19263
17528 19 23 19367
17536 19 3 19046
17542 19 21 19245
17550 19 11 18593
17552 19 1 18588
17564 19 11 19097
17566 19 22 19342
17580 19 5 18951
17582 19 22 19006
17584 19 23 19043
17590 19 20 19232
17606 19 21 19137
17610 19 23 18515
17620 19 23 18803
17644 19 10 18472
17650 19 20 18524
17652 19 1 18540
17674 19 16 19063
17676 19 10 18592
17678 19 2 18721
17682 19 22 18682
17698 19 3 18806
17704 19 5 18591
17706 19 2 18769
17712 19 1 18924
17722 19 1 18612
17732 19 16 18751
17734 19 15 19134
17736 19 15 19278
17738 19 16 18607
17740 19 22 18442
17742 19 15 18570
17744 19 16 19051
17748 19 5 19299
17750 19 15 18678
17760 19 23 19343
17768 19 20 18548
17776 19 23 19439
17778 19 3 18506
17786 19 10 18916
17788 19 5 18963
17794 19 3 18578
17796 19 15 18642
17800 19 20 18812
17804 19 1 19176
17808 19 22 19066
17822 19 21 19317
17846 19 5 18663
17848 19 15 18618
17868 19 15 18930
17876 19 3 19262
17878 19 22 18466
17880 19 16 18799
17882 19 23 18815
17892 19 10 18568
17944 19 2 19201
17956 19 15 18522
17962 19 2 19237
17974 19 2 19429
17988 19 15 18546
17990 19 11 19361
18006 19 20 19388
18010 19 15 19206
18028 19 21 18993
18054 19 11 19061
18056 19 3 18614
18062 19 20 19100
18064 19 2 19261
18066 19 5 19443
18070 19 23 18791
18072 19 23 18899
18076 19 23 18659
18080 19 1 19452
18084 19 16 19231
18086 19 1 18672
18088 19 20 19076
18094 19 1 19188
18098 19 23 18599
18102 19 21 18885
18108 19 23 18635
18122 19 1 18936
18124 19 23 19031
18132 19 5 18747
18138 19 20 18908
18140 19 11 18557
18152 19 20 19244
18166 19 5 18459
18174 19 16 18511
18188 19 22 18898
18194 19 21 19341
18202 19 5 19455
18206 19 20 19256
18212 19 10 18736
18214 19 15 18474
18232 19 10 19084
18252 19 20 19304
18262 19 11 19109
18298 19 23 19271
18308 19 3 19094
18348 19 11 18785
18358 19 1 18432
18360 19 20 19148
18362 19 2 19273
18378 19 2 19333
18382 19 22 19414
18386 19 10 19276
18388 19 5 18639
18412 19 2 18817
18422 19 22 18490
18424 19 23 18563
18428 19 2 18481
18430 19 2 18841
18440 19 1 19140
18444 19 21 19089
18446 19 15 19302
18454 19 5 18975
18478 19 15 18594
18490 19 15 18438
18510 19 11 18605
18580 19 2 19405
18608 19 1 18600
18620 19 21 18945
18634 19 11 18905
18640 19 23 19427
18644 19 1 18972
18664 19 10 18724
18672 19 20 18836
18680 19 3 19214
18712 19 21 18789
18718 19 3 19430
18720 19 15 18870
18730 19 16 19027
18772 19 5 18495
18776 19 10 19096
18784 19 23 18647
18804 19 2 18601
18808 19 21 18909
18816 19 11 18545
18820 19 15 19314
18822 19 5 18807
18824 19 16 18547
18836 19 1 18768
18844 19 15 18954
18846 19 21 18957
18848 19 22 18958
18850 19 22 18994
18860 19 21 19161
18862 19 1 18960
18864 19 21 21717
18866 19 10 21784
18868 19 2 22153
18870 19 1 22524
18872 19 1 21588
18874 19 10 21604
18876 19 2 21709
18878 19 15 21726
18880 19 23 21923
18882 19 20 21932
18884 19 2 21937
18886 19 1 21960
18890 19 22 22162
18892 19 5 22227
18894 19 23 22403
18896 19 23 22475
18898 19 1 21948
18900 19 16 22219
18902 19 15 22230
18904 19 21 22269
18906 19 10 21724
18908 19 3 22082
18912 19 22 22174
18914 19 21 21513
18916 19 22 21526
18918 19 15 22158
18924 19 11 21749
18926 19 15 21750
18928 19 3 21998
18930 19 16 22195
18932 19 20 22508
18934 19 21 21957
18938 19 3 21854
18940 19 10 21532
18942 19 11 21761
18944 19 1 22008
18948 19 21 22401
18950 19 21 22425
18954 19 5 21843
18960 19 23 21587
18962 19 15 21630
18964 19 10 21700
18968 19 11 22097
18974 19 21 21561
18976 19 11 21689
18978 19 2 22477
18980 19 23 22295
18984 19 1 21828
18986 19 15 21978
18988 19 10 22012
18990 19 21 22065
19000 19 5 22203
19004 19 21 21597
19006 19 23 22415
19008 19 1 22092
19012 19 1 21564
19028 19 16 22027
19034 19 15 22218
19036 19 1 22272
19038 19 21 22353
19040 19 16 22387
19046 19 2 22429
19050 19 2 21553
19052 19 16 21739
19054 19 21 21861
19058 19 22 22390
19060 19 20 21512
19062 19 11 22049
19064 19 10 22084
19066 19 15 22362
19068 19 5 22047
19074 19 1 22080
19076 19 1 21768
19078 19 3 22010
19082 19 11 21629
19084 19 22 22054
19086 19 2 22201
19088 19 3 21830
19090 19 11 22205
19092 19 23 22331
19096 19 16 21895
19098 19 22 21982
19100 19 23 22067
19102 19 23 21635
19104 19 23 21935
19106 19 20 21572
19108 19 11 21713
19110 19 2 22525
19112 19 16 21559
19116 19 11 21833
19118 19 5 21723
19132 19 1 22044
19142 19 2 21961
19144 19 22 21718
19146 19 20 21740
19148 19 5 22167
19150 19 23 22319
19154 19 15 21990
19172 19 23 22463
19174 19 11 21941
19176 19 16 21955
19182 19 16 21547
19184 19 3 21914
19186 19 20 22112
19188 19 22 22150
19190 19 21 22365
19192 19 20 22436
19194 19 21 22257
19196 19 10 22492
19198 19 20 21968
19202 19 3 21902
19206 19 3 22478
19208 19 1 21552
19216 19 10 22156
19218 19 3 22214
19226 19 22 22318
19230 19 15 22242
19232 19 16 22519
19234 19 20 21596
19240 19 3 21938
19242 19 1 22116
19246 19 22 21874
19254 19 1 21624
19256 19 15 22062
19258 19 2 22285
19270 19 21 21705
19282 19 10 22348
19284 19 10 21520
19286 19 16 22351
19292 19 22 22498
19294 19 20 21560
19296 19 3 21590
19298 19 2 21529
19304 19 21 21837
19318 19 1 21684
19320 19 16 22063
19322 19 11 22217
19324 19 5 22467
19330 19 2 22045
19332 19 22 22078
19336 19 5 22119
19340 19 10 22204
19342 19 23 22271
19344 19 2 22381
19346 19 5 21915
19348 19 15 21882
19350 19 2 22213
19356 19 15 22314
19360 19 11 22337
19362 19 5 22407
19368 19 15 22002
19374 19 20 22448
19384 19 20 22352
19392 19 23 21527
19394 19 11 22265
19398 19 22 21826
19400 19 1 22104
19402 19 15 21966
19406 19 10 21556
19408 19 10 21904
19418 19 15 22098
19432 19 5 21567
19434 19 23 22115
19438 19 21 21789
19440 19 10 21940
19446 19 22 22366
19448 19 10 22372
19450 19 3 22514
19452 19 11 21593
19454 19 20 21872
19462 19 11 22085
19464 19 11 22253
19472 19 20 21536
19478 19 22 21850
19482 19 22 21886
19488 19 2 22453
19494 19 3 22226
19506 19 10 21964
19520 19 11 22421
19530 19 20 22472
19532 19 11 22145
19534 19 1 21792
19540 19 3 22238
19542 19 23 22307
19544 19 1 22308
19550 19 15 21918
19552 19 20 21980
19554 19 21 21993
19568 19 23 21911
19600 19 1 22488
19606 19 3 21818
19612 19 2 21841
19614 19 15 22014
19616 19 1 22032
19626 19 3 22406
19628 19 10 22408
19632 19 21 21753
19638 19 20 22052
19650 19 16 21703
19656 19 21 22209
19662 19 23 21815
19664 19 15 22122
19666 19 21 21777
19668 19 5 21891
19680 19 1 21708
19682 19 1 21912
19684 19 1 21936
19690 19 1 21780
19696 19 16 22111
19700 19 21 22185
19704 19 5 22287
19708 19 2 22297
19712 19 15 22410
19714 19 16 22423
19716 19 22 22426
19730 19 23 21575
19732 19 23 21899
19734 19 21 21909
19736 19 16 22039
19738 19 23 21551
19740 19 16 21799
19742 19 20 21944
19744 19 11 21953
19746 19 2 22057
19748 19 15 22110
19750 19 16 22147
19752 19 10 22264
19754 19 21 22329
19756 19 3 22442
19760 19 16 22339
19776 19 2 22225
19782 19 3 22022
19784 19 21 22485
19788 19 10 22228
19792 19 2 21721
19802 19 20 22316
19806 19 10 22240
19810 19 21 21945
19830 19 20 21884
19832 19 16 22291
19838 19 3 22166
19840 19 2 21853
19842 19 2 22081
19848 19 1 22068
19856 19 2 21541
19858 19 3 22154
19862 19 10 22216
19870 19 5 21819
19886 19 20 22232
19888 19 23 22283
19890 19 3 22346
19892 19 21 22221
19894 19 11 22241
19896 19 1 22284
19898 19 23 21611
19906 19 3 22202
19910 19 22 22234
19928 19 20 22364
19948 19 10 21640
19952 19 1 21816
19972 19 10 22072
19984 19 3 21506
20000 19 22 22510
20002 19 22 21730
20024 19 5 21579
20026 19 23 21671
20028 19 3 22070
20030 19 20 22280
20032 19 20 22028
20034 19 23 22055
20038 19 23 21803
20040 19 22 21970
20072 19 21 21657
20074 19 23 21599
20080 19 10 22180
20082 19 5 21603
20100 19 11 21557
20104 19 5 21951
20106 19 23 21731
20118 19 16 21511
20120 19 10 21580
20122 19 16 22099
20124 19 3 21782
20134 19 20 21992
20150 19 15 22350
20154 19 21 22437
20168 19 10 21952
20170 19 21 22053
20196 19 21 22173
20198 19 3 21518
20202 19 10 21688
20204 19 2 22357
20220 19 15 22374
20224 19 21 21585
20226 19 11 21617
20242 19 2 22033
20250 19 23 22259
20252 19 5 22311
20254 19 10 22336
20256 19 23 22523
20262 19 2 22165
20264 19 22 22198
20268 19 23 21959
20278 19 20 22100
20280 19 2 22189
20282 19 15 22278
20294 19 11 21737
20298 19 10 21772
20300 19 22 21898
20302 19 3 21950
20316 19 5 22035
20326 19 3 22526
20334 19 11 22229
20360 19 5 22491
20382 19 11 22037
20400 19 10 22120
20416 19 3 21842
20418 19 15 22398
20424 19 16 21991
20436 19 20 21896
20438 19 20 21920
20444 19 16 22135
20446 19 10 22444
20448 19 22 21514
20450 19 2 21613
20470 19 5 22455
20472 19 11 22481
20476 19 3 21614
20486 19 20 21764
20506 19 20 21668
20560 19 10 22132
20568 19 15 21522
20582 19 16 21595
20584 19 15 21618
20594 19 3 22178
20604 19 5 22155
20624 19 16 22003
20634 19 21 22197
20638 19 5 22263
20658 19 1 22512
20660 19 15 21570
20688 19 3 21722
20696 19 10 22060
20708 19 11 21701
20714 19 22 22018
20770 19 22 22090
20772 19 23 21683
20778 19 15 22086
20786 19 16 22471
20792 19 22 22042
20796 19 2 22333
20798 19 15 21534
20800 19 10 21880
20806 19 1 22296
20808 19 1 21888
20824 19 20 21812
20836 19 3 22094
20838 19 23 22139
20846 19 5 22071
20858 19 16 21811
20864 19 3 22430
20874 19 20 22172
20890 19 11 21965
20892 19 21 22317
20894 19 10 22348
20912 19 21 21921
20920 19 2 22237
20926 19 21 22497
20946 19 11 21773
20948 19 10 22480
20986 19 21 22353
20988 19 3 21974
20990 19 20 22124
21000 19 11 21521
21028 19 22 22354
21030 19 20 22424
21032 19 11 22109
21046 19 3 21578
21048 19 16 22495
21050 19 20 22496
21110 19 16 21859
21114 19 5 22011
21116 19 2 21913
21132 19 23 21839
21136 19 5 21735
21164 19 15 21870
21166 19 2 22009
21170 19 21 22005
21172 19 11 22181
21174 19 23 22355
21188 19 11 21605
21190 19 1 22332
21192 19 11 21509
21212 19 15 22458
21222 19 15 22326
21226 19 2 22117
21232 19 21 21537
21242 19 11 22061
21246 19 2 21565
21264 19 5 22443
21288 19 1 21864
21300 19 15 22038
21306 19 21 22089
21308 19 21 22281
21344 19 16 21835
21374 19 3 21854
21392 19 11 22097
21408 19 21 22101
21450 19 1 21528
21466 19 15 22518
21468 19 3 22190
21478 19 21 21969
21488 19 20 22376
21504 19 15 21858
21512 19 23 22235
21516 19 20 21548
21518 19 1 21636
21534 19 10 21652
21536 19 3 21662
21538 19 22 21742
21540 19 1 21924
21544 19 5 22131
21546 19 22 22186
21548 19 15 22338
21602 19 11 21677
21604 19 16 21883
21620 19 16 22051
21624 19 1 22164
21638 19 22 21754
21656 19 15 22494
21674 19 1 21972
21686 19 21 22233
21692 19 1 22308
21694 19 10 21916
21696 19 1 22404
21698 19 22 21862
21762 19 16 22183
21764 19 10 22312
21830 19 2 21949
21832 19 20 22340
21866 19 10 22300
21868 19 1 22428
21882 19 23 21647
21884 19 11 22193
21886 19 5 22299
21890 19 5 22371
21908 19 5 21783
21912 19 11 22409
21916 19 2 22249
21922 19 3 10698
21924 19 3 10902
21926 19 22 10982
21928 19 16 10559
21930 19 3 10614
21932 19 15 11206
21934 19 10 10364
21936 19 15 11098
21938 19 20 10572
21940 19 15 10642
21942 19 1 10480
21944 19 11 10449
21946 19 20 10728
21948 19 11 11205
21954 19 1 11188
21958 19 16 10715
21964 19 22 10994
21966 19 15 10978
21970 19 10 10724
21972 19 23 10335
21974 19 23 10347
21976 19 1 10636
21978 19 3 10638
21980 19 3 11214
21982 19 5 10291
21984 19 20 10500
21986 19 21 10789
21988 19 2 10481
21990 19 23 10515
21992 19 20 10620
21994 19 20 10644
21998 19 5 11215
22000 19 11 11253
22002 19 3 10302
22004 19 21 10465
22006 19 22 10550
22008 19 1 10816
22010 19 11 10965
22012 19 16 10487
22014 19 22 10490
22016 19 15 10810
22020 19 5 10699
22022 19 16 10955
22026 19 3 10650
22028 19 11 11133
22030 19 16 10703
22032 19 21 10861
22036 19 10 10496
22038 19 3 10854
22040 19 15 10870
22042 19 5 10483
22052 19 22 10526
22054 19 16 10919
22056 19 23 10635
22060 19 16 10727
22062 19 3 10734
22064 19 21 10285
22066 19 20 10296
22068 19 2 10313
22070 19 20 10428
22072 19 3 10446
22074 19 3 10458
22076 19 10 10904
22078 19 22 10598
22080 19 15 10606
22082 19 2 10589
22084 19 21 10753
22086 19 23 10899
22088 19 22 10706
22090 19 15 10762
22094 19 2 11249
22096 19 22 10418
22100 19 15 10738
22102 19 3 10962
22110 19 15 11062
22114 19 22 10694
22118 19 5 10855
22122 19 23 10587
22124 19 21 10945
22126 19 15 10486
22130 19 10 10664
22132 19 11 10761
22136 19 1 11260
22138 19 10 11144
22142 19 5 10303
22146 19 10 10388
22152 19 21 10585
22156 19 2 10637
22158 19 20 10656
22160 19 1 10852
22162 19 10 10868
22164 19 22 10910
22170 19 1 11152
22174 19 22 10382
22180 19 21 10669
22184 19 10 11120
22190 19 23 10467
22192 19 1 10468
22196 19 23 11199
22200 19 23 10683
22202 19 21 10549
22204 19 21 10741
22206 19 15 11254
22208 19 23 10575
22214 19 2 10781
22218 19 1 10768
22220 19 22 10442
22222 19 21 10897
22224 19 16 10943
22226 19 1 10948
22228 19 22 11054
22232 19 21 10309
22234 19 1 10600
22236 19 20 11040
22238 19 16 11183
22240 19 21 10393
22248 19 2 10697
22250 19 2 10913
22252 19 20 10860
22254 19 3 10350
22256 19 1 11140
22258 19 21 10297
22260 19 2 10541
22262 19 10 10580
22264 19 16 10439
22266 19 1 10624
22268 19 22 10730
22270 19 1 10492
22274 19 3 11058
22278 19 3 10926
22280 19 10 10568
22282 19 15 10930
22286 19 10 10796
22288 19 3 11250
22290 19 2 11213
22300 19 10 10712
22314 19 2 10565
22320 19 3 10818
22322 19 21 11137
22336 19 1 11032
22340 19 20 10896
22346 19 16 10607
22354 19 3 10338
22356 19 22 10346
22358 19 20 10632
22362 19 22 11042
22364 19 10 11060
22366 19 1 10612
22378 19 2 10529
22380 19 11 10497
22382 19 10 10700
22384 19 11 10485
22388 19 10 10436
22394 19 11 10641
22396 19 16 10331
22398 19 22 10370
22400 19 15 10534
22402 19 15 11218
22404 19 5 11227
22406 19 5 10627
22408 19 20 10788
22410 19 1 10312
22412 19 11 10341
22414 19 21 10369
22416 19 23 10407
22420 19 5 10723
22422 19 10 10772
22424 19 10 10808
22426 19 20 10884
22428 19 16 11231
22430 19 1 10300
22438 19 23 10527
22442 19 1 11248
22450 19 15 10570
22452 19 22 10778
22454 19 3 11202
22456 19 15 10330
22474 19 10 10688
22476 19 3 10758
22478 19 1 10876
22480 19 11 10917
22482 19 11 11013
22484 19 23 11019
22486 19 20 10596
22488 19 22 10766
22490 19 22 11198
22518 19 16 10679
22522 19 1 10396
22524 19 21 10717
22526 19 1 10720
22528 19 1 11128
22530 19 3 11022
22534 19 3 10410
22536 19 10 10652
22538 19 10 11072
22548 19 15 10774
22554 19 2 10721
22578 19 21 11233
22582 19 1 10528
22586 19 1 10828
22596 19 23 10719
22604 19 3 10590
22606 19 15 11074
22612 19 16 11063
22620 19 15 10918
22624 19 16 11075
22640 19 20 10344
22642 19 1 10408
22646 19 3 11226
22656 19 16 10907
22662 19 22 10790
22664 19 1 10912
22670 19 1 10456
22672 19 16 11255
22674 19 20 11256
22680 19 21 10705
22690 19 2 20685
22692 19 15 20870
22694 19 21 20957
22696 19 10 20496
22698 19 2 20505
22700 19 21 20549
22702 19 3 20842
22704 19 15 20546
22706 19 21 21209
22708 19 15 21218
22710 19 5 20783
22712 19 11 21337
22714 19 2 21501
22716 19 3 20566
22718 19 5 20639
22720 19 15 21158
22722 19 1 21476
22724 19 11 21061
22726 19 5 21323
22728 19 21 21401
22732 19 11 21265
22734 19 11 20773
22736 19 1 20792
22738 19 15 21398
22740 19 11 20557
22742 19 20 20668
22744 19 22 20706
22748 19 11 21445
22750 19 16 21339
22752 19 21 20945
22754 19 16 20967
22756 19 20 20968
22762 19 23 20899
22764 19 20 20740
22766 19 2 20565
22768 19 11 20881
22770 19 5 20663
22772 19 16 20799
22774 19 1 21152
22776 19 21 21173
22780 19 21 20609
22782 19 23 20815
22784 19 15 20930
22786 19 22 20958
22788 19 3 20578
22790 19 1 20768
22792 19 11 20809
22794 19 3 21430
22796 19 5 21215
22798 19 15 20774
22800 19 5 20795
22806 19 21 21089
22808 19 1 20672
22812 19 11 20845
22814 19 23 20947
22816 19 23 20995
22818 19 2 20997
22820 19 5 21095
22822 19 2 21393
22824 19 20 21400
22826 19 23 20659
22834 19 16 21075
22836 19 11 20857
22838 19 20 20872
22840 19 5 20999
22842 19 1 21104
22844 19 10 21120
22846 19 15 21194
22848 19 22 21222
22850 19 2 21297
22852 19 11 21205
22854 19 5 21395
22856 19 11 20785
22858 19 15 20834
22860 19 3 20974
22862 19 10 21000
22864 19 2 21021
22866 19 11 21121
22868 19 3 21370
22870 19 3 21418
22872 19 3 20674
22874 19 20 20692
22876 19 22 20718
22880 19 16 21123
22882 19 5 21047
22884 19 20 21388
22886 19 20 21256
22890 19 15 21278
22892 19 22 20934
22894 19 5 21155
22896 19 15 20714
22898 19 16 21375
22900 19 1 20804
22902 19 3 20938
22912 19 11 20797
22914 19 10 20820
22916 19 5 20951
22918 19 1 21140
22920 19 2 20529
22922 19 5 20591
22924 19 11 20665
22926 19 16 21027
22930 19 1 21284
22934 19 16 20847
22936 19 22 21006
22938 19 20 20584
22942 19 10 20940
22946 19 23 20983
22956 19 5 20603
22960 19 20 20728
22966 19 20 20752
22970 19 11 20581
22972 19 11 20761
22974 19 22 20514
22978 19 20 21448
22986 19 20 20572
22988 19 23 20683
22990 19 10 20808
22996 19 2 21201
23000 19 15 21470
23002 19 20 21340
23004 19 10 20976
23010 19 1 21236
23012 19 15 21290
23016 19 16 20499
23018 19 10 20892
23020 19 2 21285
23024 19 20 21316
23026 19 15 20786
23028 19 20 20812
23030 19 22 20910
23032 19 15 21014
23034 19 1 21212
23036 19 11 21373
23038 19 3 21382
23040 19 21 21293
23048 19 5 21071
23056 19 15 20750
23060 19 23 21079
23062 19 15 20642
23068 19 1 21092
23072 19 22 21414
23074 19 3 20806
23076 19 5 21023
23078 19 20 20716
23080 19 16 20931
23088 19 21 20621
23090 19 1 20780
23092 19 21 21449
23096 19 21 20513
23098 19 22 20658
23106 19 2 20841
23108 19 10 20868
23112 19 1 21080
23114 19 11 21325
23116 19 16 20751
23118 19 23 21295
23120 19 11 21097
23124 19 5 21503
23132 19 10 20988
23134 19 16 21147
23144 19 1 21128
23150 19 20 20656
23152 19 11 20713
23158 19 3 21166
23160 19 3 20590
23162 19 10 21444
23166 19 5 21407
23168 19 3 20746
23170 19 5 21479
23172 19 3 20542
23174 19 5 20831
23176 19 23 20491
23184 19 10 21024
23186 19 15 21302
23190 19 23 21283
23192 19 16 20535
23200 19 23 20527
23204 19 10 21264
23206 19 5 21431
23212 19 5 21227
23224 19 23 21031
23226 19 15 21050
23232 19 1 21296
23242 19 15 20966
23248 19 21 21041
23252 19 16 21495
23256 19 5 20675
23262 19 20 21172
23270 19 10 21360
23276 19 3 21154
23278 19 3 21226
23280 19 3 21238
23282 19 2 20817
23284 19 3 20854
23286 19 22 21054
23288 19 22 21270
23290 19 21 20561
23292 19 22 20754
23302 19 21 20741
23310 19 20 21364
23312 19 11 21001
23314 19 20 21280
23316 19 22 21162
23326 19 5 20891
23328 19 5 20807
23332 19 3 21142
23336 19 21 21065
23340 19 3 20710
23342 19 3 21298
23352 19 3 20650
23362 19 15 20906
23366 19 23 21331
23370 19 15 21374
23372 19 2 21417
23376 19 15 21446
23378 19 16 21447
23380 19 23 21463
23386 19 20 21100
23392 19 16 21423
23400 19 16 20619
23404 19 21 20909
23406 19 23 21199
23408 19 23 21499
23410 19 1 21500
23412 19 2 20937
23424 19 1 20588
23428 19 5 20651
23436 19 16 20559
23438 19 2 21093
23442 19 2 21213
23462 19 1 21068
23464 19 21 20765
23466 19 2 20745
23468 19 22 20646
23470 19 1 20828
23472 19 20 21004
23474 19 16 21291
23476 19 11 21397
23504 19 22 20886
23516 19 20 20680
23528 19 2 21441
23534 19 23 20755
23536 19 3 21178
23556 19 1 20840
23562 19 16 20955
23566 19 3 21358
23570 19 23 21367
23604 19 10 21084
23610 19 15 21350
23614 19 1 21452
23620 19 3 20902
23636 19 23 21091
23640 19 10 21192
23652 19 22 21102
23654 19 2 20481
23656 19 1 20576
23658 19 3 20782
23660 19 11 20653
23670 19 23 21259
23674 19 21 20753
23676 19 20 20932
23680 19 3 21466
23688 19 1 20816
23690 19 20 21088
23692 19 15 20858
23696 19 1 20996
23698 19 3 21202
23742 19 20 20608
23746 19 5 20735
23750 19 5 21335
23752 19 20 20776
23754 19 11 20965
23776 19 16 21051
23778 19 11 21181
23782 19 3 21346
23786 19 1 20492
23790 19 15 20918
23796 19 21 21257
23798 19 3 20830
23820 19 3 21274
23822 19 16 21015
23850 19 5 21467
23882 19 11 21241
23910 19 15 20774
23918 19 23 21379
23924 19 11 21409
23926 19 23 20599
23942 19 11 20977
23966 19 1 20600
23968 19 1 20720
23970 19 23 20971
23974 19 5 21419
23976 19 10 21156
23980 19 15 21266
24000 19 11 21013
24004 19 21 20657
24006 19 10 20760
24024 19 23 20611
24032 19 3 21478
24046 19 10 21036
24052 19 2 20949
24058 19 2 20925
24066 19 16 21351
24090 19 2 21369
24100 19 15 20798
24110 19 3 21322
24116 19 23 21415
24118 19 11 20701
24126 19 15 20966
24128 19 11 21025
24134 19 11 20929
24136 19 16 21435
24138 19 5 21107
24140 19 3 21058
24156 19 21 20705
24168 19 15 20726
24170 19 16 21459
24174 19 2 20637
24178 19 22 21366
24182 19 5 20747
24184 19 5 21275
24190 19 10 21372
24212 19 21 21053
24214 19 15 20822
24250 19 22 20682
24252 19 16 20739
24258 19 2 20901
24270 19 5 20579
24272 19 21 20633
24278 19 15 20846
24280 19 3 20866
24284 19 22 21318
24286 19 2 21333
24294 19 3 21094
24306 19 20 21244
24316 19 15 20678
24318 19 5 21083
24322 19 22 21258
24324 19 16 21483
24326 19 21 20681
24344 19 3 20494
24356 19 3 21262
24366 19 3 21166
24372 19 5 20687
24378 19 10 20628
24380 19 2 20649
24382 19 1 20912
24384 19 16 21387
24386 19 15 20498
24388 19 21 20861
24392 19 5 20567
24398 19 10 21384
24404 19 1 20960
24438 19 21 20669
24444 19 20 21268
24452 19 11 20617
24454 19 10 20664
24456 19 22 21486
24468 19 2 20697
24478 19 5 21179
24490 19 10 21096
24504 19 1 20540
24508 19 11 20677
24510 19 2 21261
24538 19 22 20982
24564 19 3 21082
24570 19 10 21000
24618 19 10 21336
24628 19 10 21216
24634 19 11 21421
24644 19 5 20627
24664 19 3 20518
24666 19 5 21455
24682 19 10 21240
24700 19 10 20556
24706 19 15 21434
24738 19 15 20570
24740 19 22 20586
24760 19 5 20615
24762 19 15 20810
24764 19 22 21474
24774 19 5 20915
24776 19 10 20724
24784 19 3 20998
24788 19 22 21330
24806 19 3 21358
24808 19 22 21438
24816 19 23 20743
24818 19 10 20520
24840 19 10 20832
24846 19 11 21301
24854 19 22 20706
24856 19 3 21406
24864 19 11 21049
24894 19 22 21234
24922 19 15 21314
24932 19 16 20811
24934 19 3 20662
24936 19 23 20671
24942 19 3 20782
24944 19 20 21208
24948 19 10 20604
24958 19 3 21310
24972 19 16 20571
24988 19 15 20762
24998 19 22 20550
25006 19 11 21073
25008 19 10 21300
25016 19 21 20789
25024 19 22 26886
25026 19 11 26965
25028 19 16 27087
25030 19 5 26699
25032 19 22 27330
25034 19 20 27100
25036 19 3 27130
25038 19 21 27617
25040 19 10 220
25042 19 2 25973
25044 19 16 25991
25046 19 11 25773
25048 19 5 25663
25050 19 22 25706
25052 19 11 25941
25054 19 5 25975
25056 19 20 26316
25058 19 21 26389
25060 19 23 25887
25062 19 16 26027
25064 19 23 26115
25066 19 21 25681
25068 19 10 25688
25070 19 22 26054
25072 19 22 26126
25074 19 15 25654
25076 19 20 24472
25078 19 21 24041
25080 19 23 24391
25082 19 20 24460
25084 19 16 24543
25086 19 16 23655
25088 19 23 23695
25090 19 1 23888
25092 19 16 23967
25094 19 1 24152
25096 19 3 24370
25098 19 2 23577
25100 19 2 24489
25102 19 15 23582
25104 19 10 23628
25108 19 16 24135
25110 19 15 24170
25114 19 21 24533
25116 19 5 23771
25118 19 15 23570
25120 19 1 23576
25122 19 16 23907
25124 19 23 23647
25130 19 10 24216
25132 19 5 24491
25134 19 3 23806
25136 19 10 23868
25140 19 5 23615
25142 19 16 23619
25146 19 15 23690
25148 19 23 23791
25152 19 5 23567
25154 19 10 24552
25156 19 15 24098
25158 19 1 23732
25160 19 22 23778
25162 19 10 23796
25164 19 5 23987
25166 19 5 24083
25168 19 23 24379
25170 19 5 23999
25172 19 22 24570
25176 19 1 24140
25178 19 22 23646
25180 19 15 24206
25182 19 2 24237
25184 19 16 24051
25186 19 22 24378
25188 19 23 23947
25190 19 11 23965
25192 19 1 24020
25194 19 15 24530
25196 19 20 24532
25198 19 22 23670
25200 19 1 23672
25202 19 5 23795
25206 19 2 23937
25210 19 2 24009
25212 19 21 24089
25214 19 1 24104
25216 19 15 24122
25220 19 5 24299
25222 19 10 24444
25224 19 22 24450
25226 19 1 23552
25228 19 3 23650
25234 19 15 23846
25236 19 21 23897
25240 19 3 23950
25242 19 15 23966
25246 19 5 24011
25248 19 23 24067
25250 19 22 24078
25252 19 10 24180
25254 19 1 24368
25256 19 22 24462
25258 19 23 24547
25260 19 15 23858
25262 19 1 23612
25264 19 22 23814
25266 19 15 24062
25268 19 21 24221
25270 19 11 24493
25272 19 15 23666
25274 19 5 23807
25276 19 11 24025
25278 19 5 24227
25280 19 1 23768
25284 19 2 23961
25286 19 3 23590
25288 19 22 24042
25290 19 23 24271
25294 19 3 23686
25296 19 20 24232
25298 19 15 24254
25300 19 20 24568
25302 19 5 23819
25304 19 10 23820
25306 19 3 24274
25308 19 1 24560
25310 19 22 24318
25312 19 1 24320
25314 19 15 24350
25316 19 22 23766
25318 19 15 23954
25322 19 2 23745
25328 19 15 23978
25330 19 16 24003
25334 19 3 24202
25336 19 5 24239
25338 19 16 24459
25340 19 3 23626
25342 19 10 24000
25344 19 10 23652
25346 19 21 23597
25368 19 21 23561
25370 19 15 23750
25372 19 11 23869
25374 19 10 24432
25376 19 11 24313
25380 19 5 24455
25382 19 1 24524
25386 19 22 24006
25388 19 10 24012
25394 19 3 24046
25396 19 1 24332
25398 19 10 23916
25402 19 16 24039
25404 19 11 24145
25406 19 15 24146
25408 19 10 24168
25410 19 22 24174
25414 19 1 24500
25416 19 11 24505
25418 19 11 24529
25422 19 23 24415
25424 19 5 24419
25426 19 15 24134
25428 19 16 24555
25430 19 15 24566
25434 19 3 24178
25438 19 10 23616
25440 19 20 24064
25442 19 21 24053
25444 19 21 24293
25446 19 11 23617
25448 19 15 23618
25450 19 2 24189
25452 19 22 24342
25454 19 11 24445
25456 19 20 24508
25460 19 5 23711
25464 19 20 23860
25468 19 15 24506
25470 19 11 24565
25472 19 15 24266
25478 19 23 24463
25480 19 11 23629
25482 19 23 24223
25486 19 1 23960
25494 19 2 24285
25496 19 23 24499
25502 19 5 23651
25504 19 11 23809
25506 19 15 24230
25508 19 22 24270
25512 19 23 23935
25516 19 3 24298
25518 19 5 23759
25520 19 16 24231
25524 19 20 23788
25538 19 21 23585
25542 19 3 24070
25550 19 20 23584
25552 19 21 24149
25554 19 3 23554
25556 19 5 24191
25558 19 3 23890
25560 19 20 24412
25562 19 22 24426
25564 19 3 24490
25568 19 21 23621
25570 19 5 23579
25578 19 5 24575
25580 19 20 24352
25604 19 10 24024
25606 19 20 23572
25622 19 16 23631
25624 19 21 24401
25632 19 22 23838
25634 19 20 24208
25636 19 20 23692
25638 19 5 24347
25640 19 21 23693
25642 19 1 23780
25644 19 22 24366
25646 19 23 23611
25648 19 15 23702
25650 19 10 23712
25652 19 11 23725
25658 19 10 24240
25662 19 1 23588
25664 19 1 23600
25666 19 5 24059
25668 19 10 24060
25682 19 22 23982
25684 19 2 23637
25690 19 2 23913
25692 19 21 23945
25696 19 2 23565
25698 19 3 23566
25700 19 23 23623
25702 19 10 24108
25704 19 1 24236
25706 19 15 23606
25716 19 16 24519
25720 19 21 23969
25726 19 3 23578
25734 19 16 23727
25736 19 23 24439
25738 19 10 23556
25742 19 20 24388
25750 19 3 23794
25754 19 11 23797
25758 19 11 23821
25764 19 22 24090
25766 19 2 24465
25768 19 5 24515
25770 19 2 24573
25780 19 10 24096
25782 19 16 24435
25786 19 23 24511
25790 19 20 23776
25792 19 15 23906
25794 19 11 24229
25798 19 20 24220
25808 19 11 24337
25810 19 15 24194
25812 19 1 24296
25814 19 11 24397
25822 19 15 24314
25824 19 22 24402
25826 19 1 23804
25828 19 16 23859
25830 19 23 23923
25832 19 16 23991
25834 19 23 24403
25836 19 10 24540
25838 19 10 23832
25840 19 5 24023
25842 19 15 24458
25844 19 5 24095
25848 19 3 23734
25854 19 5 23723
25856 19 22 23934
25876 19 15 23834
25884 19 2 24249
25904 19 11 24265
25906 19 22 24294
25914 19 23 23875
25918 19 1 24284
25920 19 20 23896
25924 19 2 23589
25926 19 21 23933
25932 19 11 23833
25934 19 1 24128
25938 19 23 24475
25940 19 2 24117
25942 19 11 24133
25944 19 1 24416
25946 19 23 24427
25948 19 23 23983
25952 19 15 24218
25972 19 1 24548
25982 19 5 24563
25986 19 23 24139
26000 19 23 24535
26004 19 11 23785
26014 19 5 23831
26018 19 11 23653
26020 19 2 23673
26026 19 22 23586
26030 19 16 23955
26048 19 22 23946
26052 19 23 23755
26056 19 1 24308
26058 19 15 24386
26060 19 3 23962
26066 19 11 24421
26070 19 21 24305
26086 19 16 23979
26092 19 15 24158
26096 19 10 24252
26100 19 21 24317
26116 19 21 24509
26148 19 3 23998
26154 19 22 24558
26156 19 20 23560
26174 19 2 24309
26176 19 23 23839
26178 19 5 24107
26186 19 16 23835
26188 19 15 24050
26190 19 3 24406
26202 19 2 23973
26204 19 20 24028
26210 19 21 23873
26238 19 11 24049
26252 19 15 23714
26260 19 2 23889
26262 19 5 23603
26266 19 16 23811
26268 19 5 23627
26270 19 20 23680
26276 19 5 24047
26278 19 10 24264
26282 19 10 24528
26286 19 15 24554
26300 19 23 23887
26302 19 23 23851
26304 19 20 23740
26306 19 21 24197
26320 19 10 24048
26328 19 22 23610
26330 19 5 24131
26332 19 11 24289
26334 19 5 23891
26336 19 16 24147
26338 19 23 24343
26340 19 22 24114
26342 19 15 24494
26344 19 15 23774
26360 19 22 23922
26362 19 20 23884
26378 19 5 24503
26398 19 16 24183
26404 19 22 23718
26408 19 3 23986
26430 19 2 23757
26432 19 2 23781
26434 19 1 23648
26440 19 10 23904
26444 19 22 24018
26448 19 22 24438
26468 19 3 24010
26488 19 16 24207
26512 19 11 23881
26514 19 2 23997
26516 19 20 23596
26518 19 21 23765
26520 19 11 24541
26538 19 1 24212
26540 19 21 23849
26542 19 2 23733
26550 19 23 23899
26566 19 23 24499
26568 19 16 24531
26576 19 2 24213
26578 19 22 24066
26584 19 20 24148
26586 19 10 24120
26596 19 3 24166
26604 19 2 24261
26612 19 20 23920
26620 19 3 24454
26642 19 22 23634
26664 19 16 23595
26668 19 11 23929
26670 19 22 24210
26672 19 11 24181
26676 19 21 24125
26704 19 16 24339
26712 19 16 23691
26716 19 10 24276
26718 19 5 24551
26728 19 11 23917
26744 19 20 23824
26746 19 21 23993
26764 19 21 23921
26776 19 20 24460
26818 19 21 23777
26844 19 11 24061
26848 19 1 23756
26850 19 1 24080
26858 19 10 24396
26860 19 1 23660
26864 19 20 23836
26866 19 22 23862
26868 19 16 23895
26870 19 22 23898
26872 19 1 23936
26874 19 15 24290
26876 19 10 24384
26886 19 16 24051
26888 19 21 24173
26890 19 15 24446
26914 19 22 24186
26920 19 3 24358
26922 19 10 23724
26970 19 23 24367
26980 19 20 24136
26986 19 22 24246
26988 19 22 23790
26990 19 15 23654
27024 19 21 24485
27048 19 2 24333
27070 19 21 23813
27092 19 22 23970
27094 19 20 24340
27110 19 23 24103
27114 19 2 24105
27116 19 23 24295
27118 19 11 24013
27120 19 20 23704
27138 19 1 23876
27188 19 2 23601
27216 19 3 23914
27254 19 10 23736
27256 19 3 24394
27258 19 1 24164
27260 19 5 24119
27262 19 5 24179
27292 19 11 24325
27294 19 1 24344
27298 19 2 23925
27310 19 2 24453
27314 19 15 23798
27316 19 10 23880
27322 19 1 24404
27336 19 5 23591
27344 19 2 24477
27358 19 21 23957
27360 19 10 23964
27362 19 11 24361
27366 19 21 23729
27386 19 10 23856
27396 19 21 24557
27398 19 2 23613
27412 19 20 24100
27416 19 23 24007
27418 19 1 24056
27420 19 3 24034
27430 19 16 24555
27438 19 16 23643
27440 19 1 24176
27442 19 1 23924
27448 19 5 23867
27458 19 2 24441
27526 19 2 23649
27564 19 10 23772
27566 19 22 23730
27568 19 20 23908
27602 19 21 24377
27608 19 1 24044
27612 19 5 24215
27614 19 11 24301
27674 19 23 24283
27676 19 15 24074
27686 19 11 24385
27694 19 10 24372
27744 19 16 23739
27782 19 16 24219
27792 19 23 23719
27796 19 1 24380
27806 19 10 23976
27810 19 3 24082
27824 19 20 24004
27826 19 2 23721
27834 19 16 24327
27856 19 2 24189
27874 19 10 23688
27908 19 15 24434
27910 19 16 24447
27920 19 5 24383
27922 19 16 23847
27924 19 20 23968
27926 19 11 24517
27938 19 11 23641
27956 19 11 23869
27958 19 21 23933
27964 19 20 24172
27968 19 21 23645
27970 19 10 24516
27976 19 3 23770
27998 19 22 23574
28006 19 22 23694
28010 19 16 23931
28036 19 23 24559
28062 19 15 24470
28066 19 10 23844
28068 19 1 24032
28086 19 2 24093
28120 19 21 23825
28122 19 23 23995
28128 19 11 23593
28164 19 1 23852
28168 19 20 24436
28182 19 21 24077
28190 19 21 24437
28192 19 1 24068
28206 19 20 23620
28224 19 15 24110
28232 19 20 23884
28250 19 2 24357
28276 19 21 24269
28306 19 3 24238
28318 19 5 24323
28342 19 10 23676
28344 19 3 24046
28346 19 5 24443
28386 19 21 24329
28398 19 23 23563
28402 19 15 23570
28416 19 21 24161
28420 19 22 23802
28424 19 16 23943
28426 19 16 24351
28436 19 1 23576
28438 19 11 24241
28442 19 3 24550
28522 19 10 24348
28526 19 15 24050
28534 19 10 23892
28542 19 22 23622
28562 19 21 23981
28564 19 16 24099
28566 19 21 24497
28586 19 20 23692
28592 19 10 24300
28606 19 1 24332
28638 19 3 23974
28730 19 3 23878
28746 19 10 23988
28748 19 20 24052
28750 19 16 24303
28760 19 3 23926
28796 19 20 23716
28818 19 20 23980
28820 19 3 23590
28822 19 5 23723
28860 19 20 23992
28874 19 22 23754
28884 19 23 23635
28886 19 20 23644
28888 19 1 23696
28890 19 16 24111
28892 19 20 24112
28894 19 2 24165
28896 19 20 24256
28908 19 20 23944
28910 19 22 24114
28912 19 20 24424
28924 19 22 23634
28934 19 3 24286
28950 19 15 23678
28954 19 11 24581
28956 19 23 24707
28958 19 15 24606
28960 19 23 25391
28962 19 20 24596
28966 19 22 24610
28968 19 3 24650
28970 19 1 24600
28972 19 5 24615
28974 19 2 24577
28976 19 16 24595
28978 19 23 24587
28980 19 21 25149
28982 19 16 24619
28988 19 15 24594
28990 19 22 24706
28992 19 1 24672
28994 19 1 24708
28996 19 22 24718
28998 19 16 24631
29002 19 1 24612
29006 19 21 24585
29008 19 15 24642
29010 19 21 24693
29012 19 23 24719
29022 19 2 24673
29024 19 1 24624
29026 19 5 24603
29028 19 5 24711
29030 19 10 24748
29032 19 5 24747
29034 19 16 24691
29036 19 22 24682
29040 19 22 24766
29044 19 10 24772
29046 19 1 24636
29050 19 20 24704
29054 19 5 24723
29056 19 2 24733
29058 19 15 24750
29060 19 2 24589
29062 19 10 24616
29068 19 1 24744
29070 19 21 24861
29072 19 10 24784
29076 19 23 24779
29078 19 22 24730
29080 19 1 24660
29082 19 3 24794
29084 19 15 24786
29086 19 15 24810
29088 19 11 24701
29090 19 23 24623
29092 19 3 24818
29096 19 21 24717
29098 19 11 24833
29100 19 5 24699
29104 19 5 24591
29108 19 20 24680
29110 19 16 24727
29112 19 21 24837
29116 19 2 24781
29118 19 2 24793
29120 19 2 24685
29122 19 3 24674
29124 19 15 24714
29126 19 5 24819
29128 19 2 24613
29138 19 2 24841
29140 19 15 24582
29142 19 5 24735
29144 19 20 24584
29146 19 22 24874
29152 19 2 24757
29154 19 10 25132
29160 19 21 24777
29166 19 5 24831
29168 19 23 24875
29174 19 1 24852
29180 19 21 24741
29182 19 3 24890
29188 19 5 24843
29192 19 3 25454
29194 19 23 24887
29198 19 5 24579
29206 19 2 24697
29210 19 5 24891
29214 19 23 24671
29218 19 16 24919
29220 19 20 24800
29228 19 22 24742
29230 19 20 24896
29234 19 21 24645
29238 19 23 24851
29240 19 5 24879
29242 19 23 24659
29244 19 23 24971
29246 19 16 24979
29248 19 11 24893
29262 19 3 24806
29264 19 16 24871
29268 19 11 24845
29272 19 15 24834
29274 19 15 24894
29282 19 3 24866
29284 19 5 24903
29290 19 1 25008
29292 19 2 25021
29294 19 16 24607
29302 19 1 24900
29304 19 22 24934
29306 19 3 24686
29308 19 1 24876
29320 19 2 25009
29322 19 1 24840
29328 19 22 25042
29332 19 23 25007
29334 19 16 25015
29346 19 21 24681
29350 19 21 24789
29352 19 11 24725
29356 19 15 25050
29368 19 11 24773
29370 19 10 24892
29376 19 22 24838
29378 19 11 24653
29380 19 15 24774
29386 19 16 25051
29388 19 1 25104
29390 19 11 25157
29396 19 5 25047
29398 19 23 24683
29402 19 1 24816
29404 19 11 24917
29424 19 21 24801
29428 19 21 25005
29430 19 11 24857
29436 19 1 24948
29448 19 22 24922
29450 19 15 25062
29454 19 15 24870
29456 19 3 24614
29460 19 21 24897
29462 19 2 25033
29466 19 15 24762
29470 19 20 25016
29472 19 20 24848
29474 19 15 25014
29480 19 23 24863
29482 19 11 25061
29506 19 21 24885
29510 19 5 24915
29512 19 22 24670
29514 19 22 24946
29538 19 20 25148
29540 19 10 24640
29542 19 10 24592
29544 19 11 24797
29548 19 20 25052
29550 19 2 24649
29552 19 15 25170
29562 19 11 25013
29568 19 3 24698
29574 19 3 25034
29582 19 16 24991
29586 19 1 25164
29588 19 3 24830
29594 19 10 24844
29604 19 16 24895
29612 19 22 25126
29614 19 21 25125
29616 19 21 25173
29620 19 2 24853
29624 19 2 24997
29630 19 1 25068
29642 19 10 25168
29644 19 22 24970
29646 19 20 25124
29658 19 20 25100
29660 19 5 24927
29666 19 1 25152
29672 19 1 25572
29676 19 5 25023
29678 19 1 25092
29682 19 20 24860
29686 19 3 25070
29688 19 22 25066
29696 19 3 25058
29700 19 3 25154
29708 19 21 25185
29712 19 23 25043
29724 19 10 24664
29726 19 15 24966
29728 19 1 24684
29736 19 1 25200
29740 19 5 24963
29742 19 3 25166
29744 19 1 25188
29746 19 15 24978
29748 19 2 25045
29750 19 15 24618
29780 19 1 24828
29784 19 10 24820
29786 19 5 25035
29792 19 16 25123
29802 19 3 24938
29808 19 11 25181
29818 19 10 25036
29828 19 2 25105
29830 19 3 25106
29832 19 3 25274
29842 19 23 24743
29844 19 15 24858
29846 19 5 25059
29848 19 23 25067
29850 19 15 25266
29852 19 11 25241
29854 19 22 25054
29868 19 2 24985
29870 19 23 25091
29878 19 22 25222
29880 19 1 25272
29890 19 2 25165
29902 19 3 24962
29904 19 5 25263
29906 19 5 25275
29908 19 10 25120
29916 19 2 24721
29920 19 1 24792
29922 19 21 24849
29924 19 11 24749
29926 19 22 24886
29938 19 2 25153
29940 19 16 25279
29954 19 10 25048
29956 19 16 25255
29958 19 16 25303
29960 19 15 25302
29964 19 5 24855
29966 19 23 24959
29980 19 2 25261
29982 19 15 25278
29992 19 10 25204
29994 19 23 25319
29996 19 15 25362
29998 19 20 24992
30008 19 2 24973
30010 19 20 25064
30026 19 21 25305
30030 19 11 25277
30032 19 20 24608
30034 19 15 25194
30036 19 23 25163
30044 19 5 25299
30046 19 2 24769
30048 19 23 25175
30064 19 22 25306
30066 19 11 24761
30088 19 20 25304
30092 19 3 25190
30100 19 10 25108
30108 19 16 24823
30112 19 16 24943
30130 19 20 25292
30132 19 11 25301
30134 19 1 24768
30136 19 23 25139
30142 19 22 24850
30148 19 22 24994
30154 19 16 25231
30156 19 20 24728
30158 19 10 24760
30160 19 3 25322
30162 19 3 25334
30170 19 1 25344
30180 19 11 24809
30186 19 5 25071
30188 19 20 25568
30196 19 20 25328
30198 19 20 24968
30228 19 1 25056
30230 19 5 25167
30234 19 11 24593
30238 19 22 25090
30240 19 11 25097
30242 19 15 24918
30248 19 15 25314
30256 19 16 25195
30268 19 21 25329
30270 19 2 24913
30290 19 2 25309
30292 19 20 25076
30296 19 3 25238
30298 19 23 25031
30300 19 10 25192
30302 19 16 25267
30312 19 3 25082
30320 19 10 25372
30342 19 15 25290
30360 19 16 24667
30368 19 10 25084
30376 19 5 25227
30378 19 21 25365
30384 19 20 25400
30386 19 21 25233
30388 19 11 24881
30390 19 3 24986
30392 19 3 25022
30394 19 23 25331
30400 19 3 24926
30404 19 22 25138
30408 19 22 25162
30410 19 21 25029
30412 19 10 25288
30414 19 15 25242
30420 19 3 25094
30434 19 22 25150
30436 19 2 25285
30448 19 22 25198
30468 19 3 25394
30492 19 2 25357
30518 19 16 25291
30526 19 10 25324
30532 19 20 25316
30536 19 22 24958
30538 19 15 25254
30544 19 5 25203
30548 19 15 25446
30554 19 2 25273
30556 19 5 25083
30558 19 16 24931
30560 19 23 25187
30570 19 3 25310
30578 19 10 25432
30580 19 16 25435
30582 19 22 25102
30588 19 10 25420
30602 19 11 25421
30608 19 5 24807
30610 19 1 24912
30622 19 1 25236
30630 19 5 25143
30636 19 5 25311
30642 19 5 25359
30646 19 15 24798
30652 19 20 25280
30654 19 21 24597
30658 19 22 25246
30662 19 2 25189
30672 19 20 25436
30678 19 20 24764
30700 19 11 25169
30710 19 5 25239
30712 19 2 25345
30714 19 1 25404
30776 19 23 25439
30798 19 15 25458
30802 19 5 25215
30806 19 1 25320
30808 19 16 25459
30810 19 10 24880
30814 19 15 24954
30826 19 20 25376
30830 19 23 25127
30834 19 1 25260
30836 19 21 25425
30860 19 15 25494
30862 19 23 25499
30864 19 1 25500
30880 19 21 25521
30882 19 1 24720
30890 19 21 25401
30892 19 20 25088
30894 19 11 24869
30898 19 5 25515
30928 19 11 25349
30942 19 21 24969
30974 19 5 25395
30986 19 10 25360
31012 19 21 25221
31014 19 23 24815
31016 19 15 25218
31022 19 5 25323
31050 19 3 25514
31058 19 10 25540
31072 19 10 25180
31082 19 15 25374
31084 19 22 25558
31086 19 21 25209
31088 19 10 24928
31092 19 1 24756
31098 19 21 25461
31104 19 23 25355
31112 19 2 25093
31116 19 5 25251
31120 19 1 25308
31122 19 23 25451
31124 19 5 25503
31134 19 20 24716
31152 19 16 25363
31156 19 2 25381
31162 19 3 24722
31164 19 2 24805
31166 19 23 25343
31172 19 15 25206
31182 19 15 25134
31186 19 15 25578
31192 19 1 24888
31194 19 5 24627
31216 19 22 25006
31220 19 23 25487
31224 19 11 25001
31240 19 1 25116
31242 19 11 12061
31244 19 20 11272
31246 19 20 12052
31248 19 1 11396
31250 19 11 11461
31252 19 20 11668
31254 19 10 12240
31256 19 2 11349
31262 19 5 11951
31264 19 21 11837
31266 19 20 11500
31268 19 3 12238
31270 19 11 11629
31274 19 22 11934
31276 19 1 11996
31278 19 21 11645
31280 19 11 11905
31282 19 21 11909
31286 19 3 11758
31290 19 21 11609
31292 19 11 11533
31294 19 21 11453
31296 19 5 12059
31298 19 15 12158
31300 19 15 11762
31304 19 16 11439
31308 19 15 11594
31312 19 1 11852
31316 19 20 12004
31318 19 15 11894
31320 19 20 12064
31322 19 1 12200
31326 19 11 12229
31328 19 23 11899
31330 19 2 11709
31332 19 1 11624
31334 19 10 11328
31336 19 20 11872
31338 19 2 12249
31340 19 20 11920
31342 19 1 11528
31344 19 20 12100
31348 19 20 11440
31350 19 21 11621
31352 19 11 11269
31356 19 10 11640
31360 19 16 11703
31362 19 3 11854
31364 19 21 12245
31366 19 20 11740
31370 19 3 11938
31384 19 11 11293
31386 19 10 11520
31390 19 22 11670
31400 19 5 11975
31402 19 5 11279
31404 19 23 11551
31408 19 3 12034
31410 19 3 11818
31414 19 20 11788
31416 19 3 11482
31418 19 20 11644
31420 19 1 11660
31422 19 2 11877
31424 19 20 12220
31428 19 5 12131
31432 19 23 11491
31434 19 16 11319
31440 19 3 11662
31442 19 2 11865
31446 19 23 12043
31448 19 3 11782
31460 19 3 12154
31466 19 15 11426
31468 19 16 11367
31470 19 5 11939
31472 19 11 11329
31474 19 21 12197
31476 19 22 11490
31478 19 22 11442
31484 19 16 11811
31486 19 5 12191
31494 19 15 11462
31496 19 22 11922
31498 19 23 12019
31502 19 5 12155
31504 19 20 12208
31506 19 21 11405
31512 19 11 11437
31514 19 23 11419
31518 19 5 11591
31520 19 22 12126
31522 19 10 11964
31524 19 20 11428
31526 19 3 11506
31530 19 21 11705
31536 19 11 12241
31542 19 16 11535
31546 19 10 12144
31548 19 2 11361
31554 19 2 11721
31568 19 22 11322
31570 19 11 11485
31574 19 10 11616
31576 19 23 11635
31578 19 21 11657
31582 19 15 12026
31590 19 1 11792
31598 19 23 11827
31602 19 23 11275
31606 19 5 11399
31618 19 2 12021
31620 19 22 11538
31622 19 1 11540
31626 19 22 12066
31628 19 10 11340
31630 19 5 11447
31632 19 20 12028
31646 19 20 12232
31650 19 1 11936
31656 19 1 12236
31658 19 16 11391
31660 19 15 11834
31662 19 22 11550
31664 19 3 11314
31666 19 22 12186
31668 19 16 11991
31674 19 16 11607
31676 19 16 11955
31678 19 16 11655
31682 19 1 11864
31684 19 21 11921
31686 19 11 12097
31688 19 23 12127
31690 19 23 12163
31692 19 22 12138
31694 19 23 11863
31700 19 1 12092
31716 19 10 12120
31718 19 21 12101
31722 19 10 11748
31726 19 5 12095
31730 19 1 12128
31734 19 1 11720
31742 19 16 11523
31750 19 11 12085
31756 19 16 12183
31760 19 21 12173
31764 19 15 12086
31768 19 23 12151
31770 19 20 12184
31776 19 3 11974
31778 19 5 12071
31782 19 16 12087
31786 19 3 12118
31788 19 1 11888
31790 19 21 11801
31802 19 11 12109
31812 19 15 11270
31822 19 1 12008
31832 19 3 11890
31834 19 16 12123
31836 19 22 11406
31844 19 5 11735
31848 19 20 12172
31856 19 22 11742
31864 19 10 11724
31866 19 20 12076
31888 19 22 11454
31894 19 23 11875
31896 19 23 11923
31912 19 23 11455
31914 19 22 11418
31918 19 11 11641
31920 19 15 11822
31922 19 22 11826
31924 19 16 12003
31930 19 11 11929
31932 19 2 1757
31934 19 16 1367
31936 19 10 14724
31938 19 10 15156
31940 19 22 15270
31944 19 11 15313
31946 19 11 14365
31948 19 3 15010
31950 19 11 14809
31952 19 3 14350
31954 19 2 14505
31956 19 15 14930
31958 19 21 15113
31960 19 16 14643
31962 19 16 14487
31964 19 22 14922
31966 19 23 15055
31970 19 2 14589
31972 19 16 14523
31976 19 22 15066
31978 19 2 14625
31980 19 11 15277
31986 19 21 14405
31990 19 2 15357
31994 19 2 15345
31996 19 1 14504
32000 19 20 14908
32010 19 15 14510
32016 19 10 15180
32018 19 1 15236
32020 19 20 15256
32022 19 22 15138
32026 19 5 15227
32042 19 2 14913
32050 19 3 15202
32056 19 1 14588
32066 19 11 14701
32068 19 22 14886
32070 19 1 14660
32074 19 23 15271
32076 19 16 14367
32080 19 1 15068
32082 19 23 15259
32088 19 5 14399
32094 19 11 15241
32100 19 23 14347
32102 19 1 14468
32104 19 11 14797
32106 19 10 15252
32108 19 2 14757
32110 19 11 15001
32112 19 20 14872
32114 19 11 14425
32118 19 23 15091
32122 19 22 14634
32124 19 23 15175
32126 19 1 15176
32128 19 10 15204
32130 19 11 15265
32132 19 23 14983
32134 19 21 14417
32136 19 11 14569
32138 19 3 14854
32142 19 16 15195
32144 19 1 14984
32154 19 21 14777
32160 19 16 15087
32162 19 15 14426
32164 19 5 14711
32166 19 2 14565
32180 19 3 14698
32190 19 2 14373
32200 19 15 14954
32204 19 3 14650
32206 19 11 14665
32208 19 23 15295
32210 19 23 14779
32218 19 22 14958
32220 19 1 15008
32224 19 10 14688
32228 19 3 14626
32232 19 21 14753
32234 19 22 14754
32236 19 2 14829
32242 19 20 15172
32248 19 16 15039
32268 19 15 14906
32270 19 15 15122
32276 19 20 14836
32292 19 11 14773
32296 19 11 14581
32298 19 1 15152
32302 19 16 15063
32304 19 23 14587
32306 19 1 14852
32310 19 10 15120
32314 19 15 14570
32316 19 23 14623
32320 19 1 14564
32322 19 21 14429
32328 19 10 14940
32342 19 2 14457
32346 19 21 14441
32348 19 2 14433
32358 19 10 15060
32360 19 10 14964
32364 19 11 14941
32368 19 21 14501
32388 19 10 15312
32394 19 10 14484
32396 19 20 15328
32398 19 2 14409
32412 19 16 15267
32416 19 5 15191
32422 19 15 14486
32426 19 22 14670
32430 19 21 14993
32448 19 1 14480
32466 19 20 14764
32470 19 5 14651
32474 19 1 14864
32478 19 1 15332
32480 19 11 14617
32488 19 21 14453
32496 19 3 14962
32500 19 16 14811
32502 19 2 14721
32504 19 22 14982
32506 19 16 15183
32508 19 23 15331
32510 19 20 15184
32512 19 21 15281
32516 19 3 14362
32526 19 3 14494
32528 19 22 15282
32532 19 22 14526
32534 19 22 14706
32546 19 2 14613
32548 19 2 15273
32554 19 22 14694
32568 19 20 15196
32574 19 20 14380
32584 19 16 15255
32596 19 20 14956
32598 19 20 15268
32604 19 1 14792
32606 19 2 14793
32614 19 16 14343
32616 19 2 14841
32622 19 3 14530
32628 19 15 14342
32630 19 11 15109
32644 19 22 15234
32646 19 23 15235
32660 19 5 14435
32666 19 15 14402
32670 19 21 14669
32674 19 5 15287
32708 19 2 15309
32732 19 5 14879
32734 19 15 15350
32736 19 11 15229
32738 19 3 15298
32742 19 23 15187
32744 19 22 14682
32760 19 23 14503
32806 19 1 14732
32808 19 20 14968
32810 19 2 14805
32814 19 22 15174
32816 19 5 14627
32820 19 20 14932
32830 19 16 14991
32832 19 16 15231
32858 19 3 14338
32862 19 20 15016
32864 19 5 15083
32878 19 5 15275
32882 19 1 14768
32884 19 21 14813
32888 19 10 13240
32890 19 21 12609
32892 19 21 12897
32894 19 15 12930
32896 19 15 13170
32898 19 21 13089
32900 19 20 12584
32902 19 16 12595
32904 19 16 12667
32906 19 16 12775
32908 19 20 13292
32910 19 16 12511
32912 19 5 13179
32914 19 22 13294
32916 19 1 12732
32918 19 22 13126
32920 19 23 13211
32922 19 10 13180
32924 19 23 13259
32926 19 11 12293
32930 19 10 12304
32934 19 22 13270
32940 19 11 13085
32946 19 16 12715
32948 19 21 12789
32950 19 21 12957
32952 19 16 12643
32954 19 15 13302
32956 19 23 12659
32960 19 22 12574
32962 19 3 12614
32964 19 23 12827
32970 19 20 12668
32972 19 21 12801
32974 19 11 12461
32978 19 5 12951
32980 19 5 12339
32984 19 2 13273
32986 19 11 13121
32990 19 3 12386
32992 19 3 13202
32994 19 5 13239
32996 19 3 13310
32998 19 22 13042
33000 19 21 12669
33002 19 22 12670
33008 19 22 13198
33010 19 10 13276
33014 19 20 13172
33016 19 21 12297
33020 19 15 12402
33022 19 16 12403
33024 19 21 13005
33026 19 11 13253
33030 19 22 13234
33032 19 3 12794
33034 19 15 12882
33036 19 16 12391
33038 19 21 13053
33040 19 23 12455
33042 19 1 12456
33044 19 20 13004
33046 19 20 12488
33048 19 20 12524
33050 19 5 12759
33056 19 10 13132
33060 19 11 12617
33062 19 11 12425
33070 19 3 13130
33074 19 11 12341
33076 19 23 12431
33078 19 10 12460
33080 19 16 12607
33084 19 5 12639
33086 19 1 12792
33094 19 3 12926
33096 19 21 13161
33098 19 21 13305
33100 19 22 13306
33110 19 11 13049
33118 19 5 12423
33120 19 3 13082
33126 19 20 12764
33132 19 21 12333
33134 19 2 13153
33136 19 10 12604
33138 19 16 12331
33142 19 23 12599
33144 19 1 13140
33146 19 2 13117
33148 19 3 13154
33150 19 16 12799
33154 19 21 12381
33158 19 5 12771
33160 19 11 12437
33162 19 16 13159
33164 19 20 12608
33166 19 5 12603
33168 19 10 12856
33170 19 16 12895
33174 19 22 13282
33182 19 2 12661
33184 19 23 12611
33186 19 1 12756
33192 19 22 12538
33196 19 11 12677
33198 19 10 12844
33200 19 2 13141
33206 19 22 12586
33224 19 20 12500
33226 19 16 12427
33230 19 3 12758
33232 19 1 13044
33236 19 22 13138
33242 19 21 12825
33248 19 23 13235
33254 19 16 12583
33256 19 23 12803
33262 19 5 13035
33276 19 22 12466
33278 19 23 12995
33280 19 3 13046
33284 19 2 12481
33288 19 15 12366
33294 19 16 13183
33296 19 20 12512
33298 19 22 12502
33300 19 16 12487
33306 19 23 13079
33308 19 3 13286
33310 19 15 12834
33316 19 1 13164
33324 19 20 13088
33330 19 1 12720
33336 19 16 12619
33342 19 22 12442
33344 19 2 12745
33348 19 23 13067
33352 19 15 12654
33362 19 1 12780
33364 19 22 13102
33370 19 23 13307
33378 19 20 12344
33380 19 16 12847
33392 19 10 12412
33396 19 15 12534
33398 19 2 12529
33400 19 15 12714
33412 19 11 12485
33418 19 21 13185
33424 19 20 12368
33428 19 1 12924
33430 19 22 12418
33436 19 5 13275
33438 19 3 12914
33442 19 22 12298
33446 19 5 12819
33452 19 10 12736
33458 19 3 12842
33460 19 3 12338
33470 19 5 12795
33472 19 16 13303
33476 19 5 13203
33508 19 11 13205
33510 19 16 12655
33518 19 22 12622
33524 19 10 12616
33534 19 20 12452
33540 19 22 12730
33548 19 21 13293
33554 19 15 12474
33556 19 22 12838
33568 19 3 12566
33572 19 20 12848
33576 19 23 13695
33578 19 23 13827
33580 19 16 14159
33582 19 23 13359
33584 19 1 13936
33588 19 5 14275
33590 19 3 13314
33592 19 23 13875
33594 19 5 13435
33598 19 21 13645
33602 19 11 13569
33604 19 15 14086
33606 19 16 13943
33608 19 21 13333
33610 19 20 14328
33612 19 15 14278
33616 19 10 13556
33618 19 1 14248
33620 19 2 13757
33622 19 22 14234
33624 19 2 13889
33632 19 2 13517
33634 19 20 13416
33636 19 11 13449
33638 19 20 13968
33640 19 16 13991
33642 19 22 14114
33648 19 23 13731
33650 19 15 14062
33652 19 16 14207
33654 19 2 13841
33658 19 3 13566
33660 19 16 13487
33664 19 21 13369
33666 19 21 13393
33668 19 16 13763
33670 19 22 14102
33678 19 10 13496
33680 19 3 13914
33682 19 16 14255
33684 19 5 14251
33686 19 23 13659
33688 19 20 14004
33692 19 10 14276
33694 19 10 13364
33696 19 11 13965
33700 19 11 13329
33702 19 2 13529
33706 19 2 13433
33708 19 10 13880
33710 19 21 13981
33712 19 3 13434
33714 19 5 14335
33716 19 5 14011
33722 19 16 13859
33724 19 10 14288
33726 19 2 13805
33728 19 21 14233
33730 19 2 13457
33732 19 23 13563
33738 19 10 13352
33742 19 1 13564
33744 19 20 13884
33748 19 20 14076
33750 19 16 14087
33754 19 16 13847
33756 19 20 13872
33758 19 11 13365
33762 19 10 14036
33768 19 2 14333
33770 19 11 14145
33772 19 3 14322
33786 19 16 14327
33790 19 20 13452
33798 19 1 13960
33804 19 1 14176
33806 19 21 13837
33812 19 1 13372
33814 19 5 13723
33816 19 22 13970
33826 19 21 13561
33830 19 11 13665
33834 19 20 14088
33838 19 22 13478
33840 19 3 13734
33842 19 21 13753
33844 19 10 13760
33846 19 3 13890
33848 19 1 13900
33850 19 23 13947
33852 19 1 14128
33856 19 23 14295
33860 19 22 13598
33862 19 11 13821
33876 19 1 13912
33878 19 15 14038
33884 19 16 14135
33890 19 1 14188
33892 19 5 13351
33894 19 10 13832
33896 19 3 14190
33900 19 16 13331
33902 19 5 13447
33904 19 2 13349
33906 19 23 14151
33908 19 3 13686
33910 19 22 14078
33912 19 5 14071
33914 19 11 14325
33916 19 20 13896
33918 19 22 13718
33920 19 16 13703
33932 19 23 13719
33942 19 1 13348
33958 19 10 14048
33970 19 15 13726
33972 19 23 13791
33976 19 3 13650
33980 19 3 13998
33990 19 10 13628
33998 19 21 13549
34000 19 3 14310
34004 19 23 14019
34010 19 3 13950
34020 19 15 13906
34022 19 10 13544
34024 19 3 13422
34028 19 22 14330
34030 19 22 13466
34032 19 22 14246
34034 19 21 13813
34046 19 3 13578
34062 19 1 14236
34082 19 21 14077
34084 19 21 14137
34086 19 10 14072
34092 19 11 14301
34098 19 15 13834
34100 19 3 14082
34104 19 23 13467
34106 19 10 13700
34108 19 10 13712
34110 19 11 14157
34112 19 10 13664
34114 19 10 14216
34124 19 11 13869
34126 19 2 14189
34128 19 21 13501
34130 19 16 13979
34138 19 2 13601
34140 19 5 14179
34144 19 2 14297
34164 19 3 13494
34166 19 16 13931
34182 19 1 13744
34184 19 1 14152
34190 19 20 13740
34208 19 11 13725
34210 19 20 14220
34240 19 15 14242
34244 19 20 13500
34250 19 20 13644
34262 19 21 14161
34268 19 11 13521
34272 19 5 13375
34274 19 22 13742
34284 19 21 13969
34288 19 15 13594
34290 19 11 13737
34292 19 15 14014
34294 19 2 13409
34300 19 1 13684
34308 19 16 13355
34310 19 3 13758
34320 19 5 13987
34322 19 22 14258
34338 19 21 13537
34342 19 10 13460
34344 19 22 13610
34346 19 20 13920
34354 19 23 2995
34356 19 23 7575
34358 19 1 7936
