0 18 9 280
2 18 3 974
4 18 5 51
6 18 2 961
8 18 21 1017
10 18 23 599
14 18 2 433
16 18 2 865
18 18 15 871
20 18 3 302
22 18 1 492
24 18 23 911
26 18 23 299
28 18 22 514
30 18 22 730
32 18 1 264
34 18 1 564
36 18 2 745
40 18 23 59
46 18 3 194
48 18 15 187
50 18 9 196
52 18 21 369
54 18 2 529
56 18 22 658
58 18 3 218
60 18 22 778
62 18 22 790
64 18 21 861
66 18 5 1023
68 18 23 191
70 18 9 988
72 18 22 442
78 18 5 507
82 18 14 78
84 18 19 416
86 18 21 585
90 18 3 86
94 18 15 919
96 18 2 901
98 18 3 998
100 18 19 620
102 18 15 427
104 18 14 546
106 18 5 1135
108 18 21 1513
110 18 21 1501
112 18 19 1176
114 18 21 1537
116 18 10 1677
118 18 21 1705
120 18 3 1458
122 18 1 1852
124 18 15 1247
126 18 14 1090
132 18 21 1369
134 18 15 1583
136 18 5 1075
140 18 1 1564
142 18 10 1641
144 18 14 1726
146 18 19 1884
148 18 19 1956
150 18 22 1466
152 18 22 1958
154 18 21 2017
158 18 1 1648
160 18 2 1553
162 18 22 1646
164 18 9 1700
166 18 1 1912
168 18 3 1986
170 18 9 1376
172 18 21 1669
174 18 1 1768
176 18 23 1887
178 18 9 1520
182 18 5 1315
184 18 9 1616
188 18 19 1308
192 18 1 1660
194 18 3 1854
196 18 22 2058
198 18 14 2102
200 18 1 2144
202 18 15 2199
204 18 21 2309
206 18 14 2966
208 18 10 2977
210 18 5 2195
212 18 2 2445
214 18 10 2821
216 18 9 2940
218 18 14 2174
220 18 10 2125
222 18 3 2554
224 18 1 2924
226 18 23 2059
228 18 5 2279
230 18 21 2909
232 18 2 2229
234 18 19 2980
236 18 2 2793
238 18 22 3054
240 18 9 2292
246 18 5 2435
248 18 3 2494
250 18 14 2990
252 18 22 3018
254 18 2 2097
256 18 15 2211
258 18 23 2263
260 18 5 2291
262 18 19 2320
268 18 21 3017
272 18 5 2579
274 18 2 2913
276 18 22 2238
280 18 21 3345
282 18 5 3363
284 18 15 3223
286 18 5 3903
288 18 9 3904
290 18 22 3562
292 18 3 3806
294 18 3 3158
296 18 5 3579
298 18 21 3753
302 18 15 3535
304 18 21 3765
306 18 19 3608
308 18 21 4005
310 18 5 4047
312 18 5 3303
314 18 1 3372
316 18 23 3947
320 18 23 3695
322 18 5 3519
326 18 23 3371
328 18 19 3524
330 18 23 3887
332 18 10 4061
334 18 5 4083
336 18 23 3227
340 18 1 3336
344 18 14 3966
346 18 10 3845
348 18 14 3438
354 18 2 4045
356 18 3 4046
358 18 15 3247
362 18 22 4490
364 18 22 4718
366 18 23 4407
368 18 15 4811
370 18 15 4403
372 18 22 4406
376 18 1 4480
378 18 14 4138
380 18 5 4255
382 18 9 4316
384 18 19 4284
386 18 15 5015
388 18 1 5068
390 18 19 4200
392 18 19 4248
394 18 23 4275
396 18 5 4867
398 18 14 4102
400 18 9 5000
402 18 2 4241
404 18 1 4432
406 18 23 4767
408 18 23 4119
410 18 19 4620
414 18 22 4190
416 18 2 4709
418 18 10 4713
420 18 5 4735
422 18 1 4960
424 18 10 4209
426 18 5 4219
428 18 1 4288
430 18 19 5100
432 18 14 4150
434 18 14 4978
436 18 14 4186
438 18 23 4287
440 18 19 4344
442 18 14 4318
444 18 14 4222
448 18 3 4686
450 18 19 4716
452 18 3 4818
454 18 23 4443
456 18 14 4114
458 18 22 4166
460 18 19 4332
462 18 5 4447
466 18 5 5047
468 18 21 5369
470 18 14 5390
472 18 21 5405
474 18 10 5509
476 18 5 5663
478 18 2 5781
480 18 2 5901
482 18 2 6057
484 18 2 5517
486 18 3 5890
488 18 2 6033
490 18 21 5429
492 18 15 5895
498 18 9 5544
500 18 9 5988
502 18 3 5962
508 18 22 6138
510 18 3 5734
512 18 3 5818
514 18 14 5198
516 18 14 5810
518 18 5 5891
520 18 23 5311
522 18 15 5919
524 18 22 5274
526 18 14 5642
530 18 19 6088
532 18 10 5773
534 18 5 5999
536 18 14 5246
538 18 9 5640
540 18 3 5662
542 18 5 5699
544 18 3 5842
546 18 15 5607
548 18 21 5657
554 18 1 6116
556 18 22 5598
558 18 23 5923
560 18 14 5270
562 18 14 5318
564 18 15 5571
566 18 9 5184
568 18 3 5146
570 18 23 5227
572 18 2 5241
574 18 3 5566
576 18 22 5322
578 18 10 5497
580 18 22 5406
582 18 19 5416
584 18 1 5480
592 18 2 5721
600 18 22 6382
602 18 9 6448
604 18 3 6506
606 18 5 6771
608 18 15 6823
610 18 3 6842
612 18 3 6902
614 18 10 6929
616 18 23 6971
618 18 15 7015
620 18 1 7032
622 18 21 7089
624 18 21 7017
626 18 15 6271
628 18 23 6863
630 18 5 6915
632 18 23 6179
634 18 2 6385
636 18 3 6470
638 18 3 6974
640 18 5 7119
642 18 14 7134
644 18 23 7151
646 18 1 6636
648 18 1 6996
654 18 2 6277
660 18 9 6472
662 18 21 6537
664 18 19 6548
666 18 5 6483
668 18 22 6586
670 18 9 6724
672 18 15 6727
680 18 9 6928
682 18 10 6545
684 18 22 6598
686 18 14 6678
688 18 10 6761
690 18 23 6923
692 18 3 6986
698 18 2 7153
700 18 3 7142
702 18 1 6468
704 18 15 6499
706 18 9 6556
708 18 2 7045
712 18 1 6348
718 18 15 6883
720 18 21 7053
722 18 22 6526
724 18 2 6973
726 18 22 6178
728 18 14 6438
730 18 3 6938
732 18 1 6912
734 18 15 7159
736 18 23 6191
738 18 19 6344
742 18 14 6498
748 18 5 6231
750 18 9 6244
752 18 19 6272
754 18 1 6492
756 18 10 6509
758 18 10 6845
760 18 9 6532
762 18 5 6675
764 18 19 6632
766 18 15 6715
768 18 22 6730
770 18 5 6591
772 18 5 6159
786 18 2 6637
788 18 14 6738
790 18 10 6749
792 18 19 6764
796 18 19 6992
798 18 5 7059
800 18 9 6856
802 18 23 7203
804 18 23 7227
806 18 19 7260
808 18 21 7741
810 18 1 7792
812 18 23 7935
814 18 9 8036
816 18 5 7963
818 18 14 7522
820 18 5 7579
822 18 14 7930
824 18 10 7977
826 18 10 7173
828 18 1 7384
830 18 5 7399
832 18 19 7452
834 18 3 7458
836 18 22 7466
838 18 9 7472
840 18 1 7612
842 18 19 7956
844 18 2 8057
846 18 15 8087
848 18 19 8088
850 18 2 8117
852 18 19 8136
854 18 21 8137
856 18 23 8139
858 18 19 8148
860 18 3 7518
862 18 1 7900
864 18 21 7609
866 18 14 8026
870 18 23 7911
872 18 1 7264
874 18 19 7404
876 18 14 7978
878 18 3 7986
880 18 9 8072
882 18 2 7601
884 18 10 7185
886 18 2 7361
888 18 5 7531
890 18 21 7573
892 18 23 7587
894 18 15 7619
896 18 21 7849
898 18 23 8019
900 18 14 8038
902 18 14 8074
904 18 9 8096
908 18 3 7374
910 18 5 7411
912 18 21 7645
914 18 22 7742
918 18 3 7446
920 18 2 7565
922 18 10 7641
924 18 21 8161
926 18 9 7268
928 18 14 7390
930 18 21 8113
936 18 15 7319
938 18 10 7353
942 18 2 7373
944 18 15 7631
946 18 19 7188
948 18 5 7519
950 18 1 7228
952 18 1 7480
954 18 21 7501
956 18 9 7508
958 18 9 7868
960 18 15 8015
962 18 1 7768
964 18 3 7314
966 18 1 7348
968 18 23 7599
970 18 23 7899
972 18 15 7979
974 18 9 7952
976 18 9 7904
978 18 23 7887
980 18 10 7809
982 18 1 7756
984 18 1 7288
986 18 10 7857
988 18 22 8150
990 18 22 7190
994 18 3 7686
996 18 14 7810
1012 18 1 7936
1020 18 9 8256
1022 18 23 8491
1024 18 5 8711
1026 18 19 8860
1028 18 10 8905
1030 18 10 8929
1032 18 2 8301
1034 18 2 8661
1036 18 19 8356
1038 18 21 8357
1040 18 1 9188
1042 18 14 9206
1044 18 19 8584
1046 18 22 8346
1048 18 3 8374
1050 18 19 8392
1052 18 1 8492
1054 18 1 8540
1056 18 15 8631
1058 18 14 8726
1060 18 23 8767
1062 18 3 8878
1064 18 1 8888
1066 18 14 8906
1068 18 19 8908
1070 18 22 9174
1072 18 1 8564
1074 18 2 8997
1076 18 2 9165
1080 18 1 8972
1082 18 14 8870
1084 18 2 8277
1086 18 22 8394
1088 18 10 8545
1090 18 5 8891
1092 18 3 8254
1094 18 15 8307
1096 18 10 8977
1098 18 23 9055
1100 18 10 9181
1102 18 2 9189
1104 18 1 9212
1110 18 1 8984
1112 18 21 9005
1114 18 15 9039
1116 18 19 8428
1118 18 23 8467
1120 18 10 8701
1122 18 15 8835
1124 18 19 9148
1126 18 19 8212
1128 18 3 8602
1130 18 19 8224
1132 18 14 8234
1134 18 1 8792
1138 18 1 9152
1140 18 14 8354
1146 18 21 8321
1148 18 2 8337
1150 18 15 8595
1152 18 5 9059
1154 18 14 8582
1156 18 10 9085
1158 18 14 9170
1160 18 21 8333
1162 18 22 8586
1164 18 9 8604
1166 18 21 8753
1168 18 1 9080
1170 18 5 9143
1172 18 23 9187
1176 18 14 8822
1178 18 22 8706
1184 18 19 8692
1186 18 5 8471
1188 18 21 8453
1194 18 15 8271
1196 18 23 8623
1202 18 22 8946
1204 18 3 8974
1206 18 2 9445
1208 18 10 10169
1210 18 1 9648
1212 18 1 9828
1214 18 15 9415
1216 18 21 9753
1218 18 1 9816
1220 18 19 9980
1222 18 2 9685
1224 18 15 9799
1226 18 10 9233
1228 18 14 9342
1230 18 22 9454
1232 18 10 9545
1234 18 19 9608
1236 18 21 9825
1238 18 14 9870
1240 18 14 9978
1242 18 21 9981
1244 18 3 10046
1246 18 5 10131
1248 18 9 9220
1250 18 9 9304
1252 18 21 10221
1254 18 5 10191
1256 18 21 9309
1258 18 3 9338
1260 18 23 9443
1262 18 3 9758
1264 18 3 9962
1266 18 10 9341
1268 18 15 9487
1270 18 1 9504
1272 18 21 9597
1274 18 3 9674
1276 18 21 10197
1278 18 23 9875
1280 18 22 9478
1284 18 2 9253
1286 18 23 9323
1288 18 5 9939
1292 18 21 9441
1294 18 21 9561
1296 18 5 9687
1298 18 23 10079
1300 18 19 9704
1302 18 23 10007
1304 18 3 9254
1306 18 1 9312
1308 18 10 9965
1310 18 3 10022
1312 18 1 10140
1314 18 1 10020
1322 18 10 10049
1324 18 5 10155
1326 18 2 10213
1328 18 23 9611
1330 18 15 9667
1332 18 23 10163
1334 18 1 9264
1336 18 19 9368
1338 18 1 9540
1340 18 1 10104
1342 18 2 9781
1344 18 14 9786
1346 18 15 9955
1348 18 14 9966
1350 18 5 9399
1352 18 19 9800
1354 18 1 9900
1356 18 15 10207
1358 18 19 9632
1360 18 2 9385
1362 18 22 9718
1364 18 14 9858
1366 18 15 9859
1368 18 15 10075
1370 18 21 10233
1374 18 14 9822
1376 18 5 10011
1378 18 3 9578
1380 18 14 9222
1382 18 1 9396
1384 18 5 9699
1386 18 23 9731
1388 18 21 9813
1390 18 21 10029
1396 18 22 9730
1398 18 23 9767
1400 18 10 9797
1404 18 5 9867
1406 18 19 9968
1410 18 19 10136
1412 18 3 10154
1414 18 5 10267
1416 18 19 10572
1418 18 1 10744
1420 18 5 10423
1422 18 23 11115
1424 18 23 11139
1426 18 10 10617
1430 18 9 10244
1432 18 9 11144
1434 18 10 10365
1436 18 9 10808
1438 18 3 10698
1440 18 21 11245
1442 18 21 10789
1444 18 23 10635
1446 18 22 10394
1454 18 15 10295
1460 18 22 10478
1470 18 2 10289
1474 18 22 10286
1476 18 15 10463
1478 18 3 10302
1480 18 21 10321
1482 18 21 10357
1486 18 1 10312
1492 18 15 10415
1496 18 22 10298
1498 18 15 10499
1500 18 23 10995
1506 18 14 10630
1508 18 1 10564
1512 18 2 10301
1514 18 23 10299
1516 18 23 10539
1518 18 14 10678
1522 18 19 10608
1528 18 22 10682
1530 18 1 10396
1534 18 21 10369
1536 18 23 10563
1538 18 23 10335
1540 18 9 10412
1558 18 23 10719
1570 18 3 11214
1572 18 22 10322
1574 18 9 10292
1576 18 2 10397
1582 18 21 10729
1584 18 5 10759
1588 18 2 10313
1596 18 23 10395
1602 18 14 10354
1604 18 21 10465
1606 18 9 10508
1610 18 15 10331
1612 18 10 10437
1616 18 2 10361
1622 18 21 10345
1626 18 19 10740
1650 18 22 10718
1654 18 19 10296
1662 18 2 10505
1668 18 2 10409
1670 18 1 10288
1676 18 21 10801
1678 18 22 10802
1680 18 14 10294
1696 18 22 10346
1698 18 2 10385
1700 18 5 10363
1702 18 23 10587
1710 18 19 10380
1712 18 22 10466
1714 18 1 10468
1724 18 23 10863
1726 18 14 10306
1732 18 10 10761
1736 18 14 10474
1738 18 9 10592
1752 18 5 10303
1756 18 2 10457
1762 18 14 10330
1766 18 22 10706
1772 18 3 10626
1778 18 10 10521
1780 18 1 10864
1782 18 21 10441
1784 18 3 10506
1786 18 14 10390
1790 18 2 10829
1794 18 15 10319
1796 18 14 10510
1800 18 22 10334
1804 18 15 10355
1810 18 23 10467
1812 18 5 10471
1814 18 1 10492
1816 18 19 10512
1818 18 23 10551
1820 18 2 10601
1822 18 1 10636
1824 18 5 10651
1826 18 21 10693
1828 18 15 10739
1830 18 19 10752
1832 18 1 10780
1834 18 2 10805
1836 18 1 10840
1838 18 5 10855
1846 18 23 10431
1858 18 5 10399
1862 18 1 10588
1866 18 22 10742
1868 18 19 10476
1874 18 2 10445
1880 18 14 10570
1882 18 21 10741
1884 18 1 10804
1886 18 9 10400
1890 18 22 10550
1892 18 1 10816
1894 18 10 10305
1904 18 5 10411
1924 18 14 10738
1928 18 3 10962
1930 18 5 10999
1934 18 21 10309
1942 18 1 10600
1944 18 5 10291
1946 18 1 10516
1954 18 5 10483
1962 18 1 10528
1964 18 14 10726
1966 18 2 10997
1968 18 3 11010
1974 18 19 11004
1978 18 3 10410
1980 18 23 10371
1984 18 14 10402
1986 18 19 10488
1992 18 21 10861
2000 18 1 10420
2010 18 1 10444
2012 18 22 10730
2014 18 1 10936
2016 18 3 10986
2018 18 19 11076
2034 18 14 10786
2036 18 2 11069
2038 18 21 10873
2050 18 23 10347
2062 18 3 10314
2066 18 5 10339
2068 18 9 10340
2072 18 22 10370
2074 18 14 10534
2076 18 14 10594
2078 18 19 10632
2080 18 5 10663
2082 18 5 10771
2084 18 19 10980
2088 18 19 10548
2090 18 19 10392
2092 18 23 10683
2102 18 10 10689
2108 18 3 10818
2112 18 1 11056
2114 18 9 11084
2130 18 22 10382
2136 18 19 10680
2138 18 19 11040
2140 18 2 10697
2142 18 10 10701
2144 18 23 10599
2146 18 2 10577
2148 18 2 10649
2150 18 10 10533
2158 18 9 10364
2164 18 15 10847
2174 18 1 10300
2182 18 2 10949
2186 18 2 11141
2192 18 5 10783
2196 18 9 10388
2206 18 2 10565
2210 18 22 11174
2212 18 10 10341
2214 18 9 10616
2216 18 21 10837
2220 18 21 10705
2226 18 3 10566
2228 18 1 10948
2230 18 14 10954
2232 18 22 11054
2234 18 1 11164
2238 18 21 10561
2240 18 2 10733
2242 18 5 10831
2248 18 21 10297
2250 18 1 10384
2252 18 2 10541
2254 18 9 10580
2256 18 9 11000
2258 18 15 11087
2260 18 9 10472
2262 18 15 10979
2264 18 14 10990
2266 18 22 11018
2270 18 3 10638
2272 18 15 10775
2274 18 19 10620
2276 18 19 10644
2280 18 10 10965
2282 18 3 10662
2288 18 5 10495
2296 18 15 10451
2300 18 10 10929
2306 18 5 10987
2312 18 19 10536
2314 18 19 11184
2320 18 3 11058
2330 18 3 10578
2332 18 23 10455
2334 18 15 10799
2338 18 3 10614
2346 18 1 11116
2354 18 5 10507
2356 18 14 11146
2358 18 22 11198
2360 18 14 10486
2364 18 3 10398
2366 18 2 10481
2370 18 1 11528
2372 18 19 12052
2374 18 2 11409
2376 18 23 11539
2378 18 9 11580
2380 18 19 11644
2382 18 15 11823
2384 18 23 12139
2386 18 1 11312
2388 18 2 11865
2390 18 21 11633
2392 18 23 11347
2394 18 23 11755
2396 18 3 11818
2398 18 9 11472
2400 18 5 12771
2402 18 3 12794
2404 18 2 12853
2406 18 10 13073
2408 18 22 12730
2410 18 5 12807
2412 18 1 12816
2414 18 14 12546
2416 18 3 12614
2418 18 14 13002
2420 18 5 13215
2422 18 15 12847
2426 18 14 13302
2428 18 23 13563
2430 18 5 13723
2432 18 3 14262
2434 18 19 13620
2436 18 9 14048
2438 18 19 13824
2440 18 15 13619
2442 18 22 13670
2444 18 1 14188
2446 18 15 14159
2448 18 19 14328
2450 18 3 13566
2454 18 5 14435
2456 18 10 14869
2458 18 19 14908
2460 18 22 14682
2462 18 21 15053
2464 18 21 14921
2466 18 1 14504
2468 18 19 15196
2470 18 3 14350
2472 18 19 14872
2474 18 5 15179
2476 18 3 14422
2478 18 3 14962
2480 18 10 15229
2482 18 3 15298
2484 18 10 15677
2488 18 5 15519
2490 18 1 15600
2492 18 2 15805
2494 18 19 15896
2496 18 15 16243
2498 18 23 15875
2500 18 14 16134
2502 18 9 15580
2504 18 19 15884
2506 18 23 15719
2508 18 9 15652
2510 18 14 15870
2512 18 22 15910
2514 18 15 15943
2516 18 1 16176
2518 18 10 16217
2520 18 14 16726
2522 18 9 16688
2524 18 3 16626
2526 18 1 16612
2528 18 3 16698
2530 18 5 16699
2532 18 3 16710
2534 18 2 16805
2536 18 15 16883
2538 18 19 17052
2542 18 3 17202
2544 18 9 17396
2546 18 14 16870
2548 18 15 16907
2550 18 2 16901
2552 18 2 17369
2558 18 3 16902
2560 18 21 18305
2562 18 15 17775
2564 18 5 18299
2566 18 21 17621
2568 18 10 17701
2570 18 9 18252
2572 18 2 17829
2574 18 1 18128
2576 18 14 17930
2578 18 1 17612
2580 18 10 18833
2582 18 21 18945
2584 18 10 19277
2586 18 2 18433
2588 18 14 18870
2590 18 1 18960
2592 18 5 19287
2594 18 3 18638
2596 18 23 19439
2598 18 22 18694
2600 18 23 18539
2602 18 3 19046
2606 18 10 18461
2608 18 3 18578
2610 18 14 18642
2612 18 14 18798
2614 18 5 19263
2616 18 19 19400
2620 18 3 18674
2622 18 22 18682
2626 18 22 20426
2628 18 15 20411
2630 18 23 20199
2632 18 19 20412
2634 18 23 20283
2636 18 19 19968
2638 18 15 20111
2640 18 1 20308
2642 18 2 20141
2644 18 3 19926
2646 18 22 19538
2648 18 22 19946
2652 18 1 20440
2654 18 9 19856
2656 18 1 19768
2658 18 2 20745
2660 18 3 20830
2662 18 14 20930
2664 18 9 21264
2666 18 1 21476
2668 18 15 21375
2670 18 15 20559
2672 18 5 21407
2674 18 14 20666
2676 18 22 20862
2678 18 3 21130
2680 18 15 21147
2682 18 1 20996
2684 18 2 21153
2686 18 10 20581
2688 18 10 21241
2690 18 14 20726
2692 18 9 20520
2694 18 23 21671
2696 18 3 22070
2698 18 2 22153
2702 18 5 22155
2708 18 23 21551
2710 18 14 22302
2712 18 21 22365
2714 18 19 22436
2718 18 10 22373
2720 18 2 21673
2722 18 1 22116
2724 18 21 22185
2726 18 1 22984
2728 18 21 23269
2730 18 23 23415
2732 18 9 22664
2734 18 15 23483
2736 18 2 22709
2738 18 23 22743
2740 18 21 22873
2742 18 21 23017
2754 18 14 22774
2756 18 3 22794
2758 18 10 22809
2760 18 2 22853
2762 18 19 23544
2764 18 5 22951
2770 18 23 22923
2772 18 23 23343
2776 18 15 22715
2780 18 10 23277
2782 18 14 22534
2784 18 23 23223
2786 18 23 23079
2788 18 23 23403
2790 18 2 23537
2792 18 19 22896
2794 18 23 23259
2796 18 19 23364
2798 18 10 23025
2800 18 22 23510
2802 18 21 22669
2804 18 10 22917
2806 18 9 23192
2808 18 3 22674
2810 18 22 22682
2812 18 23 23283
2816 18 22 23114
2818 18 1 23612
2820 18 14 24062
2822 18 3 23650
2824 18 1 23576
2826 18 15 23907
2828 18 1 24476
2830 18 1 24152
2832 18 23 24235
2834 18 15 24327
2836 18 9 24456
2838 18 9 23616
2840 18 19 24352
2842 18 5 23603
2844 18 19 23824
2846 18 21 23993
2848 18 22 23778
2850 18 22 23946
2852 18 5 24011
2854 18 23 24535
2856 18 9 23856
2858 18 10 24493
2860 18 10 24061
2862 18 9 24384
2866 18 14 25266
2868 18 10 25193
2870 18 19 25352
2872 18 2 25309
2874 18 9 25180
2876 18 5 25443
2878 18 10 25061
2880 18 15 25543
2882 18 15 25195
2884 18 1 24876
2888 18 1 25452
2890 18 1 24840
2892 18 21 25185
2894 18 10 25217
2896 18 3 25538
2900 18 22 24934
2902 18 3 25382
2904 18 21 24837
2908 18 23 25887
2910 18 1 25696
2912 18 2 25709
2914 18 15 25991
2916 18 22 25682
2920 18 21 26233
2922 18 10 25893
2924 18 5 26167
2926 18 22 26282
2928 18 23 25611
2930 18 19 25620
2932 18 15 25955
2934 18 21 26269
2936 18 14 25630
2942 18 14 26170
2944 18 21 26173
2946 18 22 26318
2950 18 14 26530
2952 18 23 25923
2956 18 1 26140
2960 18 14 25870
2962 18 3 26070
2964 18 9 26480
2966 18 10 26085
2970 18 22 26246
2972 18 1 25984
2974 18 1 26116
2976 18 10 26701
2978 18 9 27036
2980 18 21 26873
2982 18 5 26819
2984 18 22 26862
2986 18 3 26962
2988 18 19 27040
2990 18 21 27353
2992 18 1 26624
2994 18 15 27027
2996 18 14 27098
2998 18 21 27173
3000 18 19 27244
3002 18 1 27512
3004 18 19 26776
3006 18 22 27198
3008 18 15 27387
3010 18 23 27487
3012 18 5 26699
3014 18 19 26884
3016 18 9 26964
3018 18 10 27229
3020 18 23 27319
3022 18 15 27471
3024 18 2 26745
3026 18 15 27399
3028 18 1 27632
3030 18 15 27051
3032 18 5 27143
3034 18 19 27304
3036 18 14 27266
3040 18 5 26795
3044 18 1 27116
3046 18 2 27261
3048 18 21 27293
3052 18 21 26825
3054 18 23 27175
3056 18 22 26634
3058 18 21 26897
3060 18 14 26966
3062 18 9 27288
3066 18 15 27615
3070 18 3 27286
3072 18 5 27611
3076 18 9 27336
3078 18 22 27682
3080 18 5 27747
3082 18 10 27725
3084 18 19 27704
3086 18 22 27730
3088 18 14 27750
3090 18 15 1415
3092 18 10 3125
3094 18 22 7126
3096 18 15 6211
3098 18 1 7936
3104 18 22 8150
3112 18 3 7614
3118 18 1 10900
3124 18 22 11186
3130 18 21 10789
3134 18 10 10617
3136 18 23 10527
3138 18 23 10683
3140 18 19 10956
3142 18 9 11144
3146 18 22 10994
3148 18 15 11231
3164 18 14 11062
3166 18 1 11188
3168 18 21 10285
3170 18 23 10287
3172 18 23 10443
3174 18 15 10559
3180 18 15 10679
3182 18 2 11213
3184 18 21 10717
3186 18 1 11128
3188 18 1 10480
3194 18 23 10719
3198 18 14 10978
3200 18 9 11120
3202 18 22 10526
3204 18 15 10919
3208 18 10 10941
3214 18 23 10515
3222 18 21 10945
3224 18 22 10694
3226 18 19 10440
3228 18 22 10574
3234 18 9 11060
3240 18 1 10852
3244 18 3 10650
3246 18 10 11133
3248 18 2 11249
3250 18 9 10760
3258 18 15 10715
3264 18 15 11003
3266 18 3 10518
3268 18 1 10612
3270 18 3 10698
3274 18 14 10750
3280 18 23 10635
3282 18 5 10519
3284 18 21 11017
3288 18 2 10493
3292 18 9 10652
3296 18 23 10335
3298 18 19 10512
3300 18 14 10738
3304 18 2 10865
3306 18 15 11075
3308 18 23 11175
3310 18 1 10888
3312 18 10 11205
3320 18 23 10347
3332 18 3 10962
3336 18 15 10487
3338 18 22 10490
3340 18 19 10764
3342 18 14 10810
3352 18 15 11183
3354 18 9 10712
3356 18 3 10854
3358 18 3 11250
3360 18 5 10351
3362 18 15 10703
3364 18 1 10804
3366 18 21 10537
3370 18 14 10774
3372 18 9 11096
3378 18 15 11063
3384 18 9 10436
3388 18 19 11256
3390 18 10 10341
3392 18 10 10485
3394 18 14 10654
3398 18 9 10544
3400 18 9 10964
3408 18 22 10706
3412 18 14 10570
3414 18 22 10442
3418 18 10 10845
3420 18 1 11032
3424 18 14 11254
3438 18 22 10766
3442 18 10 10437
3444 18 3 10446
3448 18 10 10497
3452 18 9 10796
3454 18 14 11218
3456 18 1 10396
3460 18 3 10590
3470 18 21 11137
3474 18 19 10500
3476 18 3 11058
3478 18 5 10435
3480 18 15 10307
3482 18 2 10397
3484 18 3 10782
3486 18 5 10783
3488 18 3 11142
3490 18 15 11015
3496 18 19 10824
3498 18 3 10674
3512 18 22 10646
3516 18 22 10718
3518 18 9 10784
3520 18 23 10743
3524 18 22 10622
3526 18 2 11081
3530 18 3 10362
3532 18 5 10699
3534 18 15 10955
3536 18 3 11226
3540 18 19 10488
3542 18 15 11255
3548 18 10 11157
3550 18 2 10529
3552 18 21 10333
3568 18 5 11215
3572 18 14 10678
3574 18 9 10928
3578 18 19 11076
3600 18 22 11258
3608 18 19 10344
3634 18 22 10610
3658 18 3 11214
3660 18 3 10494
3672 18 10 10857
3676 18 9 10592
3678 18 22 10958
3684 18 15 10379
3688 18 23 10971
3694 18 23 10407
3696 18 9 10772
3698 18 19 10428
3700 18 1 10504
3702 18 2 10793
3706 18 3 10302
3720 18 5 10651
3724 18 5 10855
3730 18 19 10524
3732 18 22 10778
3734 18 3 11202
3736 18 21 11245
3738 18 10 10413
3740 18 14 10834
3742 18 14 10402
3744 18 2 11129
3748 18 5 10999
3756 18 15 10295
3758 18 19 10296
3760 18 3 10458
3762 18 21 10669
3764 18 14 10918
3768 18 15 10739
3770 18 5 10747
3776 18 14 11158
3778 18 22 11198
3782 18 14 10930
3788 18 14 10870
3792 18 1 11104
3808 18 14 10306
3810 18 21 10585
3820 18 3 10614
3822 18 1 11080
3824 18 1 10720
3826 18 10 11145
3828 18 2 10301
3830 18 1 11092
3832 18 9 10868
3836 18 22 10946
3838 18 19 10716
3842 18 9 10808
3856 18 15 11027
3858 18 5 11227
3880 18 9 10460
3890 18 10 10353
3896 18 2 10373
3898 18 9 12240
3900 18 5 12167
3902 18 10 11905
3904 18 10 11737
3906 18 9 12144
3908 18 1 12224
3910 18 2 11349
3912 18 9 11640
3914 18 23 11671
3916 18 10 11497
3920 18 19 12232
3922 18 9 11616
3924 18 23 11635
3926 18 14 12026
3930 18 22 11490
3932 18 9 11676
3934 18 10 12061
3936 18 5 11915
3938 18 22 12186
3946 18 1 12128
3948 18 15 11439
3950 18 1 11528
3952 18 21 11621
3954 18 19 11788
3956 18 1 12236
3958 18 10 12253
3962 18 21 12101
3964 18 23 12151
3966 18 19 12184
3970 18 5 11951
3972 18 21 12029
3980 18 21 11609
3982 18 2 11709
3984 18 21 12053
3986 18 14 11414
3988 18 21 11549
3990 18 22 11742
3994 18 10 11293
3996 18 5 11447
3998 18 21 11825
4000 18 22 11322
4002 18 19 12208
4004 18 3 11998
4008 18 5 11831
4010 18 2 12021
4012 18 5 12191
4014 18 15 11415
4018 18 3 11542
4020 18 2 11421
4026 18 9 11592
4028 18 22 11334
4030 18 23 11827
4032 18 10 11485
4038 18 14 11762
4044 18 19 11440
4046 18 22 11670
4048 18 14 12086
4052 18 19 11548
4054 18 22 11934
4056 18 19 11608
4060 18 3 11662
4062 18 14 11714
4064 18 2 11265
4066 18 19 12064
4070 18 15 11319
4072 18 21 11645
4078 18 9 11424
4080 18 10 11965
4086 18 9 11988
4094 18 23 11899
4096 18 15 11535
4098 18 9 11544
4100 18 22 11814
4106 18 21 11345
4108 18 19 11500
4112 18 19 11812
4116 18 14 11594
4120 18 2 11865
4136 18 14 11894
4144 18 3 11938
4146 18 21 11465
4148 18 15 11367
4150 18 5 11939
4152 18 19 12196
4154 18 21 11909
4158 18 10 12109
4160 18 5 11879
4164 18 22 12042
4166 18 9 12228
4168 18 1 11612
4170 18 1 11624
4176 18 3 11758
4178 18 2 11817
4182 18 22 12162
4184 18 9 11340
4186 18 23 12211
4190 18 22 11418
4192 18 22 11442
4194 18 10 11641
4200 18 9 12120
4202 18 23 11551
4206 18 23 12067
4210 18 23 11371
4212 18 21 12173
4216 18 14 11366
4224 18 9 11892
4228 18 14 11618
4232 18 22 11310
4234 18 15 11571
4240 18 22 11406
4242 18 5 11663
4248 18 21 11873
4252 18 22 12138
4254 18 19 11692
4256 18 15 11955
4276 18 19 11872
4282 18 1 11288
4284 18 3 11314
4286 18 21 11321
4288 18 10 11329
4292 18 1 12200
4298 18 21 12005
4300 18 1 11696
4302 18 21 11501
4304 18 15 11655
4312 18 19 11476
4330 18 9 11688
4332 18 3 12118
4342 18 1 11348
4350 18 15 11607
4356 18 10 11533
4358 18 21 11717
4362 18 22 12078
4364 18 5 12083
4372 18 1 11396
4374 18 23 11407
4376 18 10 11461
4382 18 19 11668
4384 18 10 11761
4386 18 1 11792
4390 18 23 12019
4392 18 14 11786
4396 18 3 11434
4400 18 10 11401
4402 18 10 12229
4404 18 19 11956
4406 18 1 12188
4420 18 23 11419
4428 18 19 12004
4430 18 23 12055
4434 18 5 11435
4436 18 2 12081
4438 18 3 11554
4440 18 5 12047
4442 18 14 12158
4446 18 10 11281
4448 18 5 11603
4456 18 15 11391
4458 18 14 11834
4460 18 3 11902
4466 18 23 11731
4472 18 14 11486
4474 18 22 12282
4476 18 9 11280
4478 18 5 11459
4486 18 1 11552
4488 18 21 11801
4496 18 5 11399
4498 18 10 12001
4504 18 21 11657
4512 18 14 11282
4516 18 19 11728
4528 18 2 11757
4530 18 15 11355
4536 18 15 12003
4538 18 10 12097
4544 18 3 11890
4546 18 15 12123
4552 18 2 11721
4558 18 23 11755
4566 18 1 11540
4568 18 19 11932
4570 18 23 11947
4572 18 5 11279
4576 18 3 12154
4578 18 5 12155
4586 18 3 11614
4594 18 19 11740
4598 18 19 11752
4618 18 5 12119
4634 18 10 13253
4636 18 21 12801
4638 18 14 13170
4640 18 22 13198
4642 18 9 13276
4644 18 14 12654
4646 18 15 12331
4648 18 9 13240
4650 18 22 13294
4652 18 14 13302
4654 18 10 12293
4656 18 19 12464
4658 18 22 12538
4662 18 2 12409
4664 18 19 12524
4668 18 23 13283
4672 18 9 12856
4674 18 22 12574
4678 18 23 12887
4680 18 23 12959
4682 18 19 13076
4684 18 1 13092
4686 18 2 13129
4688 18 15 12811
4690 18 9 12412
4692 18 2 12745
4694 18 23 12455
4696 18 2 12529
4698 18 14 12714
4700 18 15 12667
4702 18 21 13173
4704 18 19 13292
4716 18 21 13137
4718 18 14 12402
4720 18 15 13303
4722 18 5 12435
4726 18 15 12511
4728 18 5 13179
4730 18 5 12819
4734 18 3 12614
4736 18 14 12474
4738 18 5 12591
4740 18 22 13270
4744 18 15 12847
4746 18 21 12333
4748 18 15 12391
4750 18 14 13002
4752 18 10 12461
4754 18 21 13065
4756 18 19 12764
4758 18 1 12336
4764 18 19 12500
4770 18 1 12456
4778 18 14 13182
4780 18 5 13227
4782 18 3 12626
4784 18 15 12739
4786 18 2 13297
4788 18 10 12617
4790 18 9 13288
4794 18 23 12431
4798 18 9 12460
4800 18 21 13077
4802 18 3 12290
4804 18 14 12510
4810 18 10 12341
4812 18 5 12639
4818 18 3 12602
4820 18 19 12368
4826 18 22 12838
4828 18 10 12353
4830 18 14 12582
4832 18 3 13298
4834 18 3 12758
4836 18 3 12806
4838 18 9 12544
4840 18 19 12728
4844 18 23 12659
4850 18 21 12381
4852 18 10 12425
4870 18 9 12616
4872 18 5 12795
4874 18 1 12828
4876 18 21 13089
4878 18 22 12514
4894 18 5 12447
4896 18 15 12535
4898 18 9 13180
4902 18 23 13259
4904 18 1 13272
4914 18 3 12362
4916 18 10 13085
4918 18 2 13117
4924 18 15 12583
4926 18 23 12803
4928 18 2 12949
4930 18 22 12958
4942 18 19 12344
4946 18 22 12502
4948 18 3 13286
4950 18 23 12983
4954 18 23 13235
4972 18 15 12763
4974 18 2 13141
4976 18 22 12658
4978 18 23 12299
4980 18 10 13025
4982 18 3 12494
4988 18 19 12512
4990 18 15 12619
4992 18 3 13226
4994 18 5 12831
4996 18 15 12487
4998 18 21 12561
5000 18 21 12789
5002 18 10 12989
5004 18 15 12991
5006 18 3 12338
5020 18 9 12556
5022 18 19 12692
5026 18 19 12668
5028 18 1 13044
5034 18 1 13140
5036 18 1 12468
5038 18 5 12771
5048 18 14 12738
5052 18 21 12345
5054 18 23 13079
5058 18 5 12363
5060 18 19 12956
5064 18 19 12584
5066 18 15 12595
5070 18 15 12775
5074 18 23 13211
5082 18 21 12549
5084 18 10 13145
5086 18 19 12608
5088 18 10 12881
5096 18 23 12671
5100 18 1 12732
5106 18 23 12827
5120 18 14 13158
5122 18 2 12505
5124 18 1 12564
5126 18 23 12875
5128 18 9 13132
5136 18 10 12509
5138 18 5 13167
5142 18 15 12643
5144 18 3 13010
5146 18 2 13225
5156 18 19 13040
5160 18 1 12960
5162 18 5 12651
5164 18 23 12995
5166 18 3 13202
5168 18 10 12653
5174 18 22 13210
5178 18 23 13103
5180 18 23 13223
5182 18 1 12420
5184 18 9 12736
5186 18 21 12825
5188 18 1 12888
5190 18 2 12961
5192 18 10 13181
5196 18 9 12892
5198 18 3 12782
5202 18 1 12852
5204 18 15 12427
5206 18 9 12964
5212 18 3 12926
5216 18 21 12621
5226 18 2 12313
5230 18 14 12942
5232 18 22 12370
5236 18 5 12495
5238 18 21 12993
5244 18 2 13273
5246 18 14 12906
5254 18 3 13130
5256 18 1 12900
5262 18 15 12607
5266 18 23 12599
5268 18 10 12329
5270 18 5 12423
5272 18 5 12999
5286 18 5 12951
5290 18 3 12770
5292 18 2 13177
5316 18 10 12521
5320 18 22 12358
5322 18 2 12733
5334 18 9 13204
5336 18 23 13875
5340 18 23 14235
5344 18 21 13861
5348 18 22 13478
5350 18 10 13809
5352 18 22 14114
5354 18 15 14159
5356 18 19 14328
5358 18 5 14011
5360 18 1 14176
5362 18 10 13329
5364 18 3 13554
5366 18 3 13566
5368 18 2 14177
5374 18 2 13757
5378 18 2 14333
5380 18 3 13686
5382 18 22 14078
5384 18 3 13950
5386 18 23 14223
5388 18 5 14335
5390 18 22 13958
5394 18 9 13880
5396 18 14 14086
5398 18 23 13983
5400 18 9 14216
5402 18 15 14243
5404 18 1 13744
5406 18 10 13341
5408 18 22 14282
5410 18 10 13569
5412 18 15 13943
5414 18 14 13954
5416 18 2 13517
5420 18 15 14135
5422 18 1 14068
5428 18 23 13323
5430 18 9 13352
5432 18 10 13857
5434 18 22 14234
5444 18 15 14255
5446 18 21 14101
5448 18 21 14185
5450 18 15 14303
5452 18 9 13832
5454 18 1 13336
5462 18 21 13549
5464 18 3 14310
5466 18 10 13737
5468 18 9 14072
5474 18 14 13726
5476 18 15 13487
5478 18 3 13998
5480 18 15 13439
5484 18 21 14125
5486 18 19 13548
5490 18 19 14172
5492 18 21 13837
5494 18 19 14280
5500 18 21 13369
5502 18 5 13555
5504 18 23 13947
5508 18 21 14257
5510 18 19 13752
5512 18 1 13996
5514 18 14 13594
5520 18 23 13695
5528 18 1 14284
5530 18 21 13597
5532 18 14 13606
5534 18 23 13347
5536 18 2 13577
5538 18 2 13541
5540 18 9 13892
5542 18 19 13824
5544 18 19 13416
5546 18 15 13739
5548 18 21 13753
5552 18 1 14128
5556 18 5 13435
5558 18 22 13598
5560 18 10 13749
5562 18 23 13659
5564 18 15 13727
5566 18 10 14217
5570 18 23 13791
5572 18 2 13349
5574 18 23 14151
5576 18 1 14188
5578 18 19 14004
5580 18 2 14189
5586 18 15 13991
5590 18 9 13556
5594 18 22 14102
5598 18 9 14204
5600 18 19 14088
5602 18 5 14143
5604 18 5 14323
5612 18 14 13762
5616 18 14 14266
5620 18 14 13546
5622 18 22 13550
5624 18 23 13827
5626 18 3 13962
5628 18 15 13823
5630 18 19 13896
5632 18 5 14107
5638 18 23 13719
5640 18 3 13746
5642 18 10 13401
5646 18 15 13427
5648 18 2 13433
5650 18 9 13460
5656 18 15 14207
5662 18 10 13521
5668 18 5 13987
5672 18 21 13969
5676 18 1 14248
5680 18 10 13365
5682 18 3 13758
5690 18 10 13965
5696 18 22 14222
5700 18 5 14251
5702 18 22 13358
5704 18 22 13646
5706 18 3 14082
5708 18 5 14083
5732 18 2 13889
5738 18 15 14111
5740 18 1 14164
5742 18 23 14331
5748 18 1 13444
5752 18 10 13509
5754 18 23 13599
5756 18 22 13610
5758 18 3 13782
5760 18 14 13834
5762 18 19 13920
5772 18 22 13886
5774 18 21 13417
5776 18 19 13812
5780 18 21 13333
5782 18 10 13461
5784 18 22 13490
5794 18 5 13423
5798 18 21 13513
5806 18 21 13657
5810 18 3 13494
5812 18 5 13495
5814 18 19 13872
5816 18 15 13931
5818 18 14 13882
5820 18 1 13960
5828 18 9 14276
5830 18 14 13390
5834 18 21 13477
5836 18 5 13783
5838 18 9 13628
5840 18 5 13483
5846 18 14 14062
5850 18 15 13331
5852 18 5 13447
5854 18 21 14053
5858 18 9 13964
5860 18 10 13353
5864 18 22 13694
5866 18 19 13836
5870 18 19 13488
5872 18 1 13564
5874 18 14 13642
5876 18 19 13884
5888 18 2 13493
5890 18 9 13772
5902 18 3 13830
5904 18 15 14327
5908 18 5 13615
5916 18 14 13498
5918 18 15 14291
5920 18 15 14087
5922 18 23 13755
5926 18 3 13890
5930 18 14 13906
5948 18 10 13593
5950 18 22 13622
5954 18 2 13565
5958 18 21 13981
5966 18 10 13941
5968 18 22 14198
5970 18 21 14089
5976 18 3 13698
5978 18 21 13429
5990 18 15 13919
5992 18 21 13921
5994 18 23 13491
5998 18 3 13770
6008 18 21 13813
6012 18 3 13710
6014 18 9 13712
6064 18 22 14210
6066 18 3 13734
6074 18 19 13848
6078 18 2 13997
6080 18 14 14038
6082 18 5 13663
6084 18 10 14073
6090 18 3 13578
6092 18 14 14278
6100 18 5 14275
6104 18 10 13473
6106 18 15 14099
6108 18 21 14233
6128 18 15 14487
6130 18 23 14623
6132 18 22 15270
6134 18 10 15001
6136 18 9 14724
6144 18 10 14773
6146 18 1 14456
6148 18 3 14350
6152 18 9 15156
6156 18 2 14337
6158 18 1 14768
6164 18 14 14930
6166 18 5 14435
6168 18 19 14908
6172 18 2 14829
6176 18 21 14405
6182 18 22 14670
6184 18 9 14940
6186 18 15 15267
6190 18 2 15309
6192 18 3 15346
6196 18 10 15313
6200 18 15 15351
6202 18 14 14486
6204 18 22 14742
6206 18 19 14932
6208 18 3 14962
6210 18 10 15277
6214 18 22 15234
6216 18 23 15235
6218 18 2 15261
6224 18 15 14643
6232 18 1 15236
6236 18 15 14703
6242 18 21 14981
6244 18 14 14342
6246 18 10 15217
6250 18 21 14393
6252 18 2 14433
6254 18 23 15079
6256 18 9 15300
6258 18 22 14394
6260 18 14 15098
6266 18 19 15268
6272 18 15 14811
6274 18 9 15252
6276 18 5 14663
6282 18 23 14707
6284 18 3 14854
6290 18 1 14504
6294 18 10 14581
6300 18 23 15223
6302 18 9 14532
6304 18 2 14505
6308 18 15 15195
6310 18 23 15355
6312 18 9 14700
6314 18 22 15042
6316 18 1 14696
6326 18 23 14983
6334 18 1 15140
6336 18 3 14614
6338 18 5 14879
6340 18 5 14759
6342 18 5 15227
6348 18 9 15324
6350 18 9 14832
6356 18 9 15180
6358 18 22 14550
6370 18 21 14789
6374 18 15 14655
6378 18 14 14606
6380 18 22 14886
6382 18 2 15285
6384 18 2 15333
6386 18 9 15168
6408 18 19 15184
6412 18 23 15307
6414 18 22 14802
6416 18 10 14605
6418 18 15 15063
6424 18 21 14501
6426 18 22 14538
6436 18 15 14931
6444 18 2 14565
6448 18 1 15008
6454 18 15 14415
6460 18 1 14444
6462 18 10 14929
6468 18 5 14471
6484 18 14 14498
6488 18 14 14894
6490 18 21 15113
6492 18 5 14651
6494 18 15 14943
6496 18 23 15031
6502 18 10 14425
6504 18 14 14570
6508 18 1 15224
6512 18 1 14492
6514 18 21 14537
6516 18 22 14754
6520 18 19 15328
6524 18 1 14660
6534 18 10 15253
6536 18 10 14353
6538 18 19 15016
6544 18 2 14697
6550 18 19 14836
6566 18 2 15117
6568 18 10 15109
6572 18 2 14625
6574 18 14 14654
6578 18 9 14544
6580 18 5 15263
6596 18 5 14399
6604 18 22 14526
6614 18 22 14358
6616 18 19 14692
6630 18 22 14694
6642 18 14 14522
6644 18 22 14778
6648 18 1 14600
6652 18 1 15212
6658 18 9 15120
6660 18 1 15116
6668 18 5 15083
6678 18 14 14402
6694 18 3 14698
6696 18 3 14686
6698 18 19 14872
6710 18 23 14779
6712 18 10 14941
6724 18 19 14344
6726 18 22 14430
6728 18 19 15100
6730 18 2 15225
6732 18 3 14518
6740 18 19 14452
6750 18 22 14898
6752 18 21 15101
6754 18 2 14889
6758 18 9 14484
6764 18 2 14757
6766 18 1 14552
6768 18 2 15009
6776 18 3 14446
6778 18 1 14420
6786 18 15 14979
6788 18 3 14422
6790 18 23 15283
6804 18 2 15105
6808 18 23 15151
6812 18 1 14468
6814 18 21 15149
6816 18 9 15060
6818 18 15 15303
6828 18 1 14480
6834 18 3 14494
6836 18 2 14805
6838 18 10 14809
6840 18 22 15174
6846 18 14 15122
6850 18 19 15136
6858 18 10 15349
6868 18 1 15332
6890 18 9 15348
6892 18 19 15196
6898 18 9 14472
6900 18 15 15159
6902 18 14 15170
6906 18 15 14427
6908 18 14 14450
6910 18 5 14567
6914 18 1 14924
6920 18 3 15118
6922 18 22 15258
6924 18 14 15350
6930 18 3 14338
6932 18 3 14362
6936 18 3 15034
6940 18 15 15171
6946 18 23 15211
6958 18 3 14914
6960 18 15 15279
6972 18 15 15087
6986 18 19 15148
6992 18 1 14684
6994 18 19 14800
6996 18 5 14987
6998 18 3 15202
7002 18 3 15298
7014 18 1 14624
7032 18 2 14613
7036 18 5 15131
7044 18 19 14716
7046 18 1 14432
7052 18 21 14417
7054 18 23 15319
7056 18 3 16142
7058 18 10 15893
7060 18 19 16172
7062 18 3 16178
7064 18 23 16247
7066 18 5 15603
7068 18 9 15784
7072 18 5 16011
7076 18 5 16155
7078 18 15 16279
7082 18 15 15919
7088 18 10 16181
7090 18 19 15392
7094 18 9 15736
7096 18 23 15755
7098 18 1 15960
7100 18 2 16033
7102 18 14 16050
7104 18 19 16376
7106 18 5 15363
7110 18 19 16340
7112 18 14 15930
7114 18 15 15679
7116 18 21 16053
7118 18 23 15851
7122 18 22 15370
7124 18 2 15457
7126 18 15 15655
7130 18 19 15848
7132 18 10 16313
7134 18 14 15870
7136 18 10 16169
7138 18 10 16217
7140 18 2 15637
7142 18 2 15805
7144 18 19 15920
7146 18 15 15955
7150 18 14 16002
7152 18 15 16135
7156 18 15 16243
7158 18 9 16264
7162 18 14 15810
7164 18 5 16215
7170 18 9 15928
7172 18 5 15411
7174 18 9 15844
7176 18 5 16227
7180 18 5 16071
7190 18 19 15512
7192 18 23 16007
7194 18 22 16078
7198 18 1 16176
7202 18 2 15721
7206 18 10 16145
7210 18 2 15793
7212 18 9 16012
7214 18 9 16156
7216 18 1 16152
7218 18 9 16168
7220 18 22 15658
7222 18 1 16248
7224 18 2 15445
7226 18 5 15615
7232 18 19 15692
7234 18 15 15967
7236 18 5 15699
7238 18 10 16253
7242 18 2 15625
7248 18 1 16032
7252 18 3 15794
7258 18 19 15932
7264 18 2 16381
7266 18 23 15683
7268 18 14 16086
7270 18 23 16175
7274 18 5 15495
7282 18 5 15519
7290 18 9 15568
7292 18 9 15760
7294 18 9 16240
7302 18 14 15846
7312 18 19 15992
7316 18 19 15368
7318 18 21 15429
7322 18 22 16210
7326 18 9 16120
7328 18 3 16238
7330 18 10 15497
7332 18 21 15681
7334 18 5 16383
7336 18 15 16291
7340 18 14 16206
7342 18 3 16358
7344 18 14 16122
7346 18 14 15786
7348 18 9 16252
7352 18 19 15728
7360 18 2 16369
7364 18 15 15595
7370 18 1 15816
7376 18 5 16143
7382 18 5 16371
7386 18 22 16102
7392 18 3 15830
7394 18 2 15913
7400 18 14 16134
7402 18 1 15600
7404 18 9 15652
7406 18 9 15868
7410 18 5 15531
7412 18 22 15406
7424 18 19 15956
7440 18 1 16260
7444 18 3 15578
7446 18 21 15933
7450 18 23 15491
7452 18 15 15631
7456 18 9 15952
7462 18 19 16184
7464 18 10 15737
7466 18 15 16315
7468 18 9 15472
7472 18 15 15715
7474 18 23 15743
7510 18 2 15565
7512 18 15 15991
7514 18 1 16068
7516 18 19 16268
7518 18 1 16272
7522 18 2 15829
7524 18 9 16204
7526 18 3 15422
7528 18 1 15888
7530 18 1 15612
7532 18 10 16325
7534 18 23 16151
7550 18 2 16093
7552 18 10 15773
7556 18 5 15507
7558 18 19 15896
7562 18 3 15506
7566 18 21 16101
7570 18 23 15587
7574 18 1 15912
7582 18 10 15617
7584 18 23 16067
7586 18 22 16138
7590 18 23 15395
7596 18 14 16146
7598 18 5 16023
7604 18 19 16280
7606 18 9 16216
7618 18 19 15428
7620 18 5 15567
7626 18 22 15910
7628 18 15 15943
7636 18 2 15997
7638 18 15 15763
7640 18 3 16166
7644 18 10 15881
7646 18 14 15906
7648 18 2 15937
7650 18 3 16046
7652 18 5 15735
7654 18 10 16133
7656 18 1 15408
7658 18 1 16128
7696 18 22 16330
7698 18 21 16329
7700 18 9 15676
7702 18 19 15464
7704 18 22 16198
7706 18 3 15362
7720 18 9 15724
7728 18 5 15831
7740 18 10 15605
7760 18 3 15854
7762 18 22 15946
7764 18 2 16021
7766 18 5 16131
7786 18 2 15853
7792 18 19 15740
7804 18 10 15557
7806 18 1 15636
7810 18 22 15766
7816 18 2 16153
7818 18 3 16334
7820 18 3 16226
7822 18 23 16319
7838 18 14 15594
7840 18 14 15702
7842 18 9 15940
7846 18 10 15857
7848 18 14 15858
7850 18 15 15859
7852 18 3 16118
7854 18 1 16296
7856 18 22 16258
7858 18 19 15488
7860 18 14 15882
7880 18 2 16273
7890 18 1 15480
7894 18 23 15623
7898 18 21 15693
7902 18 1 15360
7914 18 14 15798
7922 18 14 15450
7926 18 23 16163
7930 18 1 16056
7936 18 2 15469
7938 18 9 15928
7942 18 10 15569
7946 18 9 16360
7962 18 21 15477
7974 18 10 15689
7980 18 15 15487
7984 18 3 15926
7996 18 1 16344
8002 18 9 15892
8010 18 23 15971
8012 18 19 16064
8022 18 2 15841
8024 18 23 15827
8040 18 10 16205
8046 18 3 15518
8050 18 15 16159
8056 18 22 15574
8070 18 3 16298
8072 18 5 15483
8074 18 10 16241
8076 18 14 15978
8086 18 15 16363
8094 18 14 15462
8112 18 2 15529
8114 18 9 15916
8116 18 23 15923
8138 18 21 15873
8140 18 23 16259
8144 18 1 15720
8146 18 15 15367
8150 18 22 15562
8152 18 10 16193
8154 18 1 16236
8172 18 22 16282
8174 18 2 16321
8178 18 23 16307
8180 18 21 15441
8182 18 2 15613
8184 18 14 15654
8186 18 10 15425
8194 18 5 16275
8196 18 9 15412
8198 18 3 15446
8200 18 5 15447
8202 18 21 16377
8204 18 19 15380
8206 18 15 15523
8210 18 21 15573
8214 18 21 16161
8216 18 9 16300
8218 18 10 16301
8220 18 2 16261
8222 18 19 15872
8224 18 15 15727
8230 18 2 15697
8236 18 10 16097
8238 18 5 15759
8240 18 19 15800
8268 18 22 16354
8282 18 21 16257
8300 18 23 16355
8312 18 5 16083
8330 18 9 16060
8342 18 2 15433
8348 18 14 15570
8350 18 22 15898
8366 18 10 16085
8374 18 9 16084
8384 18 22 16838
8386 18 15 17219
8388 18 21 17365
8392 18 5 16963
8394 18 2 17009
8396 18 2 17225
8398 18 19 17016
8402 18 21 17389
8404 18 23 17211
8408 18 23 17163
8410 18 14 16726
8412 18 10 17073
8420 18 15 17195
8422 18 9 16472
8424 18 9 16520
8426 18 5 16531
8428 18 1 16684
8430 18 14 16870
8432 18 1 17320
8444 18 10 16905
8448 18 10 17145
8450 18 15 17159
8454 18 10 17265
8456 18 23 16455
8462 18 9 17396
8464 18 14 17398
8468 18 22 17090
8474 18 21 16837
8478 18 15 17279
8480 18 3 16914
8484 18 9 16976
8486 18 22 17210
8488 18 14 16510
8490 18 1 16744
8492 18 9 17228
8496 18 22 16598
8498 18 10 16461
8502 18 10 16749
8504 18 21 16801
8508 18 3 16986
8510 18 22 16994
8512 18 10 17181
8516 18 3 16386
8518 18 1 16612
8526 18 9 16532
8528 18 3 16710
8530 18 5 16711
8532 18 2 17105
8536 18 14 17158
8538 18 15 17375
8546 18 9 17324
8548 18 3 16530
8550 18 15 16859
8552 18 2 17045
8554 18 21 17149
8560 18 5 16759
8562 18 22 16790
8568 18 15 16475
8570 18 1 16648
8574 18 21 16513
8576 18 1 17080
8578 18 19 16680
8584 18 19 17208
8590 18 2 16601
8592 18 14 16714
8594 18 3 17082
8600 18 2 17321
8604 18 15 17291
8606 18 5 16771
8610 18 3 17226
8614 18 1 16444
8620 18 2 17273
8632 18 23 16671
8638 18 23 16863
8642 18 21 16873
8644 18 15 16907
8646 18 22 16922
8648 18 2 16961
8656 18 15 17099
8658 18 3 17118
8662 18 3 17178
8664 18 9 17192
8674 18 10 17229
8678 18 2 17369
8686 18 19 16392
8690 18 14 16918
8692 18 23 17379
8694 18 3 16794
8698 18 2 17405
8700 18 23 16827
8712 18 3 17322
8714 18 2 16805
8716 18 2 16985
8718 18 19 17052
8730 18 5 17335
8732 18 23 17355
8736 18 10 16569
8738 18 9 17252
8740 18 10 17373
8744 18 10 17289
8750 18 14 16690
8760 18 22 17150
8768 18 21 17065
8770 18 21 17101
8774 18 2 17261
8780 18 22 16550
8782 18 5 16687
8792 18 19 16452
8794 18 15 16655
8802 18 14 16774
8804 18 1 16456
8808 18 3 17034
8812 18 23 17031
8814 18 1 16900
8816 18 14 17146
8818 18 21 16525
8820 18 1 16888
8822 18 15 16679
8828 18 15 16703
8830 18 9 17060
8832 18 5 17347
8834 18 23 16791
8838 18 5 16903
8848 18 19 16620
8852 18 22 17126
8854 18 14 17218
8858 18 3 17262
8866 18 23 17271
8870 18 2 16517
8876 18 14 16882
8878 18 10 16989
8880 18 23 17127
8888 18 10 17397
8890 18 19 16632
8922 18 19 17352
8926 18 5 17383
8930 18 1 16852
8940 18 3 16698
8972 18 5 17359
8976 18 14 16438
8978 18 19 17088
8986 18 21 16813
8990 18 19 16560
8992 18 10 16797
8998 18 14 16930
9004 18 3 17202
9036 18 21 16429
9054 18 22 17354
9056 18 5 17395
9058 18 21 17317
9064 18 21 16633
9072 18 23 16707
9084 18 22 16634
9104 18 1 16924
9132 18 2 17297
9148 18 21 17305
9150 18 10 16485
9152 18 15 17327
9162 18 2 16409
9164 18 15 16535
9166 18 23 16647
9168 18 19 16980
9170 18 15 16775
9172 18 19 16776
9174 18 9 17348
9180 18 2 17249
9186 18 15 16583
9190 18 23 17151
9192 18 19 16896
9194 18 21 17257
9196 18 19 17316
9200 18 23 16851
9202 18 5 16387
9204 18 23 16995
9206 18 19 16548
9212 18 10 16965
9216 18 9 17132
9224 18 23 16899
9230 18 2 16457
9236 18 2 16937
9240 18 3 16458
9242 18 1 16672
9246 18 9 17036
9248 18 21 17197
9250 18 21 16705
9256 18 22 16682
9258 18 5 16495
9260 18 9 16436
9262 18 10 16869
9264 18 10 17325
9268 18 10 17349
9288 18 2 16745
9292 18 21 17113
9296 18 2 17213
9300 18 2 16577
9316 18 22 17330
9322 18 15 16943
9324 18 3 16950
9326 18 10 16449
9350 18 19 16704
9354 18 1 16516
9360 18 2 16925
9380 18 3 17298
9394 18 3 17358
9422 18 10 17001
9430 18 14 16450
9450 18 14 17002
9458 18 10 16833
9462 18 15 16883
9486 18 3 16902
9524 18 10 16893
9534 18 19 17244
9542 18 14 16738
9564 18 5 16423
9568 18 22 16394
9570 18 22 16742
9572 18 1 16576
9578 18 15 17387
9608 18 1 17008
9612 18 14 17026
9628 18 5 16999
9636 18 21 16441
9638 18 2 16637
9640 18 5 16699
9642 18 9 16712
9644 18 5 17251
9650 18 9 17084
9654 18 21 16933
9674 18 3 17214
9676 18 14 17302
9680 18 23 16695
9688 18 21 16585
9690 18 15 16871
9702 18 9 17204
9704 18 15 16991
9706 18 19 16488
9708 18 14 16570
9712 18 1 16984
9724 18 5 17011
9726 18 23 16875
9748 18 1 17380
9752 18 10 16821
9788 18 15 16715
9790 18 19 17232
9802 18 15 17207
9804 18 23 16779
9808 18 5 17191
9810 18 22 17030
9840 18 21 16921
9846 18 19 16908
9860 18 9 16904
9864 18 5 16519
9872 18 15 16559
9878 18 15 16919
9894 18 2 16913
9896 18 10 16917
9910 18 19 16716
9918 18 21 16765
9920 18 3 17130
9926 18 1 16756
9928 18 9 16940
9934 18 1 17140
9942 18 1 16732
9944 18 23 16815
9946 18 22 17018
9976 18 21 17401
10032 18 19 16584
10054 18 10 16557
10060 18 3 17286
10062 18 15 17399
10064 18 1 16972
10080 18 21 17233
10084 18 22 16718
10106 18 3 16650
10150 18 3 17010
10158 18 2 16625
10172 18 9 16484
10186 18 10 16881
10190 18 15 16619
10194 18 5 16843
10198 18 19 16608
10208 18 5 16891
10214 18 10 16521
10226 18 3 17590
10228 18 5 17927
10230 18 22 18402
10232 18 5 17747
10234 18 2 18081
10236 18 14 18302
10238 18 21 18077
10240 18 22 17550
10242 18 5 17591
10244 18 3 17638
10246 18 23 17659
10248 18 1 17768
10250 18 23 17779
10252 18 10 17797
10254 18 15 17847
10258 18 9 18288
10260 18 5 18299
10264 18 15 17811
10266 18 10 18001
10268 18 2 17661
10270 18 14 17786
10272 18 15 18183
10274 18 19 17548
10276 18 10 17569
10278 18 2 17577
10280 18 22 17754
10282 18 23 17755
10286 18 3 17902
10288 18 5 18227
10290 18 23 17503
10294 18 10 17437
10306 18 14 17702
10308 18 2 17829
10312 18 21 18113
10314 18 14 18410
10316 18 19 17596
10318 18 9 17844
10320 18 21 18209
10324 18 23 17707
10326 18 14 17450
10328 18 14 18194
10330 18 14 17558
10332 18 10 17701
10334 18 23 17731
10336 18 21 17981
10338 18 5 18011
10340 18 5 18059
10342 18 15 18219
10344 18 9 18252
10346 18 1 18344
10348 18 19 17920
10358 18 1 18128
10360 18 22 17658
10362 18 9 18096
10364 18 1 18176
10366 18 22 18114
10372 18 3 17530
10382 18 15 17787
10384 18 14 17834
10386 18 9 18168
10388 18 23 18331
10392 18 9 17820
10400 18 22 17466
10402 18 23 17599
10404 18 15 17823
10408 18 23 18223
10410 18 23 18343
10416 18 2 18021
10418 18 19 17608
10422 18 5 17603
10426 18 23 18163
10428 18 19 17476
10432 18 22 18138
10434 18 9 17976
10438 18 3 18238
10440 18 1 18248
10450 18 15 18267
10456 18 1 18296
10458 18 2 17613
10460 18 22 17718
10464 18 9 17520
10466 18 3 17578
10474 18 22 18186
10476 18 2 17985
10478 18 1 17852
10482 18 1 17720
10488 18 9 18144
10490 18 21 18413
10492 18 19 17632
10494 18 19 17776
10496 18 21 17921
10498 18 9 18060
10500 18 2 17505
10502 18 23 17575
10508 18 21 17813
10510 18 9 17928
10512 18 10 17941
10514 18 22 17586
10530 18 15 17571
10534 18 3 17770
10536 18 15 17775
10538 18 22 17778
10542 18 22 17814
10546 18 3 17842
10550 18 15 17871
10554 18 10 18037
10558 18 1 18236
10562 18 19 18400
10568 18 1 17432
10570 18 3 17866
10572 18 1 17888
10574 18 9 17892
10576 18 5 17843
10578 18 5 17555
10580 18 10 17557
10582 18 22 17694
10596 18 15 17667
10602 18 2 17589
10604 18 21 17537
10606 18 22 17862
10608 18 21 18317
10616 18 3 17974
10618 18 3 18430
10620 18 2 18429
10624 18 23 17419
10626 18 22 18294
10630 18 19 17956
10634 18 21 18089
10636 18 19 18376
10638 18 10 17785
10640 18 14 18398
10642 18 23 18403
10648 18 10 18145
10650 18 19 18088
10658 18 10 18049
10680 18 19 18016
10682 18 1 18056
10686 18 3 18166
10688 18 14 18182
10690 18 22 18234
10692 18 3 17626
10696 18 19 17644
10704 18 19 17836
10708 18 10 18349
10710 18 5 18251
10712 18 2 17601
10714 18 2 17541
10718 18 22 17838
10724 18 5 18047
10726 18 2 18141
10728 18 21 18425
10734 18 10 18241
10736 18 19 18244
10744 18 5 17975
10746 18 21 18377
10748 18 22 18378
10754 18 1 18164
10756 18 9 17544
10760 18 23 17635
10776 18 1 17840
10778 18 14 18170
10780 18 9 17796
10784 18 9 18204
10786 18 23 18091
10788 18 1 18092
10790 18 10 18385
10796 18 2 17553
10798 18 1 17504
10808 18 9 18336
10814 18 15 18291
10832 18 19 18112
10834 18 19 18340
10838 18 14 17894
10840 18 1 17912
10844 18 19 18220
10846 18 14 18350
10848 18 14 18098
10856 18 5 17855
10862 18 9 18384
10884 18 15 17979
10886 18 10 17917
10890 18 1 17804
10892 18 1 18104
10896 18 23 18355
10904 18 5 17675
10928 18 9 17436
10946 18 15 17415
10948 18 15 17799
10952 18 9 17688
10954 18 2 17421
10956 18 23 18031
10972 18 2 18333
10982 18 19 18268
10990 18 21 17597
11002 18 5 17879
11008 18 3 17938
11012 18 5 17951
11022 18 2 18069
11024 18 5 18155
11044 18 14 18290
11048 18 15 18411
11052 18 14 17726
11056 18 3 17794
11070 18 2 17493
11084 18 21 18269
11092 18 22 18246
11102 18 3 17926
11104 18 19 17416
11108 18 1 17708
11110 18 3 18250
11112 18 9 17568
11114 18 21 17417
11116 18 1 17456
11124 18 3 17878
11132 18 19 17560
11140 18 22 17994
11142 18 19 18064
11146 18 5 18287
11148 18 2 17949
11154 18 21 17513
11164 18 2 17745
11168 18 3 17962
11182 18 19 17428
11184 18 2 18093
11194 18 10 18361
11196 18 15 17907
11200 18 2 18381
11202 18 14 17474
11204 18 3 17494
11208 18 15 18159
11210 18 15 17559
11224 18 9 17676
11242 18 21 17693
11244 18 22 17766
11248 18 10 18181
11256 18 22 18354
11258 18 2 18189
11274 18 22 18162
11286 18 14 17570
11308 18 2 17901
11310 18 21 18125
11326 18 10 17629
11328 18 23 17827
11334 18 19 18208
11338 18 1 18260
11374 18 2 17793
11376 18 10 17965
11378 18 15 18255
11386 18 3 17986
11388 18 19 17500
11396 18 14 17642
11408 18 9 17916
11412 18 9 18132
11420 18 5 18419
11434 18 9 17496
11436 18 2 18033
11462 18 21 18221
11474 18 15 18075
11480 18 3 18334
11500 18 1 18200
11510 18 3 18046
11512 18 10 17677
11514 18 1 17996
11516 18 22 18210
11522 18 19 17728
11566 18 23 18079
11596 18 23 18103
11600 18 3 17650
11602 18 3 17434
11604 18 23 17743
11608 18 14 18074
11610 18 5 17447
11620 18 1 17816
11622 18 1 18332
11624 18 21 18365
11626 18 1 17408
11642 18 5 18407
11662 18 14 17546
11680 18 10 18025
11698 18 10 18121
11710 18 22 18030
11714 18 2 17721
11716 18 2 17805
11720 18 15 17859
11724 18 23 17515
11730 18 22 18282
11734 18 1 18308
11746 18 15 18363
11784 18 22 18042
11786 18 5 18275
11788 18 3 18298
11792 18 21 17801
11800 18 1 18428
11802 18 2 18273
11804 18 5 17519
11808 18 10 18313
11812 18 21 17765
11814 18 2 17937
11820 18 3 17698
11830 18 9 17532
11842 18 19 17536
11846 18 22 18078
11848 18 22 18102
11850 18 15 17499
11856 18 1 18044
11858 18 5 18107
11860 18 5 18263
11866 18 2 17913
11872 18 3 18106
11874 18 22 17982
11876 18 2 18177
11888 18 14 17534
11890 18 10 18253
11892 18 21 18305
11896 18 22 17514
11898 18 22 17898
11906 18 23 18127
11908 18 21 18329
11910 18 1 17600
11914 18 23 18367
11924 18 2 18057
11928 18 9 17940
11932 18 5 18179
11936 18 22 18234
11938 18 2 17685
11942 18 19 18256
11944 18 3 18010
11946 18 9 18180
11948 18 21 17573
11952 18 3 18274
11958 18 14 17450
11964 18 2 18225
11966 18 21 17501
11988 18 15 17691
12004 18 9 18216
12022 18 19 17788
12044 18 10 17473
12074 18 10 17653
12094 18 14 17870
12110 18 14 18410
12112 18 15 17439
12134 18 2 17481
12150 18 19 18280
12162 18 1 17792
12168 18 22 17610
12170 18 15 17931
12172 18 15 17631
12174 18 21 17549
12196 18 23 18187
12210 18 1 17588
12214 18 23 17611
12216 18 19 17620
12226 18 14 17426
12234 18 9 18108
12236 18 14 19254
12238 18 5 19347
12240 18 19 19400
12242 18 5 18675
12244 18 5 19155
12246 18 21 19401
12248 18 14 19422
12250 18 23 18551
12252 18 19 18656
12254 18 2 18733
12258 18 9 19240
12260 18 19 19328
12262 18 5 18639
12266 18 15 18475
12268 18 3 18626
12270 18 14 18702
12272 18 23 18803
12274 18 23 18815
12276 18 23 18923
12278 18 10 19277
12280 18 10 19337
12284 18 21 18789
12292 18 14 18510
12296 18 14 18834
12300 18 9 19192
12302 18 15 18511
12304 18 22 18514
12308 18 19 19100
12310 18 5 18591
12314 18 21 19185
12322 18 2 18541
12324 18 14 18786
12326 18 21 19113
12332 18 14 19338
12336 18 19 18728
12338 18 2 19357
12340 18 2 18505
12342 18 2 18697
12344 18 10 18761
12346 18 10 18461
12350 18 15 19051
12362 18 5 19167
12368 18 23 19295
12372 18 1 19392
12376 18 21 19449
12378 18 3 18674
12380 18 22 18682
12384 18 21 18489
12386 18 15 18547
12388 18 10 18557
12390 18 9 18676
12392 18 1 18768
12394 18 1 18936
12396 18 22 18994
12398 18 23 19031
12402 18 3 19262
12404 18 14 19314
12410 18 15 18823
12412 18 2 18877
12414 18 15 19027
12424 18 10 18785
12428 18 14 18714
12430 18 1 18888
12432 18 15 19219
12438 18 3 18842
12440 18 21 19389
12442 18 5 19095
12448 18 2 18649
12450 18 15 19015
12452 18 5 19335
12454 18 3 19358
12458 18 2 18433
12460 18 3 19046
12462 18 22 19246
12472 18 2 18529
12474 18 23 19091
12478 18 15 19231
12486 18 5 18987
12490 18 23 18767
12502 18 14 18498
12508 18 3 19010
12510 18 2 19153
12528 18 21 18837
12530 18 2 18481
12532 18 2 18841
12534 18 15 18919
12536 18 5 18495
12538 18 15 18631
12540 18 15 18751
12542 18 3 18878
12550 18 21 18945
12556 18 3 19094
12560 18 15 18871
12566 18 1 19056
12570 18 10 18953
12574 18 1 18960
12576 18 3 18638
12578 18 21 18885
12582 18 5 18951
12584 18 22 18586
12592 18 10 18797
12596 18 14 19374
12598 18 19 18680
12600 18 21 19413
12602 18 10 18533
12614 18 5 18843
12624 18 22 19366
12626 18 14 18846
12628 18 10 18701
12630 18 19 19268
12632 18 19 18632
12634 18 3 18818
12638 18 2 19261
12640 18 9 18508
12642 18 10 18509
12652 18 19 19088
12654 18 23 18587
12656 18 14 18558
12660 18 21 19041
12662 18 21 18633
12666 18 2 19369
12670 18 9 18832
12674 18 1 18432
12676 18 10 18437
12678 18 2 19273
12682 18 22 19294
12684 18 15 18715
12688 18 9 18916
12694 18 10 18605
12696 18 21 18753
12698 18 2 19237
12700 18 1 19284
12702 18 15 19339
12716 18 22 18526
12718 18 1 18876
12720 18 2 19429
12728 18 23 19307
12734 18 15 18559
12736 18 23 18851
12738 18 10 18857
12740 18 22 18958
12742 18 5 19047
12744 18 23 18743
12746 18 2 19297
12756 18 1 18456
12758 18 23 18647
12762 18 3 19130
12766 18 9 18724
12772 18 10 19001
12774 18 2 19213
12778 18 23 18863
12780 18 5 18543
12784 18 19 19424
12786 18 21 19425
12792 18 5 18519
12796 18 10 18905
12810 18 15 19039
12812 18 23 18659
12814 18 19 18824
12826 18 1 18816
12834 18 10 19349
12840 18 22 19234
12842 18 5 19131
12844 18 15 18703
12848 18 3 18758
12852 18 21 18993
12862 18 5 18483
12872 18 3 18806
12876 18 3 19058
12878 18 19 19364
12890 18 9 18532
12892 18 9 19108
12902 18 1 19272
12906 18 23 18515
12908 18 10 18893
12910 18 3 18578
12912 18 14 18642
12914 18 14 18798
12918 18 3 18650
12926 18 19 18968
12928 18 9 19444
12930 18 3 18962
12932 18 5 18963
12934 18 10 19097
12938 18 23 19439
12950 18 14 19062
12956 18 19 19244
12960 18 9 19348
12974 18 9 19084
12978 18 23 19427
12984 18 14 18762
12990 18 21 18957
12994 18 15 18583
13020 18 2 18997
13022 18 14 18522
13028 18 5 18879
13044 18 23 18695
13046 18 14 19206
13056 18 9 18472
13058 18 9 19072
13060 18 19 18668
13062 18 21 18669
13064 18 22 18670
13066 18 1 18636
13072 18 21 19245
13074 18 5 18531
13076 18 3 19370
13078 18 21 19437
13086 18 9 18892
13088 18 15 18931
13100 18 2 18457
13106 18 10 18989
13112 18 23 19055
13118 18 3 18614
13120 18 5 18615
13122 18 1 18924
13124 18 3 19214
13130 18 9 18484
13136 18 10 19325
13150 18 19 18452
13158 18 5 18435
13160 18 1 18708
13162 18 2 18817
13170 18 9 18700
13172 18 14 18870
13180 18 23 18467
13194 18 22 18898
13196 18 19 18872
13198 18 14 18546
13206 18 9 18520
13212 18 1 18612
13214 18 1 19116
13218 18 5 18747
13230 18 19 18860
13232 18 5 18471
13234 18 14 19326
13236 18 10 19433
13270 18 9 19000
13274 18 19 19112
13280 18 22 19390
13298 18 21 19221
13302 18 22 18658
13306 18 23 19367
13308 18 1 18588
13310 18 22 18706
13312 18 3 18866
13318 18 22 19342
13320 18 9 18544
13330 18 19 18524
13336 18 1 18540
13340 18 2 19033
13342 18 1 18624
13344 18 9 18736
13348 18 14 18570
13356 18 15 19267
13390 18 10 18545
13402 18 19 18920
13422 18 21 18909
13426 18 9 18640
13430 18 3 18662
13432 18 19 19388
13434 18 1 18744
13436 18 9 18856
13438 18 5 18459
13440 18 22 18790
13446 18 3 18506
13448 18 9 18616
13450 18 23 18755
13456 18 23 19187
13468 18 15 18535
13474 18 14 18726
13476 18 2 18769
13490 18 14 18978
13504 18 14 19014
13510 18 9 18772
13512 18 15 18859
13514 18 22 19450
13518 18 1 19212
13520 18 14 18618
13522 18 9 19216
13526 18 19 19028
13538 18 21 19377
13550 18 19 19004
13570 18 10 19361
13572 18 14 19074
13586 18 9 18844
13600 18 10 18881
13602 18 14 18882
13616 18 10 18593
13620 18 10 18749
13622 18 21 18897
13624 18 15 18979
13626 18 5 19215
13628 18 23 19271
13654 18 9 18688
13656 18 14 18810
13678 18 23 19415
13682 18 15 19135
13696 18 22 18694
13702 18 23 18539
13704 18 23 19343
13708 18 14 18474
13730 18 23 18635
13740 18 5 18663
13758 18 3 19454
13760 18 21 18933
13762 18 19 18764
13764 18 22 18778
13780 18 15 18763
13808 18 1 18552
13810 18 2 18613
13812 18 21 19149
13820 18 21 18561
13824 18 9 19132
13830 18 2 18829
13832 18 14 18858
13844 18 15 19075
13854 18 3 18902
13856 18 10 19061
13858 18 2 19081
13866 18 15 19435
13874 18 15 18799
13886 18 10 19445
13898 18 22 19126
13900 18 5 18771
13902 18 1 19152
13934 18 23 19391
13942 18 5 18927
13956 18 21 18981
13964 18 14 18450
13972 18 1 19176
13996 18 9 18448
14004 18 9 18748
14026 18 14 19158
14030 18 5 19443
14038 18 21 19197
14040 18 15 18571
14070 18 9 19384
14072 18 1 18720
14088 18 14 19122
14092 18 3 19106
14094 18 2 18913
14102 18 23 19019
14108 18 2 18625
14110 18 21 19005
14112 18 1 18564
14122 18 21 18777
14126 18 10 19521
14128 18 19 19656
14130 18 15 19943
14132 18 1 20080
14134 18 9 20240
14136 18 9 19688
14138 18 3 20238
14140 18 10 20277
14142 18 5 19579
14144 18 5 19915
14146 18 15 20135
14148 18 14 20182
14150 18 15 19475
14152 18 1 19912
14156 18 10 19629
14158 18 15 19679
14160 18 14 19882
14162 18 3 20022
14164 18 15 20231
14166 18 3 20274
14168 18 15 20411
14170 18 21 20425
14172 18 21 20437
14178 18 10 19773
14180 18 19 19992
14182 18 10 20097
14184 18 2 20201
14186 18 19 20472
14188 18 21 20473
14190 18 22 19850
14192 18 21 19957
14194 18 21 20185
14196 18 14 20194
14198 18 14 20230
14202 18 5 19735
14204 18 2 19769
14210 18 10 20013
14212 18 2 20105
14218 18 9 20252
14220 18 21 20413
14222 18 19 20460
14224 18 21 19669
14226 18 15 19715
14230 18 14 19486
14232 18 19 19512
14234 18 23 19551
14238 18 22 19694
14240 18 22 19730
14242 18 19 19824
14244 18 9 19844
14248 18 3 19890
14250 18 19 19908
14256 18 9 20156
14260 18 23 20199
14264 18 1 20260
14266 18 10 20301
14274 18 1 19576
14276 18 21 20353
14278 18 15 20363
14280 18 1 20164
14284 18 10 19557
14288 18 9 19520
14290 18 21 20197
14292 18 1 20476
14296 18 10 20001
14298 18 15 20051
14302 18 21 20113
14306 18 23 20343
14310 18 9 19604
14312 18 2 19649
14314 18 23 19659
14322 18 10 20085
14324 18 19 20112
14326 18 15 19787
14328 18 22 19946
14330 18 22 19550
14338 18 5 19507
14340 18 15 19967
14342 18 22 19778
14344 18 14 20098
14348 18 22 19538
14352 18 1 19876
14354 18 2 19985
14358 18 2 20405
14360 18 22 20462
14362 18 9 19700
14366 18 9 20072
14368 18 2 19541
14370 18 23 19767
14372 18 1 20344
14374 18 15 20423
14376 18 5 19747
14380 18 3 20202
14392 18 10 19677
14394 18 15 19763
14396 18 15 19955
14398 18 14 19498
14400 18 5 19543
14402 18 14 19642
14404 18 14 19534
14406 18 14 19570
14408 18 3 19638
14410 18 5 19999
14420 18 9 19736
14422 18 19 20304
14424 18 21 20209
14426 18 14 19906
14428 18 5 20347
14430 18 5 19843
14432 18 9 20000
14436 18 3 20322
14438 18 1 20440
14442 18 2 20021
14444 18 5 20251
14448 18 21 20461
14462 18 10 19593
14464 18 10 19833
14466 18 19 19860
14470 18 22 19982
14472 18 15 20015
14476 18 10 20325
14488 18 5 19759
14490 18 2 20045
14506 18 22 20186
14510 18 1 20200
14512 18 5 20203
14514 18 10 20241
14518 18 19 20400
14524 18 5 20167
14528 18 9 20300
14534 18 5 20107
14536 18 22 20162
14542 18 9 20456
14558 18 5 19663
14572 18 19 20004
14584 18 5 20239
14586 18 2 20333
14588 18 19 20412
14598 18 21 20173
14600 18 23 20271
14602 18 2 20393
14604 18 5 19987
14606 18 22 19838
14618 18 23 19563
14636 18 21 19729
14638 18 19 20328
14640 18 21 20305
14648 18 19 20376
14652 18 23 19719
14664 18 10 20049
14680 18 3 19962
14694 18 10 19749
14696 18 5 20455
14698 18 10 19665
14700 18 5 20059
14702 18 3 20406
14712 18 10 19737
14718 18 23 20259
14722 18 5 19675
14724 18 10 20445
14730 18 22 19958
14732 18 9 20312
14736 18 15 19907
14738 18 14 19846
14740 18 5 19699
14742 18 19 20172
14744 18 19 20256
14746 18 14 19918
14748 18 19 19620
14768 18 23 20115
14772 18 3 20262
14776 18 2 20117
14778 18 22 20246
14790 18 22 20138
14794 18 19 19980
14800 18 9 19472
14802 18 14 20446
14808 18 19 19524
14812 18 21 20149
14816 18 1 19660
14820 18 10 20469
14822 18 22 20114
14826 18 21 20041
14836 18 3 19794
14838 18 23 20403
14844 18 10 19869
14858 18 2 20285
14862 18 9 19652
14866 18 21 19753
14868 18 23 19875
14870 18 15 19979
14882 18 9 19508
14884 18 10 19941
14886 18 2 19661
14892 18 3 19482
14894 18 15 20387
14896 18 19 20076
14902 18 2 19529
14904 18 1 19864
14906 18 23 20163
14908 18 2 20357
14912 18 21 19945
14924 18 5 19771
14932 18 23 20391
14936 18 15 19595
14940 18 19 20208
14942 18 15 20435
14958 18 22 20090
14966 18 22 20426
14968 18 21 19561
14970 18 10 19701
14972 18 21 19621
14974 18 14 19654
14976 18 1 19504
14978 18 21 19777
14980 18 5 19711
14988 18 21 19765
14990 18 14 20470
14996 18 3 19926
14998 18 3 20034
15006 18 9 19904
15014 18 3 20154
15016 18 14 19630
15018 18 22 19682
15020 18 19 20196
15022 18 9 19460
15032 18 19 19704
15034 18 21 19717
15038 18 3 19806
15050 18 1 20056
15052 18 2 20081
15054 18 5 20083
15056 18 23 20103
15068 18 15 20375
15074 18 14 19474
15078 18 2 19901
15084 18 3 19662
15086 18 14 19810
15088 18 23 19839
15094 18 19 20016
15132 18 5 20179
15146 18 5 19591
15152 18 2 20321
15154 18 10 20409
15156 18 15 20471
15178 18 9 19676
15180 18 23 19779
15186 18 2 19961
15192 18 9 20048
15198 18 1 20224
15206 18 9 20228
15208 18 10 20061
15216 18 10 20265
15230 18 23 19863
15236 18 19 19584
15238 18 15 19727
15240 18 1 20188
15242 18 14 20386
15244 18 9 19640
15248 18 3 19878
15266 18 23 20055
15268 18 2 20033
15280 18 15 20339
15294 18 3 20394
15304 18 9 20336
15310 18 9 20444
15314 18 21 20053
15318 18 23 19611
15326 18 21 19885
15330 18 10 20385
15334 18 23 20319
15354 18 21 19789
15356 18 21 19837
15362 18 22 19886
15364 18 22 19910
15372 18 3 19494
15380 18 1 20044
15408 18 10 20109
15422 18 9 19544
15434 18 23 19635
15436 18 22 20222
15438 18 21 19549
15446 18 5 20155
15452 18 10 20217
15458 18 15 19799
15460 18 3 19830
15466 18 10 20421
15468 18 19 20448
15488 18 21 19693
15490 18 10 19821
15506 18 1 20404
15520 18 2 20093
15522 18 10 20433
15524 18 9 19808
15532 18 2 20141
15540 18 14 19786
15548 18 23 19947
15550 18 21 20269
15556 18 19 19872
15560 18 21 19801
15568 18 10 19653
15574 18 19 19848
15578 18 21 19981
15580 18 3 20178
15582 18 22 20210
15610 18 23 20019
15624 18 22 20354
15668 18 3 20346
15670 18 5 19627
15672 18 2 20417
15674 18 10 19797
15684 18 23 19683
15708 18 15 19703
15748 18 21 19969
15752 18 23 19983
15762 18 14 20218
15774 18 23 20331
15778 18 19 20436
15782 18 21 20449
15790 18 2 20297
15792 18 19 20364
15800 18 14 20374
15802 18 10 19881
15804 18 1 19612
15806 18 14 19822
15808 18 9 19928
15810 18 15 20255
15812 18 19 19476
15814 18 1 19888
15830 18 19 19572
15832 18 10 20289
15834 18 9 20396
15838 18 19 20280
15856 18 1 19852
15858 18 15 19883
15882 18 10 19689
15884 18 22 20150
15886 18 5 20419
15900 18 10 19977
15908 18 22 19922
15912 18 14 19522
15922 18 2 19733
15924 18 21 20293
15936 18 9 20024
15938 18 5 19903
15940 18 1 20212
15946 18 15 19499
15952 18 1 20140
15982 18 3 20070
15990 18 9 19820
16000 18 15 19619
16002 18 3 19974
16012 18 14 19870
16016 18 10 19641
16020 18 14 20362
16022 18 5 19723
16038 18 23 19899
16066 18 15 20087
16070 18 21 20281
16072 18 21 19741
16090 18 1 20176
16104 18 1 19936
16108 18 23 20355
16114 18 2 20009
16116 18 19 20136
16150 18 22 19754
16152 18 21 20329
16154 18 15 19835
16166 18 2 19865
16174 18 14 20014
16186 18 14 20122
16188 18 19 20388
16212 18 14 19690
16218 18 14 19594
16220 18 19 19596
16236 18 1 19600
16244 18 2 19745
16260 18 14 20062
16294 18 10 19845
16326 18 15 20303
16346 18 23 19491
16386 18 10 20097
16388 18 22 19658
16412 18 5 20299
16414 18 1 20308
16430 18 2 20213
16436 18 21 19957
16442 18 9 19976
16448 18 5 19687
16458 18 2 19517
16470 18 3 20010
16494 18 1 19456
16496 18 9 19856
16498 18 22 20270
16506 18 15 20751
16508 18 10 20509
16510 18 19 20776
16512 18 10 20965
16514 18 14 21278
16516 18 23 20527
16518 18 14 20570
16520 18 3 20842
16522 18 22 20958
16524 18 5 21047
16526 18 14 21158
16528 18 19 21172
16530 18 1 21236
16532 18 9 21264
16534 18 2 21309
16536 18 5 21431
16538 18 23 21091
16540 18 23 21283
16542 18 9 20496
16544 18 19 20716
16546 18 15 20811
16548 18 15 20931
16554 18 22 21030
16556 18 19 20572
16558 18 23 20683
16560 18 3 21178
16562 18 15 20535
16564 18 14 20546
16566 18 10 20785
16568 18 9 20952
16570 18 3 20974
16574 18 9 21192
16576 18 19 21388
16578 18 3 21418
16580 18 14 21470
16586 18 2 20505
16588 18 15 20559
16590 18 3 20674
16596 18 22 20754
16598 18 23 21031
16600 18 10 21097
16602 18 10 21205
16604 18 19 21256
16606 18 21 21293
16608 18 1 21296
16610 18 14 21314
16612 18 5 21395
16614 18 2 21417
16616 18 3 21382
16618 18 15 21339
16620 18 19 20584
16622 18 15 20955
16624 18 9 21204
16626 18 22 20658
16628 18 1 20672
16630 18 3 21154
16632 18 3 21226
16634 18 3 21238
16636 18 2 20937
16638 18 10 21121
16640 18 3 21202
16642 18 21 21401
16644 18 14 20786
16646 18 22 20910
16648 18 3 21274
16650 18 10 21373
16654 18 22 20586
16656 18 21 20609
16664 18 23 20863
16666 18 21 21161
16668 18 1 21248
16670 18 1 21344
16680 18 10 20989
16682 18 5 21251
16688 18 10 20701
16690 18 1 21452
16694 18 15 21123
16696 18 2 20529
16706 18 14 20822
16708 18 2 20853
16710 18 19 20968
16712 18 15 21447
16714 18 10 20581
16716 18 19 20740
16718 18 10 20761
16720 18 23 21079
16722 18 21 21197
16724 18 5 20627
16728 18 5 20687
16730 18 14 20702
16732 18 2 21345
16734 18 1 21476
16736 18 3 21478
16738 18 5 20759
16740 18 23 20851
16742 18 5 20783
16746 18 2 21501
16750 18 1 21176
16752 18 15 20499
16754 18 21 20561
16756 18 1 20792
16758 18 10 21265
16764 18 5 20639
16766 18 15 20847
16768 18 14 21062
16778 18 5 21335
16784 18 19 21220
16786 18 23 20587
16788 18 5 20663
16790 18 15 21075
16792 18 23 21379
16794 18 2 20985
16796 18 21 21413
16798 18 10 21481
16802 18 9 20604
16812 18 9 21000
16820 18 23 21331
16822 18 3 21370
16830 18 9 20520
16832 18 1 20612
16834 18 15 20967
16836 18 23 20983
16838 18 23 21319
16840 18 10 21349
16842 18 22 21414
16844 18 23 21463
16846 18 21 21497
16856 18 14 20762
16858 18 14 21302
16860 18 2 20565
16862 18 3 20650
16870 18 1 21092
16872 18 19 21268
16880 18 2 21213
16884 18 10 21253
16888 18 21 20693
16890 18 21 20681
16892 18 22 20682
16896 18 15 20739
16898 18 23 20743
16902 18 15 21051
16904 18 10 21181
16908 18 10 20881
16910 18 10 20557
16912 18 22 20706
16914 18 10 21445
16916 18 10 21325
16924 18 15 20511
16928 18 10 20773
16938 18 23 21415
16940 18 3 20542
16946 18 14 21266
16952 18 5 20579
16956 18 2 20685
16960 18 3 20710
16964 18 21 20753
16968 18 21 21041
16970 18 3 21214
16972 18 14 21218
16976 18 22 21318
16978 18 3 21346
16980 18 19 21364
16984 18 14 21458
16986 18 21 20645
16988 18 23 20563
16990 18 9 21096
16992 18 1 21332
16996 18 3 21430
16998 18 23 20623
17000 18 2 20481
17004 18 3 20782
17014 18 3 20818
17020 18 21 20585
17024 18 15 20631
17026 18 14 20666
17038 18 9 21456
17046 18 3 21442
17068 18 3 21082
17070 18 9 21372
17074 18 21 20837
17078 18 21 20549
17080 18 10 20653
17082 18 15 20703
17084 18 10 20953
17086 18 14 20582
17088 18 1 20768
17090 18 15 21159
17092 18 19 21160
17120 18 10 20665
17130 18 1 21284
17136 18 9 20556
17140 18 14 21398
17142 18 14 21434
17144 18 10 21409
17146 18 10 20917
17150 18 5 21467
17156 18 14 20498
17158 18 21 20861
17164 18 10 20929
17166 18 15 21435
17172 18 14 21290
17176 18 19 21028
17178 18 21 21257
17182 18 1 21056
17188 18 10 21337
17190 18 1 20600
17194 18 21 20777
17196 18 22 20778
17198 18 23 20779
17200 18 23 21151
17202 18 5 20903
17216 18 3 21166
17218 18 15 21279
17222 18 21 20513
17226 18 21 21101
17228 18 23 21067
17230 18 1 20684
17232 18 14 20810
17234 18 22 21474
17236 18 22 20862
17242 18 5 21503
17244 18 15 20799
17250 18 23 20755
17254 18 14 20918
17260 18 5 20591
17264 18 22 21222
17274 18 22 20514
17276 18 9 20532
17284 18 19 21448
17292 18 9 20652
17294 18 19 20728
17304 18 3 21358
17310 18 15 21243
17314 18 10 21169
17316 18 3 20746
17322 18 9 20940
17330 18 22 21210
17336 18 15 21375
17338 18 22 21114
17340 18 23 21307
17342 18 10 21049
17344 18 10 21433
17348 18 3 21142
17356 18 19 20692
17358 18 15 20907
17360 18 19 20884
17362 18 14 21194
17364 18 10 20857
17366 18 19 20872
17368 18 2 20925
17370 18 5 20999
17372 18 1 21104
17374 18 9 21120
17378 18 23 20599
17384 18 14 21014
17386 18 15 21027
17394 18 2 21297
17400 18 15 20523
17404 18 5 21119
17408 18 9 21492
17428 18 23 20947
17432 18 2 20997
17434 18 5 21071
17436 18 2 21393
17438 18 1 21308
17440 18 21 21305
17442 18 2 20949
17446 18 5 21263
17448 18 5 20879
17450 18 1 20996
17466 18 23 20815
17468 18 14 20930
17470 18 23 21235
17510 18 14 20906
17512 18 3 20998
17524 18 3 21322
17530 18 14 21446
17544 18 22 21438
17548 18 9 20880
17556 18 15 21351
17558 18 9 20688
17578 18 10 21421
17590 18 1 20840
17600 18 1 20828
17602 18 19 21004
17604 18 10 21397
17608 18 2 21189
17620 18 19 20668
17628 18 1 21380
17632 18 15 21147
17634 18 3 21406
17636 18 23 20635
17638 18 9 20976
17644 18 19 20680
17654 18 21 20633
17666 18 21 20657
17668 18 9 20760
17670 18 19 20656
17672 18 2 20901
17674 18 5 21287
17680 18 14 21098
17692 18 5 20735
17694 18 21 20741
17698 18 1 20528
17704 18 2 21321
17718 18 3 20590
17720 18 14 20726
17722 18 5 21179
17734 18 1 20936
17746 18 23 20935
17750 18 21 21449
17758 18 9 20484
17764 18 5 20747
17766 18 5 21275
17780 18 9 21024
17794 18 3 20734
17796 18 19 20932
17798 18 3 21466
17816 18 1 20492
17822 18 14 20750
17832 18 2 21093
17846 18 3 20662
17848 18 23 20671
17862 18 3 21298
17872 18 9 20628
17874 18 2 20649
17876 18 10 20713
17878 18 9 20844
17882 18 14 20954
17892 18 5 21215
17898 18 5 21203
17904 18 1 20900
17906 18 2 21141
17910 18 5 20603
17924 18 15 21039
17926 18 21 21053
17946 18 19 20620
17950 18 23 21127
17958 18 19 21316
17960 18 23 21451
17964 18 23 20611
17970 18 21 20813
17980 18 21 20801
17982 18 10 20965
17984 18 9 20988
17992 18 3 21106
18000 18 14 20774
18002 18 21 21149
18008 18 23 21199
18010 18 14 21374
18012 18 23 21499
18032 18 10 21241
18036 18 14 21350
18038 18 5 21407
18054 18 2 20637
18064 18 2 21369
18068 18 10 20797
18070 18 5 20951
18072 18 3 21334
18086 18 14 21494
18094 18 19 20836
18106 18 23 21139
18110 18 2 20553
18112 18 15 20583
18114 18 22 20982
18116 18 19 21208
18120 18 3 20770
18130 18 23 20899
18136 18 5 20627
18140 18 3 20938
18142 18 21 20945
18148 18 5 21323
18162 18 3 21034
18164 18 2 20769
18166 18 21 21173
18172 18 21 21005
18174 18 22 21066
18176 18 5 21107
18178 18 3 21094
18180 18 3 21262
18182 18 21 21377
18192 18 22 20634
18194 18 15 21207
18196 18 21 20705
18202 18 14 20858
18224 18 15 21291
18228 18 22 20502
18230 18 23 20503
18234 18 22 20538
18240 18 14 20642
18248 18 9 20736
18254 18 15 20751
18274 18 9 21240
18276 18 14 21242
18280 18 21 21281
18302 18 3 21058
18306 18 1 21164
18324 18 23 21247
18330 18 10 21181
18336 18 23 21043
18338 18 3 20626
18340 18 21 20765
18342 18 2 20913
18344 18 14 21170
18350 18 5 21455
18354 18 19 21064
18362 18 23 20887
18364 18 9 21408
18366 18 21 21425
18368 18 23 20911
18370 18 15 21015
18374 18 15 20643
18380 18 19 20608
18382 18 3 20638
18388 18 14 21362
18400 18 14 20846
18402 18 3 20866
18404 18 2 21333
18408 18 19 20596
18412 18 1 21188
18414 18 22 21378
18416 18 19 20644
18420 18 14 20678
18422 18 15 21483
18434 18 1 20732
18440 18 22 20850
18472 18 1 20948
18478 18 15 20499
18482 18 1 20720
18502 18 10 20677
18518 18 22 20814
18520 18 1 21140
18528 18 23 20947
18538 18 14 20882
18542 18 19 20812
18552 18 22 21414
18568 18 22 20886
18584 18 21 20909
18590 18 1 21500
18592 18 2 21201
18596 18 19 21340
18598 18 23 20839
18600 18 1 21320
18604 18 22 20718
18610 18 1 21260
18614 18 22 20622
18618 18 22 21162
18644 18 21 20933
18646 18 1 21212
18668 18 21 21353
18678 18 10 20485
18680 18 19 20548
18686 18 21 20981
18688 18 1 20480
18696 18 14 21326
18702 18 19 20704
18708 18 9 21048
18710 18 21 21365
18720 18 1 20864
18722 18 3 21010
18724 18 22 20526
18734 18 1 21152
18740 18 21 21137
18746 18 22 20802
18758 18 15 20883
18790 18 3 21478
18814 18 1 20816
18818 18 15 20715
18846 18 14 21422
18858 18 21 20957
18864 18 10 20665
18884 18 19 21076
18886 18 14 21266
18888 18 2 21261
18892 18 22 21186
18898 18 9 20664
18904 18 19 21184
18912 18 3 20806
18920 18 1 20648
18932 18 9 20868
18934 18 2 21237
18960 18 21 21389
18972 18 5 21479
18974 18 10 21145
18976 18 10 21469
18982 18 1 21452
18992 18 15 21459
18998 18 14 21026
19004 18 23 20659
19044 18 21 21585
19046 18 15 21595
19048 18 10 21617
19050 18 2 21925
19052 18 2 22153
19054 18 9 22228
19056 18 19 22232
19058 18 1 21504
19060 18 3 21746
19062 18 21 21897
19066 18 5 22227
19068 18 10 22457
19070 18 2 22489
19072 18 3 22274
19074 18 2 21637
19076 18 9 21688
19078 18 1 21912
19080 18 15 21967
19082 18 1 22116
19084 18 5 22119
19086 18 19 22352
19088 18 2 22357
19090 18 22 22390
19096 18 5 21603
19098 18 15 22003
19100 18 1 22008
19102 18 14 22014
19104 18 3 22022
19106 18 15 22027
19108 18 1 22092
19112 18 19 22364
19114 18 21 22401
19116 18 21 22425
19118 18 10 22481
19120 18 10 21833
19122 18 15 21859
19124 18 3 22010
19126 18 1 22404
19128 18 14 21882
19130 18 22 21886
19132 18 2 22033
19134 18 14 22170
19136 18 21 22389
19138 18 2 21709
19140 18 14 21726
19144 18 2 21937
19146 18 19 21992
19150 18 1 21828
19152 18 21 22065
19154 18 19 22448
19158 18 22 21850
19164 18 10 21989
19168 18 9 22036
19182 18 1 22440
19184 18 10 22181
19188 18 1 21948
19190 18 15 22219
19192 18 21 22269
19194 18 10 22337
19196 18 5 22407
19204 18 9 21556
19206 18 19 21560
19208 18 23 21611
19214 18 15 21739
19216 18 1 21792
19218 18 1 21816
19222 18 21 21861
19226 18 22 22018
19228 18 14 22062
19238 18 22 22162
19240 18 3 22202
19244 18 14 22230
19246 18 3 22238
19248 18 23 22283
19250 18 23 22307
19252 18 19 22316
19254 18 22 22318
19256 18 21 21957
19260 18 19 21512
19262 18 3 21830
19264 18 19 21968
19266 18 10 22049
19268 18 9 22084
19270 18 5 22155
19272 18 10 22205
19274 18 2 22225
19276 18 9 22300
19278 18 14 22362
19280 18 1 22428
19284 18 1 22032
19286 18 1 22044
19290 18 10 21737
19300 18 22 22090
19314 18 3 22178
19318 18 19 22028
19322 18 1 22488
19324 18 2 21841
19334 18 23 21551
19336 18 9 22168
19338 18 1 22512
19344 18 1 22308
19346 18 3 21854
19348 18 15 21955
19350 18 21 22089
19352 18 21 22281
19354 18 1 22524
19356 18 22 21526
19358 18 19 22052
19360 18 14 22158
19364 18 22 22510
19366 18 9 21940
19368 18 10 22025
19370 18 23 22235
19372 18 15 21895
19374 18 3 22214
19376 18 23 21911
19378 18 3 22166
19382 18 9 22240
19388 18 23 22331
19390 18 21 22257
19392 18 9 21724
19394 18 23 22223
19398 18 22 22522
19402 18 10 21977
19406 18 15 21763
19408 18 21 21513
19414 18 10 21749
19416 18 1 21780
19418 18 3 21998
19420 18 14 22314
19424 18 1 21528
19442 18 9 22336
19444 18 23 22427
19446 18 21 21705
19448 18 3 22142
19450 18 22 21778
19456 18 1 22356
19460 18 19 21716
19462 18 9 21736
19464 18 2 22045
19466 18 22 22078
19468 18 23 22295
19470 18 2 22297
19472 18 1 22344
19474 18 14 22410
19476 18 15 22423
19478 18 22 22426
19506 18 10 22229
19508 18 15 22135
19512 18 22 21730
19524 18 5 21735
19526 18 1 22452
19538 18 23 22523
19544 18 21 21597
19546 18 5 21843
19548 18 2 21997
19554 18 3 22406
19556 18 9 22408
19562 18 23 22115
19570 18 1 22464
19572 18 21 22485
19576 18 1 21756
19582 18 21 22137
19584 18 15 22483
19586 18 15 21511
19592 18 21 21561
19598 18 23 21671
19600 18 10 21761
19606 18 1 21936
19610 18 21 21969
19612 18 1 21984
19618 18 2 22177
19622 18 22 22234
19630 18 19 22340
19632 18 3 22346
19640 18 9 22216
19642 18 22 21658
19644 18 22 21790
19646 18 9 22120
19650 18 1 22080
19652 18 1 22056
19654 18 19 21620
19656 18 1 22188
19664 18 1 21588
19666 18 9 21604
19668 18 14 21714
19670 18 23 21923
19672 18 19 21932
19674 18 22 21958
19676 18 1 21960
19684 18 14 22218
19686 18 15 22387
19688 18 2 22429
19690 18 23 22475
19700 18 15 22051
19702 18 1 22164
19708 18 9 21592
19732 18 23 22067
19740 18 3 22454
19742 18 15 22459
19746 18 21 22185
19750 18 2 22501
19752 18 3 22478
19764 18 22 22198
19768 18 9 22396
19770 18 3 21722
19772 18 3 22226
19796 18 23 22403
19800 18 2 22213
19802 18 5 22503
19820 18 21 22353
19828 18 5 21807
19834 18 21 21609
19864 18 3 21974
19866 18 9 22108
19868 18 10 22469
19870 18 2 22345
19872 18 10 21833
19874 18 22 21766
19884 18 15 22351
19886 18 2 21541
19888 18 23 22091
19890 18 1 21888
19892 18 21 22377
19898 18 10 21593
19900 18 5 21531
19904 18 14 21978
19906 18 14 22002
19908 18 9 22012
19922 18 21 21777
19930 18 10 22109
19942 18 10 21701
19944 18 5 21951
19946 18 19 22412
19948 18 21 22413
19950 18 19 21572
19952 18 14 21702
19954 18 21 22221
19956 18 15 21643
19958 18 14 22098
19966 18 9 22204
19968 18 2 22381
19970 18 19 22100
19972 18 2 22189
19982 18 9 21964
19990 18 2 21949
20002 18 23 22271
20022 18 1 21732
20024 18 9 21904
20028 18 1 21576
20030 18 23 22055
20034 18 15 21559
20040 18 2 21817
20070 18 3 21914
20072 18 21 22365
20082 18 19 21644
20086 18 23 21587
20088 18 19 21608
20098 18 22 22366
20102 18 22 21538
20112 18 22 21646
20114 18 2 21589
20120 18 15 22279
20124 18 3 21686
20144 18 14 22362
20150 18 15 21547
20154 18 15 21703
20156 18 19 22112
20158 18 22 22150
20160 18 19 22436
20162 18 3 22526
20166 18 19 22292
20206 18 10 21629
20208 18 21 21837
20212 18 2 22201
20214 18 2 22441
20216 18 2 21769
20218 18 3 22070
20236 18 1 22296
20244 18 19 21884
20246 18 15 22291
20252 18 14 22398
20254 18 15 21523
20256 18 22 22258
20258 18 21 21765
20266 18 5 21987
20270 18 15 22375
20288 18 23 21743
20308 18 10 21965
20326 18 3 22322
20334 18 2 22453
20338 18 5 22455
20360 18 5 21783
20362 18 23 22175
20364 18 5 22263
20376 18 15 22183
20378 18 9 22312
20424 18 2 21853
20428 18 2 22081
20438 18 14 21750
20440 18 19 22508
20442 18 5 21819
20452 18 19 21692
20462 18 19 21836
20468 18 19 21764
20470 18 15 21835
20472 18 3 22514
20474 18 15 21871
20488 18 22 21718
20492 18 5 22167
20494 18 22 22270
20500 18 14 21990
20518 18 14 22242
20552 18 21 21789
20554 18 5 22239
20556 18 2 22321
20564 18 10 22085
20572 18 10 21533
20574 18 9 21580
20576 18 15 22099
20584 18 19 21860
20596 18 23 21839
20604 18 5 22371
20612 18 10 22325
20626 18 3 22382
20632 18 14 21534
20636 18 14 22170
20688 18 14 22494
20690 18 21 21573
20692 18 10 22241
20702 18 5 22011
20712 18 1 21924
20722 18 3 22154
20736 18 2 22333
20752 18 3 21806
20758 18 2 21565
20760 18 5 21579
20762 18 1 21708
20768 18 3 21938
20770 18 19 22424
20772 18 3 21530
20782 18 22 22114
20796 18 14 21870
20798 18 1 22104
20804 18 3 21566
20812 18 3 21818
20814 18 2 21961
20826 18 2 21529
20832 18 5 21567
20838 18 5 22035
20850 18 5 22491
20858 18 10 21713
20860 18 14 22458
20862 18 1 21780
20866 18 23 21887
20868 18 9 22432
20870 18 2 21985
20892 18 2 22117
20894 18 1 22212
20908 18 19 22124
20910 18 5 22251
20916 18 1 21684
20918 18 19 21944
20920 18 15 22063
20922 18 10 22217
20924 18 5 22287
20926 18 5 22467
20928 18 2 21553
20940 18 14 22518
20958 18 14 21570
20966 18 23 22463
20982 18 15 21811
20990 18 23 22259
20996 18 10 21953
21000 18 10 21605
21002 18 3 21794
21010 18 9 21664
21020 18 15 22111
21022 18 19 21920
21028 18 9 22444
21036 18 14 21618
21048 18 15 22075
21074 18 3 22430
21076 18 10 21893
21078 18 10 21941
21082 18 10 21689
21096 18 10 22025
21104 18 21 21897
21116 18 1 22068
21120 18 19 21596
21122 18 10 21857
21126 18 15 22339
21132 18 15 21919
21140 18 1 21804
21142 18 14 22278
21190 18 2 21781
21194 18 3 22082
21198 18 22 21514
21206 18 14 21594
21210 18 15 21631
21214 18 3 21722
21226 18 22 21838
21234 18 19 21956
21238 18 23 21995
21244 18 9 22060
21256 18 10 22133
21284 18 1 22320
21292 18 1 21864
21296 18 23 22079
21306 18 3 21902
21308 18 5 21903
21310 18 22 22450
21312 18 5 21879
21316 18 15 22399
21318 18 3 21518
21322 18 1 21600
21326 18 2 22105
21332 18 21 21813
21360 18 21 21741
21408 18 21 21537
21410 18 21 21933
21412 18 9 21844
21418 18 3 21842
21422 18 3 21542
21432 18 22 21910
21448 18 10 22061
21452 18 21 22509
21460 18 1 21624
21468 18 21 21921
21470 18 9 21988
21476 18 15 22123
21480 18 2 22285
21482 18 21 22497
21484 18 10 21521
21494 18 2 22369
21514 18 15 22519
21516 18 23 21983
21518 18 23 22439
21524 18 14 21690
21532 18 1 21720
21548 18 15 21775
21564 18 3 21590
21572 18 2 21637
21580 18 22 22222
21588 18 22 22066
21602 18 22 21862
21608 18 2 22525
21616 18 10 22097
21620 18 3 22466
21624 18 3 22094
21628 18 3 22442
21630 18 9 22324
21646 18 9 22276
21654 18 9 22156
21660 18 1 22272
21680 18 14 22110
21690 18 9 21568
21692 18 21 21873
21694 18 23 21575
21696 18 21 21909
21700 18 10 21929
21706 18 22 21610
21714 18 9 22144
21734 18 19 21740
21742 18 5 22047
21744 18 10 22253
21746 18 2 22009
21792 18 2 22213
21802 18 23 22391
21808 18 3 21854
21814 18 19 21632
21816 18 10 22361
21866 18 14 22374
21876 18 5 21747
21878 18 15 21991
21888 18 1 21672
21894 18 1 21552
21912 18 14 22350
21914 18 22 22126
21930 18 5 22311
21956 18 23 22007
21966 18 9 22348
21986 18 19 21848
21988 18 22 21946
21992 18 23 22043
22044 18 9 22372
22060 18 23 21875
22064 18 21 22089
22066 18 21 22281
22068 18 14 22506
22070 18 3 21926
22072 18 1 21852
22094 18 1 22080
22140 18 2 21613
22148 18 3 21782
22156 18 21 21717
22158 18 9 21784
22170 18 5 21723
22192 18 1 21912
22198 18 10 21677
22208 18 23 21731
22212 18 2 21577
22214 18 9 21880
22254 18 2 22309
22266 18 9 22096
22274 18 9 21856
22300 18 19 22244
22306 18 1 22488
22314 18 23 21671
22316 18 2 22057
22320 18 3 22394
22334 18 1 22164
22346 18 15 22219
22348 18 22 22462
22352 18 21 21633
22376 18 5 22059
22384 18 14 21582
22386 18 2 21673
22388 18 10 22605
22390 18 2 22709
22392 18 23 22743
22394 18 9 23072
22396 18 23 23199
22398 18 10 23277
22400 18 14 23290
22402 18 21 23329
22404 18 10 23457
22406 18 19 22668
22408 18 2 22685
22410 18 2 22745
22412 18 19 22548
22414 18 14 22570
22416 18 14 22654
22418 18 2 22673
22420 18 19 22824
22422 18 21 22837
22424 18 19 22860
22426 18 19 22956
22428 18 14 23170
22430 18 10 23205
22432 18 9 23276
22434 18 23 23283
22436 18 9 22724
22442 18 19 22740
22446 18 21 22957
22448 18 2 22961
22450 18 5 23059
22454 18 15 23111
22456 18 1 23128
22460 18 10 23217
22464 18 5 23359
22466 18 10 23361
22468 18 22 23390
22470 18 1 23416
22472 18 2 22553
22474 18 9 22676
22480 18 21 22789
22482 18 21 22873
22484 18 21 23017
22486 18 2 23021
22490 18 23 23115
22492 18 19 23136
22494 18 14 23146
22496 18 22 23162
22498 18 5 23179
22500 18 14 23206
22502 18 2 23213
22504 18 14 23218
22506 18 15 23219
22508 18 15 23243
22510 18 19 23244
22512 18 9 23264
22514 18 1 23296
22516 18 5 23299
22518 18 1 23344
22522 18 19 23376
22524 18 2 23393
22526 18 15 23411
22528 18 21 23449
22530 18 15 23483
22532 18 21 23485
22534 18 19 23544
22536 18 22 23546
22538 18 5 23047
22540 18 3 23082
22542 18 22 23330
22544 18 1 23512
22546 18 19 23316
22548 18 2 23477
22550 18 23 23523
22552 18 10 22581
22554 18 22 23258
22556 18 21 23317
22560 18 23 23487
22564 18 15 22535
22566 18 22 22766
22568 18 22 22802
22572 18 1 22768
22578 18 15 22715
22582 18 3 22794
22584 18 9 22796
22586 18 10 22797
22588 18 23 22923
22590 18 19 23088
22602 18 15 23423
22604 18 23 23427
22608 18 23 23331
22618 18 22 23522
22622 18 9 22604
22624 18 19 22680
22626 18 22 22790
22628 18 21 22801
22630 18 14 23446
22632 18 3 23526
22644 18 3 22854
22646 18 1 22936
22648 18 19 23076
22650 18 23 22899
22652 18 23 23079
22662 18 5 22903
22666 18 3 22926
22668 18 21 23041
22676 18 21 23221
22680 18 19 23352
22686 18 9 23408
22690 18 9 23480
22692 18 15 23531
22694 18 3 22542
22698 18 2 22637
22700 18 3 22890
22702 18 15 22919
22704 18 1 22984
22706 18 15 23207
22708 18 23 23211
22710 18 19 23220
22712 18 10 23253
22714 18 21 23269
22716 18 5 23323
22718 18 21 23425
22720 18 19 23460
22730 18 5 23251
22732 18 3 23022
22734 18 10 23469
22736 18 19 22932
22740 18 5 23143
22742 18 21 23161
22744 18 9 23468
22746 18 5 23503
22752 18 1 22816
22754 18 23 22875
22764 18 9 23312
22766 18 15 23387
22768 18 9 22820
22770 18 1 22960
22772 18 22 22598
22774 18 14 22630
22776 18 21 22645
22778 18 10 22653
22780 18 19 22908
22788 18 2 23441
22792 18 10 22881
22794 18 1 23008
22808 18 9 23528
22812 18 19 23004
22820 18 9 23228
22822 18 23 23403
22828 18 2 23537
22830 18 1 23548
22832 18 9 22808
22834 18 14 23062
22836 18 9 23156
22838 18 2 23201
22840 18 9 23300
22842 18 1 23404
22844 18 2 23417
22854 18 15 22883
22858 18 1 22996
22860 18 21 23029
22864 18 21 23053
22868 18 14 22966
22870 18 15 23063
22872 18 5 23215
22874 18 14 23398
22876 18 3 23178
22878 18 10 23349
22880 18 5 22771
22882 18 21 22777
22884 18 3 22842
22886 18 21 22993
22888 18 5 23071
22890 18 2 23225
22892 18 15 23303
22896 18 9 22640
22898 18 15 23027
22900 18 5 23263
22902 18 9 23384
22904 18 22 23270
22910 18 10 23193
22928 18 9 22928
22930 18 15 23051
22950 18 14 22774
22952 18 1 22780
22958 18 10 22809
22960 18 9 22844
22962 18 10 22869
22964 18 21 22933
22968 18 14 23038
22978 18 23 23343
22982 18 22 23378
22986 18 15 23471
22988 18 3 23166
23002 18 15 23351
23008 18 15 22667
23016 18 23 22659
23018 18 23 22887
23020 18 14 22558
23026 18 10 23313
23032 18 2 23165
23034 18 3 23370
23036 18 21 23389
23046 18 22 23402
23052 18 15 23171
23058 18 19 22884
23060 18 3 23274
23064 18 22 23318
23066 18 19 22536
23070 18 15 22703
23072 18 1 22744
23078 18 5 22879
23080 18 14 23386
23082 18 2 23549
23092 18 19 23268
23096 18 5 23383
23126 18 10 22857
23132 18 23 23103
23134 18 3 23430
23138 18 15 22799
23140 18 14 23338
23148 18 19 23496
23194 18 3 23334
23208 18 19 23508
23220 18 15 22895
23226 18 3 22530
23228 18 14 22534
23232 18 14 22582
23244 18 5 22819
23246 18 2 22865
23248 18 22 22898
23258 18 19 23304
23262 18 23 23055
23266 18 1 23056
23268 18 10 23121
23270 18 3 22806
23272 18 3 22818
23276 18 5 22867
23278 18 19 23016
23280 18 2 23405
23282 18 1 23248
23302 18 21 22765
23304 18 23 23415
23310 18 10 22821
23312 18 19 23040
23318 18 14 23134
23320 18 22 23150
23322 18 3 23226
23326 18 1 23392
23344 18 5 22927
23348 18 5 22987
23354 18 19 23388
23356 18 21 22621
23358 18 15 23015
23360 18 23 23091
23364 18 1 22828
23366 18 22 22994
23368 18 21 23077
23394 18 5 22627
23396 18 2 22649
23398 18 21 22669
23400 18 22 22670
23408 18 9 23372
23410 18 9 22616
23412 18 5 22651
23414 18 14 22954
23416 18 22 23414
23418 18 10 23493
23420 18 1 23080
23422 18 14 23122
23428 18 2 22973
23430 18 3 23106
23432 18 5 23119
23434 18 10 23181
23458 18 23 23355
23460 18 2 23105
23462 18 2 22805
23464 18 15 22823
23466 18 19 22872
23468 18 23 23271
23470 18 15 22751
23482 18 15 23495
23490 18 21 22561
23492 18 9 22736
23506 18 10 23145
23514 18 22 23102
23516 18 3 22614
23518 18 2 22925
23520 18 15 23135
23524 18 14 23182
23550 18 21 23173
23574 18 22 22694
23576 18 5 22615
23578 18 21 22945
23580 18 23 23379
23582 18 19 23436
23586 18 23 23535
23614 18 3 23454
23620 18 23 22995
23624 18 19 22560
23626 18 22 22634
23628 18 2 22877
23632 18 22 22946
23638 18 3 23262
23640 18 21 23281
23642 18 21 23413
23644 18 19 22920
23648 18 21 22861
23656 18 5 22699
23658 18 22 23018
23660 18 23 23067
23662 18 19 23064
23664 18 22 22910
23666 18 22 23366
23668 18 22 23222
23700 18 23 22683
23702 18 22 23510
23720 18 22 23042
23724 18 22 22826
23728 18 9 22976
23732 18 14 23278
23746 18 21 22693
23752 18 10 22785
23762 18 21 23305
23766 18 14 23434
23768 18 15 23447
23770 18 2 23489
23792 18 2 23501
23848 18 10 23265
23856 18 1 23464
23894 18 9 23000
23896 18 10 23157
23900 18 22 23066
23902 18 9 22628
23916 18 3 22986
23932 18 22 22778
23934 18 9 22832
23958 18 21 23365
23960 18 9 22532
23962 18 21 22633
23964 18 5 22603
23968 18 5 22711
23970 18 21 22741
23974 18 10 23025
23982 18 2 22829
23990 18 2 23357
24002 18 10 22545
24004 18 1 22648
24006 18 23 23223
24008 18 2 22565
24018 18 2 23021
24020 18 10 23109
24028 18 3 22890
24032 18 5 22543
24044 18 2 23333
24046 18 2 23381
24054 18 23 23463
24056 18 9 22664
24078 18 14 22846
24080 18 2 22853
24082 18 14 22870
24102 18 10 23445
24104 18 14 22906
24106 18 1 22972
24114 18 21 22837
24150 18 9 23204
24152 18 19 22896
24154 18 19 23364
24190 18 9 22652
24192 18 1 23308
24200 18 15 22871
24230 18 2 22901
24248 18 3 23346
24250 18 10 23397
24270 18 1 22612
24274 18 2 23009
24328 18 15 22583
24360 18 21 23221
24370 18 15 23375
24374 18 14 22570
24378 18 14 22726
24396 18 14 22786
24410 18 23 22911
24412 18 23 22983
24414 18 21 23113
24416 18 9 23144
24418 18 1 22636
24420 18 14 22834
24422 18 22 23006
24424 18 1 23104
24466 18 2 22889
24482 18 21 22573
24484 18 19 22692
24486 18 14 22930
24492 18 10 22929
24496 18 19 23532
24498 18 1 23152
24532 18 1 22792
24536 18 15 23087
24548 18 3 22878
24566 18 5 22531
24572 18 23 22563
24574 18 19 22572
24578 18 3 23142
24580 18 10 23349
24584 18 15 23399
24586 18 5 22795
24598 18 23 23511
24600 18 9 22904
24674 18 19 23052
24744 18 19 23448
24746 18 1 23452
24752 18 23 22755
24780 18 19 23472
24796 18 21 22609
24800 18 9 22808
24810 18 14 23458
24814 18 15 23039
24822 18 9 23084
24838 18 1 22912
24850 18 14 23362
24852 18 10 23373
24868 18 3 23010
24888 18 5 23191
24936 18 2 23345
24940 18 21 22537
24942 18 14 23338
24960 18 22 22958
25018 18 5 22999
25026 18 2 23369
25028 18 2 23441
25056 18 23 22827
25060 18 14 22702
25074 18 9 22688
25204 18 15 23147
25206 18 22 23426
25208 18 10 23481
25216 18 1 23356
25218 18 22 22646
25220 18 21 22753
25222 18 14 23086
25224 18 19 23328
25228 18 10 22557
25230 18 2 22937
25232 18 3 23082
25234 18 10 23121
25236 18 19 23148
25252 18 9 23252
25270 18 5 23515
25272 18 2 22781
25282 18 21 22885
25286 18 3 23118
25296 18 21 23473
25298 18 14 22606
25310 18 5 23011
25316 18 5 22579
25336 18 5 22555
25338 18 10 22617
25380 18 15 22619
25382 18 3 22674
25384 18 9 23396
25434 18 1 23500
25470 18 23 23259
25472 18 15 22727
25474 18 15 22847
25476 18 5 22915
25478 18 22 23174
25480 18 23 23175
25482 18 1 23176
25484 18 21 23353
25500 18 2 22793
25504 18 14 23014
25526 18 10 23085
25530 18 15 22967
25548 18 1 22864
25550 18 22 23078
25558 18 9 22856
25564 18 15 22979
25570 18 5 23455
25596 18 15 22547
25604 18 22 23126
25662 18 14 22630
25702 18 22 22826
25706 18 15 22919
25708 18 9 23132
25712 18 2 23189
25726 18 2 22925
25736 18 10 23469
25738 18 1 22588
25744 18 2 23477
25748 18 3 23538
25750 18 5 23539
25752 18 9 22640
25774 18 10 23229
25788 18 19 22800
25790 18 10 22713
25792 18 15 22787
25794 18 22 22574
25796 18 1 23200
25836 18 14 22882
25842 18 2 22805
25844 18 5 23023
25846 18 19 23340
25848 18 10 22665
25890 18 9 22760
25894 18 21 22933
25896 18 10 23253
25922 18 5 23371
25924 18 2 22829
25928 18 22 22730
25980 18 14 22978
25982 18 2 23081
25984 18 14 23542
25988 18 1 22708
26016 18 21 22837
26018 18 5 22843
26022 18 10 22881
26024 18 1 22900
26026 18 9 22916
26028 18 9 22988
26034 18 3 23202
26042 18 2 23453
26064 18 10 22629
26068 18 23 22947
26070 18 3 22974
26072 18 14 22990
26074 18 19 23124
26076 18 9 23168
26078 18 2 23429
26080 18 19 22776
26082 18 23 23007
26084 18 10 23037
26086 18 10 22725
26104 18 19 22644
26196 18 5 22807
26210 18 10 23529
26218 18 14 23242
26220 18 19 23496
26240 18 22 23534
26244 18 3 23310
26250 18 5 22939
26254 18 22 23486
26256 18 1 23272
26278 18 22 23138
26280 18 10 23325
26292 18 21 22909
26304 18 19 22812
26320 18 19 22908
26322 18 2 22529
26336 18 10 22569
26348 18 15 22955
26384 18 15 22559
26412 18 9 23492
26432 18 22 22934
26448 18 21 22705
26450 18 2 23057
26452 18 21 23341
26454 18 10 23541
26456 18 9 23240
26460 18 23 22959
26464 18 2 23249
26496 18 10 23433
26500 18 2 23045
26502 18 14 23482
26546 18 2 23513
26562 18 2 23165
26570 18 9 23420
26576 18 19 22620
26602 18 10 22977
26656 18 22 22550
26662 18 23 23295
26664 18 22 23018
26666 18 2 23405
26668 18 2 22601
26680 18 10 22929
26684 18 14 23422
26688 18 10 22905
26690 18 23 23331
26692 18 3 22782
26712 18 22 23210
26736 18 5 22891
26750 18 3 22914
26752 18 9 23024
26754 18 10 23349
26758 18 22 23114
26814 18 14 23254
26818 18 15 23063
26820 18 5 23215
26826 18 23 22707
26828 18 2 23309
26830 18 23 23547
26844 18 1 23128
26852 18 21 23401
26868 18 14 22642
26874 18 19 23424
26892 18 23 23127
26928 18 10 23373
26934 18 14 22738
26936 18 23 23247
26950 18 21 22837
26952 18 19 22860
26954 18 19 22956
26956 18 21 22765
26962 18 19 22764
26974 18 14 22546
26980 18 1 22876
26984 18 2 23117
26990 18 5 23179
27002 18 3 23274
27022 18 14 23530
27026 18 14 22570
27050 18 1 23152
27062 18 19 23412
27064 18 9 22616
27090 18 3 23250
27132 18 5 22759
27136 18 1 22528
27144 18 10 22857
27174 18 3 23166
27182 18 1 23020
27208 18 10 22701
27210 18 1 22732
27248 18 10 23181
27252 18 14 23338
27276 18 23 23199
27302 18 22 22994
27308 18 21 23029
27314 18 23 22935
27322 18 2 22925
27328 18 23 22851
27332 18 23 22839
27334 18 19 23532
27336 18 23 22623
27338 18 3 22806
27386 18 23 22779
27426 18 1 22672
27430 18 14 23506
27458 18 5 22879
27460 18 2 22901
27464 18 21 22957
27478 18 22 23378
27482 18 1 23500
27484 18 14 22618
27498 18 9 23084
27528 18 19 22740
27534 18 19 22932
27556 18 5 23083
27584 18 2 23501
27592 18 22 23462
27608 18 14 23446
27616 18 21 23053
27618 18 14 23062
27640 18 21 22861
27658 18 23 23499
27672 18 2 22997
27676 18 22 22826
27680 18 10 22953
27702 18 21 22549
27738 18 22 23498
27774 18 9 23120
27796 18 21 23293
27798 18 2 23613
27800 18 2 23565
27802 18 3 23566
27804 18 14 23582
27806 18 5 23615
27812 18 2 23577
27818 18 10 23593
27826 18 9 23616
27828 18 21 23561
27832 18 5 23579
27834 18 19 23560
27836 18 23 23635
27840 18 2 23589
27842 18 21 23597
27844 18 3 23686
27848 18 9 23628
27856 18 23 23623
27858 18 22 23670
27860 18 21 23681
27864 18 2 23697
27866 18 10 23689
27868 18 15 23631
27870 18 23 23611
27872 18 3 23722
27874 18 3 23650
27876 18 23 23719
27878 18 5 23567
27882 18 10 23653
27884 18 5 23747
27886 18 3 23746
27890 18 5 23663
27892 18 10 23569
27904 18 15 23595
27908 18 2 23637
27910 18 2 23757
27914 18 1 23732
27916 18 19 23716
27918 18 23 23755
27920 18 14 23690
27922 18 1 23672
27928 18 14 23750
27930 18 22 23598
27934 18 1 23552
27936 18 19 23788
27938 18 21 24317
27948 18 15 23703
27950 18 2 23625
27952 18 5 23603
27954 18 15 23655
27956 18 2 23781
27958 18 21 23861
27960 18 3 23902
27962 18 5 23903
27978 18 14 23606
27980 18 5 23807
27982 18 3 23578
27988 18 5 23795
27990 18 21 23813
28000 18 5 23555
28002 18 1 23804
28006 18 22 23778
28012 18 1 23768
28014 18 3 23806
28018 18 23 23563
28022 18 2 23709
28024 18 5 23711
28026 18 2 23721
28034 18 15 23619
28040 18 14 23570
28048 18 5 23651
28050 18 22 23754
28054 18 9 23556
28056 18 14 23774
28058 18 22 24570
28066 18 19 23836
28078 18 19 23776
28080 18 1 23576
28084 18 19 23860
28086 18 23 23695
28094 18 9 23916
28098 18 15 23859
28102 18 1 23588
28104 18 1 23600
28116 18 1 23660
28120 18 22 23862
28122 18 15 23895
28128 18 9 23796
28130 18 10 23677
28134 18 10 23845
28146 18 21 23921
28154 18 19 23896
28160 18 2 23925
28164 18 1 23888
28166 18 21 23897
28168 18 22 23766
28188 18 21 23933
28190 18 2 23937
28192 18 23 23947
28200 18 3 23950
28212 18 9 23736
28224 18 2 23949
28236 18 9 23892
28238 18 9 23904
28240 18 2 23973
28246 18 9 23688
28252 18 19 23824
28254 18 15 23763
28266 18 21 23945
28268 18 22 23874
28270 18 3 23554
28274 18 21 23585
28280 18 22 23946
28294 18 14 23966
28298 18 22 24006
28300 18 15 24015
28308 18 23 23983
28310 18 3 23638
28312 18 9 23880
28320 18 10 23869
28322 18 10 23821
28328 18 1 23984
28330 18 3 23602
28344 18 14 24026
28346 18 5 23987
28348 18 3 23590
28350 18 5 23723
28352 18 3 23734
28358 18 14 23630
28364 18 22 23922
28366 18 5 23963
28372 18 23 23791
28380 18 21 23777
28382 18 1 23780
28384 18 1 23612
28386 18 14 23834
28388 18 3 23614
28398 18 9 23976
28400 18 5 23999
28402 18 19 23932
28412 18 5 24011
28416 18 10 23833
28420 18 9 24036
28422 18 10 24073
28428 18 21 24041
28432 18 9 24060
28438 18 5 23759
28448 18 3 24070
28450 18 2 23733
28452 18 21 23789
28454 18 3 24046
28456 18 19 23944
28468 18 21 23693
28470 18 15 23739
28472 18 15 23931
28474 18 21 23981
28482 18 22 23682
28490 18 19 24064
28510 18 23 23587
28512 18 9 23604
28522 18 3 23770
28524 18 15 23607
28526 18 22 23790
28528 18 1 23696
28536 18 15 23883
28546 18 1 24104
28556 18 1 24020
28562 18 10 24109
28564 18 22 23610
28566 18 19 24136
28580 18 2 23673
28588 18 10 23917
28600 18 10 24133
28602 18 21 23753
28604 18 22 23814
28620 18 9 24048
28622 18 15 24135
28636 18 2 23961
28638 18 1 24008
28640 18 14 24098
28646 18 15 23583
28650 18 3 23626
28658 18 5 23831
28660 18 3 23890
28662 18 5 23891
28664 18 19 23920
28666 18 22 23970
28668 18 14 24050
28670 18 2 24153
28672 18 22 23586
28684 18 15 23979
28692 18 5 23771
28722 18 10 23893
28728 18 10 23965
28730 18 14 24134
28732 18 14 24146
28734 18 15 23643
28738 18 5 24119
28750 18 22 24078
28752 18 9 24108
28758 18 19 24028
28764 18 2 23553
28774 18 23 24067
28776 18 22 23646
28780 18 21 23969
28784 18 21 24065
28786 18 22 23838
28788 18 23 24163
28790 18 21 23633
28796 18 15 23691
28802 18 2 23805
28806 18 21 23993
28808 18 5 24023
28810 18 15 24111
28812 18 19 24112
28820 18 19 24148
28822 18 21 23729
28826 18 14 24062
28828 18 23 23743
28832 18 10 23809
28836 18 5 24059
28838 18 22 24234
28840 18 23 24235
28842 18 21 24233
28850 18 14 24206
28854 18 2 23745
28860 18 14 23978
28862 18 15 24003
28866 18 3 24202
28872 18 14 24170
28874 18 10 23977
28878 18 9 23712
28880 18 3 24118
28884 18 22 24030
28902 18 9 24180
28908 18 14 23714
28914 18 14 23930
28920 18 22 24018
28924 18 3 24094
28928 18 22 23886
28930 18 9 24336
28936 18 2 24081
28938 18 15 23679
28942 18 22 24102
28958 18 9 24252
28964 18 22 24042
28968 18 23 23707
28970 18 15 23799
28972 18 5 23819
28974 18 9 23820
28990 18 19 24172
28994 18 9 24240
28998 18 21 23957
29006 18 5 24047
29008 18 5 23867
29010 18 1 24212
29012 18 5 24131
29014 18 10 24289
29018 18 1 23936
29022 18 9 23748
29026 18 22 23826
29028 18 21 24053
29032 18 10 24229
29036 18 14 23846
29038 18 23 23935
29062 18 21 24089
29066 18 14 24122
29070 18 1 24140
29072 18 22 24174
29074 18 2 23769
29076 18 14 23798
29078 18 2 23649
29092 18 19 24304
29094 18 15 23571
29100 18 10 24313
29120 18 14 24158
29122 18 2 24189
29126 18 22 24270
29128 18 23 24319
29130 18 22 24318
29132 18 23 23767
29136 18 14 24218
29140 18 2 23913
29142 18 23 24331
29144 18 10 23617
29146 18 14 23618
29188 18 15 24147
29190 18 15 23943
29194 18 23 23575
29196 18 5 23783
29210 18 5 24083
29214 18 2 24285
29226 18 9 24360
29230 18 22 24330
29248 18 14 24230
29252 18 1 24368
29256 18 19 24256
29258 18 10 24061
29260 18 14 23582
29270 18 2 23865
29276 18 15 24339
29278 18 5 23699
29284 18 3 24130
29300 18 14 23822
29304 18 19 24340
29310 18 21 24101
29312 18 19 24532
29318 18 21 23873
29320 18 3 23842
29326 18 19 24388
29328 18 2 24297
29332 18 2 24117
29336 18 10 24277
29340 18 1 24092
29346 18 1 24152
29352 18 1 24416
29384 18 5 24299
29408 18 22 24342
29412 18 21 23741
29428 18 2 24429
29434 18 15 23967
29468 18 23 23683
29470 18 14 24254
29476 18 23 24271
29482 18 9 23832
29490 18 21 24293
29492 18 2 24093
29494 18 3 23662
29500 18 19 24412
29502 18 22 24426
29510 18 1 24284
29530 18 15 24039
29532 18 9 24216
29542 18 21 24221
29544 18 14 24470
29548 18 14 24338
29566 18 1 23852
29588 18 9 24168
29592 18 3 24310
29594 18 14 23942
29596 18 9 23964
29598 18 10 24361
29626 18 9 24264
29628 18 19 24268
29636 18 10 24445
29638 18 3 24178
29642 18 19 24280
29646 18 15 24435
29652 18 10 23785
29658 18 5 24455
29660 18 2 24465
29662 18 21 23645
29664 18 3 23998
29666 18 21 24461
29670 18 14 23762
29672 18 15 24075
29674 18 21 24173
29688 18 3 24490
29692 18 3 24478
29706 18 5 24491
29722 18 2 24273
29724 18 1 24404
29726 18 10 23905
29728 18 23 24211
29730 18 5 23687
29732 18 19 23596
29736 18 19 24460
29758 18 14 24506
29760 18 9 24528
29762 18 9 24276
29764 18 9 24300
29776 18 1 24548
29778 18 22 23634
29798 18 9 24096
29814 18 23 24343
29834 18 21 24041
29840 18 23 24103
29842 18 14 24554
29844 18 23 24259
29848 18 22 24378
29850 18 3 24710
29852 18 21 24621
29854 18 14 25774
29856 18 15 25727
29858 18 19 26556
29860 18 22 27078
