0 20 23 2995
4 20 22 8150
6 20 1 7936
16 20 22 10718
18 20 1 10312
20 20 2 10361
22 20 21 10705
24 20 22 11198
26 20 14 11254
28 20 3 11262
30 20 5 10975
32 20 9 10976
34 20 22 11078
36 20 15 10379
38 20 9 10424
40 20 5 10303
42 20 23 10335
44 20 23 10347
46 20 2 10457
48 20 22 10466
50 20 23 10467
52 20 5 10495
54 20 1 10636
56 20 5 10507
62 20 1 10468
64 20 2 10601
66 20 5 10603
68 20 5 10651
70 20 21 10693
72 20 15 10739
74 20 5 10855
76 20 21 11005
78 20 23 10563
80 20 9 10724
82 20 23 10395
84 20 1 10552
86 20 15 10331
88 20 22 10334
90 20 23 10635
92 20 15 10991
94 20 21 10909
96 20 5 10327
98 20 9 11036
100 20 5 10291
102 20 1 10516
106 20 1 10828
108 20 23 10647
110 20 19 10620
112 20 21 10621
114 20 22 10514
116 20 9 10784
118 20 22 11138
122 20 15 10343
124 20 21 10309
126 20 9 10364
128 20 2 10301
132 20 9 10388
134 20 23 10515
138 20 21 10801
140 20 23 10431
142 20 23 10743
144 20 21 10861
146 20 2 10289
148 20 1 10300
150 20 23 10311
152 20 15 10451
154 20 21 10333
156 20 10 10317
158 20 1 10624
160 20 21 10285
162 20 3 10506
164 20 19 10848
166 20 22 11114
170 20 14 10342
172 20 9 10304
174 20 21 10441
176 20 23 10503
178 20 14 10330
180 20 21 10825
182 20 9 10928
186 20 5 11167
188 20 10 10701
190 20 23 10455
192 20 10 10617
196 20 1 10744
204 20 23 10287
206 20 1 10444
208 20 10 10929
210 20 1 10936
212 20 10 11097
214 20 15 10307
216 20 14 10702
218 20 19 10296
220 20 5 10543
222 20 21 10561
224 20 1 10720
226 20 1 10804
230 20 14 10582
232 20 9 10640
234 20 19 10800
240 20 5 10399
244 20 14 10738
250 20 19 10704
256 20 15 10355
258 20 5 10411
272 20 2 10805
274 20 23 10863
276 20 23 10959
278 20 2 10997
280 20 14 11194
282 20 15 10367
290 20 19 10512
292 20 23 10551
294 20 10 10665
296 20 23 10407
298 20 23 10611
300 20 5 10723
302 20 9 10772
310 20 1 10564
312 20 1 10876
314 20 10 10905
316 20 14 10558
318 20 3 10722
320 20 23 11139
322 20 2 10505
324 20 5 10423
326 20 19 10608
328 20 23 10683
330 20 21 10369
334 20 14 10522
342 20 1 10408
344 20 5 10771
346 20 5 10519
348 20 21 10393
350 20 22 10394
352 20 14 10402
354 20 19 10488
358 20 2 10889
362 20 3 10398
364 20 2 10481
372 20 19 10644
374 20 3 10446
376 20 10 10857
378 20 23 11019
380 20 21 11221
394 20 22 10682
396 20 23 10719
400 20 22 10874
402 20 9 10676
404 20 1 10288
406 20 21 10465
408 20 22 10550
414 20 5 10471
418 20 5 10999
420 20 14 11038
426 20 19 10548
434 20 22 10382
436 20 1 11056
438 20 15 10703
446 20 15 10727
452 20 23 10359
454 20 19 10476
458 20 15 10751
460 20 1 10396
472 20 3 10650
474 20 14 10750
476 20 1 10900
478 20 9 11096
480 20 10 11133
482 20 5 11227
484 20 2 11249
492 20 21 11149
494 20 22 10370
496 20 10 10581
498 20 9 10760
500 20 21 11101
502 20 2 11105
504 20 14 11110
518 20 14 10618
520 20 14 10714
524 20 10 10305
526 20 9 10484
528 20 15 10439
530 20 22 10730
532 20 3 10374
534 20 23 10527
544 20 2 10325
546 20 22 10454
548 20 1 10432
550 20 22 10298
552 20 1 10492
554 20 15 10499
556 20 14 10510
558 20 1 10528
560 20 10 10689
562 20 14 10690
566 20 3 10818
568 20 23 10947
570 20 23 10995
574 20 9 11084
576 20 21 11137
592 20 2 11225
598 20 10 10677
600 20 14 11014
606 20 2 10673
612 20 15 10295
614 20 2 10313
616 20 21 10357
618 20 19 10428
620 20 2 10793
630 20 15 10427
634 20 9 10592
636 20 19 10668
640 20 9 10472
658 20 19 10752
664 20 15 11075
668 20 2 10733
670 20 2 10421
686 20 3 11058
692 20 2 10565
704 20 5 11215
706 20 22 11054
712 20 3 10638
714 20 15 10775
716 20 3 11214
720 20 1 11044
730 20 1 10984
732 20 23 10923
734 20 9 10856
740 20 2 10649
766 20 2 10349
768 20 22 10358
770 20 1 10672
772 20 23 11055
774 20 19 10764
786 20 5 11083
806 20 5 10831
814 20 5 10483
816 20 15 10487
818 20 9 10796
820 20 22 10826
822 20 9 10652
826 20 9 11144
828 20 5 11239
842 20 23 10575
846 20 3 10338
854 20 10 10653
856 20 1 10600
868 20 10 10341
870 20 3 10710
882 20 19 10860
884 20 10 10953
892 20 14 10474
894 20 19 10572
906 20 21 11077
916 20 21 10837
918 20 23 10971
920 20 10 10389
922 20 21 10345
926 20 22 10778
956 20 5 10363
966 20 22 10898
984 20 19 10380
996 20 21 10297
998 20 1 10384
1000 20 9 10580
1002 20 15 11087
1004 20 15 10319
1006 20 1 10696
1016 20 5 11191
1018 20 3 10422
1022 20 3 11190
1026 20 2 10469
1030 20 3 10362
1032 20 15 10955
1034 20 3 10758
1044 20 14 10630
1046 20 15 10643
1048 20 21 10657
1054 20 15 11171
1056 20 2 10385
1064 20 10 10497
1066 20 2 10709
1068 20 2 10721
1074 20 21 10957
1076 20 19 11076
1084 20 22 10982
1086 20 15 10475
1088 20 9 10544
1090 20 3 10626
1100 20 21 10789
1104 20 3 10926
1106 20 2 10949
1108 20 10 10965
1110 20 2 11045
1128 20 23 10875
1130 20 14 10978
1132 20 2 10685
1136 20 22 10502
1142 20 19 10920
1144 20 3 10830
1146 20 5 10435
1148 20 2 10517
1154 20 10 10893
1156 20 14 10942
1168 20 22 10706
1170 20 14 10762
1172 20 21 10765
1174 20 2 10577
1178 20 14 10294
1180 20 5 10627
1182 20 1 10924
1186 20 15 10547
1188 20 23 10479
1190 20 9 11012
1202 20 21 10969
1208 20 19 11040
1212 20 21 10873
1214 20 9 11108
1216 20 10 11109
1222 20 21 11065
1234 20 23 11127
1240 20 22 10886
1248 20 3 10614
1250 20 19 10968
1252 20 1 10504
1268 20 19 10440
1270 20 5 11035
1274 20 1 10780
1276 20 21 10633
1278 20 1 11116
1282 20 10 10917
1292 20 9 11216
1296 20 9 10688
1300 20 23 10899
1306 20 10 10461
1308 20 10 10437
1310 20 10 10545
1316 20 3 10302
1322 20 3 10698
1324 20 1 10816
1330 20 15 10391
1332 20 15 11123
1350 20 2 11033
1352 20 23 10779
1354 20 2 11189
1386 20 19 10392
1394 20 1 10768
1410 20 21 10525
1432 20 5 10531
1434 20 19 10560
1462 20 2 10769
1472 20 21 10741
1500 20 5 10999
1506 20 9 10532
1512 20 2 10493
1516 20 10 10509
1518 20 23 10359
1528 20 15 10523
1544 20 10 10449
1548 20 9 10568
1552 20 3 10290
1564 20 23 11115
1574 20 21 10585
1576 20 19 10656
1582 20 22 10790
1596 20 9 10820
1598 20 15 10559
1610 20 2 11141
1620 20 9 10520
1628 20 5 10675
1632 20 2 10757
1634 20 2 10865
1656 20 22 11234
1660 20 5 10711
1662 20 21 10453
1670 20 3 10794
1672 20 5 11143
1696 20 1 10888
1698 20 22 11042
1724 20 15 10595
1726 20 10 10941
1738 20 19 10740
1750 20 15 10835
1752 20 15 10655
1762 20 3 10962
1770 20 15 10979
1772 20 14 10990
1774 20 22 11018
1776 20 21 11209
1778 20 14 10306
1784 20 1 11104
1788 20 2 11213
1820 20 23 10611
1824 20 14 11146
1826 20 9 11156
1852 20 14 10318
1866 20 15 11243
1868 20 23 10299
1886 20 5 10687
1888 20 3 10746
1892 20 23 11235
1898 20 3 10590
1904 20 2 10937
1914 20 3 10494
1918 20 19 10824
1928 20 22 10346
1930 20 15 10535
1932 20 19 10632
1940 20 23 10995
1948 20 10 10401
1956 20 15 11027
1970 20 3 10410
1972 20 9 10604
1978 20 22 10670
1980 20 23 10731
2020 20 14 10726
2026 20 23 10743
2044 20 5 10963
2054 20 9 11060
2060 20 9 11180
2062 20 15 11183
2066 20 2 11237
2074 20 10 10485
2076 20 19 10788
2078 20 15 10607
2084 20 10 10809
2108 20 15 10463
2150 20 3 10854
2160 20 3 11010
2180 20 2 10409
2184 20 22 10934
2198 20 5 11095
2202 20 21 10645
2216 20 3 10938
2230 20 15 10403
2244 20 23 10623
2246 20 15 10679
2286 20 21 11053
2288 20 3 11250
2314 20 1 10648
2316 20 23 11103
2332 20 22 10322
2334 20 19 10776
2364 20 22 10286
2370 20 22 10754
2372 20 22 11030
2384 20 22 10766
2392 20 3 10314
2398 20 5 10663
2434 20 14 10462
2436 20 15 11147
2438 20 10 10377
2442 20 3 10950
2444 20 1 10960
2446 20 9 10316
2452 20 22 10994
2454 20 1 11080
2462 20 19 10680
2468 20 3 10518
2484 20 10 10761
2490 20 22 11258
2492 20 1 11260
2494 20 14 10570
2496 20 15 10571
2498 20 23 11031
2502 20 5 10759
2514 20 21 10885
2520 20 10 11013
2572 20 3 10458
2578 20 9 10904
2652 20 3 10530
2660 20 14 10858
2666 20 3 10974
2668 20 2 10397
2676 20 3 10902
2680 20 9 10892
2718 20 19 10524
2748 20 5 10843
2752 20 10 11145
2760 20 23 10527
2764 20 15 10907
2778 20 22 10646
2804 20 14 10438
2806 20 10 10605
2830 20 14 10930
2852 20 5 10567
2856 20 23 10755
2858 20 22 11102
2860 20 2 11057
2874 20 10 10425
2878 20 5 10639
2882 20 23 10851
2884 20 23 11043
2892 20 15 10967
2906 20 9 10664
2914 20 5 10735
2936 20 5 10975
2938 20 9 10976
2966 20 15 11039
2972 20 9 10400
2974 20 9 10460
3012 20 2 10829
3020 20 2 10589
3024 20 21 10753
3072 20 15 10715
3074 20 15 10763
3084 20 10 10533
3086 20 23 10563
3098 20 9 11168
3100 20 15 11219
3104 20 22 10634
3118 20 5 10699
3124 20 19 10320
3132 20 1 10420
3154 20 23 10491
3156 20 1 10576
3158 20 5 10891
3160 20 15 10487
3162 20 21 10489
3164 20 22 10490
3166 20 14 10810
3168 20 2 11117
3170 20 15 11171
3178 20 9 10712
3188 20 5 10747
3190 20 14 11294
3192 20 23 11275
3194 20 23 11335
3196 20 15 11283
3198 20 15 11355
3200 20 19 11284
3206 20 2 11397
3208 20 1 11264
3210 20 3 11446
3212 20 3 11338
3214 20 22 11298
3216 20 23 11299
3218 20 1 11372
3220 20 10 11605
3224 20 2 11445
3226 20 21 11417
3228 20 23 11443
3230 20 22 11982
3232 20 23 11983
3234 20 19 11416
3238 20 1 11456
3248 20 3 11278
3250 20 5 11363
3254 20 23 11539
3256 20 2 11541
3258 20 9 11568
3260 20 9 11580
3262 20 15 11583
3272 20 21 11297
3274 20 2 11301
3276 20 5 11303
3278 20 19 11392
3284 20 19 11464
3286 20 5 11519
3288 20 5 11279
3290 20 1 11528
3292 20 22 11634
3294 20 15 11271
3298 20 23 11323
3304 20 22 11418
3306 20 22 11442
3308 20 10 11641
3310 20 5 11435
3312 20 19 11668
3314 20 15 11619
3316 20 1 11396
3318 20 10 11461
3322 20 23 11755
3324 20 2 11529
3326 20 19 11548
3328 20 5 11339
3334 20 15 11523
3336 20 3 11578
3338 20 3 11590
3344 20 10 11485
3348 20 23 11395
3352 20 19 11476
3356 20 21 11801
3358 20 5 11903
3360 20 19 11740
3362 20 22 11382
3366 20 23 11659
3368 20 1 11348
3370 20 23 11359
3372 20 2 11841
3374 20 3 11314
3378 20 15 11487
3382 20 3 11482
3384 20 5 11483
3386 20 14 11522
3388 20 3 11614
3390 20 23 12091
3392 20 14 12170
3394 20 3 11542
3396 20 9 11676
3398 20 5 11495
3400 20 5 11699
3402 20 23 11863
3404 20 2 12117
3406 20 15 11391
3408 20 14 11834
3412 20 1 11600
3418 20 9 11532
3422 20 21 11573
3424 20 23 11743
3426 20 19 11572
3428 20 1 11864
3430 20 2 11421
3432 20 14 11654
3440 20 15 11823
3442 20 14 11282
3444 20 9 11328
3446 20 2 11385
3450 20 19 11452
3452 20 9 11472
3454 20 1 11504
3464 20 10 11593
3466 20 10 11617
3468 20 9 11628
3470 20 5 11639
3472 20 22 11670
3474 20 22 11802
3478 20 15 11883
3480 20 2 11901
3482 20 1 11912
3484 20 2 11937
3486 20 3 11998
3488 20 21 12005
3490 20 22 12006
3492 20 10 12013
3494 20 2 12045
3496 20 14 12098
3498 20 9 12120
3500 20 14 12134
3502 20 1 12248
3504 20 15 12267
3506 20 9 11748
3508 20 15 11895
3510 20 5 11351
3518 20 10 11761
3520 20 1 11480
3522 20 15 11319
3524 20 10 11269
3526 20 15 11307
3528 20 21 11309
3530 20 14 11690
3532 20 3 11374
3534 20 1 11636
3536 20 10 11905
3540 20 9 11400
3546 20 10 11569
3548 20 2 11577
3556 20 3 11830
3558 20 1 12008
3560 20 22 11766
3572 20 1 11876
3574 20 1 11588
3576 20 14 11954
3578 20 23 11935
3580 20 5 11399
3590 20 22 11826
3594 20 14 11594
3596 20 10 11821
3612 20 15 11403
3614 20 21 12017
3616 20 22 12018
3620 20 19 12016
3628 20 19 11368
3630 20 14 11930
3632 20 19 11788
3636 20 9 11460
3638 20 14 11342
3640 20 3 11530
3642 20 5 12059
3644 20 14 12158
3654 20 19 12028
3656 20 9 11316
3658 20 3 11926
3660 20 1 12032
3662 20 21 11537
3664 20 9 11604
3666 20 2 11661
3668 20 21 11993
3678 20 15 11595
3686 20 3 12046
3688 20 22 11850
3694 20 10 11737
3696 20 9 11796
3698 20 14 11882
3700 20 1 11336
3702 20 5 11615
3704 20 9 11916
3706 20 15 11295
3710 20 1 11468
3722 20 19 11944
3728 20 23 11371
3730 20 21 11909
3742 20 23 11695
3762 20 1 11420
3766 20 15 11499
3768 20 22 11502
3780 20 5 11507
3786 20 23 11647
3790 20 1 11408
3792 20 21 11705
3794 20 5 11711
3796 20 9 11712
3798 20 23 11731
3800 20 22 11742
3812 20 23 11503
3814 20 14 11486
3818 20 23 11707
3820 20 5 12023
3822 20 14 12206
3826 20 1 11708
3830 20 10 12205
3832 20 14 11666
3836 20 5 11687
3842 20 19 12112
3844 20 9 12144
3850 20 1 12092
3852 20 21 11921
3854 20 19 11536
3858 20 21 11621
3860 20 2 11673
3864 20 14 11630
3866 20 3 11410
3868 20 15 11715
3880 20 5 12191
3884 20 22 11958
3886 20 14 11714
3888 20 23 11407
3890 20 23 12271
3894 20 2 11685
3896 20 2 11745
3900 20 14 12026
3912 20 1 11672
3914 20 15 11451
3916 20 22 12610
3918 20 9 12316
3920 20 3 12914
3922 20 23 12359
3924 20 14 12318
3926 20 14 12330
3928 20 3 12338
3930 20 5 12351
3932 20 22 12442
3934 20 14 12474
3944 20 14 15702
3946 20 9 220
3948 20 2 1757
3950 20 15 1367
3952 20 23 2995
3954 20 23 7575
3956 20 1 7936
3978 20 15 10559
3980 20 3 10614
3982 20 14 11206
3984 20 9 10364
3986 20 14 11098
3988 20 19 10572
3990 20 14 10642
3992 20 1 10480
3996 20 19 10728
3998 20 10 11205
4004 20 1 11188
4014 20 22 10994
4022 20 23 10335
4024 20 23 10347
4034 20 19 10500
4036 20 21 10789
4040 20 23 10515
4042 20 19 10620
4044 20 19 10644
4048 20 5 11215
4050 20 10 11253
4058 20 1 10816
4082 20 21 10861
4086 20 9 10496
4090 20 14 10870
4092 20 5 10483
4102 20 22 10526
4104 20 15 10919
4106 20 23 10635
4112 20 3 10734
4118 20 2 10313
4124 20 3 10458
4126 20 9 10904
4128 20 22 10598
4130 20 14 10606
4144 20 2 11249
4146 20 22 10418
4150 20 14 10738
4160 20 14 11062
4164 20 22 10694
4172 20 23 10587
4174 20 21 10945
4176 20 14 10486
4186 20 1 11260
4188 20 9 11144
4192 20 5 10303
4196 20 9 10388
4206 20 2 10637
4210 20 1 10852
4212 20 9 10868
4214 20 22 10910
4220 20 1 11152
4224 20 22 10382
4230 20 21 10669
4234 20 9 11120
4240 20 23 10467
4246 20 23 11199
4252 20 21 10549
4254 20 21 10741
4256 20 14 11254
4258 20 23 10575
4264 20 2 10781
4268 20 1 10768
4270 20 22 10442
4272 20 21 10897
4274 20 15 10943
4276 20 1 10948
4282 20 21 10309
4288 20 15 11183
4290 20 21 10393
4298 20 2 10697
4300 20 2 10913
4304 20 3 10350
4306 20 1 11140
4308 20 21 10297
4310 20 2 10541
4312 20 9 10580
4314 20 15 10439
4316 20 1 10624
4320 20 1 10492
4324 20 3 11058
4328 20 3 10926
4332 20 14 10930
4336 20 9 10796
4338 20 3 11250
4364 20 2 10565
4386 20 1 11032
4390 20 19 10896
4396 20 15 10607
4408 20 19 10632
4416 20 1 10612
4428 20 2 10529
4430 20 10 10497
4432 20 9 10700
4438 20 9 10436
4444 20 10 10641
4450 20 14 10534
4452 20 14 11218
4454 20 5 11227
4456 20 5 10627
4460 20 1 10312
4462 20 10 10341
4464 20 21 10369
4466 20 23 10407
4470 20 5 10723
4472 20 9 10772
4474 20 9 10808
4476 20 19 10884
4478 20 15 11231
4480 20 1 10300
4488 20 23 10527
4492 20 1 11248
4500 20 14 10570
4502 20 22 10778
4504 20 3 11202
4506 20 14 10330
4524 20 9 10688
4528 20 1 10876
4530 20 10 10917
4532 20 10 11013
4534 20 23 11019
4536 20 19 10596
4538 20 22 10766
4572 20 1 10396
4574 20 21 10717
4576 20 1 10720
4578 20 1 11128
4580 20 3 11022
4586 20 9 10652
4588 20 9 11072
4598 20 14 10774
4604 20 2 10721
4628 20 21 11233
4632 20 1 10528
4636 20 1 10828
4646 20 23 10719
4654 20 3 10590
4656 20 14 11074
4662 20 15 11063
4670 20 14 10918
4674 20 15 11075
4690 20 19 10344
4692 20 1 10408
4696 20 3 11226
4706 20 15 10907
4712 20 22 10790
4714 20 1 10912
4720 20 1 10456
4722 20 15 11255
4724 20 19 11256
4740 20 10 12061
4742 20 19 11272
4744 20 19 12052
4752 20 9 12240
4754 20 2 11349
4760 20 5 11951
4762 20 21 11837
4764 20 19 11500
4766 20 3 12238
4768 20 10 11629
4772 20 22 11934
4774 20 1 11996
4776 20 21 11645
4784 20 3 11758
4788 20 21 11609
4790 20 10 11533
4792 20 21 11453
4798 20 14 11762
4802 20 15 11439
4810 20 1 11852
4814 20 19 12004
4816 20 14 11894
4818 20 19 12064
4820 20 1 12200
4824 20 10 12229
4826 20 23 11899
4828 20 2 11709
4830 20 1 11624
4832 20 9 11328
4834 20 19 11872
4836 20 2 12249
4838 20 19 11920
4842 20 19 12100
4846 20 19 11440
4854 20 9 11640
4858 20 15 11703
4860 20 3 11854
4862 20 21 12245
4868 20 3 11938
4882 20 10 11293
4884 20 9 11520
4898 20 5 11975
4902 20 23 11551
4906 20 3 12034
4908 20 3 11818
4914 20 3 11482
4916 20 19 11644
4918 20 1 11660
4920 20 2 11877
4922 20 19 12220
4926 20 5 12131
4930 20 23 11491
4938 20 3 11662
4940 20 2 11865
4944 20 23 12043
4946 20 3 11782
4958 20 3 12154
4964 20 14 11426
4966 20 15 11367
4968 20 5 11939
4970 20 10 11329
4972 20 21 12197
4974 20 22 11490
4976 20 22 11442
4982 20 15 11811
4992 20 14 11462
4994 20 22 11922
4996 20 23 12019
5000 20 5 12155
5002 20 19 12208
5004 20 21 11405
5010 20 10 11437
5012 20 23 11419
5016 20 5 11591
5018 20 22 12126
5020 20 9 11964
5022 20 19 11428
5024 20 3 11506
5034 20 10 12241
5040 20 15 11535
5046 20 2 11361
5052 20 2 11721
5066 20 22 11322
5072 20 9 11616
5074 20 23 11635
5076 20 21 11657
5088 20 1 11792
5096 20 23 11827
5100 20 23 11275
5116 20 2 12021
5118 20 22 11538
5120 20 1 11540
5124 20 22 12066
5126 20 9 11340
5128 20 5 11447
5130 20 19 12028
5144 20 19 12232
5148 20 1 11936
5154 20 1 12236
5156 20 15 11391
5160 20 22 11550
5162 20 3 11314
5164 20 22 12186
5166 20 15 11991
5172 20 15 11607
5174 20 15 11955
5176 20 15 11655
5180 20 1 11864
5184 20 10 12097
5186 20 23 12127
5188 20 23 12163
5190 20 22 12138
5198 20 1 12092
5216 20 21 12101
5220 20 9 11748
5224 20 5 12095
5228 20 1 12128
5232 20 1 11720
5248 20 10 12085
5254 20 15 12183
5258 20 21 12173
5262 20 14 12086
5266 20 23 12151
5268 20 19 12184
5274 20 3 11974
5276 20 5 12071
5280 20 15 12087
5284 20 3 12118
5286 20 1 11888
5288 20 21 11801
5300 20 10 12109
5310 20 14 11270
5320 20 1 12008
5330 20 3 11890
5332 20 15 12123
5334 20 22 11406
5342 20 5 11735
5346 20 19 12172
5354 20 22 11742
5362 20 9 11724
5364 20 19 12076
5386 20 22 11454
5392 20 23 11875
5394 20 23 11923
5410 20 23 11455
5412 20 22 11418
5418 20 14 11822
5420 20 22 11826
5422 20 15 12003
5428 20 10 11929
5430 20 9 13240
5432 20 21 12609
5434 20 21 12897
5436 20 14 12930
5438 20 14 13170
5440 20 21 13089
5442 20 19 12584
5444 20 15 12595
5446 20 15 12667
5448 20 15 12775
5450 20 19 13292
5452 20 15 12511
5454 20 5 13179
5456 20 22 13294
5458 20 1 12732
5460 20 22 13126
5462 20 23 13211
5464 20 9 13180
5466 20 23 13259
5468 20 10 12293
5472 20 9 12304
5476 20 22 13270
5482 20 10 13085
5488 20 15 12715
5490 20 21 12789
5492 20 21 12957
5494 20 15 12643
5496 20 14 13302
5498 20 23 12659
5502 20 22 12574
5504 20 3 12614
5506 20 23 12827
5512 20 19 12668
5514 20 21 12801
5516 20 10 12461
5520 20 5 12951
5522 20 5 12339
5526 20 2 13273
5528 20 10 13121
5532 20 3 12386
5534 20 3 13202
5536 20 5 13239
5538 20 3 13310
5540 20 22 13042
5542 20 21 12669
5544 20 22 12670
5550 20 22 13198
5552 20 9 13276
5556 20 19 13172
5558 20 21 12297
5562 20 14 12402
5564 20 15 12403
5566 20 21 13005
5568 20 10 13253
5572 20 22 13234
5574 20 3 12794
5576 20 14 12882
5578 20 15 12391
5580 20 21 13053
5582 20 23 12455
5584 20 1 12456
5586 20 19 13004
5588 20 19 12488
5590 20 19 12524
5592 20 5 12759
5598 20 9 13132
5602 20 10 12617
5604 20 10 12425
5612 20 3 13130
5616 20 10 12341
5618 20 23 12431
5620 20 9 12460
5622 20 15 12607
5626 20 5 12639
5628 20 1 12792
5636 20 3 12926
5638 20 21 13161
5640 20 21 13305
5642 20 22 13306
5652 20 10 13049
5660 20 5 12423
5662 20 3 13082
5668 20 19 12764
5674 20 21 12333
5676 20 2 13153
5678 20 9 12604
5680 20 15 12331
5684 20 23 12599
5686 20 1 13140
5688 20 2 13117
5690 20 3 13154
5692 20 15 12799
5696 20 21 12381
5700 20 5 12771
5702 20 10 12437
5704 20 15 13159
5706 20 19 12608
5708 20 5 12603
5710 20 9 12856
5712 20 15 12895
5716 20 22 13282
5724 20 2 12661
5726 20 23 12611
5728 20 1 12756
5734 20 22 12538
5738 20 10 12677
5740 20 9 12844
5742 20 2 13141
5748 20 22 12586
5766 20 19 12500
5768 20 15 12427
5772 20 3 12758
5774 20 1 13044
5778 20 22 13138
5784 20 21 12825
5790 20 23 13235
5796 20 15 12583
5798 20 23 12803
5804 20 5 13035
5818 20 22 12466
5820 20 23 12995
5822 20 3 13046
5826 20 2 12481
5830 20 14 12366
5836 20 15 13183
5838 20 19 12512
5840 20 22 12502
5842 20 15 12487
5848 20 23 13079
5850 20 3 13286
5852 20 14 12834
5858 20 1 13164
5866 20 19 13088
5872 20 1 12720
5878 20 15 12619
5884 20 22 12442
5886 20 2 12745
5890 20 23 13067
5894 20 14 12654
5904 20 1 12780
5906 20 22 13102
5912 20 23 13307
5920 20 19 12344
5922 20 15 12847
5934 20 9 12412
5938 20 14 12534
5940 20 2 12529
5942 20 14 12714
5954 20 10 12485
5960 20 21 13185
5966 20 19 12368
5970 20 1 12924
5972 20 22 12418
5978 20 5 13275
5980 20 3 12914
5984 20 22 12298
5988 20 5 12819
5994 20 9 12736
6000 20 3 12842
6002 20 3 12338
6012 20 5 12795
6014 20 15 13303
6018 20 5 13203
6050 20 10 13205
6052 20 15 12655
6060 20 22 12622
6066 20 9 12616
6076 20 19 12452
6082 20 22 12730
6090 20 21 13293
6096 20 14 12474
6098 20 22 12838
6110 20 3 12566
6114 20 19 12848
6118 20 23 13695
6120 20 23 13827
6122 20 15 14159
6124 20 23 13359
6126 20 1 13936
6130 20 5 14275
6132 20 3 13314
6134 20 23 13875
6136 20 5 13435
6140 20 21 13645
6144 20 10 13569
6146 20 14 14086
6148 20 15 13943
6150 20 21 13333
6152 20 19 14328
6154 20 14 14278
6158 20 9 13556
6160 20 1 14248
6162 20 2 13757
6164 20 22 14234
6166 20 2 13889
6174 20 2 13517
6176 20 19 13416
6178 20 10 13449
6180 20 19 13968
6182 20 15 13991
6184 20 22 14114
6190 20 23 13731
6192 20 14 14062
6194 20 15 14207
6196 20 2 13841
6200 20 3 13566
6202 20 15 13487
6206 20 21 13369
6208 20 21 13393
6210 20 15 13763
6212 20 22 14102
6220 20 9 13496
6222 20 3 13914
6224 20 15 14255
6226 20 5 14251
6228 20 23 13659
6230 20 19 14004
6234 20 9 14276
6236 20 9 13364
6238 20 10 13965
6242 20 10 13329
6244 20 2 13529
6248 20 2 13433
6250 20 9 13880
6252 20 21 13981
6254 20 3 13434
6256 20 5 14335
6258 20 5 14011
6264 20 15 13859
6266 20 9 14288
6268 20 2 13805
6270 20 21 14233
6272 20 2 13457
6274 20 23 13563
6280 20 9 13352
6284 20 1 13564
6286 20 19 13884
6290 20 19 14076
6292 20 15 14087
6296 20 15 13847
6298 20 19 13872
6300 20 10 13365
6304 20 9 14036
6310 20 2 14333
6312 20 10 14145
6314 20 3 14322
6328 20 15 14327
6332 20 19 13452
6340 20 1 13960
6346 20 1 14176
6348 20 21 13837
6354 20 1 13372
6356 20 5 13723
6358 20 22 13970
6368 20 21 13561
6372 20 10 13665
6376 20 19 14088
6380 20 22 13478
6382 20 3 13734
6384 20 21 13753
6386 20 9 13760
6388 20 3 13890
6390 20 1 13900
6392 20 23 13947
6394 20 1 14128
6398 20 23 14295
6402 20 22 13598
6404 20 10 13821
6418 20 1 13912
6420 20 14 14038
6426 20 15 14135
6432 20 1 14188
6434 20 5 13351
6436 20 9 13832
6438 20 3 14190
6442 20 15 13331
6444 20 5 13447
6446 20 2 13349
6448 20 23 14151
6450 20 3 13686
6452 20 22 14078
6454 20 5 14071
6456 20 10 14325
6458 20 19 13896
6460 20 22 13718
6462 20 15 13703
6474 20 23 13719
6484 20 1 13348
6500 20 9 14048
6512 20 14 13726
6514 20 23 13791
6518 20 3 13650
6522 20 3 13998
6532 20 9 13628
6540 20 21 13549
6542 20 3 14310
6546 20 23 14019
6552 20 3 13950
6562 20 14 13906
6564 20 9 13544
6566 20 3 13422
6570 20 22 14330
6572 20 22 13466
6574 20 22 14246
6576 20 21 13813
6588 20 3 13578
6604 20 1 14236
6624 20 21 14077
6626 20 21 14137
6628 20 9 14072
6634 20 10 14301
6640 20 14 13834
6642 20 3 14082
6646 20 23 13467
6648 20 9 13700
6650 20 9 13712
6652 20 10 14157
6654 20 9 13664
6656 20 9 14216
6666 20 10 13869
6668 20 2 14189
6670 20 21 13501
6672 20 15 13979
6680 20 2 13601
6682 20 5 14179
6686 20 2 14297
6706 20 3 13494
6708 20 15 13931
6724 20 1 13744
6726 20 1 14152
6732 20 19 13740
6750 20 10 13725
6752 20 19 14220
6782 20 14 14242
6786 20 19 13500
6792 20 19 13644
6804 20 21 14161
6810 20 10 13521
6814 20 5 13375
6816 20 22 13742
6826 20 21 13969
6830 20 14 13594
6832 20 10 13737
6834 20 14 14014
6836 20 2 13409
6842 20 1 13684
6850 20 15 13355
6852 20 3 13758
6862 20 5 13987
6864 20 22 14258
6880 20 21 13537
6884 20 9 13460
6886 20 22 13610
6888 20 19 13920
6896 20 9 14724
6898 20 9 15156
6900 20 22 15270
6904 20 10 15313
6906 20 10 14365
6908 20 3 15010
6910 20 10 14809
6912 20 3 14350
6914 20 2 14505
6916 20 14 14930
6918 20 21 15113
6920 20 15 14643
6922 20 15 14487
6924 20 22 14922
6926 20 23 15055
6930 20 2 14589
6932 20 15 14523
6936 20 22 15066
6938 20 2 14625
6940 20 10 15277
6946 20 21 14405
6950 20 2 15357
6954 20 2 15345
6956 20 1 14504
6960 20 19 14908
6970 20 14 14510
6976 20 9 15180
6978 20 1 15236
6980 20 19 15256
6982 20 22 15138
6986 20 5 15227
7002 20 2 14913
7010 20 3 15202
7016 20 1 14588
7026 20 10 14701
7028 20 22 14886
7030 20 1 14660
7034 20 23 15271
7036 20 15 14367
7040 20 1 15068
7042 20 23 15259
7048 20 5 14399
7054 20 10 15241
7060 20 23 14347
7062 20 1 14468
7064 20 10 14797
7066 20 9 15252
7068 20 2 14757
7070 20 10 15001
7072 20 19 14872
7074 20 10 14425
7078 20 23 15091
7082 20 22 14634
7084 20 23 15175
7086 20 1 15176
7088 20 9 15204
7090 20 10 15265
7092 20 23 14983
7094 20 21 14417
7096 20 10 14569
7098 20 3 14854
7102 20 15 15195
7104 20 1 14984
7114 20 21 14777
7120 20 15 15087
7122 20 14 14426
7124 20 5 14711
7126 20 2 14565
7140 20 3 14698
7150 20 2 14373
7160 20 14 14954
7164 20 3 14650
7166 20 10 14665
7168 20 23 15295
7170 20 23 14779
7178 20 22 14958
7180 20 1 15008
7184 20 9 14688
7188 20 3 14626
7192 20 21 14753
7194 20 22 14754
7196 20 2 14829
7202 20 19 15172
7208 20 15 15039
7228 20 14 14906
7230 20 14 15122
7236 20 19 14836
7252 20 10 14773
7256 20 10 14581
7258 20 1 15152
7262 20 15 15063
7264 20 23 14587
7266 20 1 14852
7270 20 9 15120
7274 20 14 14570
7276 20 23 14623
7280 20 1 14564
7282 20 21 14429
7288 20 9 14940
7302 20 2 14457
7306 20 21 14441
7308 20 2 14433
7318 20 9 15060
7320 20 9 14964
7324 20 10 14941
7328 20 21 14501
7348 20 9 15312
7354 20 9 14484
7356 20 19 15328
7358 20 2 14409
7372 20 15 15267
7376 20 5 15191
7382 20 14 14486
7386 20 22 14670
7390 20 21 14993
7408 20 1 14480
7426 20 19 14764
7430 20 5 14651
7434 20 1 14864
7438 20 1 15332
7440 20 10 14617
7448 20 21 14453
7456 20 3 14962
7460 20 15 14811
7462 20 2 14721
7464 20 22 14982
7466 20 15 15183
7468 20 23 15331
7470 20 19 15184
7472 20 21 15281
7476 20 3 14362
7486 20 3 14494
7488 20 22 15282
7492 20 22 14526
7494 20 22 14706
7506 20 2 14613
7508 20 2 15273
7514 20 22 14694
7528 20 19 15196
7534 20 19 14380
7544 20 15 15255
7556 20 19 14956
7558 20 19 15268
7564 20 1 14792
7566 20 2 14793
7574 20 15 14343
7576 20 2 14841
7582 20 3 14530
7588 20 14 14342
7590 20 10 15109
7604 20 22 15234
7606 20 23 15235
7620 20 5 14435
7626 20 14 14402
7630 20 21 14669
7634 20 5 15287
7668 20 2 15309
7692 20 5 14879
7694 20 14 15350
7696 20 10 15229
7698 20 3 15298
7702 20 23 15187
7704 20 22 14682
7720 20 23 14503
7766 20 1 14732
7768 20 19 14968
7770 20 2 14805
7774 20 22 15174
7776 20 5 14627
7780 20 19 14932
7790 20 15 14991
7792 20 15 15231
7818 20 3 14338
7822 20 19 15016
7824 20 5 15083
7838 20 5 15275
7842 20 1 14768
7844 20 21 14813
7848 20 1 15516
7850 20 5 15543
7852 20 21 15561
7854 20 5 15603
7856 20 23 15755
7858 20 2 15793
7860 20 14 15846
7862 20 9 15784
7864 20 19 16280
7866 20 15 16279
7868 20 19 16376
7870 20 10 16289
7872 20 2 15457
7874 20 19 16112
7878 20 23 16139
7880 20 21 16257
7882 20 22 16378
7884 20 19 16088
7886 20 14 16362
7888 20 10 16181
7890 20 14 16074
7892 20 5 16011
7896 20 9 15400
7898 20 5 15831
7900 20 21 15909
7902 20 3 15854
7904 20 3 15494
7906 20 1 15960
7908 20 19 16340
7910 20 15 15439
7912 20 22 15970
7914 20 23 15851
7916 20 15 16291
7918 20 2 15409
7922 20 19 16064
7924 20 3 16166
7926 20 19 16328
7928 20 3 15518
7932 20 19 15644
7934 20 9 15736
7940 20 19 15848
7942 20 10 15905
7944 20 14 15930
7948 20 14 16146
7950 20 5 16215
7952 20 21 16221
7956 20 10 16313
7960 20 5 15411
7966 20 1 15912
7970 20 9 16012
7972 20 10 16145
7978 20 9 15472
7984 20 1 16380
7986 20 2 16093
7990 20 10 15701
7992 20 21 16329
7994 20 2 15853
7996 20 1 15636
7998 20 5 15567
8000 20 9 15868
8002 20 14 15870
8004 20 2 15925
8006 20 3 15938
8008 20 15 15943
8010 20 10 16253
8012 20 14 15702
8014 20 22 16354
8018 20 15 15595
8020 20 5 16131
8024 20 3 16142
8026 20 22 15454
8028 20 10 15569
8034 20 2 15841
8038 20 1 15600
8040 20 3 15554
8042 20 23 16007
8044 20 5 15399
8046 20 21 15849
8048 20 23 16331
8054 20 14 15810
8056 20 19 16184
8060 20 14 16050
8064 20 15 15679
8066 20 21 16053
8070 20 15 15715
8072 20 14 15630
8076 20 1 16044
8080 20 2 16381
8084 20 23 16247
8088 20 2 15637
8090 20 14 16002
8094 20 9 15724
8096 20 2 16033
8098 20 21 15981
8100 20 3 16214
8104 20 21 15813
8106 20 5 15615
8112 20 2 16165
8114 20 21 15429
8116 20 21 16245
8118 20 2 15913
8122 20 21 15789
8124 20 3 15686
8126 20 3 16262
8130 20 2 16369
8132 20 5 16371
8134 20 23 15971
8136 20 10 16049
8138 20 15 15655
8144 20 5 16071
8148 20 5 16167
8150 20 1 15504
8160 20 23 15431
8162 20 2 15997
8174 20 22 15382
8180 20 10 15533
8182 20 1 15852
8188 20 14 15978
8206 20 19 16172
8208 20 3 16178
8212 20 9 15928
8222 20 19 15404
8226 20 15 15967
8228 20 19 16004
8232 20 3 15458
8234 20 9 15556
8250 20 2 15673
8252 20 23 15719
8254 20 19 15920
8258 20 5 16359
8260 20 19 16244
8262 20 5 15495
8264 20 9 16120
8266 20 22 15406
8272 20 5 15519
8284 20 23 15743
8290 20 3 15830
8294 20 10 15881
8296 20 21 15885
8298 20 22 15886
8300 20 14 15906
8312 20 14 16134
8314 20 5 16143
8318 20 3 16202
8324 20 3 16334
8350 20 3 15950
8362 20 23 15923
8364 20 19 15896
8366 20 19 15932
8370 20 2 15805
8374 20 15 15955
8378 20 15 16135
8380 20 15 16243
8386 20 9 16156
8398 20 1 15888
8400 20 10 15917
8420 20 1 16248
8422 20 23 16355
8428 20 2 15541
8434 20 9 15532
8436 20 9 15580
8444 20 9 15652
8450 20 22 15910
8454 20 10 16169
8456 20 1 16176
8458 20 10 16217
8460 20 2 15625
8462 20 22 16138
8490 20 3 15362
8492 20 19 16268
8494 20 1 16272
8496 20 10 16025
8498 20 3 16298
8502 20 22 15982
8504 20 5 15435
8508 20 3 16094
8510 20 23 15875
8536 20 10 16241
8540 20 14 15882
8542 20 5 16119
8546 20 5 15363
8564 20 15 15487
8568 20 15 16147
8570 20 10 15737
8576 20 1 15900
8578 20 10 15677
8588 20 1 15684
8590 20 21 16137
8606 20 19 15800
8610 20 10 16349
8612 20 14 16350
8620 20 22 15682
8622 20 3 15734
8626 20 14 15786
8628 20 23 15911
8632 20 9 16252
8636 20 19 15368
8648 20 1 15576
8650 20 15 15919
8654 20 1 16056
8670 20 15 15631
8686 20 1 15768
8708 20 2 15829
8732 20 22 16210
8734 20 23 15899
8736 20 9 16240
8752 20 10 16193
8764 20 21 15441
8766 20 2 15589
8768 20 10 15509
8770 20 22 15586
8776 20 15 15847
8794 20 10 15941
8796 20 21 15957
8798 20 14 15582
8810 20 1 15360
8812 20 22 16054
8814 20 14 15642
8834 20 14 16194
8838 20 2 15445
8842 20 19 15776
8844 20 2 15781
8846 20 22 15826
8850 20 15 15403
8852 20 1 16116
8864 20 19 15512
8872 20 14 15594
8882 20 15 16267
8886 20 3 16226
8888 20 19 15884
8892 20 23 16235
8940 20 21 16209
8946 20 9 15676
8964 20 19 15560
8966 20 9 16144
8978 20 3 15842
8992 20 19 15728
8996 20 5 16251
9030 20 22 15430
9042 20 19 15680
9046 20 23 15575
9048 20 1 15840
9050 20 5 15843
9084 20 9 15772
9086 20 10 15773
9100 20 10 15425
9120 20 21 15693
9160 20 1 16032
9182 20 23 15635
9188 20 14 15546
9190 20 21 15969
9200 20 15 15823
9202 20 19 15824
9210 20 3 15698
9230 20 19 15392
9232 20 22 16042
9250 20 15 16363
9254 20 5 15699
9256 20 14 16714
9258 20 9 16520
9260 20 5 16531
9262 20 14 16726
9264 20 22 16790
9266 20 22 16838
9268 20 23 16863
9270 20 15 16907
9272 20 5 16963
9274 20 2 17117
9276 20 23 17211
9278 20 2 17225
9280 20 21 17389
9282 20 5 16927
9292 20 3 16986
9296 20 14 16510
9298 20 1 16744
9300 20 23 17067
9302 20 9 17228
9304 20 1 16456
9306 20 21 16801
9308 20 21 17329
9310 20 2 16625
9316 20 3 17118
9320 20 21 16633
9322 20 5 17359
9324 20 14 16870
9328 20 15 16679
9332 20 10 16821
9334 20 5 17239
9338 20 3 17358
9348 20 2 17009
9350 20 14 16678
9352 20 1 16672
9354 20 10 16485
9356 20 19 17208
9362 20 1 16648
9366 20 15 16475
9370 20 22 16550
9378 20 21 16837
9386 20 2 16961
9390 20 22 16994
9392 20 21 17041
9394 20 10 17181
9396 20 23 17271
9400 20 9 17396
9402 20 15 16619
9404 20 9 16532
9408 20 14 16882
9410 20 14 16930
9412 20 10 17397
9422 20 1 16444
9426 20 23 17163
9428 20 2 17297
9432 20 23 16887
9434 20 14 17038
9440 20 3 16386
9442 20 23 16851
9444 20 2 16925
9448 20 1 16612
9450 20 23 16995
9452 20 22 17018
9454 20 2 17129
9456 20 10 16545
9458 20 15 17159
9460 20 21 16825
9466 20 19 16680
9472 20 22 16922
9474 20 19 17232
9482 20 5 16759
9486 20 5 16387
9488 20 5 17383
9494 20 23 16743
9498 20 10 17145
9500 20 15 16787
9504 20 9 16976
9506 20 5 17287
9508 20 1 16576
9510 20 5 17371
9512 20 23 16815
9516 20 10 16845
9522 20 9 17300
9526 20 14 16738
9530 20 23 16671
9534 20 14 17398
9552 20 5 17203
9564 20 15 17195
9566 20 10 16713
9568 20 2 16805
9576 20 5 17323
9578 20 21 17365
9580 20 9 16940
9584 20 23 16707
9586 20 21 16717
9590 20 15 17099
9592 20 15 16991
9594 20 21 16813
9596 20 21 16525
9606 20 5 16435
9608 20 10 16569
9612 20 19 16584
9614 20 15 17279
9616 20 23 17031
9618 20 9 16568
9620 20 1 16636
9622 20 3 16662
9624 20 23 17175
9626 20 3 17190
9628 20 19 17268
9632 20 23 16899
9634 20 1 16924
9642 20 21 16873
9648 20 10 17229
9652 20 9 16472
9662 20 21 16681
9664 20 3 17142
9668 20 15 16439
9670 20 10 16449
9672 20 1 17080
9678 20 1 17308
9696 20 9 17204
9724 20 23 16791
9726 20 3 16494
9728 20 3 17202
9732 20 21 16441
9736 20 19 16488
9748 20 3 16530
9758 20 3 17034
9760 20 22 17126
9772 20 23 17055
9774 20 19 16560
9776 20 2 16613
9778 20 22 16718
9782 20 10 16797
9790 20 10 17097
9800 20 5 16747
9812 20 22 16694
9834 20 22 17090
9838 20 15 17375
9842 20 3 17298
9848 20 14 16990
9850 20 14 17338
9852 20 3 16698
9854 20 5 16699
9860 20 15 16883
9862 20 3 16902
9864 20 21 16921
9866 20 19 17052
9868 20 9 17168
9870 20 21 17305
9886 20 14 17134
9890 20 5 16711
9892 20 10 16833
9896 20 2 17105
9898 20 14 17158
9944 20 15 16871
9946 20 23 16875
9948 20 15 16655
9950 20 23 16779
9970 20 10 17265
9982 20 3 16650
9984 20 5 17071
9986 20 2 16937
9996 20 23 16695
10010 20 15 16919
10014 20 21 16429
10020 20 2 16697
10026 20 19 17088
10046 20 22 16598
10050 20 15 16859
10052 20 2 16409
10054 20 15 16535
10060 20 3 17322
10062 20 2 17345
10064 20 22 16646
10070 20 10 16989
10074 20 9 16616
10090 20 22 17030
10094 20 2 16385
10118 20 9 17324
10120 20 23 17223
10124 20 10 16557
10128 20 23 16971
10132 20 3 17286
10158 20 23 17355
10162 20 21 16513
10166 20 9 17084
10178 20 3 16926
10190 20 19 17016
10194 20 14 16690
10202 20 9 16760
10212 20 5 17335
10228 20 14 17074
10230 20 1 17092
10250 20 1 17008
10260 20 14 16570
10262 20 2 16853
10264 20 5 16951
10274 20 1 16900
10276 20 1 16996
10294 20 3 17226
10302 20 23 17283
10308 20 19 16632
10316 20 22 17042
10322 20 15 17327
10340 20 14 16774
10342 20 1 16420
10352 20 10 16533
10356 20 15 16751
10378 20 3 16710
10424 20 21 17341
10434 20 14 16810
10438 20 15 16559
10450 20 2 17237
10452 20 1 17320
10474 20 15 17291
10480 20 21 16945
10494 20 1 17224
10520 20 2 17273
10530 20 10 16965
10546 20 23 17151
10564 20 5 16819
10584 20 19 16620
10592 20 19 17112
10610 20 9 16808
10612 20 5 17347
10614 20 19 16908
10654 20 10 16497
10660 20 2 16577
10662 20 1 16696
10678 20 3 16458
10682 20 19 16884
10688 20 1 17380
10708 20 2 17369
10710 20 9 16868
10714 20 5 17143
10726 20 19 16992
10748 20 23 16767
10806 20 23 16827
10838 20 2 16745
10842 20 15 17135
10844 20 21 17149
10846 20 21 17077
10850 20 21 17113
10872 20 2 16985
10892 20 15 16943
10894 20 3 16950
10906 20 14 16966
10910 20 3 17178
10926 20 10 16461
10964 20 15 17231
10966 20 21 17353
10968 20 15 16691
10970 20 3 16818
11010 20 23 16647
11020 20 1 17056
11022 20 9 17060
11040 20 5 16423
11042 20 19 16980
11058 20 21 16405
11060 20 9 16436
11062 20 23 16539
11076 20 14 17158
11078 20 10 17473
11080 20 22 17550
11082 20 10 17569
11084 20 22 17658
11086 20 22 17814
11088 20 2 17829
11090 20 9 18096
11092 20 5 18299
11094 20 23 17503
11098 20 3 17638
11100 20 15 17847
11102 20 15 18219
11104 20 2 18021
11106 20 10 17941
11108 20 15 17607
11110 20 19 17920
11114 20 9 17892
11116 20 14 18218
11118 20 10 17593
11120 20 5 18227
11122 20 19 17632
11124 20 5 17687
11126 20 19 17776
11128 20 21 17921
11130 20 9 18060
11134 20 3 17974
11138 20 15 17775
11140 20 9 18024
11142 20 15 18399
11144 20 21 18269
11146 20 15 18183
11152 20 1 17852
11156 20 2 17577
11158 20 22 17754
11160 20 23 17755
11162 20 10 17797
11164 20 10 17677
11170 20 19 18088
11174 20 3 17578
11178 20 5 18047
11180 20 15 17547
11182 20 5 17843
11186 20 19 17596
11188 20 19 17644
11190 20 10 17701
11192 20 19 17836
11194 20 15 18267
11196 20 21 18317
11198 20 5 17975
11200 20 3 17590
11202 20 5 17603
11204 20 23 17707
11208 20 9 17820
11210 20 19 18244
11212 20 9 17436
11214 20 9 17544
11224 20 22 17766
11232 20 3 18058
11236 20 2 18069
11238 20 5 18155
11240 20 22 18162
11242 20 3 17962
11244 20 23 18091
11246 20 1 18092
11248 20 10 18385
11250 20 23 18151
11252 20 23 17467
11262 20 23 17731
11268 20 2 18333
11270 20 15 17871
11272 20 21 18125
11274 20 19 18400
11276 20 15 17559
11278 20 23 17563
11280 20 21 17729
11282 20 9 17844
11284 20 22 18186
11288 20 3 18130
11310 20 19 18112
11312 20 21 18209
11314 20 9 17520
11316 20 5 18275
11318 20 3 18298
11320 20 10 18361
11328 20 23 18415
11330 20 9 17580
11334 20 5 17699
11336 20 23 18139
11338 20 3 17770
11342 20 14 17690
11346 20 2 17697
11348 20 14 18122
11358 20 5 17639
11360 20 15 17763
11362 20 5 18083
11364 20 3 18010
11368 20 14 17786
11370 20 1 17444
11372 20 23 17455
11376 20 10 18133
11378 20 19 17452
11380 20 21 17537
11382 20 22 17862
11384 20 23 17887
11388 20 3 17986
11390 20 22 18138
11392 20 3 18226
11396 20 15 17571
11410 20 5 17927
11412 20 9 18108
11414 20 1 18128
11418 20 2 17985
11434 20 21 18089
11436 20 10 17437
11440 20 1 17792
11442 20 10 18121
11446 20 5 18251
11450 20 22 17466
11458 20 5 17855
11460 20 9 17916
11464 20 21 18077
11466 20 21 18113
11468 20 9 18132
11472 20 9 18252
11474 20 19 18268
11476 20 9 18288
11478 20 9 18384
11480 20 5 18419
11488 20 22 17574
11490 20 3 17746
11496 20 3 18346
11498 20 21 17597
11500 20 9 17868
11504 20 9 17976
11506 20 1 17516
11520 20 10 18025
11522 20 21 17573
11524 20 19 17608
11526 20 3 17926
11528 20 21 17993
11530 20 23 17635
11532 20 14 17702
11534 20 23 17779
11536 20 14 17834
11542 20 10 17557
11544 20 15 18279
11554 20 10 18037
11570 20 15 17811
11572 20 10 18001
11586 20 3 17890
11588 20 2 18345
11592 20 1 18344
11608 20 15 17439
11616 20 14 18410
11624 20 23 17659
11638 20 14 17558
11644 20 21 17981
11646 20 5 18011
11648 20 5 18059
11650 20 1 18164
11658 20 21 17417
11662 20 19 18340
11676 20 5 18407
11694 20 9 17700
11696 20 3 17854
11702 20 23 17599
11704 20 9 17796
11706 20 15 17823
11714 20 15 17667
11746 20 9 17928
11750 20 1 18044
11752 20 10 17521
11754 20 19 17536
11756 20 5 17723
11758 20 23 17827
11760 20 5 17963
11762 20 1 18296
11768 20 22 17586
11774 20 23 18343
11782 20 15 18159
11786 20 14 17930
11788 20 3 17626
11798 20 3 17878
11800 20 5 17951
11814 20 3 17530
11816 20 21 17489
11838 20 5 17591
11840 20 2 18165
11864 20 15 18099
11880 20 22 18282
11884 20 9 17496
11886 20 2 18033
11888 20 21 18005
11894 20 2 18297
11896 20 22 18390
11914 20 2 17661
11918 20 3 17938
11942 20 5 18287
11944 20 9 18336
11950 20 21 17813
11964 20 14 17414
11980 20 2 17805
11984 20 22 17694
11986 20 10 17905
11992 20 3 18286
12014 20 19 17728
12018 20 19 17956
12024 20 14 17450
12030 20 5 17783
12036 20 3 18250
12040 20 22 18114
12064 20 22 18174
12076 20 19 17524
12084 20 5 17747
12086 20 2 18081
12088 20 14 18302
12098 20 5 18023
12102 20 22 18066
12106 20 19 18208
12108 20 1 18260
12112 20 23 18223
12140 20 22 18102
12172 20 2 17541
12184 20 22 17646
12186 20 14 17678
12188 20 2 17553
12194 20 9 18216
12198 20 19 18016
12216 20 1 17768
12240 20 19 17440
12244 20 1 18116
12248 20 14 18098
12250 20 15 17499
12258 20 10 18049
12270 20 10 17629
12272 20 19 17788
12282 20 14 18182
12284 20 19 17560
12286 20 22 17994
12302 20 19 18028
12304 20 14 18218
12314 20 21 17465
12324 20 21 17669
12326 20 21 17621
12338 20 15 18315
12342 20 21 17693
12346 20 22 18078
12368 20 19 18148
12396 20 14 18398
12398 20 15 18255
12402 20 1 18332
12406 20 22 18018
12426 20 2 18201
12428 20 21 17645
12444 20 19 18376
12458 20 2 17481
12460 20 3 17698
12466 20 14 18170
12472 20 1 17864
12474 20 22 18354
12476 20 5 17411
12502 20 19 18424
12504 20 5 18347
12516 20 2 18417
12548 20 22 17418
12584 20 23 18355
12586 20 10 17965
12640 20 22 18294
12642 20 22 18210
12682 20 9 17736
12686 20 10 17821
12692 20 5 17795
12696 20 19 17944
12704 20 21 17549
12708 20 1 17888
12710 20 9 18144
12712 20 21 18413
12716 20 14 18290
12718 20 15 18411
12730 20 23 17419
12736 20 22 18246
12740 20 23 17947
12746 20 21 17861
12752 20 23 18163
12754 20 15 18003
12772 20 2 17853
12784 20 14 18194
12800 20 23 17863
12822 20 21 17969
12830 20 1 17840
12832 20 3 18418
12872 20 10 18337
12926 20 9 17676
12928 20 2 17709
12932 20 1 17552
12968 20 15 17907
12970 20 2 17961
12986 20 15 17859
13000 20 3 18430
13032 20 14 17474
13034 20 3 17494
13036 20 21 17849
13046 20 5 17435
13054 20 1 18200
13080 20 23 17575
13082 20 14 17630
13084 20 1 17804
13100 20 15 18075
13104 20 3 17842
13106 20 1 18236
13118 20 21 18365
13120 20 22 17682
13132 20 2 17937
13134 20 21 17945
13144 20 15 18475
13146 20 5 18675
13148 20 14 18702
13150 20 2 18733
13152 20 23 18923
13154 20 2 19153
13156 20 5 19155
13158 20 1 19392
13160 20 19 19400
13162 20 1 18876
13164 20 2 19357
13166 20 14 18978
13168 20 15 18823
13170 20 3 19358
13174 20 9 18532
13176 20 23 19295
13178 20 2 18433
13180 20 5 18987
13182 20 10 19277
13186 20 19 18680
13188 20 3 18866
13190 20 21 19113
13196 20 19 19280
13198 20 14 18894
13200 20 5 18543
13202 20 19 19424
13204 20 21 19425
13206 20 22 19246
13208 20 21 18897
13210 20 5 19215
13212 20 15 18931
13214 20 15 19075
13216 20 1 19428
13218 20 21 19353
13222 20 3 18626
13230 20 9 18544
13234 20 22 18694
13236 20 9 18832
13238 20 21 19449
13240 20 14 18714
13242 20 15 18523
13244 20 3 19082
13246 20 9 19144
13250 20 21 19221
13252 20 2 19297
13254 20 15 18583
13256 20 3 18818
13258 20 2 19045
13260 20 10 19349
13264 20 15 18535
13266 20 2 18625
13270 20 14 18786
13274 20 15 18979
13280 20 15 19339
13282 20 14 19350
13284 20 21 19389
13288 20 9 18748
13290 20 5 18603
13296 20 5 18483
13302 20 19 18824
13304 20 14 19062
13306 20 5 19119
13310 20 5 19227
13312 20 10 19397
13316 20 14 19242
13318 20 23 18743
13320 20 14 19338
13322 20 23 18695
13324 20 21 18801
13326 20 14 19254
13328 20 5 19335
13330 20 5 19347
13334 20 23 19415
13344 20 19 19112
13346 20 22 19138
13348 20 22 19390
13350 20 14 19422
13352 20 22 18754
13354 20 2 18853
13356 20 23 19403
13358 20 5 18879
13360 20 19 18728
13362 20 19 19088
13368 20 15 19135
13370 20 22 19450
13378 20 3 19058
13386 20 21 18645
13388 20 22 19126
13390 20 3 19142
13392 20 22 18778
13400 20 14 19014
13402 20 9 19408
13408 20 9 19192
13420 20 2 18649
13422 20 14 18750
13424 20 15 19015
13426 20 22 19234
13434 20 22 19366
13438 20 2 18565
13440 20 10 18461
13442 20 5 18615
13450 20 5 18843
13456 20 19 18872
13460 20 3 18638
13466 20 14 19026
13470 20 22 18706
13472 20 1 19056
13480 20 2 18793
13484 20 2 18529
13486 20 21 19149
13490 20 19 18896
13494 20 1 19260
13496 20 15 19267
13498 20 21 19413
13502 20 9 19156
13504 20 15 19255
13506 20 15 18559
13510 20 23 18851
13512 20 10 19001
13516 20 5 18795
13518 20 14 18882
13520 20 1 18792
13524 20 22 18646
13534 20 3 18734
13538 20 3 19010
13544 20 14 19074
13552 20 19 18632
13554 20 5 18435
13556 20 3 19454
13562 20 14 18558
13564 20 23 18767
13566 20 19 19364
13568 20 14 18450
13572 20 21 19041
13580 20 14 19374
13582 20 23 19391
13596 20 23 19091
13598 20 5 19095
13602 20 10 18533
13604 20 19 18884
13608 20 9 18616
13612 20 3 18662
13614 20 2 18961
13616 20 2 18589
13632 20 23 18755
13636 20 1 18888
13638 20 3 18962
13640 20 23 19187
13644 20 2 18457
13662 20 10 19337
13668 20 23 18443
13670 20 2 18505
13672 20 23 18551
13674 20 2 18697
13676 20 10 18761
13678 20 9 19240
13680 20 19 19328
13686 20 14 19002
13688 20 22 19210
13690 20 10 19301
13692 20 23 18587
13698 20 2 19213
13706 20 14 18498
13712 20 22 19090
13714 20 21 19257
13722 20 21 18777
13724 20 21 18489
13728 20 9 18676
13730 20 14 18762
13734 20 5 18915
13738 20 22 18742
13740 20 1 18636
13750 20 15 18811
13754 20 10 18857
13758 20 5 19263
13760 20 23 19367
13768 20 3 19046
13774 20 21 19245
13782 20 10 18593
13784 20 1 18588
13796 20 10 19097
13798 20 22 19342
13812 20 5 18951
13814 20 22 19006
13816 20 23 19043
13822 20 19 19232
13838 20 21 19137
13842 20 23 18515
13852 20 23 18803
13876 20 9 18472
13882 20 19 18524
13884 20 1 18540
13906 20 15 19063
13908 20 9 18592
13910 20 2 18721
13914 20 22 18682
13930 20 3 18806
13936 20 5 18591
13938 20 2 18769
13944 20 1 18924
13954 20 1 18612
13964 20 15 18751
13966 20 14 19134
13968 20 14 19278
13970 20 15 18607
13972 20 22 18442
13974 20 14 18570
13976 20 15 19051
13980 20 5 19299
13982 20 14 18678
13992 20 23 19343
14000 20 19 18548
14008 20 23 19439
14010 20 3 18506
14018 20 9 18916
14020 20 5 18963
14026 20 3 18578
14028 20 14 18642
14032 20 19 18812
14036 20 1 19176
14040 20 22 19066
14054 20 21 19317
14078 20 5 18663
14080 20 14 18618
14100 20 14 18930
14108 20 3 19262
14110 20 22 18466
14112 20 15 18799
14114 20 23 18815
14124 20 9 18568
14176 20 2 19201
14188 20 14 18522
14194 20 2 19237
14206 20 2 19429
14220 20 14 18546
14222 20 10 19361
14238 20 19 19388
14242 20 14 19206
14260 20 21 18993
14286 20 10 19061
14288 20 3 18614
14294 20 19 19100
14296 20 2 19261
14298 20 5 19443
14302 20 23 18791
14304 20 23 18899
14308 20 23 18659
14312 20 1 19452
14316 20 15 19231
14318 20 1 18672
14320 20 19 19076
14326 20 1 19188
14330 20 23 18599
14334 20 21 18885
14340 20 23 18635
14354 20 1 18936
14356 20 23 19031
14364 20 5 18747
14370 20 19 18908
14372 20 10 18557
14384 20 19 19244
14398 20 5 18459
14406 20 15 18511
14420 20 22 18898
14426 20 21 19341
14434 20 5 19455
14438 20 19 19256
14444 20 9 18736
14446 20 14 18474
14464 20 9 19084
14484 20 19 19304
14494 20 10 19109
14530 20 23 19271
14540 20 3 19094
14580 20 10 18785
14590 20 1 18432
14592 20 19 19148
14594 20 2 19273
14610 20 2 19333
14614 20 22 19414
14618 20 9 19276
14620 20 5 18639
14644 20 2 18817
14654 20 22 18490
14656 20 23 18563
14660 20 2 18481
14662 20 2 18841
14672 20 1 19140
14676 20 21 19089
14678 20 14 19302
14686 20 5 18975
14710 20 14 18594
14722 20 14 18438
14742 20 10 18605
14812 20 2 19405
14840 20 1 18600
14852 20 21 18945
14866 20 10 18905
14872 20 23 19427
14876 20 1 18972
14896 20 9 18724
14904 20 19 18836
14912 20 3 19214
14944 20 21 18789
14950 20 3 19430
14952 20 14 18870
14962 20 15 19027
15004 20 5 18495
15008 20 9 19096
15016 20 23 18647
15036 20 2 18601
15040 20 21 18909
15048 20 10 18545
15052 20 14 19314
15054 20 5 18807
15056 20 15 18547
15068 20 1 18768
15076 20 14 18954
15078 20 21 18957
15080 20 22 18958
15082 20 22 18994
15092 20 21 19161
15094 20 1 18960
15096 20 14 19486
15098 20 19 19512
15100 20 22 19550
15102 20 1 19576
15104 20 22 19694
15106 20 23 19719
15108 20 22 19850
15110 20 1 20080
15112 20 22 20138
15114 20 21 20185
15116 20 14 20230
15118 20 15 20231
15120 20 9 20240
15122 20 15 20363
15124 20 3 20406
15126 20 21 20437
15128 20 15 19979
15130 20 21 19981
15132 20 9 20072
15134 20 10 19521
15136 20 5 19591
15140 20 19 19836
15142 20 15 20015
15144 20 10 20325
15150 20 23 20019
15152 20 23 20115
15156 20 10 20277
15158 20 2 20213
15160 20 1 20344
15162 20 21 20425
15164 20 21 19669
15166 20 1 20200
15168 20 5 20203
15170 20 10 20241
15174 20 19 20400
15178 20 10 20097
15186 20 22 19598
15188 20 15 19799
15190 20 9 19688
15192 20 21 20293
15194 20 10 19881
15196 20 19 20472
15198 20 21 20473
15200 20 1 19912
15208 20 3 19842
15212 20 5 20347
15214 20 14 20374
15216 20 14 20014
15218 20 10 19629
15220 20 3 20022
15222 20 15 20411
15226 20 2 20141
15230 20 3 19974
15234 20 19 20136
15236 20 9 19496
15238 20 1 20248
15240 20 2 20093
15242 20 21 20365
15248 20 5 19987
15252 20 10 19701
15254 20 21 20173
15256 20 10 20121
15260 20 15 20135
15264 20 3 20430
15266 20 1 19972
15268 20 10 20049
15272 20 21 19513
15274 20 14 19522
15278 20 15 19775
15280 20 22 19970
15282 20 5 20107
15286 20 15 20291
15288 20 19 19524
15290 20 23 20259
15292 20 3 20394
15294 20 19 20088
15296 20 5 19507
15298 20 23 19551
15300 20 19 19656
15302 20 19 19908
15304 20 21 19945
15306 20 15 19967
15308 20 22 19982
15316 20 3 19650
15324 20 21 19693
15326 20 15 19943
15328 20 22 19778
15330 20 2 19973
15332 20 19 20064
15336 20 1 20392
15340 20 14 19570
15344 20 3 19638
15348 20 21 20269
15352 20 19 20412
15358 20 22 20210
15362 20 14 20098
15364 20 9 19544
15366 20 22 20114
15374 20 19 19860
15388 20 19 19476
15390 20 21 19561
15392 20 14 20302
15412 20 10 20061
15414 20 14 20086
15418 20 15 19955
15420 20 23 19467
15422 20 3 19686
15432 20 23 19899
15434 20 5 19735
15438 20 9 19940
15440 20 21 19957
15442 20 1 19960
15448 20 21 20413
15450 20 19 20460
15452 20 10 19593
15454 20 14 19594
15462 20 15 20111
15466 20 14 19774
15470 20 2 20381
15472 20 15 19463
15474 20 19 19464
15476 20 21 19465
15478 20 22 19946
15480 20 1 20164
15482 20 1 20476
15490 20 15 19787
15492 20 3 20238
15494 20 5 19699
15496 20 9 19748
15502 20 15 20387
15504 20 10 19473
15506 20 3 19542
15508 20 14 19882
15514 20 2 19469
15522 20 10 20421
15524 20 14 20386
15526 20 21 19549
15528 20 22 19682
15530 20 19 19848
15532 20 10 19965
15538 20 14 19990
15540 20 22 20066
15542 20 5 20383
15546 20 1 19528
15552 20 10 19869
15574 20 19 20004
15578 20 22 20426
15582 20 5 19759
15590 20 10 19689
15596 20 23 20055
15598 20 19 20076
15600 20 3 20202
15602 20 9 19652
15604 20 10 19773
15606 20 23 19875
15608 20 23 19659
15616 20 22 19958
15618 20 15 19547
15620 20 21 19921
15622 20 2 20009
15626 20 5 20335
15634 20 22 19730
15636 20 21 19969
15656 20 10 19653
15660 20 9 20156
15664 20 2 19721
15666 20 14 19786
15674 20 14 19534
15682 20 14 19546
15684 20 15 19919
15688 20 3 20274
15700 20 5 19615
15704 20 10 19509
15706 20 22 19538
15712 20 22 19766
15718 20 21 20281
15720 20 9 20300
15724 20 9 20444
15734 20 14 19762
15748 20 5 19483
15762 20 9 20060
15764 20 15 19691
15766 20 2 19901
15768 20 9 19532
15772 20 23 20199
15776 20 1 19600
15778 20 1 19888
15780 20 9 20408
15786 20 2 20249
15798 20 2 20021
15800 20 2 20045
15804 20 2 20177
15806 20 5 20251
15808 20 2 20297
15810 20 5 20299
15812 20 1 20308
15816 20 19 20364
15818 20 2 20369
15820 20 2 20405
15822 20 14 20410
15824 20 21 20461
15836 20 21 19741
15840 20 9 19808
15842 20 23 19839
15844 20 10 19941
15846 20 15 20087
15848 20 19 20196
15852 20 21 20161
15856 20 1 20440
15862 20 9 20372
15864 20 3 20382
15876 20 5 20275
15890 20 1 19852
15894 20 10 19677
15896 20 19 19692
15898 20 1 20260
15900 20 2 20321
15902 20 10 20409
15904 20 22 20474
15932 20 23 19491
15948 20 21 19765
15956 20 9 20048
15970 20 5 19579
15972 20 2 19769
15976 20 9 20252
15978 20 23 20403
16002 20 5 20431
16004 20 15 20447
16010 20 10 19545
16014 20 21 20005
16024 20 22 20162
16034 20 15 20471
16064 20 3 19830
16068 20 22 19646
16072 20 3 20322
16076 20 9 19736
16078 20 14 20470
16100 20 10 20013
16112 20 1 20044
16114 20 5 19687
16120 20 14 19630
16122 20 1 19840
16124 20 19 19968
16128 20 3 20178
16138 20 3 19710
16150 20 5 19999
16158 20 9 19640
16164 20 5 19915
16178 20 3 19794
16182 20 2 20201
16186 20 5 20239
16188 20 19 20256
16196 20 21 20245
16200 20 15 20147
16204 20 10 20001
16224 20 10 20037
16226 20 21 20197
16228 20 1 19876
16230 20 10 19977
16256 20 1 20032
16270 20 15 19655
16284 20 1 19468
16294 20 15 20327
16304 20 23 20463
16312 20 22 20354
16318 20 5 19795
16322 20 15 19907
16326 20 1 19864
16344 20 10 20385
16348 20 3 20454
16356 20 2 19961
16358 20 14 20266
16368 20 9 20456
16380 20 9 19700
16402 20 1 20056
16416 20 5 19675
16422 20 15 19595
16432 20 9 19952
16436 20 23 19563
16438 20 2 20105
16442 20 19 20448
16448 20 2 20069
16450 20 2 20189
16452 20 21 20377
16470 20 2 19661
16476 20 3 19662
16490 20 2 19553
16502 20 3 20310
16508 20 21 19801
16522 20 3 20046
16536 20 1 20092
16548 20 23 20475
16552 20 10 19665
16554 20 5 20059
16556 20 19 19620
16558 20 9 19928
16560 20 1 19936
16562 20 14 20194
16582 20 10 20085
16592 20 14 20110
16596 20 21 19789
16606 20 10 20277
16622 20 14 19654
16626 20 22 20462
16634 20 19 19704
16636 20 5 20155
16642 20 1 19660
16652 20 23 19863
16664 20 21 19717
16668 20 9 19844
16690 20 2 19529
16698 20 1 20176
16702 20 1 19552
16706 20 5 19903
16710 20 9 20432
16744 20 14 20362
16750 20 3 19518
16754 20 14 19966
16782 20 15 19679
16786 20 19 20172
16792 20 19 20304
16838 20 9 20288
16852 20 9 19664
16854 20 3 19806
16860 20 2 20081
16862 20 5 20083
16864 20 19 20124
16866 20 23 20163
16874 20 2 20393
16880 20 23 20319
16884 20 5 20071
16888 20 5 19663
16906 20 23 20271
16910 20 9 19472
16912 20 3 19890
16924 20 15 20051
16938 20 19 19644
16954 20 10 19557
16960 20 19 19584
16962 20 14 20398
16972 20 3 19482
16974 20 22 20414
16990 20 9 20180
17020 20 5 20227
17034 20 23 20103
17038 20 14 19726
17070 20 1 20272
17146 20 23 19707
17152 20 9 19820
17188 20 21 20353
17192 20 10 19737
17196 20 21 19837
17202 20 14 19534
17214 20 3 19878
17240 20 22 19562
17254 20 2 20357
17258 20 23 20391
17276 20 2 19541
17278 20 2 20213
17310 20 22 19886
17312 20 10 19905
17314 20 22 19910
17316 20 9 20024
17322 20 2 20273
17326 20 9 20036
17328 20 1 20380
17334 20 21 20017
17342 20 15 20459
17344 20 9 20312
17350 20 9 20360
17354 20 14 20182
17356 20 14 19642
17362 20 9 20228
17382 20 3 20346
17384 20 19 19716
17390 20 3 19662
17398 20 2 19985
17400 20 19 20376
17408 20 2 20685
17410 20 14 20870
17412 20 21 20957
17414 20 9 20496
17416 20 2 20505
17418 20 21 20549
17420 20 3 20842
17422 20 14 20546
17424 20 21 21209
17426 20 14 21218
17428 20 5 20783
17430 20 10 21337
17432 20 2 21501
17434 20 3 20566
17436 20 5 20639
17438 20 14 21158
17440 20 1 21476
17442 20 10 21061
17444 20 5 21323
17446 20 21 21401
17450 20 10 21265
17452 20 10 20773
17454 20 1 20792
17456 20 14 21398
17458 20 10 20557
17460 20 19 20668
17462 20 22 20706
17466 20 10 21445
17468 20 15 21339
17470 20 21 20945
17472 20 15 20967
17474 20 19 20968
17480 20 23 20899
17482 20 19 20740
17484 20 2 20565
17486 20 10 20881
17488 20 5 20663
17490 20 15 20799
17492 20 1 21152
17494 20 21 21173
17498 20 21 20609
17500 20 23 20815
17502 20 14 20930
17504 20 22 20958
17506 20 3 20578
17508 20 1 20768
17510 20 10 20809
17512 20 3 21430
17514 20 5 21215
17516 20 14 20774
17518 20 5 20795
17524 20 21 21089
17526 20 1 20672
17530 20 10 20845
17532 20 23 20947
17534 20 23 20995
17536 20 2 20997
17538 20 5 21095
17540 20 2 21393
17542 20 19 21400
17544 20 23 20659
17552 20 15 21075
17554 20 10 20857
17556 20 19 20872
17558 20 5 20999
17560 20 1 21104
17562 20 9 21120
17564 20 14 21194
17566 20 22 21222
17568 20 2 21297
17570 20 10 21205
17572 20 5 21395
17574 20 10 20785
17576 20 14 20834
17578 20 3 20974
17580 20 9 21000
17582 20 2 21021
17584 20 10 21121
17586 20 3 21370
17588 20 3 21418
17590 20 3 20674
17592 20 19 20692
17594 20 22 20718
17598 20 15 21123
17600 20 5 21047
17602 20 19 21388
17604 20 19 21256
17608 20 14 21278
17610 20 22 20934
17612 20 5 21155
17614 20 14 20714
17616 20 15 21375
17618 20 1 20804
17620 20 3 20938
17630 20 10 20797
17632 20 9 20820
17634 20 5 20951
17636 20 1 21140
17638 20 2 20529
17640 20 5 20591
17642 20 10 20665
17644 20 15 21027
17648 20 1 21284
17652 20 15 20847
17654 20 22 21006
17656 20 19 20584
17660 20 9 20940
17664 20 23 20983
17674 20 5 20603
17678 20 19 20728
17684 20 19 20752
17688 20 10 20581
17690 20 10 20761
17692 20 22 20514
17696 20 19 21448
17704 20 19 20572
17706 20 23 20683
17708 20 9 20808
17714 20 2 21201
17718 20 14 21470
17720 20 19 21340
17722 20 9 20976
17728 20 1 21236
17730 20 14 21290
17734 20 15 20499
17736 20 9 20892
17738 20 2 21285
17742 20 19 21316
17744 20 14 20786
17746 20 19 20812
17748 20 22 20910
17750 20 14 21014
17752 20 1 21212
17754 20 10 21373
17756 20 3 21382
17758 20 21 21293
17766 20 5 21071
17774 20 14 20750
17778 20 23 21079
17780 20 14 20642
17786 20 1 21092
17790 20 22 21414
17792 20 3 20806
17794 20 5 21023
17796 20 19 20716
17798 20 15 20931
17806 20 21 20621
17808 20 1 20780
17810 20 21 21449
17814 20 21 20513
17816 20 22 20658
17824 20 2 20841
17826 20 9 20868
17830 20 1 21080
17832 20 10 21325
17834 20 15 20751
17836 20 23 21295
17838 20 10 21097
17842 20 5 21503
17850 20 9 20988
17852 20 15 21147
17862 20 1 21128
17868 20 19 20656
17870 20 10 20713
17876 20 3 21166
17878 20 3 20590
17880 20 9 21444
17884 20 5 21407
17886 20 3 20746
17888 20 5 21479
17890 20 3 20542
17892 20 5 20831
17894 20 23 20491
17902 20 9 21024
17904 20 14 21302
17908 20 23 21283
17910 20 15 20535
17918 20 23 20527
17922 20 9 21264
17924 20 5 21431
17930 20 5 21227
17942 20 23 21031
17944 20 14 21050
17950 20 1 21296
17960 20 14 20966
17966 20 21 21041
17970 20 15 21495
17974 20 5 20675
17980 20 19 21172
17988 20 9 21360
17994 20 3 21154
17996 20 3 21226
17998 20 3 21238
18000 20 2 20817
18002 20 3 20854
18004 20 22 21054
18006 20 22 21270
18008 20 21 20561
18010 20 22 20754
18020 20 21 20741
18028 20 19 21364
18030 20 10 21001
18032 20 19 21280
18034 20 22 21162
18044 20 5 20891
18046 20 5 20807
18050 20 3 21142
18054 20 21 21065
18058 20 3 20710
18060 20 3 21298
18070 20 3 20650
18080 20 14 20906
18084 20 23 21331
18088 20 14 21374
18090 20 2 21417
18094 20 14 21446
18096 20 15 21447
18098 20 23 21463
18104 20 19 21100
18110 20 15 21423
18118 20 15 20619
18122 20 21 20909
18124 20 23 21199
18126 20 23 21499
18128 20 1 21500
18130 20 2 20937
18142 20 1 20588
18146 20 5 20651
18154 20 15 20559
18156 20 2 21093
18160 20 2 21213
18180 20 1 21068
18182 20 21 20765
18184 20 2 20745
18186 20 22 20646
18188 20 1 20828
18190 20 19 21004
18192 20 15 21291
18194 20 10 21397
18222 20 22 20886
18234 20 19 20680
18246 20 2 21441
18252 20 23 20755
18254 20 3 21178
18274 20 1 20840
18280 20 15 20955
18284 20 3 21358
18288 20 23 21367
18322 20 9 21084
18328 20 14 21350
18332 20 1 21452
18338 20 3 20902
18354 20 23 21091
18358 20 9 21192
18370 20 22 21102
18372 20 2 20481
18374 20 1 20576
18376 20 3 20782
18378 20 10 20653
18388 20 23 21259
18392 20 21 20753
18394 20 19 20932
18398 20 3 21466
18406 20 1 20816
18408 20 19 21088
18410 20 14 20858
18414 20 1 20996
18416 20 3 21202
18460 20 19 20608
18464 20 5 20735
18468 20 5 21335
18470 20 19 20776
18472 20 10 20965
18494 20 15 21051
18496 20 10 21181
18500 20 3 21346
18504 20 1 20492
18508 20 14 20918
18514 20 21 21257
18516 20 3 20830
18538 20 3 21274
18540 20 15 21015
18568 20 5 21467
18600 20 10 21241
18628 20 14 20774
18636 20 23 21379
18642 20 10 21409
18644 20 23 20599
18660 20 10 20977
18684 20 1 20600
18686 20 1 20720
18688 20 23 20971
18692 20 5 21419
18694 20 9 21156
18698 20 14 21266
18718 20 10 21013
18722 20 21 20657
18724 20 9 20760
18742 20 23 20611
18750 20 3 21478
18764 20 9 21036
18770 20 2 20949
18776 20 2 20925
18784 20 15 21351
18808 20 2 21369
18818 20 14 20798
18828 20 3 21322
18834 20 23 21415
18836 20 10 20701
18844 20 14 20966
18846 20 10 21025
18852 20 10 20929
18854 20 15 21435
18856 20 5 21107
18858 20 3 21058
18874 20 21 20705
18886 20 14 20726
18888 20 15 21459
18892 20 2 20637
18896 20 22 21366
18900 20 5 20747
18902 20 5 21275
18908 20 9 21372
18930 20 21 21053
18932 20 14 20822
18968 20 22 20682
18970 20 15 20739
18976 20 2 20901
18988 20 5 20579
18990 20 21 20633
18996 20 14 20846
18998 20 3 20866
19002 20 22 21318
19004 20 2 21333
19012 20 3 21094
19024 20 19 21244
19034 20 14 20678
19036 20 5 21083
19040 20 22 21258
19042 20 15 21483
19044 20 21 20681
19062 20 3 20494
19074 20 3 21262
19084 20 3 21166
19090 20 5 20687
19096 20 9 20628
19098 20 2 20649
19100 20 1 20912
19102 20 15 21387
19104 20 14 20498
19106 20 21 20861
19110 20 5 20567
19116 20 9 21384
19122 20 1 20960
19156 20 21 20669
19162 20 19 21268
19170 20 10 20617
19172 20 9 20664
19174 20 22 21486
19186 20 2 20697
19196 20 5 21179
19208 20 9 21096
19222 20 1 20540
19226 20 10 20677
19228 20 2 21261
19256 20 22 20982
19282 20 3 21082
19288 20 9 21000
19336 20 9 21336
19346 20 9 21216
19352 20 10 21421
19362 20 5 20627
19382 20 3 20518
19384 20 5 21455
19400 20 9 21240
19418 20 9 20556
19424 20 14 21434
19456 20 14 20570
19458 20 22 20586
19478 20 5 20615
19480 20 14 20810
19482 20 22 21474
19492 20 5 20915
19494 20 9 20724
19502 20 3 20998
19506 20 22 21330
19524 20 3 21358
19526 20 22 21438
19534 20 23 20743
19536 20 9 20520
19558 20 9 20832
19564 20 10 21301
19572 20 22 20706
19574 20 3 21406
19582 20 10 21049
19612 20 22 21234
19640 20 14 21314
19650 20 15 20811
19652 20 3 20662
19654 20 23 20671
19660 20 3 20782
19662 20 19 21208
19666 20 9 20604
19676 20 3 21310
19690 20 15 20571
19706 20 14 20762
19716 20 22 20550
19724 20 10 21073
19726 20 9 21300
19734 20 21 20789
19742 20 21 21717
19744 20 9 21784
19746 20 2 22153
19748 20 1 22524
19750 20 1 21588
19752 20 9 21604
19754 20 2 21709
19756 20 14 21726
19758 20 23 21923
19760 20 19 21932
19762 20 2 21937
19764 20 1 21960
19768 20 22 22162
19770 20 5 22227
19772 20 23 22403
19774 20 23 22475
19776 20 1 21948
19778 20 15 22219
19780 20 14 22230
19782 20 21 22269
19784 20 9 21724
19786 20 3 22082
19790 20 22 22174
19792 20 21 21513
19794 20 22 21526
19796 20 14 22158
19802 20 10 21749
19804 20 14 21750
19806 20 3 21998
19808 20 15 22195
19810 20 19 22508
19812 20 21 21957
19816 20 3 21854
19818 20 9 21532
19820 20 10 21761
19822 20 1 22008
19826 20 21 22401
19828 20 21 22425
19832 20 5 21843
19838 20 23 21587
19840 20 14 21630
19842 20 9 21700
19846 20 10 22097
19852 20 21 21561
19854 20 10 21689
19856 20 2 22477
19858 20 23 22295
19862 20 1 21828
19864 20 14 21978
19866 20 9 22012
19868 20 21 22065
19878 20 5 22203
19882 20 21 21597
19884 20 23 22415
19886 20 1 22092
19890 20 1 21564
19906 20 15 22027
19912 20 14 22218
19914 20 1 22272
19916 20 21 22353
19918 20 15 22387
19924 20 2 22429
19928 20 2 21553
19930 20 15 21739
19932 20 21 21861
19936 20 22 22390
19938 20 19 21512
19940 20 10 22049
19942 20 9 22084
19944 20 14 22362
19946 20 5 22047
19952 20 1 22080
19954 20 1 21768
19956 20 3 22010
19960 20 10 21629
19962 20 22 22054
19964 20 2 22201
19966 20 3 21830
19968 20 10 22205
19970 20 23 22331
19974 20 15 21895
19976 20 22 21982
19978 20 23 22067
19980 20 23 21635
19982 20 23 21935
19984 20 19 21572
19986 20 10 21713
19988 20 2 22525
19990 20 15 21559
19994 20 10 21833
19996 20 5 21723
20010 20 1 22044
20020 20 2 21961
20022 20 22 21718
20024 20 19 21740
20026 20 5 22167
20028 20 23 22319
20032 20 14 21990
20050 20 23 22463
20052 20 10 21941
20054 20 15 21955
20060 20 15 21547
20062 20 3 21914
20064 20 19 22112
20066 20 22 22150
20068 20 21 22365
20070 20 19 22436
20072 20 21 22257
20074 20 9 22492
20076 20 19 21968
20080 20 3 21902
20084 20 3 22478
20086 20 1 21552
20094 20 9 22156
20096 20 3 22214
20104 20 22 22318
20108 20 14 22242
20110 20 15 22519
20112 20 19 21596
20118 20 3 21938
20120 20 1 22116
20124 20 22 21874
20132 20 1 21624
20134 20 14 22062
20136 20 2 22285
20148 20 21 21705
20160 20 9 22348
20162 20 9 21520
20164 20 15 22351
20170 20 22 22498
20172 20 19 21560
20174 20 3 21590
20176 20 2 21529
20182 20 21 21837
20196 20 1 21684
20198 20 15 22063
20200 20 10 22217
20202 20 5 22467
20208 20 2 22045
20210 20 22 22078
20214 20 5 22119
20218 20 9 22204
20220 20 23 22271
20222 20 2 22381
20224 20 5 21915
20226 20 14 21882
20228 20 2 22213
20234 20 14 22314
20238 20 10 22337
20240 20 5 22407
20246 20 14 22002
20252 20 19 22448
20262 20 19 22352
20270 20 23 21527
20272 20 10 22265
20276 20 22 21826
20278 20 1 22104
20280 20 14 21966
20284 20 9 21556
20286 20 9 21904
20296 20 14 22098
20310 20 5 21567
20312 20 23 22115
20316 20 21 21789
20318 20 9 21940
20324 20 22 22366
20326 20 9 22372
20328 20 3 22514
20330 20 10 21593
20332 20 19 21872
20340 20 10 22085
20342 20 10 22253
20350 20 19 21536
20356 20 22 21850
20360 20 22 21886
20366 20 2 22453
20372 20 3 22226
20384 20 9 21964
20398 20 10 22421
20408 20 19 22472
20410 20 10 22145
20412 20 1 21792
20418 20 3 22238
20420 20 23 22307
20422 20 1 22308
20428 20 14 21918
20430 20 19 21980
20432 20 21 21993
20446 20 23 21911
20478 20 1 22488
20484 20 3 21818
20490 20 2 21841
20492 20 14 22014
20494 20 1 22032
20504 20 3 22406
20506 20 9 22408
20510 20 21 21753
20516 20 19 22052
20528 20 15 21703
20534 20 21 22209
20540 20 23 21815
20542 20 14 22122
20544 20 21 21777
20546 20 5 21891
20558 20 1 21708
20560 20 1 21912
20562 20 1 21936
20568 20 1 21780
20574 20 15 22111
20578 20 21 22185
20582 20 5 22287
20586 20 2 22297
20590 20 14 22410
20592 20 15 22423
20594 20 22 22426
20608 20 23 21575
20610 20 23 21899
20612 20 21 21909
20614 20 15 22039
20616 20 23 21551
20618 20 15 21799
20620 20 19 21944
20622 20 10 21953
20624 20 2 22057
20626 20 14 22110
20628 20 15 22147
20630 20 9 22264
20632 20 21 22329
20634 20 3 22442
20638 20 15 22339
20654 20 2 22225
20660 20 3 22022
20662 20 21 22485
20666 20 9 22228
20670 20 2 21721
20680 20 19 22316
20684 20 9 22240
20688 20 21 21945
20708 20 19 21884
20710 20 15 22291
20716 20 3 22166
20718 20 2 21853
20720 20 2 22081
20726 20 1 22068
20734 20 2 21541
20736 20 3 22154
20740 20 9 22216
20748 20 5 21819
20764 20 19 22232
20766 20 23 22283
20768 20 3 22346
20770 20 21 22221
20772 20 10 22241
20774 20 1 22284
20776 20 23 21611
20784 20 3 22202
20788 20 22 22234
20806 20 19 22364
20826 20 9 21640
20830 20 1 21816
20850 20 9 22072
20862 20 3 21506
20878 20 22 22510
20880 20 22 21730
20902 20 5 21579
20904 20 23 21671
20906 20 3 22070
20908 20 19 22280
20910 20 19 22028
20912 20 23 22055
20916 20 23 21803
20918 20 22 21970
20950 20 21 21657
20952 20 23 21599
20958 20 9 22180
20960 20 5 21603
20978 20 10 21557
20982 20 5 21951
20984 20 23 21731
20996 20 15 21511
20998 20 9 21580
21000 20 15 22099
21002 20 3 21782
21012 20 19 21992
21028 20 14 22350
21032 20 21 22437
21046 20 9 21952
21048 20 21 22053
21074 20 21 22173
21076 20 3 21518
21080 20 9 21688
21082 20 2 22357
21098 20 14 22374
21102 20 21 21585
21104 20 10 21617
21120 20 2 22033
21128 20 23 22259
21130 20 5 22311
21132 20 9 22336
21134 20 23 22523
21140 20 2 22165
21142 20 22 22198
21146 20 23 21959
21156 20 19 22100
21158 20 2 22189
21160 20 14 22278
21172 20 10 21737
21176 20 9 21772
21178 20 22 21898
21180 20 3 21950
21194 20 5 22035
21204 20 3 22526
21212 20 10 22229
21238 20 5 22491
21260 20 10 22037
21278 20 9 22120
21294 20 3 21842
21296 20 14 22398
21302 20 15 21991
21314 20 19 21896
21316 20 19 21920
21322 20 15 22135
21324 20 9 22444
21326 20 22 21514
21328 20 2 21613
21348 20 5 22455
21350 20 10 22481
21354 20 3 21614
21364 20 19 21764
21384 20 19 21668
21438 20 9 22132
21446 20 14 21522
21460 20 15 21595
21462 20 14 21618
21472 20 3 22178
21482 20 5 22155
21502 20 15 22003
21512 20 21 22197
21516 20 5 22263
21536 20 1 22512
21538 20 14 21570
21566 20 3 21722
21574 20 9 22060
21586 20 10 21701
21592 20 22 22018
21648 20 22 22090
21650 20 23 21683
21656 20 14 22086
21664 20 15 22471
21670 20 22 22042
21674 20 2 22333
21676 20 14 21534
21678 20 9 21880
21684 20 1 22296
21686 20 1 21888
21702 20 19 21812
21714 20 3 22094
21716 20 23 22139
21724 20 5 22071
21736 20 15 21811
21742 20 3 22430
21752 20 19 22172
21768 20 10 21965
21770 20 21 22317
21772 20 9 22348
21790 20 21 21921
21798 20 2 22237
21804 20 21 22497
21824 20 10 21773
21826 20 9 22480
21864 20 21 22353
21866 20 3 21974
21868 20 19 22124
21878 20 10 21521
21906 20 22 22354
21908 20 19 22424
21910 20 10 22109
21924 20 3 21578
21926 20 15 22495
21928 20 19 22496
21988 20 15 21859
21992 20 5 22011
21994 20 2 21913
22010 20 23 21839
22014 20 5 21735
22042 20 14 21870
22044 20 2 22009
22048 20 21 22005
22050 20 10 22181
22052 20 23 22355
22066 20 10 21605
22068 20 1 22332
22070 20 10 21509
22090 20 14 22458
22100 20 14 22326
22104 20 2 22117
22110 20 21 21537
22120 20 10 22061
22124 20 2 21565
22142 20 5 22443
22166 20 1 21864
22178 20 14 22038
22184 20 21 22089
22186 20 21 22281
22222 20 15 21835
22252 20 3 21854
22270 20 10 22097
22286 20 21 22101
22328 20 1 21528
22344 20 14 22518
22346 20 3 22190
22356 20 21 21969
22366 20 19 22376
22382 20 14 21858
22390 20 23 22235
22394 20 19 21548
22396 20 1 21636
22412 20 9 21652
22414 20 3 21662
22416 20 22 21742
22418 20 1 21924
22422 20 5 22131
22424 20 22 22186
22426 20 14 22338
22480 20 10 21677
22482 20 15 21883
22498 20 15 22051
22502 20 1 22164
22516 20 22 21754
22534 20 14 22494
22552 20 1 21972
22564 20 21 22233
22570 20 1 22308
22572 20 9 21916
22574 20 1 22404
22576 20 22 21862
22640 20 15 22183
22642 20 9 22312
22708 20 2 21949
22710 20 19 22340
22744 20 9 22300
22746 20 1 22428
22760 20 23 21647
22762 20 10 22193
22764 20 5 22299
22768 20 5 22371
22786 20 5 21783
22790 20 10 22409
22794 20 2 22249
22800 20 10 22581
22802 20 15 23063
22804 20 5 23215
22806 20 19 23268
22810 20 19 22668
22812 20 2 22709
22814 20 23 22743
22816 20 9 22796
22818 20 10 22797
22820 20 23 22923
22822 20 9 22928
22824 20 19 23088
22826 20 15 23111
22828 20 14 23134
22830 20 21 23185
22834 20 19 23316
22836 20 19 23352
22838 20 10 23361
22840 20 15 23531
22842 20 10 22653
22844 20 21 22801
22846 20 14 23446
22848 20 3 23526
22850 20 19 23064
22852 20 10 22953
22854 20 22 23006
22856 20 9 23048
22858 20 2 23225
22860 20 10 23313
22862 20 1 23320
22864 20 10 23421
22866 20 23 23499
22868 20 21 22777
22882 20 21 23221
22886 20 19 23376
22888 20 9 23480
22890 20 5 23419
22892 20 10 23193
22894 20 9 22736
22896 20 2 22865
22898 20 21 23005
22900 20 9 22676
22904 20 3 22998
22908 20 15 23411
22910 20 15 23423
22912 20 23 23427
22914 20 21 23485
22916 20 14 22774
22926 20 21 22645
22938 20 3 23022
22940 20 14 23122
22942 20 14 22582
22944 20 1 22588
22946 20 5 22999
22948 20 3 22974
22950 20 14 22990
22952 20 2 23429
22954 20 5 22651
22956 20 1 22708
22958 20 22 23414
22960 20 10 23493
22972 20 5 22903
22976 20 3 22926
22980 20 3 23010
22982 20 21 23041
22984 20 15 23051
22986 20 5 23191
22990 20 5 23359
22996 20 15 22535
22998 20 22 22766
23000 20 22 22802
23006 20 10 23025
23014 20 10 22809
23016 20 2 22901
23020 20 2 22961
23024 20 10 23217
23026 20 14 23290
23028 20 21 23329
23030 20 2 23501
23044 20 21 23197
23046 20 1 23416
23052 20 19 23496
23054 20 23 22659
23062 20 22 23498
23066 20 15 22787
23074 20 19 23136
23082 20 14 22870
23084 20 19 23040
23094 20 2 23213
23098 20 9 23264
23102 20 1 23392
23104 20 9 23408
23108 20 15 22751
23110 20 5 22555
23112 20 10 22617
23120 20 3 22794
23126 20 19 23076
23142 20 2 22637
23144 20 21 22933
23146 20 1 22984
23148 20 15 23207
23150 20 21 23269
23152 20 23 23415
23154 20 19 23460
23156 20 15 23471
23158 20 3 23046
23160 20 1 22552
23162 20 10 22569
23164 20 3 22806
23166 20 3 22818
23168 20 22 23390
23172 20 19 23016
23176 20 9 22820
23178 20 1 22960
23180 20 2 23333
23182 20 15 22919
23186 20 2 23165
23188 20 2 23189
23192 20 23 23211
23194 20 19 23220
23196 20 19 22908
23200 20 15 23171
23202 20 10 23373
23204 20 23 23403
23208 20 10 22677
23210 20 5 22579
23212 20 21 22633
23214 20 19 23328
23216 20 3 23514
23218 20 22 23222
23226 20 10 22821
23228 20 21 22861
23236 20 3 23226
23240 20 3 23334
23268 20 21 22789
23270 20 3 22854
23272 20 15 22883
23274 20 5 23047
23280 20 1 23344
23282 20 2 23393
23284 20 22 23402
23286 20 21 23449
23288 20 23 23331
23290 20 9 22616
23300 20 3 22530
23302 20 3 23118
23304 20 9 22880
23306 20 23 22899
23308 20 14 22930
23318 20 2 22853
23330 20 1 23152
23332 20 10 23265
23334 20 5 22615
23348 20 10 22689
23350 20 22 23378
23352 20 10 22785
23354 20 2 22793
23356 20 14 23014
23358 20 5 23551
23370 20 19 23544
23372 20 5 22723
23376 20 22 23510
23378 20 2 22745
23380 20 15 22991
23382 20 19 22536
23388 20 14 23386
23392 20 15 22715
23396 20 23 22755
23402 20 10 22869
23404 20 14 23038
23406 20 2 23249
23424 20 22 23162
23436 20 19 23148
23440 20 15 22955
23442 20 14 22642
23494 20 19 22956
23496 20 23 23283
23498 20 23 22587
23510 20 15 23483
23514 20 22 23522
23518 20 21 23053
23520 20 21 23173
23522 20 15 23327
23534 20 10 23277
23536 20 15 23351
23548 20 14 22594
23552 20 23 22851
23554 20 15 23243
23556 20 1 23296
23568 20 19 22884
23570 20 3 23274
23576 20 14 22954
23582 20 3 23442
23586 20 14 23398
23588 20 1 23440
23596 20 5 22879
23618 20 22 22934
23620 20 23 23079
23622 20 5 23143
23624 20 21 23161
23628 20 9 23468
23630 20 5 23503
23632 20 5 22543
23634 20 3 22566
23638 20 23 23511
23642 20 2 23453
23644 20 19 22548
23646 20 21 22669
23658 20 23 23379
23660 20 2 23477
23682 20 15 22631
23684 20 3 23106
23692 20 5 23275
23700 20 14 22570
23702 20 19 22824
23704 20 21 22837
23706 20 19 22860
23710 20 14 23170
23716 20 19 22776
23718 20 5 23155
23720 20 1 22540
23730 20 14 23434
23734 20 22 22682
23736 20 2 22685
23738 20 14 23242
23744 20 5 23023
23746 20 23 23067
23750 20 5 23011
23762 20 15 22823
23764 20 19 23340
23766 20 19 22596
23778 20 1 23104
23780 20 2 22565
23782 20 2 23021
23784 20 3 22782
23786 20 15 22967
23790 20 23 22563
23792 20 19 22572
23794 20 15 23027
23796 20 14 23182
23798 20 9 23384
23800 20 10 22545
23802 20 2 22889
23806 20 23 23223
23812 20 22 22994
23868 20 21 23317
23870 20 5 22927
23872 20 19 22680
23874 20 21 23425
23890 20 22 22790
23892 20 10 22833
23896 20 21 23245
23898 20 22 23450
23906 20 1 22816
23908 20 21 23017
23912 20 14 23146
23916 20 5 23299
23926 20 23 22539
23928 20 14 22714
23938 20 9 23036
23964 20 14 23206
23970 20 9 22604
23972 20 9 22760
23974 20 1 22780
23978 20 10 23253
23980 20 5 23323
23984 20 9 23420
23986 20 9 22688
23992 20 21 23257
23996 20 14 23338
24006 20 23 22683
24012 20 1 22996
24056 20 3 23538
24058 20 5 23539
24060 20 10 22701
24062 20 21 23509
24074 20 10 23457
24092 20 9 22724
24100 20 21 22813
24102 20 2 23525
24104 20 2 22541
24114 20 22 23018
24120 20 21 22849
24122 20 10 23469
24130 20 15 23147
24132 20 10 23481
24136 20 3 23166
24142 20 22 23474
24144 20 5 23491
24148 20 15 23075
24150 20 10 22605
24160 20 19 23208
24164 20 9 22832
24166 20 3 22986
24180 20 10 23397
24198 20 2 23501
24202 20 5 23251
24210 20 2 22841
24218 20 15 22931
24220 20 22 23126
24222 20 22 23294
24234 20 22 22550
24236 20 1 22612
24238 20 1 23176
24244 20 22 23186
24246 20 3 22542
24250 20 3 22890
24260 20 19 23280
24286 20 14 22846
24302 20 19 23532
24332 20 15 23303
24340 20 22 22826
24342 20 15 22847
24344 20 21 22861
24348 20 9 22976
24350 20 5 22987
24354 20 14 23278
24358 20 19 23388
24360 20 21 23389
24362 20 1 23404
24364 20 2 23549
24386 20 19 23172
24388 20 3 23430
24416 20 15 22571
24418 20 1 23272
24420 20 9 22652
24422 20 23 22839
24424 20 14 23374
24426 20 14 23542
24436 20 23 22779
24450 20 19 22932
24460 20 2 23537
24464 20 22 23318
24474 20 1 22732
24488 20 15 22547
24490 20 10 23121
24500 20 9 23084
24514 20 21 22717
24518 20 14 23050
24522 20 21 23305
24524 20 1 23380
24550 20 19 23436
24552 20 2 23285
24556 20 10 23085
24558 20 5 22531
24564 20 3 23466
24570 20 15 22895
24572 20 1 23128
24576 20 2 22649
24582 20 10 22929
24584 20 14 22978
24586 20 2 23081
24608 20 14 23314
24622 20 5 22735
24638 20 15 22643
24644 20 5 22939
24646 20 22 23078
24648 20 22 23486
24666 20 22 22670
24668 20 14 22726
24678 20 9 22988
24680 20 1 23080
24684 20 15 22583
24688 20 9 22664
24696 20 2 22757
24698 20 21 23089
24706 20 14 23098
24714 20 1 23032
24716 20 2 23033
24726 20 14 22558
24732 20 1 22972
24744 20 5 22807
24746 20 21 22957
24770 20 10 23529
24774 20 5 23119
24776 20 10 23181
24788 20 19 23244
24792 20 19 23052
24796 20 15 22703
24802 20 2 22817
24804 20 14 22858
24806 20 14 23422
24808 20 1 22540
24828 20 9 22604
24844 20 9 22904
24854 20 14 22630
24864 20 9 22844
24878 20 5 23383
24884 20 14 22654
24934 20 19 23472
24946 20 23 23343
24950 20 10 22725
24952 20 23 22935
24954 20 22 23030
24956 20 22 23174
24958 20 23 23175
24960 20 21 23353
24962 20 10 23505
24964 20 21 22657
25002 20 14 22798
25012 20 23 23487
25022 20 14 23218
25026 20 23 23259
25028 20 14 22882
25030 20 3 23214
25070 20 9 23312
25072 20 15 23387
25080 20 23 22875
25082 20 15 23063
25084 20 23 23199
25098 20 2 23417
25114 20 5 22711
25116 20 21 22741
25128 20 9 22532
25150 20 23 22827
25152 20 10 23337
25156 20 5 22603
25170 20 22 23426
25204 20 1 22936
25218 20 15 22619
25220 20 3 22674
25222 20 9 23396
25224 20 14 23086
25226 20 3 22614
25232 20 1 22828
25252 20 9 23372
25262 20 19 23004
25266 20 2 23381
25286 20 19 23292
25288 20 5 23467
25332 20 15 22859
25360 20 9 23144
25370 20 10 22857
25378 20 21 23029
25396 20 9 23432
25398 20 1 22636
25422 20 15 22691
25424 20 22 23258
25428 20 23 23523
25440 20 10 22665
25448 20 10 23229
25450 20 9 22712
25452 20 10 23301
25454 20 23 22767
25490 20 19 23232
25498 20 10 23325
25500 20 5 22615
25508 20 23 23535
25518 20 19 23400
25546 20 1 23236
25548 20 23 23247
25550 20 21 23545
25592 20 9 23120
25644 20 22 22646
25652 20 14 22918
25654 20 23 23007
25686 20 9 23156
25688 20 2 23201
25700 20 21 22909
25706 20 21 23053
25708 20 14 23062
25728 20 1 23464
25732 20 19 22560
25738 20 21 22945
25776 20 14 23362
25792 20 2 22805
25794 20 1 23248
25800 20 3 22878
25834 20 22 22610
25840 20 22 22982
25870 20 22 22946
25872 20 21 23413
25876 20 5 22699
25880 20 23 23439
25882 20 15 23447
25902 20 1 23428
25918 20 19 22620
25936 20 15 23183
25938 20 1 22672
25940 20 10 23445
25942 20 14 23506
25960 20 22 23210
25980 20 19 22800
25996 20 21 22573
26000 20 19 22692
26028 20 15 23399
26036 20 5 22915
26040 20 9 22700
26050 20 22 22874
26054 20 22 22910
26072 20 15 22799
26080 20 14 22786
26094 20 19 22908
26096 20 23 22911
26100 20 23 22983
26102 20 21 23113
26110 20 1 23500
26140 20 2 22673
26210 20 5 22759
26236 20 23 22659
26238 20 19 22788
26246 20 19 23256
26298 20 21 23221
26312 20 21 22729
26314 20 22 22634
26340 20 21 23161
26374 20 22 22730
26378 20 1 22912
26380 20 10 23373
26384 20 22 23018
26406 20 1 22648
26434 20 9 23132
26440 20 19 23436
26442 20 23 22719
26504 20 10 23181
26516 20 22 22802
26518 20 14 22606
26540 20 22 22826
26542 20 21 22861
26562 20 3 22590
26588 20 21 23245
26616 20 23 22947
26676 20 5 23515
26690 20 21 22705
26692 20 21 23341
26694 20 10 23541
26702 20 9 23360
26718 20 10 22557
26720 20 2 22937
26748 20 14 23230
26772 20 21 22873
26776 20 23 23115
26784 20 5 23299
26808 20 23 23091
26810 20 21 23137
26816 20 5 22975
26858 20 9 23252
26862 20 14 23458
26864 20 1 23548
26934 20 5 22819
26936 20 22 22922
26944 20 15 22979
27004 20 19 23424
27006 20 21 23497
27030 20 2 23477
27038 20 5 22531
27042 20 3 22842
27054 20 1 22756
27110 20 10 22581
27126 20 14 23110
27128 20 9 22952
27130 20 1 22924
27164 20 9 22748
27166 20 10 22749
27168 20 14 22966
27206 20 23 22995
27232 20 3 22602
27302 20 5 23179
27304 20 21 22561
27326 20 14 22534
27338 20 15 23171
27352 20 14 23434
27364 20 9 23072
27390 20 2 22781
27398 20 10 22629
27420 20 15 22727
27434 20 19 22572
27436 20 15 23039
27440 20 5 23263
27442 20 22 23282
27444 20 15 23423
27448 20 14 23194
27456 20 21 22669
27464 20 22 23054
27468 20 14 22546
27474 20 3 22854
27504 20 2 23501
27520 20 22 23198
27526 20 21 22537
27528 20 22 23354
27530 20 23 22803
27558 20 14 23122
27566 20 9 23300
27638 20 14 22954
27648 20 10 23409
27666 20 22 23234
27670 20 1 22540
27676 20 5 22843
27678 20 10 23517
27680 20 9 22580
27726 20 22 23294
27730 20 3 23202
27732 20 14 22594
27734 20 1 23332
27744 20 22 23330
27748 20 1 22564
27750 20 19 23208
27756 20 5 23407
27804 20 14 23338
27860 20 3 23454
27874 20 15 23123
27878 20 5 22663
27880 20 19 22752
27924 20 21 23293
27928 20 10 22965
27972 20 22 22898
28002 20 14 22702
28076 20 23 23355
28078 20 19 23448
28100 20 5 23491
28102 20 3 22770
28106 20 5 23287
28156 20 3 22662
28158 20 19 24472
28160 20 21 24041
28162 20 23 24391
28164 20 19 24460
28166 20 15 24543
28168 20 15 23655
28170 20 23 23695
28172 20 1 23888
28174 20 15 23967
28176 20 1 24152
28178 20 3 24370
28180 20 2 23577
28182 20 2 24489
28184 20 14 23582
28186 20 9 23628
28190 20 15 24135
28192 20 14 24170
28196 20 21 24533
28198 20 5 23771
28200 20 14 23570
28202 20 1 23576
28204 20 15 23907
28206 20 23 23647
28212 20 9 24216
28214 20 5 24491
28216 20 3 23806
28218 20 9 23868
28222 20 5 23615
28224 20 15 23619
28228 20 14 23690
28230 20 23 23791
28234 20 5 23567
28236 20 9 24552
28238 20 14 24098
28240 20 1 23732
28242 20 22 23778
28244 20 9 23796
28246 20 5 23987
28248 20 5 24083
28250 20 23 24379
28252 20 5 23999
28254 20 22 24570
28258 20 1 24140
28260 20 22 23646
28262 20 14 24206
28264 20 2 24237
28266 20 15 24051
28268 20 22 24378
28270 20 23 23947
28272 20 10 23965
28274 20 1 24020
28276 20 14 24530
28278 20 19 24532
28280 20 22 23670
28282 20 1 23672
28284 20 5 23795
28288 20 2 23937
28292 20 2 24009
28294 20 21 24089
28296 20 1 24104
28298 20 14 24122
28302 20 5 24299
28304 20 9 24444
28306 20 22 24450
28308 20 1 23552
28310 20 3 23650
28316 20 14 23846
28318 20 21 23897
28322 20 3 23950
28324 20 14 23966
28328 20 5 24011
28330 20 23 24067
28332 20 22 24078
28334 20 9 24180
28336 20 1 24368
28338 20 22 24462
28340 20 23 24547
28342 20 14 23858
28344 20 1 23612
28346 20 22 23814
28348 20 14 24062
28350 20 21 24221
28352 20 10 24493
28354 20 14 23666
28356 20 5 23807
28358 20 10 24025
28360 20 5 24227
28362 20 1 23768
28366 20 2 23961
28368 20 3 23590
28370 20 22 24042
28372 20 23 24271
28376 20 3 23686
28378 20 19 24232
28380 20 14 24254
28382 20 19 24568
28384 20 5 23819
28386 20 9 23820
28388 20 3 24274
28390 20 1 24560
28392 20 22 24318
28394 20 1 24320
28396 20 14 24350
28398 20 22 23766
28400 20 14 23954
28404 20 2 23745
28410 20 14 23978
28412 20 15 24003
28416 20 3 24202
28418 20 5 24239
28420 20 15 24459
28422 20 3 23626
28424 20 9 24000
28426 20 9 23652
28428 20 21 23597
28450 20 21 23561
28452 20 14 23750
28454 20 10 23869
28456 20 9 24432
28458 20 10 24313
28462 20 5 24455
28464 20 1 24524
28468 20 22 24006
28470 20 9 24012
28476 20 3 24046
28478 20 1 24332
28480 20 9 23916
28484 20 15 24039
28486 20 10 24145
28488 20 14 24146
28490 20 9 24168
28492 20 22 24174
28496 20 1 24500
28498 20 10 24505
28500 20 10 24529
28504 20 23 24415
28506 20 5 24419
28508 20 14 24134
28510 20 15 24555
28512 20 14 24566
28516 20 3 24178
28520 20 9 23616
28522 20 19 24064
28524 20 21 24053
28526 20 21 24293
28528 20 10 23617
28530 20 14 23618
28532 20 2 24189
28534 20 22 24342
28536 20 10 24445
28538 20 19 24508
28542 20 5 23711
28546 20 19 23860
28550 20 14 24506
28552 20 10 24565
28554 20 14 24266
28560 20 23 24463
28562 20 10 23629
28564 20 23 24223
28568 20 1 23960
28576 20 2 24285
28578 20 23 24499
28584 20 5 23651
28586 20 10 23809
28588 20 14 24230
28590 20 22 24270
28594 20 23 23935
28598 20 3 24298
28600 20 5 23759
28602 20 15 24231
28606 20 19 23788
28620 20 21 23585
28624 20 3 24070
28632 20 19 23584
28634 20 21 24149
28636 20 3 23554
28638 20 5 24191
28640 20 3 23890
28642 20 19 24412
28644 20 22 24426
28646 20 3 24490
28650 20 21 23621
28652 20 5 23579
28660 20 5 24575
28662 20 19 24352
28686 20 9 24024
28688 20 19 23572
28704 20 15 23631
28706 20 21 24401
28714 20 22 23838
28716 20 19 24208
28718 20 19 23692
28720 20 5 24347
28722 20 21 23693
28724 20 1 23780
28726 20 22 24366
28728 20 23 23611
28730 20 14 23702
28732 20 9 23712
28734 20 10 23725
28740 20 9 24240
28744 20 1 23588
28746 20 1 23600
28748 20 5 24059
28750 20 9 24060
28764 20 22 23982
28766 20 2 23637
28772 20 2 23913
28774 20 21 23945
28778 20 2 23565
28780 20 3 23566
28782 20 23 23623
28784 20 9 24108
28786 20 1 24236
28788 20 14 23606
28798 20 15 24519
28802 20 21 23969
28808 20 3 23578
28816 20 15 23727
28818 20 23 24439
28820 20 9 23556
28824 20 19 24388
28832 20 3 23794
28836 20 10 23797
28840 20 10 23821
28846 20 22 24090
28848 20 2 24465
28850 20 5 24515
28852 20 2 24573
28862 20 9 24096
28864 20 15 24435
28868 20 23 24511
28872 20 19 23776
28874 20 14 23906
28876 20 10 24229
28880 20 19 24220
28890 20 10 24337
28892 20 14 24194
28894 20 1 24296
28896 20 10 24397
28904 20 14 24314
28906 20 22 24402
28908 20 1 23804
28910 20 15 23859
28912 20 23 23923
28914 20 15 23991
28916 20 23 24403
28918 20 9 24540
28920 20 9 23832
28922 20 5 24023
28924 20 14 24458
28926 20 5 24095
28930 20 3 23734
28936 20 5 23723
28938 20 22 23934
28958 20 14 23834
28966 20 2 24249
28986 20 10 24265
28988 20 22 24294
28996 20 23 23875
29000 20 1 24284
29002 20 19 23896
29006 20 2 23589
29008 20 21 23933
29014 20 10 23833
29016 20 1 24128
29020 20 23 24475
29022 20 2 24117
29024 20 10 24133
29026 20 1 24416
29028 20 23 24427
29030 20 23 23983
29034 20 14 24218
29054 20 1 24548
29064 20 5 24563
29068 20 23 24139
29082 20 23 24535
29086 20 10 23785
29096 20 5 23831
29100 20 10 23653
29102 20 2 23673
29108 20 22 23586
29112 20 15 23955
29130 20 22 23946
29134 20 23 23755
29138 20 1 24308
29140 20 14 24386
29142 20 3 23962
29148 20 10 24421
29152 20 21 24305
29168 20 15 23979
29174 20 14 24158
29178 20 9 24252
29182 20 21 24317
29198 20 21 24509
29230 20 3 23998
29236 20 22 24558
29238 20 19 23560
29256 20 2 24309
29258 20 23 23839
29260 20 5 24107
29268 20 15 23835
29270 20 14 24050
29272 20 3 24406
29284 20 2 23973
29286 20 19 24028
29292 20 21 23873
29320 20 10 24049
29334 20 14 23714
29342 20 2 23889
29344 20 5 23603
29348 20 15 23811
29350 20 5 23627
29352 20 19 23680
29358 20 5 24047
29360 20 9 24264
29364 20 9 24528
29368 20 14 24554
29382 20 23 23887
29384 20 23 23851
29386 20 19 23740
29388 20 21 24197
29402 20 9 24048
29410 20 22 23610
29412 20 5 24131
29414 20 10 24289
29416 20 5 23891
29418 20 15 24147
29420 20 23 24343
29422 20 22 24114
29424 20 14 24494
29426 20 14 23774
29442 20 22 23922
29444 20 19 23884
29460 20 5 24503
29480 20 15 24183
29486 20 22 23718
29490 20 3 23986
29512 20 2 23757
29514 20 2 23781
29516 20 1 23648
29522 20 9 23904
29526 20 22 24018
29530 20 22 24438
29550 20 3 24010
29570 20 15 24207
29594 20 10 23881
29596 20 2 23997
29598 20 19 23596
29600 20 21 23765
29602 20 10 24541
29620 20 1 24212
29622 20 21 23849
29624 20 2 23733
29632 20 23 23899
29648 20 23 24499
29650 20 15 24531
29658 20 2 24213
29660 20 22 24066
29666 20 19 24148
29668 20 9 24120
29678 20 3 24166
29686 20 2 24261
29694 20 19 23920
29702 20 3 24454
29724 20 22 23634
29746 20 15 23595
29750 20 10 23929
29752 20 22 24210
29754 20 10 24181
29758 20 21 24125
29786 20 15 24339
29794 20 15 23691
29798 20 9 24276
29800 20 5 24551
29810 20 10 23917
29826 20 19 23824
29828 20 21 23993
29846 20 21 23921
29858 20 19 24460
29900 20 21 23777
29926 20 10 24061
29930 20 1 23756
29932 20 1 24080
29940 20 9 24396
29942 20 1 23660
29946 20 19 23836
29948 20 22 23862
29950 20 15 23895
29952 20 22 23898
29954 20 1 23936
29956 20 14 24290
29958 20 9 24384
29968 20 15 24051
29970 20 21 24173
29972 20 14 24446
29996 20 22 24186
30002 20 3 24358
30004 20 9 23724
30052 20 23 24367
30062 20 19 24136
30068 20 22 24246
30070 20 22 23790
30072 20 14 23654
30106 20 21 24485
30130 20 2 24333
30152 20 21 23813
30174 20 22 23970
30176 20 19 24340
30192 20 23 24103
30196 20 2 24105
30198 20 23 24295
30200 20 10 24013
30202 20 19 23704
30220 20 1 23876
30270 20 2 23601
30298 20 3 23914
30336 20 9 23736
30338 20 3 24394
30340 20 1 24164
30342 20 5 24119
30344 20 5 24179
30374 20 10 24325
30376 20 1 24344
30380 20 2 23925
30392 20 2 24453
30396 20 14 23798
30398 20 9 23880
30404 20 1 24404
30418 20 5 23591
30426 20 2 24477
30440 20 21 23957
30442 20 9 23964
30444 20 10 24361
30448 20 21 23729
30468 20 9 23856
30478 20 21 24557
30480 20 2 23613
30494 20 19 24100
30498 20 23 24007
30500 20 1 24056
30502 20 3 24034
30512 20 15 24555
30520 20 15 23643
30522 20 1 24176
30524 20 1 23924
30530 20 5 23867
30540 20 2 24441
30608 20 2 23649
30646 20 9 23772
30648 20 22 23730
30650 20 19 23908
30684 20 21 24377
30690 20 1 24044
30694 20 5 24215
30696 20 10 24301
30756 20 23 24283
30758 20 14 24074
30768 20 10 24385
30776 20 9 24372
30826 20 15 23739
30864 20 15 24219
30874 20 23 23719
30878 20 1 24380
30888 20 9 23976
30892 20 3 24082
30906 20 19 24004
30908 20 2 23721
30916 20 15 24327
30938 20 2 24189
30956 20 9 23688
30990 20 14 24434
30992 20 15 24447
31002 20 5 24383
31004 20 15 23847
31006 20 19 23968
31008 20 10 24517
31020 20 10 23641
31038 20 10 23869
31040 20 21 23933
31046 20 19 24172
31050 20 21 23645
31052 20 9 24516
31058 20 3 23770
31080 20 22 23574
31088 20 22 23694
31092 20 15 23931
31118 20 23 24559
31144 20 14 24470
31148 20 9 23844
31150 20 1 24032
31168 20 2 24093
31202 20 21 23825
31204 20 23 23995
31210 20 10 23593
31246 20 1 23852
31250 20 19 24436
31264 20 21 24077
31272 20 21 24437
31274 20 1 24068
31288 20 19 23620
31306 20 14 24110
31314 20 19 23884
31332 20 2 24357
31358 20 21 24269
31388 20 3 24238
31400 20 5 24323
31424 20 9 23676
31426 20 3 24046
31428 20 5 24443
31468 20 21 24329
31480 20 23 23563
31484 20 14 23570
31498 20 21 24161
31502 20 22 23802
31506 20 15 23943
31508 20 15 24351
31518 20 1 23576
31520 20 10 24241
31524 20 3 24550
31604 20 9 24348
31608 20 14 24050
31616 20 9 23892
31624 20 22 23622
31644 20 21 23981
31646 20 15 24099
31648 20 21 24497
31668 20 19 23692
31674 20 9 24300
31688 20 1 24332
31720 20 3 23974
31812 20 3 23878
31828 20 9 23988
31830 20 19 24052
31832 20 15 24303
31842 20 3 23926
31878 20 19 23716
31900 20 19 23980
31902 20 3 23590
31904 20 5 23723
31942 20 19 23992
31956 20 22 23754
31966 20 23 23635
31968 20 19 23644
31970 20 1 23696
31972 20 15 24111
31974 20 19 24112
31976 20 2 24165
31978 20 19 24256
31990 20 19 23944
31992 20 22 24114
31994 20 19 24424
32006 20 22 23634
32016 20 3 24286
32032 20 14 23678
32036 20 10 24581
32038 20 23 24707
32040 20 14 24606
32042 20 23 25391
32044 20 19 24596
32048 20 22 24610
32050 20 3 24650
32052 20 1 24600
32054 20 5 24615
32056 20 2 24577
32058 20 15 24595
32060 20 23 24587
32062 20 21 25149
32064 20 15 24619
32070 20 14 24594
32072 20 22 24706
32074 20 1 24672
32076 20 1 24708
32078 20 22 24718
32080 20 15 24631
32084 20 1 24612
32088 20 21 24585
32090 20 14 24642
32092 20 21 24693
32094 20 23 24719
32104 20 2 24673
32106 20 1 24624
32108 20 5 24603
32110 20 5 24711
32112 20 9 24748
32114 20 5 24747
32116 20 15 24691
32118 20 22 24682
32122 20 22 24766
32126 20 9 24772
32128 20 1 24636
32132 20 19 24704
32136 20 5 24723
32138 20 2 24733
32140 20 14 24750
32142 20 2 24589
32144 20 9 24616
32150 20 1 24744
32152 20 21 24861
32154 20 9 24784
32158 20 23 24779
32160 20 22 24730
32162 20 1 24660
32164 20 3 24794
32166 20 14 24786
32168 20 14 24810
32170 20 10 24701
32172 20 23 24623
32174 20 3 24818
32178 20 21 24717
32180 20 10 24833
32182 20 5 24699
32186 20 5 24591
32190 20 19 24680
32192 20 15 24727
32194 20 21 24837
32198 20 2 24781
32200 20 2 24793
32202 20 2 24685
32204 20 3 24674
32206 20 14 24714
32208 20 5 24819
32210 20 2 24613
32220 20 2 24841
32222 20 14 24582
32224 20 5 24735
32226 20 19 24584
32228 20 22 24874
32234 20 2 24757
32236 20 9 25132
32242 20 21 24777
32248 20 5 24831
32250 20 23 24875
32256 20 1 24852
32262 20 21 24741
32264 20 3 24890
32270 20 5 24843
32274 20 3 25454
32276 20 23 24887
32280 20 5 24579
32288 20 2 24697
32292 20 5 24891
32296 20 23 24671
32300 20 15 24919
32302 20 19 24800
32310 20 22 24742
32312 20 19 24896
32316 20 21 24645
32320 20 23 24851
32322 20 5 24879
32324 20 23 24659
32326 20 23 24971
32328 20 15 24979
32330 20 10 24893
32344 20 3 24806
32346 20 15 24871
32350 20 10 24845
32354 20 14 24834
32356 20 14 24894
32364 20 3 24866
32366 20 5 24903
32372 20 1 25008
32374 20 2 25021
32376 20 15 24607
32384 20 1 24900
32386 20 22 24934
32388 20 3 24686
32390 20 1 24876
32402 20 2 25009
32404 20 1 24840
32410 20 22 25042
32414 20 23 25007
32416 20 15 25015
32428 20 21 24681
32432 20 21 24789
32434 20 10 24725
32438 20 14 25050
32450 20 10 24773
32452 20 9 24892
32458 20 22 24838
32460 20 10 24653
32462 20 14 24774
32468 20 15 25051
32470 20 1 25104
32472 20 10 25157
32478 20 5 25047
32480 20 23 24683
32484 20 1 24816
32486 20 10 24917
32506 20 21 24801
32510 20 21 25005
32512 20 10 24857
32518 20 1 24948
32530 20 22 24922
32532 20 14 25062
32536 20 14 24870
32538 20 3 24614
32542 20 21 24897
32544 20 2 25033
32548 20 14 24762
32552 20 19 25016
32554 20 19 24848
32556 20 14 25014
32562 20 23 24863
32564 20 10 25061
32588 20 21 24885
32592 20 5 24915
32594 20 22 24670
32596 20 22 24946
32620 20 19 25148
32622 20 9 24640
32624 20 9 24592
32626 20 10 24797
32630 20 19 25052
32632 20 2 24649
32634 20 14 25170
32644 20 10 25013
32650 20 3 24698
32656 20 3 25034
32664 20 15 24991
32668 20 1 25164
32670 20 3 24830
32676 20 9 24844
32686 20 15 24895
32694 20 22 25126
32696 20 21 25125
32698 20 21 25173
32702 20 2 24853
32706 20 2 24997
32712 20 1 25068
32724 20 9 25168
32726 20 22 24970
32728 20 19 25124
32740 20 19 25100
32742 20 5 24927
32748 20 1 25152
32754 20 1 25572
32758 20 5 25023
32760 20 1 25092
32764 20 19 24860
32768 20 3 25070
32770 20 22 25066
32778 20 3 25058
32782 20 3 25154
32790 20 21 25185
32794 20 23 25043
32806 20 9 24664
32808 20 14 24966
32810 20 1 24684
32818 20 1 25200
32822 20 5 24963
32824 20 3 25166
32826 20 1 25188
32828 20 14 24978
32830 20 2 25045
32832 20 14 24618
32862 20 1 24828
32866 20 9 24820
32868 20 5 25035
32874 20 15 25123
32884 20 3 24938
32890 20 10 25181
32900 20 9 25036
32910 20 2 25105
32912 20 3 25106
32914 20 3 25274
32924 20 23 24743
32926 20 14 24858
32928 20 5 25059
32930 20 23 25067
32932 20 14 25266
32934 20 10 25241
32936 20 22 25054
32950 20 2 24985
32952 20 23 25091
32960 20 22 25222
32962 20 1 25272
32972 20 2 25165
32984 20 3 24962
32986 20 5 25263
32988 20 5 25275
32990 20 9 25120
32998 20 2 24721
33002 20 1 24792
33004 20 21 24849
33006 20 10 24749
33008 20 22 24886
33020 20 2 25153
33022 20 15 25279
33036 20 9 25048
33038 20 15 25255
33040 20 15 25303
33042 20 14 25302
33046 20 5 24855
33048 20 23 24959
33062 20 2 25261
33064 20 14 25278
33074 20 9 25204
33076 20 23 25319
33078 20 14 25362
33080 20 19 24992
33090 20 2 24973
33092 20 19 25064
33108 20 21 25305
33112 20 10 25277
33114 20 19 24608
33116 20 14 25194
33118 20 23 25163
33126 20 5 25299
33128 20 2 24769
33130 20 23 25175
33146 20 22 25306
33148 20 10 24761
33170 20 19 25304
33174 20 3 25190
33182 20 9 25108
33190 20 15 24823
33194 20 15 24943
33212 20 19 25292
33214 20 10 25301
33216 20 1 24768
33218 20 23 25139
33224 20 22 24850
33230 20 22 24994
33236 20 15 25231
33238 20 19 24728
33240 20 9 24760
33242 20 3 25322
33244 20 3 25334
33252 20 1 25344
33262 20 10 24809
33268 20 5 25071
33270 20 19 25568
33278 20 19 25328
33280 20 19 24968
33310 20 1 25056
33312 20 5 25167
33316 20 10 24593
33320 20 22 25090
33322 20 10 25097
33324 20 14 24918
33330 20 14 25314
33338 20 15 25195
33350 20 21 25329
33352 20 2 24913
33372 20 2 25309
33374 20 19 25076
33378 20 3 25238
33380 20 23 25031
33382 20 9 25192
33384 20 15 25267
33394 20 3 25082
33402 20 9 25372
33424 20 14 25290
33442 20 15 24667
33450 20 9 25084
33458 20 5 25227
33460 20 21 25365
33466 20 19 25400
33468 20 21 25233
33470 20 10 24881
33472 20 3 24986
33474 20 3 25022
33476 20 23 25331
33482 20 3 24926
33486 20 22 25138
33490 20 22 25162
33492 20 21 25029
33494 20 9 25288
33496 20 14 25242
33502 20 3 25094
33516 20 22 25150
33518 20 2 25285
33530 20 22 25198
33550 20 3 25394
33574 20 2 25357
33600 20 15 25291
33608 20 9 25324
33614 20 19 25316
33618 20 22 24958
33620 20 14 25254
33626 20 5 25203
33630 20 14 25446
33636 20 2 25273
33638 20 5 25083
33640 20 15 24931
33642 20 23 25187
33652 20 3 25310
33660 20 9 25432
33662 20 15 25435
33664 20 22 25102
33670 20 9 25420
33684 20 10 25421
33690 20 5 24807
33692 20 1 24912
33704 20 1 25236
33712 20 5 25143
33718 20 5 25311
33724 20 5 25359
33728 20 14 24798
33734 20 19 25280
33736 20 21 24597
33740 20 22 25246
33744 20 2 25189
33754 20 19 25436
33760 20 19 24764
33782 20 10 25169
33792 20 5 25239
33794 20 2 25345
33796 20 1 25404
33858 20 23 25439
33880 20 14 25458
33884 20 5 25215
33888 20 1 25320
33890 20 15 25459
33892 20 9 24880
33896 20 14 24954
33908 20 19 25376
33912 20 23 25127
33916 20 1 25260
33918 20 21 25425
33942 20 14 25494
33944 20 23 25499
33946 20 1 25500
33962 20 21 25521
33964 20 1 24720
33972 20 21 25401
33974 20 19 25088
33976 20 10 24869
33980 20 5 25515
34010 20 10 25349
34024 20 21 24969
34056 20 5 25395
34068 20 9 25360
34094 20 21 25221
34096 20 23 24815
34098 20 14 25218
34104 20 5 25323
34132 20 3 25514
34140 20 9 25540
34154 20 9 25180
34164 20 14 25374
34166 20 22 25558
34168 20 21 25209
34170 20 9 24928
34174 20 1 24756
34180 20 21 25461
34186 20 23 25355
34194 20 2 25093
34198 20 5 25251
34202 20 1 25308
34204 20 23 25451
34206 20 5 25503
34216 20 19 24716
34234 20 15 25363
34238 20 2 25381
34244 20 3 24722
34246 20 2 24805
34248 20 23 25343
34254 20 14 25206
34264 20 14 25134
34268 20 14 25578
34274 20 1 24888
34276 20 5 24627
34298 20 22 25006
34302 20 23 25487
34306 20 10 25001
34322 20 1 25116
34324 20 2 25973
34326 20 15 25991
34328 20 10 25773
34330 20 5 25663
34332 20 22 25706
34334 20 10 25941
34336 20 5 25975
34338 20 19 26316
34340 20 21 26389
34342 20 23 25887
34344 20 15 26027
34346 20 23 26115
34348 20 21 25681
34350 20 9 25688
34352 20 22 26054
34354 20 22 26126
34356 20 14 25654
34358 20 22 26886
34360 20 10 26965
34362 20 15 27087
34364 20 5 26699
34366 20 22 27330
34368 20 19 27100
34370 20 3 27130
34372 20 21 27617
