0 21 24 17191
2 21 0 16624
4 21 2 16577
6 21 24 16703
8 21 0 15360
10 21 0 15416
12 21 14 15676
14 21 24 15415
16 21 14 15404
18 21 0 15432
20 21 24 15399
24 21 0 15472
26 21 22 15366
28 21 22 15406
30 21 4 15426
32 21 2 15449
34 21 14 15380
38 21 14 15500
40 21 22 15454
42 21 4 15458
44 21 0 15392
48 21 0 15504
50 21 24 15559
54 21 10 15451
58 21 4 15490
62 21 0 15440
64 21 0 15408
70 21 24 15543
72 21 2 15561
74 21 10 15499
76 21 4 15506
80 21 14 15468
82 21 22 15510
86 21 22 15494
90 21 22 15598
92 21 0 15632
94 21 4 15530
98 21 14 15604
100 21 10 15395
102 21 24 15567
104 21 10 15595
106 21 0 15600
108 21 2 15433
110 21 14 15460
116 21 4 15626
118 21 20 15533
120 21 10 15603
122 21 20 15677
126 21 20 15517
128 21 10 15531
130 21 14 15580
132 21 0 15560
134 21 24 15495
138 21 4 15586
142 21 10 15411
144 21 2 15377
148 21 2 15673
156 21 14 15700
158 21 20 15709
164 21 14 15540
166 21 22 15750
172 21 0 15736
174 21 4 15442
178 21 0 15568
180 21 10 15619
182 21 22 15678
184 21 22 15486
186 21 10 15731
188 21 22 15742
190 21 20 15461
192 21 24 15407
196 21 14 15652
200 21 2 15729
202 21 20 15613
210 21 10 15755
212 21 20 15637
216 21 20 15589
226 21 24 15783
228 21 22 15502
230 21 24 15823
232 21 20 15493
238 21 10 15715
240 21 24 15743
244 21 10 15787
248 21 2 15793
250 21 0 15840
252 21 10 15843
254 21 22 15846
258 21 14 15548
266 21 4 15522
268 21 24 15735
272 21 10 15443
274 21 4 15482
276 21 2 15697
282 21 20 15525
284 21 0 15744
286 21 20 15821
288 21 24 15367
290 21 0 15368
292 21 0 15544
316 21 14 15780
318 21 24 15439
324 21 4 15842
326 21 0 15376
328 21 24 15631
330 21 4 15666
332 21 10 15739
334 21 2 15857
336 21 4 15858
340 21 14 15564
342 21 22 15566
354 21 0 15784
358 21 22 15798
364 21 20 15541
366 21 2 15881
368 21 0 15832
370 21 0 15400
376 21 24 15815
378 21 14 15868
380 21 22 15870
382 21 14 15516
384 21 14 15620
396 21 20 15885
426 21 14 15428
428 21 2 15681
432 21 22 15518
454 21 0 15896
456 21 0 15920
458 21 24 15759
460 21 10 15699
478 21 22 15910
482 21 14 15820
484 21 4 15850
488 21 14 15900
490 21 24 15615
496 21 24 15839
498 21 22 15902
502 21 24 15511
510 21 22 15606
514 21 22 15830
520 21 14 15932
542 21 0 15912
546 21 14 15492
554 21 20 15893
560 21 10 15507
574 21 0 15464
578 21 22 15694
580 21 10 15779
582 21 14 15796
586 21 24 15727
590 21 4 15362
592 21 14 15612
594 21 0 15656
596 21 20 15373
598 21 24 15519
610 21 20 15805
616 21 10 15955
618 21 0 15960
622 21 2 15873
650 21 14 15684
652 21 20 15389
654 21 10 16003
656 21 20 15445
666 21 14 15724
670 21 2 15849
672 21 14 15524
678 21 14 15452
682 21 2 16041
686 21 0 16040
690 21 24 15719
694 21 2 15937
696 21 0 15976
702 21 2 16033
704 21 24 15679
706 21 20 15917
710 21 2 16017
712 21 22 16214
728 21 14 15988
734 21 2 15625
738 21 24 15991
740 21 0 15728
752 21 20 15629
756 21 14 16020
760 21 4 15738
762 21 24 16007
764 21 4 15594
768 21 4 15786
776 21 2 15913
778 21 14 16012
794 21 4 15930
796 21 14 16100
802 21 10 15851
812 21 20 15789
814 21 24 15967
840 21 2 15977
844 21 4 16002
848 21 20 16061
870 21 4 16034
872 21 2 16073
874 21 14 16084
886 21 4 15658
902 21 20 15925
906 21 24 15943
910 21 0 15576
914 21 14 15748
916 21 10 15403
920 21 20 16021
922 21 10 15835
926 21 10 15859
934 21 0 16112
938 21 20 16093
942 21 0 15880
946 21 2 15393
974 21 14 15948
976 21 14 16044
986 21 22 15822
992 21 14 16036
1004 21 0 15848
1006 21 24 15911
1010 21 24 15655
1012 21 14 16116
1040 21 22 16110
1042 21 20 16125
1052 21 4 15970
1056 21 20 16069
1068 21 2 15993
1080 21 22 15886
1086 21 4 16050
1090 21 20 15989
1092 21 0 15992
1094 21 14 16028
1096 21 2 15425
1098 21 10 15683
1100 21 2 15689
1114 21 10 15931
1132 21 22 15934
1134 21 14 15940
1140 21 4 15770
1156 21 2 16145
1160 21 22 16086
1162 21 22 16134
1220 21 0 16016
1224 21 14 15964
1228 21 14 15508
1230 21 4 15562
1232 21 14 15788
1234 21 20 15941
1236 21 24 15583
1244 21 0 15944
1248 21 10 16155
1252 21 4 15906
1254 21 2 15953
1256 21 2 15785
1258 21 20 15829
1266 21 24 16135
1274 21 0 15800
1276 21 20 15685
1294 21 0 16184
1312 21 10 16131
1314 21 2 16169
1316 21 0 16176
1328 21 2 15905
1330 21 10 16139
1332 21 4 16146
1334 21 0 16168
1338 21 22 16158
1342 21 0 16000
1352 21 20 16101
1356 21 14 15644
1358 21 14 15844
1360 21 14 15884
1362 21 20 15957
1364 21 20 15565
1366 21 2 16193
1376 21 24 15895
1378 21 24 16111
1390 21 24 15855
1398 21 2 15521
1416 21 20 16221
1442 21 10 16243
1486 21 0 16064
1488 21 4 16170
1508 21 24 16119
1514 21 2 16217
1516 21 14 16196
1518 21 10 15875
1546 21 24 16143
1552 21 24 16055
1566 21 20 15997
1568 21 4 16042
1570 21 10 15587
1574 21 14 16268
1576 21 22 15646
1578 21 10 16211
1580 21 10 15771
1584 21 24 16215
1610 21 14 16260
1616 21 10 15475
1630 21 4 16106
1632 21 14 15852
1634 21 2 15569
1640 21 4 15674
1654 21 2 16233
1666 21 4 15450
1668 21 20 15733
1672 21 10 15939
1674 21 2 16025
1676 21 2 15897
1678 21 22 15470
1680 21 10 16307
1682 21 14 16060
1698 21 14 16156
1708 21 22 16078
1710 21 0 16056
1714 21 24 16175
1716 21 22 16166
1718 21 20 15701
1724 21 20 16181
1764 21 0 16280
1768 21 10 15707
1770 21 10 16275
1788 21 2 16153
1790 21 14 15388
1796 21 20 16141
1800 21 2 15705
1802 21 22 16070
1820 21 24 16247
1824 21 14 15764
1828 21 2 16281
1830 21 4 15762
1846 21 4 15794
1862 21 0 16264
1864 21 22 16038
1866 21 0 16080
1868 21 10 16147
1896 21 2 16369
1922 21 14 16172
1924 21 4 16178
1928 21 24 16279
1952 21 2 16257
1954 21 2 16313
1956 21 14 16340
1964 21 0 16240
1966 21 14 16212
1968 21 2 15497
1970 21 22 15966
1974 21 0 19856
1976 21 14 18956
1978 21 0 10408
1980 21 10 10699
1982 21 4 11226
1984 21 10 10747
1986 21 24 11175
1988 21 4 10522
1990 21 24 10287
1992 21 0 10904
1994 21 4 11250
1996 21 0 10592
1998 21 22 10958
2002 21 4 10650
2006 21 10 11003
2008 21 10 11227
2010 21 2 11249
2012 21 20 10461
2014 21 22 10462
2016 21 22 10526
2018 21 0 10768
2020 21 24 10919
2022 21 24 10903
2024 21 20 10789
2026 21 4 11058
2028 21 22 10718
2030 21 4 10362
2036 21 10 10955
2038 21 2 11081
2044 21 14 10364
2046 21 4 11010
2048 21 0 11056
2050 21 4 10818
2052 21 24 11215
2056 21 20 11245
2058 21 20 10445
2060 21 10 10683
2062 21 24 10631
2064 21 22 11222
2066 21 2 10457
2068 21 20 10565
2070 21 4 10738
2072 21 10 10795
2074 21 14 10644
2076 21 10 11139
2078 21 0 10496
2080 21 22 10334
2082 21 4 10354
2086 21 24 11007
2088 21 22 10518
2090 21 0 10600
2092 21 14 10620
2094 21 2 10689
2096 21 20 10965
2098 21 4 11098
2100 21 14 10388
2102 21 22 10398
2104 21 2 10481
2106 21 20 10493
2108 21 14 10500
2110 21 10 10515
2112 21 2 10585
2114 21 10 10635
2116 21 22 10990
2118 21 2 11209
2120 21 10 10651
2124 21 24 10855
2126 21 4 10962
2128 21 14 11060
2140 21 2 10601
2142 21 14 10636
2146 21 20 10693
2154 21 0 11248
2156 21 20 11077
2158 21 20 10285
2160 21 10 10755
2162 21 4 11202
2168 21 22 10294
2170 21 24 10295
2172 21 0 10296
2174 21 20 10357
2176 21 4 10458
2178 21 24 10559
2180 21 0 10688
2182 21 20 10885
2184 21 14 10916
2186 21 22 10918
2188 21 20 11013
2190 21 10 11019
2192 21 14 11028
2196 21 24 10335
2198 21 10 10347
2200 21 24 10551
2210 21 20 10805
2214 21 24 10959
2216 21 4 11194
2218 21 2 11049
2220 21 22 11206
2222 21 4 10330
2224 21 24 10831
2228 21 22 10590
2230 21 2 10905
2234 21 24 11127
2236 21 4 11138
2242 21 4 10466
2260 21 20 11045
2262 21 0 11072
2264 21 24 11015
2266 21 22 11062
2268 21 0 10288
2270 21 10 10907
2272 21 24 10687
2276 21 10 10451
2278 21 4 10610
2280 21 14 10996
2282 21 14 11188
2288 21 10 10627
2290 21 2 10617
2294 21 10 10435
2298 21 22 10302
2300 21 2 10465
2302 21 22 10550
2306 21 24 11039
2314 21 10 10523
2316 21 4 10434
2320 21 14 10468
2322 21 24 10719
2328 21 24 10639
2330 21 22 11054
2332 21 22 11198
2342 21 22 10790
2344 21 4 10994
2346 21 14 10572
2348 21 4 10418
2352 21 2 10361
2356 21 14 10612
2362 21 14 10316
2364 21 2 10569
2370 21 4 10562
2372 21 10 10355
2374 21 14 10356
2376 21 24 10431
2378 21 24 10471
2380 21 0 10528
2382 21 22 10726
2384 21 0 10744
2388 21 2 11137
2390 21 2 11169
2400 21 4 10978
2402 21 10 10331
2404 21 4 10594
2408 21 2 11177
2416 21 22 10926
2420 21 14 10860
2422 21 22 11014
2426 21 10 11243
2428 21 14 11260
2430 21 10 10403
2436 21 4 10506
2438 21 14 10676
2440 21 24 10759
2442 21 22 10870
2446 21 24 11135
2456 21 22 10710
2458 21 10 10779
2460 21 20 10381
2464 21 14 10396
2466 21 0 10720
2468 21 20 10341
2470 21 14 10292
2474 21 10 11091
2478 21 22 10406
2480 21 20 10485
2482 21 14 10788
2484 21 10 10971
2490 21 14 10492
2502 21 14 11084
2504 21 20 10989
2508 21 14 10836
2510 21 24 10975
2512 21 0 10976
2514 21 0 11048
2520 21 24 11143
2522 21 22 10902
2528 21 2 10705
2532 21 2 11121
2538 21 24 11055
2540 21 24 10679
2542 21 10 10291
2552 21 24 10927
2560 21 0 10472
2562 21 4 10514
2564 21 0 10784
2572 21 2 10297
2574 21 20 10541
2576 21 14 10580
2578 21 14 10940
2580 21 0 10968
2582 21 0 11112
2584 21 14 10300
2586 21 2 10425
2588 21 14 10988
2592 21 22 11118
2594 21 4 10546
2596 21 2 10593
2598 21 24 10767
2600 21 22 10638
2602 21 24 10775
2604 21 22 11214
2618 21 22 10486
2620 21 20 10741
2622 21 2 10761
2624 21 22 10830
2628 21 4 11258
2634 21 20 10861
2636 21 24 10575
2640 21 4 10306
2644 21 14 11076
2652 21 24 10607
2654 21 2 10969
2658 21 14 10324
2668 21 0 10560
2678 21 4 10298
2680 21 24 10423
2682 21 0 10512
2690 21 0 10608
2692 21 2 10657
2694 21 4 10682
2698 21 4 10722
2704 21 10 10875
2706 21 10 10995
2712 21 2 10937
2714 21 4 10938
2716 21 14 10964
2718 21 22 11046
2720 21 14 10428
2722 21 2 10793
2724 21 0 10888
2726 21 22 10950
2728 21 0 10960
2736 21 0 10440
2738 21 10 11035
2744 21 2 10769
2746 21 4 10874
2750 21 20 10957
2752 21 20 11101
2754 21 2 10449
2758 21 22 10886
2766 21 20 10549
2770 21 4 10626
2772 21 4 10970
2774 21 10 11219
2778 21 20 11053
2790 21 22 10750
2804 21 14 10852
2818 21 10 10891
2822 21 10 11011
2826 21 20 10797
2830 21 14 10436
2842 21 4 10986
2844 21 20 11069
2866 21 0 10544
2872 21 2 10913
2874 21 2 11025
2876 21 4 10778
2880 21 10 10491
2882 21 14 10780
2884 21 20 11237
2888 21 10 11163
2898 21 22 11254
2910 21 20 10509
2916 21 2 10417
2918 21 0 10856
2922 21 24 10303
2926 21 0 10464
2928 21 10 10467
2936 21 10 10715
2950 21 4 10930
2954 21 14 10564
2976 21 10 11115
2988 21 20 11021
2990 21 0 10480
2994 21 24 10351
3004 21 24 10815
3006 21 24 11191
3008 21 22 10646
3010 21 24 10647
3012 21 22 10670
3014 21 10 10731
3030 21 4 10698
3032 21 4 10810
3034 21 10 11171
3036 21 24 10871
3040 21 14 11220
3052 21 4 10410
3054 21 24 10583
3058 21 14 10900
3090 21 20 10517
3094 21 20 11133
3100 21 20 10717
3110 21 0 10656
3112 21 2 10369
3114 21 0 10568
3116 21 0 10808
3118 21 2 10833
3126 21 0 10920
3128 21 0 10488
3130 21 0 10992
3138 21 14 10812
3144 21 14 11044
3146 21 10 11235
3156 21 0 10760
3180 21 14 10388
3182 21 4 10442
3186 21 20 10637
3190 21 0 10896
3192 21 2 10897
3196 21 24 10455
3232 21 10 10947
3236 21 4 11058
3238 21 24 11071
3250 21 0 11128
3254 21 10 10595
3256 21 20 10941
3262 21 4 11210
3264 21 20 10933
3300 21 0 10504
3302 21 2 10505
3318 21 14 10820
3322 21 10 10859
3324 21 2 11145
3338 21 4 10386
3344 21 2 10945
3366 21 2 10289
3368 21 4 10314
3372 21 4 10346
3374 21 20 11125
3380 21 20 10309
3384 21 20 10949
3386 21 2 10929
3396 21 0 11208
3404 21 10 10523
3408 21 0 11104
3412 21 2 10313
3430 21 0 11096
3442 21 22 10534
3484 21 14 10380
3490 21 2 10865
3508 21 14 10796
3520 21 22 10446
3526 21 4 10914
3528 21 14 10924
3530 21 22 11262
3542 21 0 10816
3550 21 14 10628
3554 21 0 10664
3556 21 10 10667
3558 21 20 10685
3562 21 20 10973
3566 21 20 10653
3576 21 22 10614
3580 21 14 10524
3586 21 0 10712
3588 21 20 10837
3598 21 20 10621
3610 21 2 10633
3618 21 22 10598
3626 21 4 10954
3636 21 22 11102
3638 21 22 11126
3650 21 2 11153
3654 21 4 10674
3658 21 24 11199
3670 21 20 10589
3672 21 2 10753
3674 21 10 10899
3684 21 24 10519
3712 21 4 10370
3714 21 2 10473
3720 21 4 10338
3724 21 2 10561
3726 21 4 10746
3736 21 20 10301
3738 21 20 10661
3742 21 0 10824
3748 21 14 11092
3750 21 10 11155
3762 21 10 10483
3764 21 24 10487
3790 21 24 10327
3792 21 24 10655
3800 21 22 10982
3802 21 22 11006
3806 21 14 11036
3816 21 2 10553
3818 21 24 10807
3828 21 24 10407
3834 21 0 10928
3846 21 14 10652
3850 21 22 10854
3852 21 0 10880
3856 21 0 11064
3858 21 20 10669
3862 21 10 10579
3872 21 14 10804
3902 21 24 11183
3932 21 20 10997
3934 21 22 11038
3942 21 2 10961
3944 21 10 11227
3958 21 10 11203
3970 21 2 10825
3996 21 20 11213
4012 21 14 11116
4034 21 20 10781
4050 21 2 10841
4052 21 10 10611
4054 21 24 10359
4056 21 10 10443
4064 21 20 10469
4066 21 22 10542
4068 21 20 10829
4078 21 0 11040
4084 21 14 11052
4096 21 4 10634
4098 21 10 11099
4116 21 14 10540
4126 21 20 10749
4130 21 14 10724
4146 21 10 10475
4160 21 10 11075
4162 21 4 10362
4174 21 20 10981
4176 21 2 11209
4178 21 0 11240
4184 21 20 10389
4188 21 2 10817
4192 21 14 10516
4206 21 4 10490
4212 21 24 11655
4214 21 0 12272
4216 21 4 11634
4218 21 0 11728
4220 21 24 12263
4222 21 0 11848
4224 21 14 12124
4226 21 14 11812
4228 21 0 11336
4230 21 2 11473
4232 21 0 11536
4234 21 14 11788
4236 21 4 11810
4238 21 24 11879
4240 21 4 11554
4242 21 20 11485
4246 21 14 11740
4248 21 0 11752
4252 21 0 11368
4254 21 0 11624
4256 21 14 12020
4258 21 2 11945
4260 21 2 12105
4262 21 2 11265
4264 21 20 11293
4268 21 22 11334
4272 21 10 11283
4274 21 22 11894
4276 21 0 11312
4280 21 10 12067
4282 21 20 12085
4284 21 2 11937
4286 21 20 11997
4288 21 14 11444
4290 21 2 11409
4292 21 10 11539
4294 21 14 11644
4296 21 24 11863
4298 21 20 12061
4302 21 0 11488
4304 21 0 11600
4306 21 2 11905
4308 21 14 12028
4312 21 4 11714
4314 21 0 12120
4316 21 4 11594
4318 21 20 11645
4320 21 22 11806
4322 21 2 11825
4324 21 20 11421
4326 21 0 11504
4328 21 4 12066
4330 21 20 12173
4334 21 2 11385
4336 21 20 12013
4338 21 14 11996
4340 21 22 11742
4344 21 14 12188
4346 21 24 12191
4348 21 24 11943
4350 21 20 11453
4352 21 20 11733
4354 21 0 12128
4356 21 22 11934
4358 21 14 11340
4360 21 20 11349
4362 21 0 11640
4366 21 2 11769
4368 21 10 11883
4370 21 20 11901
4374 21 22 11302
4382 21 24 11607
4384 21 10 11347
4386 21 24 11487
4388 21 2 11561
4390 21 2 11673
4392 21 14 11956
4394 21 22 11406
4396 21 0 11664
4398 21 14 12196
4400 21 4 12242
4402 21 20 11573
4406 21 4 11442
4408 21 10 12003
4410 21 10 11523
4412 21 14 11660
4414 21 0 11416
4422 21 22 11286
4424 21 2 11833
4426 21 10 12099
4428 21 24 11727
4430 21 24 12223
4432 21 10 11619
4434 21 14 11756
4438 21 4 12138
4440 21 14 11388
4442 21 14 11572
4444 21 22 11366
4446 21 20 11461
4450 21 24 11951
4454 21 2 12185
4456 21 24 12271
4458 21 22 11758
4460 21 2 11817
4472 21 0 11784
4476 21 4 12034
4480 21 20 11861
4482 21 22 11374
4484 21 24 12215
4486 21 22 11670
4488 21 0 12200
4490 21 4 12146
4492 21 22 12182
4494 21 14 11476
4496 21 20 12197
4498 21 14 11396
4506 21 14 11668
4508 21 10 11755
4510 21 0 11792
4512 21 4 11818
4516 21 0 12072
4518 21 22 11294
4520 21 20 11301
4522 21 24 11303
4524 21 0 11672
4526 21 22 11822
4528 21 22 12086
4532 21 14 12140
4534 21 24 11783
4536 21 0 12064
4540 21 0 11552
4546 21 4 12042
4548 21 24 11351
4552 21 24 11407
4560 21 4 11986
4562 21 22 12270
4564 21 14 11580
4566 21 14 12052
4568 21 22 11542
4570 21 14 11676
4576 21 20 12109
4578 21 4 11586
4580 21 4 11578
4582 21 4 11802
4584 21 24 11975
4588 21 14 12236
4600 21 4 11402
4612 21 24 11399
4614 21 2 11337
4616 21 24 11439
4618 21 22 11830
4620 21 0 11984
4622 21 10 11323
4624 21 24 12031
4628 21 20 11437
4630 21 4 11522
4632 21 2 11737
4634 21 10 12091
4644 21 24 11519
4646 21 10 11667
4648 21 20 11701
4666 21 10 12251
4668 21 20 11621
4674 21 20 11965
4680 21 20 11629
4682 21 10 12211
4684 21 0 12256
4690 21 2 12193
4692 21 14 11516
4694 21 22 11606
4696 21 4 11834
4698 21 4 11946
4714 21 2 11697
4716 21 14 11852
4718 21 0 11424
4720 21 24 11431
4724 21 22 11782
4726 21 22 11278
4728 21 10 11363
4732 21 22 11614
4734 21 2 11849
4736 21 4 11882
4738 21 0 11272
4740 21 0 11936
4742 21 10 12131
4750 21 24 12239
4752 21 4 11314
4760 21 2 12081
4762 21 4 11322
4764 21 0 11832
4768 21 2 12209
4776 21 14 11308
4778 21 10 11723
4780 21 2 11841
4782 21 22 11998
4784 21 24 12183
4786 21 20 11357
4794 21 2 11321
4796 21 2 11329
4798 21 0 11512
4802 21 20 11789
4806 21 2 11801
4808 21 24 12231
4816 21 20 11669
4818 21 14 11876
4820 21 22 12078
4822 21 14 12084
4824 21 20 12237
4830 21 4 11978
4834 21 0 11328
4838 21 20 12005
4840 21 22 12006
4846 21 14 11700
4848 21 10 11715
4852 21 10 11947
4858 21 0 11960
4868 21 0 11888
4874 21 10 11443
4878 21 20 11541
4880 21 0 11568
4884 21 0 11616
4886 21 10 11635
4888 21 2 11657
4892 21 20 11989
4896 21 14 11804
4900 21 0 11528
4902 21 22 11494
4914 21 4 11898
4916 21 14 11540
4920 21 14 12220
4922 21 4 11490
4932 21 14 12276
4936 21 4 11762
4942 21 0 11448
4944 21 14 11916
4948 21 20 11405
4954 21 4 11778
4956 21 20 11853
4960 21 4 11610
4962 21 10 11819
4966 21 22 11310
4972 21 20 11533
4976 21 2 11761
4988 21 2 12097
4992 21 24 11695
5012 21 20 11837
5014 21 22 12126
5026 21 24 11551
5028 21 24 11327
5040 21 22 11918
5046 21 24 12039
5054 21 22 11470
5056 21 0 11904
5058 21 20 12093
5060 21 14 12260
5066 21 24 11319
5078 21 0 11384
5090 21 4 11826
5104 21 2 11401
5106 21 4 11418
5116 21 24 11423
5120 21 10 11915
5122 21 14 12252
5124 21 2 11417
5128 21 22 11558
5130 21 20 12253
5134 21 4 12050
5136 21 4 11282
5142 21 24 11535
5152 21 4 11770
5154 21 0 12240
5156 21 10 11691
5158 21 10 11907
5166 21 4 12018
5168 21 4 11618
5174 21 14 11332
5178 21 24 11823
5180 21 24 11935
5182 21 2 12273
5204 21 20 12165
5208 21 0 12008
5210 21 24 11383
5214 21 22 11942
5218 21 0 12280
5222 21 4 11514
5228 21 14 11780
5230 21 0 12152
5240 21 14 12268
5266 21 10 11491
5274 21 0 11920
5276 21 14 11980
5284 21 20 12133
5286 21 20 11821
5294 21 2 12137
5308 21 4 11914
5312 21 24 11711
5316 21 20 11973
5318 21 10 11555
5320 21 0 12192
5322 21 10 11651
5330 21 4 11906
5332 21 22 11662
5334 21 10 11747
5352 21 10 11675
5354 21 4 11962
5364 21 14 12212
5374 21 0 11856
5376 21 0 12168
5382 21 10 11603
5386 21 14 12116
5400 21 14 11532
5410 21 0 11400
5412 21 20 11781
5414 21 4 12266
5416 21 4 11474
5424 21 22 11550
5430 21 14 11612
5434 21 0 11720
5440 21 10 11371
5446 21 0 11392
5448 21 10 11427
5452 21 4 11434
5472 21 4 11890
5484 21 24 12167
5492 21 20 12221
5494 21 24 11703
5498 21 2 11729
5500 21 2 11745
5502 21 20 11565
5510 21 10 11771
5520 21 2 11369
5526 21 2 11553
5534 21 22 11766
5536 21 2 11985
5540 21 4 11338
5548 21 24 12279
5552 21 0 11944
5570 21 10 11827
5572 21 22 12110
5594 21 22 12118
5596 21 4 11754
5598 21 14 12068
5606 21 14 11500
5610 21 20 11341
5616 21 20 12149
5626 21 4 11650
5640 21 14 11908
5642 21 10 11595
5644 21 22 11798
5672 21 20 11373
5674 21 20 11493
5676 21 24 11743
5682 21 0 11840
5694 21 0 12144
5696 21 10 12195
5698 21 2 12233
5700 21 20 11269
5702 21 20 11309
5704 21 0 11432
5710 21 4 11690
5758 21 22 11710
5768 21 24 11463
5798 21 4 11786
5820 21 10 12019
5822 21 10 12155
5824 21 0 12208
5830 21 10 11899
5844 21 2 11313
5858 21 2 12241
5864 21 0 11712
5878 21 10 12163
5888 21 14 11372
5894 21 24 11583
5896 21 2 11601
5898 21 20 11605
5904 21 20 11677
5916 21 4 12130
5918 21 4 12170
5920 21 24 12175
5930 21 10 12171
5932 21 14 11596
5940 21 14 11348
5944 21 22 11902
5950 21 14 12228
5954 21 24 11455
5956 21 0 11456
5958 21 14 11460
5962 21 14 11588
5966 21 24 11839
5968 21 2 11913
5972 21 22 11974
5974 21 10 12027
5976 21 22 12054
5978 21 10 12259
5986 21 0 12016
5988 21 2 12017
5998 21 24 11279
6006 21 20 11637
6008 21 14 12164
6020 21 24 11999
6040 21 4 12026
6048 21 10 11779
6050 21 10 11355
6058 21 24 11847
6066 21 2 12089
6092 21 20 12101
6094 21 20 11957
6100 21 0 11288
6106 21 14 12148
6108 21 10 12059
6110 21 22 12142
6120 21 20 11613
6122 21 2 11721
6132 21 14 11860
6140 21 10 11475
6144 21 20 12077
6152 21 10 11531
6162 21 4 11410
6182 21 14 11292
6186 21 24 11271
6194 21 20 11933
6196 21 10 12003
6198 21 0 12224
6200 21 24 12247
6202 21 0 11440
6204 21 14 11724
6210 21 22 11958
6212 21 10 11875
6214 21 10 11923
6226 21 0 11808
6252 21 2 11873
6268 21 2 11497
6270 21 0 12040
6276 21 4 12162
6278 21 0 12272
6312 21 4 14402
6314 21 22 14686
6316 21 14 14340
6318 21 20 14877
6320 21 0 14608
6322 21 4 15242
6324 21 20 14797
6326 21 14 14628
6328 21 20 14629
6330 21 22 14630
6332 21 24 14631
6334 21 0 14632
6336 21 22 15078
6338 21 10 14435
6340 21 20 14869
6342 21 14 14940
6344 21 24 14951
6346 21 22 14614
6348 21 4 14450
6350 21 24 14567
6354 21 4 14826
6356 21 22 14526
6360 21 24 15055
6362 21 22 14350
6364 21 24 14399
6366 21 20 14829
6368 21 14 14836
6370 21 14 14908
6372 21 10 14931
6374 21 10 15131
6376 21 20 15229
6380 21 10 14715
6382 21 24 14343
6384 21 2 14521
6386 21 2 14841
6388 21 24 14879
6390 21 22 14446
6392 21 22 14670
6394 21 20 14773
6396 21 10 14779
6398 21 4 14882
6400 21 20 14669
6402 21 0 14800
6404 21 4 14954
6406 21 10 14635
6408 21 20 15093
6412 21 14 14724
6422 21 20 14709
6424 21 24 15111
6426 21 10 14875
6428 21 20 15109
6430 21 0 14776
6432 21 4 14490
6434 21 22 14494
6436 21 20 14805
6438 21 2 14809
6440 21 22 15174
6442 21 10 14651
6444 21 0 15200
6446 21 22 14510
6448 21 2 14617
6450 21 22 14926
6458 21 4 14346
6460 21 20 14973
6462 21 10 14979
6464 21 0 14504
6466 21 0 14568
6468 21 10 14859
6470 21 0 14872
6472 21 22 15006
6474 21 24 15255
6476 21 10 15299
6486 21 24 14607
6488 21 0 15016
6490 21 24 15127
6492 21 4 15330
6498 21 20 15157
6500 21 24 15279
6502 21 4 15338
6504 21 10 15339
6506 21 4 14426
6510 21 14 14788
6512 21 24 14991
6514 21 4 14482
6516 21 4 14930
6524 21 0 15224
6526 21 2 15257
6528 21 4 15346
6532 21 10 14603
6534 21 24 14351
6536 21 10 15195
6538 21 22 14598
6540 21 4 14834
6542 21 2 15313
6546 21 4 14626
6548 21 20 14373
6550 21 24 14823
6552 21 10 14347
6554 21 4 15146
6556 21 4 14994
6558 21 4 14682
6560 21 20 14341
6562 21 20 14349
6564 21 4 14922
6566 21 22 15014
6568 21 0 14440
6570 21 2 14897
6572 21 10 15147
6574 21 2 15193
6576 21 20 15101
6578 21 14 14364
6580 21 2 14625
6582 21 2 14905
6584 21 20 15085
6586 21 20 15301
6590 21 10 15251
6592 21 24 14727
6596 21 0 14464
6598 21 4 14466
6600 21 0 14472
6602 21 24 14623
6604 21 20 15053
6606 21 14 15308
6608 21 0 14832
6612 21 24 15135
6622 21 24 14751
6632 21 22 14870
6638 21 24 15231
6646 21 4 14962
6648 21 14 14620
6650 21 4 14874
6652 21 14 15156
6658 21 24 14711
6660 21 24 14799
6670 21 24 14583
6672 21 20 14925
6678 21 0 15152
6684 21 10 14971
6686 21 22 14750
6688 21 24 15215
6702 21 4 15298
6704 21 0 15328
6706 21 22 15342
6708 21 0 15352
6710 21 4 14978
6712 21 2 14929
6726 21 24 15343
6732 21 14 15332
6740 21 14 15300
6742 21 10 15307
6758 21 22 15350
6760 21 24 15239
6764 21 20 15277
6766 21 22 14878
6768 21 10 14747
6770 21 0 14512
6772 21 2 14553
6774 21 22 14590
6776 21 24 15023
6782 21 22 14958
6792 21 0 15256
6802 21 20 15005
6804 21 10 14915
6816 21 0 14984
6822 21 14 15236
6824 21 10 14811
6826 21 2 15273
6842 21 10 15019
6844 21 4 15274
6848 21 24 14543
6850 21 14 14692
6852 21 4 14762
6854 21 0 14808
6860 21 14 15292
6862 21 2 15233
6864 21 20 14405
6866 21 10 14787
6868 21 20 14861
6872 21 2 14497
6874 21 22 15094
6876 21 24 15183
6878 21 10 15331
6880 21 10 15139
6882 21 10 14587
6888 21 14 15340
6892 21 10 15051
6900 21 24 14671
6902 21 24 15087
6904 21 14 15116
6906 21 4 14658
6908 21 4 14738
6910 21 22 14918
6920 21 24 14679
6922 21 0 14968
6938 21 22 15238
6940 21 14 14468
6942 21 22 14438
6946 21 4 14706
6948 21 22 15206
6958 21 14 14948
6960 21 20 14941
6986 21 14 14412
6990 21 10 15203
6992 21 10 14955
6994 21 20 14421
7018 21 20 14853
7022 21 20 14837
7024 21 14 14892
7026 21 14 14548
7028 21 24 14503
7030 21 4 14570
7032 21 2 15089
7034 21 4 15202
7044 21 2 14441
7048 21 22 14582
7052 21 20 15149
7054 21 22 14430
7058 21 0 15272
7060 21 20 14701
7062 21 24 15167
7066 21 20 14501
7068 21 14 15196
7072 21 22 15270
7076 21 24 14831
7080 21 2 14833
7082 21 0 14864
7084 21 4 14898
7086 21 22 15166
7090 21 10 14731
7092 21 14 14748
7094 21 24 14871
7098 21 24 15151
7100 21 24 15207
7104 21 2 15057
7118 21 14 15172
7120 21 14 15180
7122 21 0 14704
7124 21 20 14741
7138 21 22 14678
7140 21 14 14796
7142 21 24 14935
7144 21 2 15137
7146 21 0 14600
7150 21 2 14505
7154 21 0 15008
7158 21 14 15324
7160 21 2 15345
7164 21 20 15133
7166 21 22 14862
7168 21 2 14433
7172 21 2 14985
7174 21 24 15175
7190 21 24 14495
7192 21 4 14578
7202 21 10 14891
7220 21 24 14719
7226 21 4 14842
7246 21 22 14830
7252 21 4 14362
7254 21 10 15083
7262 21 4 14938
7266 21 0 14696
7272 21 2 14409
7274 21 0 14840
7288 21 10 15259
7296 21 14 15164
7298 21 2 14921
7300 21 4 14434
7302 21 22 14710
7306 21 4 15018
7312 21 22 14622
7322 21 20 14757
7324 21 24 14519
7332 21 24 14551
7342 21 10 14643
7384 21 20 14789
7394 21 0 15168
7400 21 10 15227
7406 21 20 14845
7410 21 14 15220
7418 21 4 15058
7420 21 10 15267
7446 21 24 14487
7448 21 24 14591
7450 21 2 14721
7460 21 20 14565
7462 21 14 14764
7464 21 0 14392
7466 21 22 14414
7468 21 4 14522
7470 21 0 14728
7478 21 2 14649
7482 21 14 14980
7494 21 20 14909
7500 21 2 15041
7502 21 2 14577
7520 21 14 14636
7524 21 4 15138
7528 21 24 15199
7532 21 24 14407
7534 21 14 14700
7536 21 14 15132
7540 21 2 14857
7542 21 14 14956
7558 21 14 14716
7560 21 20 15293
7562 21 24 14943
7566 21 10 14427
7574 21 24 15143
7576 21 2 14609
7596 21 4 14754
7598 21 24 14759
7602 21 14 15100
7652 21 22 14966
7662 21 14 14452
7700 21 4 14610
7712 21 10 14363
7716 21 22 14758
7718 21 4 15154
7722 21 14 14772
7730 21 2 14353
7732 21 0 15320
7734 21 14 14492
7736 21 2 14537
7740 21 22 14806
7762 21 0 15312
7764 21 14 14812
7768 21 24 15071
7770 21 2 14393
7774 21 24 14863
7776 21 10 14627
7780 21 20 15245
7782 21 2 14881
7790 21 10 14619
7808 21 2 15265
7810 21 4 15258
7812 21 20 15269
7814 21 14 14436
7828 21 0 15240
7830 21 24 15223
7832 21 10 15059
7838 21 20 14997
7840 21 22 15302
7846 21 20 14637
7878 21 22 14702
7880 21 10 14851
7882 21 2 14665
7884 21 20 15325
7922 21 4 14698
7924 21 4 14498
7930 21 2 14865
7942 21 4 14554
7954 21 14 15052
7956 21 2 14633
7970 21 4 14378
7976 21 22 14886
7982 21 10 15275
7998 21 14 14500
8012 21 20 14749
8022 21 10 14483
8026 21 4 14562
8034 21 24 15271
8036 21 24 14599
8058 21 2 14369
8060 21 24 15159
8168 21 20 14437
8172 21 0 14848
8180 21 10 15091
8190 21 10 14419
8196 21 20 14661
8204 21 20 15253
8216 21 4 15194
8218 21 14 15260
8234 21 22 14382
8244 21 20 15189
8250 21 24 14983
8268 21 10 15283
8272 21 14 14660
8300 21 14 14884
8302 21 4 14354
8306 21 2 15225
8308 21 0 14992
8320 21 10 14947
8322 21 14 15268
8338 21 2 14913
8340 21 4 15210
8348 21 4 14394
8350 21 4 15098
8356 21 14 14732
8368 21 2 14993
8382 21 24 14415
8386 21 20 14381
8390 21 0 14344
8392 21 14 14444
8394 21 2 14873
8398 21 0 15184
8400 21 0 15280
8412 21 10 14571
8414 21 0 14576
8418 21 10 14611
8422 21 24 14783
8426 21 24 15039
8428 21 20 15077
8430 21 22 15126
8432 21 22 15310
8440 21 4 15106
8454 21 4 14890
8458 21 4 14442
8464 21 20 14469
8478 21 4 14666
8486 21 14 14644
8494 21 24 14847
8514 21 2 14753
8522 21 2 15201
8524 21 24 15303
8572 21 4 15234
8574 21 10 15235
8576 21 20 15261
8590 21 22 14822
8610 21 14 15212
8618 21 22 15070
8620 21 24 15103
8628 21 4 15186
8638 21 20 14429
8640 21 14 14828
8650 21 14 15068
8654 21 24 14527
8674 21 4 15050
8682 21 22 15142
8684 21 20 15173
8694 21 20 14957
8708 21 20 14885
8710 21 4 15090
8712 21 4 14338
8716 21 24 14607
8718 21 4 14794
8726 21 4 15290
8732 21 4 14514
8738 21 22 15022
8740 21 0 15232
8756 21 2 14737
8758 21 4 15354
8762 21 2 15153
8768 21 0 14400
8812 21 2 14777
8822 21 0 14928
8838 21 10 15243
8890 21 14 15228
8892 21 24 12487
8894 21 2 12561
8896 21 20 12789
8898 21 0 13104
8900 21 10 13147
8902 21 14 12500
8904 21 4 12514
8906 21 2 13241
8908 21 20 12301
8910 21 24 12399
8912 21 14 12524
8914 21 20 12557
8916 21 2 12609
8918 21 4 12730
8920 21 22 12814
8922 21 2 13089
8924 21 0 13240
8926 21 22 12510
8928 21 0 13056
8930 21 20 12821
8932 21 20 13253
8934 21 2 12961
8936 21 14 13004
8944 21 24 13127
8946 21 24 13303
8948 21 10 12347
8954 21 10 13179
8956 21 4 13210
8960 21 22 13270
8962 21 10 13283
8964 21 22 13294
8970 21 2 12809
8972 21 20 12461
8980 21 14 12356
8982 21 24 13135
8984 21 10 12331
8992 21 4 13002
8994 21 20 13197
8996 21 4 12338
8998 21 4 12474
9000 21 0 13208
9002 21 20 12341
9004 21 24 12431
9006 21 22 12614
9008 21 14 12660
9010 21 4 12818
9014 21 2 13273
9016 21 22 12654
9018 21 22 12934
9020 21 24 12623
9022 21 10 12811
9024 21 0 13088
9026 21 2 13121
9028 21 10 13123
9030 21 24 12583
9032 21 20 12949
9034 21 22 12958
9036 21 10 12675
9038 21 4 13170
9040 21 22 13198
9042 21 14 13276
9048 21 4 12906
9052 21 10 12603
9054 21 4 12506
9056 21 0 12680
9058 21 4 12706
9060 21 24 12855
9062 21 4 13074
9064 21 22 12502
9066 21 22 13286
9068 21 24 12303
9070 21 14 12780
9072 21 24 12967
9074 21 10 13131
9076 21 20 12421
9078 21 10 13035
9080 21 4 13042
9088 21 20 13205
9090 21 14 12452
9092 21 0 12488
9096 21 4 13130
9098 21 20 13293
9100 21 4 12538
9106 21 14 13212
9108 21 24 12511
9114 21 0 12776
9116 21 20 13085
9120 21 22 12342
9122 21 0 12792
9124 21 10 12587
9126 21 10 12787
9128 21 22 13022
9130 21 4 13226
9134 21 24 12807
9138 21 24 12871
9140 21 10 12883
9142 21 4 13098
9144 21 22 12678
9146 21 14 12716
9148 21 0 12720
9152 21 14 13180
9154 21 22 13182
9156 21 10 13227
9158 21 0 13272
9160 21 24 12359
9162 21 22 12566
9164 21 20 12293
9166 21 10 12515
9168 21 2 12529
9170 21 10 12819
9172 21 4 12834
9174 21 20 13173
9176 21 22 12758
9180 21 4 12882
9182 21 24 12535
9184 21 10 12619
9192 21 10 13259
9200 21 10 12363
9202 21 0 12616
9204 21 10 13187
9206 21 10 12595
9208 21 10 12667
9210 21 20 12749
9212 21 4 12930
9214 21 24 12335
9216 21 10 12803
9230 21 2 12625
9236 21 14 12908
9238 21 24 12975
9246 21 14 12764
9248 21 2 12953
9258 21 22 13158
9260 21 24 12823
9266 21 4 12458
9270 21 4 13154
9282 21 2 12377
9284 21 10 13211
9286 21 10 13267
9288 21 22 12470
9290 21 14 12492
9298 21 24 12775
9300 21 24 13183
9304 21 20 12517
9306 21 4 13274
9316 21 4 12314
9318 21 14 13052
9320 21 0 13176
9322 21 4 12290
9324 21 0 12592
9326 21 0 12832
9330 21 4 12450
9332 21 20 12741
9334 21 2 12849
9336 21 0 13080
9338 21 0 12512
9350 21 10 12795
9352 21 14 12828
9356 21 22 13302
9358 21 0 13304
9360 21 2 12825
9364 21 2 12713
9366 21 4 12466
9370 21 22 13246
9374 21 14 12340
9378 21 2 12993
9380 21 20 12997
9382 21 14 12692
9384 21 0 12584
9394 21 10 12891
9396 21 4 13082
9398 21 0 13168
9404 21 24 13199
9418 21 4 12650
9428 21 0 12320
9440 21 10 12995
9442 21 14 13076
9444 21 14 13092
9456 21 20 12853
9460 21 0 12736
9464 21 4 12586
9470 21 14 12916
9472 21 4 13138
9474 21 20 13141
9476 21 4 12874
9478 21 20 12965
9480 21 22 12454
9484 21 4 12970
9490 21 24 12927
9494 21 4 12698
9498 21 22 13310
9506 21 0 12912
9508 21 14 12940
9512 21 2 12641
9514 21 2 12841
9520 21 20 12485
9524 21 14 12956
9536 21 22 13046
9550 21 10 12771
9552 21 0 12352
9554 21 24 12951
9558 21 22 12574
9566 21 4 12322
9568 21 22 12334
9570 21 4 13066
9578 21 20 13037
9580 21 20 12437
9582 21 24 13159
9594 21 0 12816
9596 21 24 13055
9598 21 0 12344
9620 21 20 12957
9622 21 24 13119
9626 21 20 13269
9632 21 22 13070
9634 21 14 12348
9636 21 2 12753
9638 21 20 12925
9640 21 24 13079
9656 21 22 12486
9658 21 24 12695
9660 21 10 12875
9662 21 20 13045
9670 21 2 12801
9672 21 20 12877
9692 21 2 13233
9694 21 2 12673
9698 21 10 12971
9710 21 2 12873
9712 21 2 12321
9718 21 2 12857
9740 21 10 12339
9742 21 14 12740
9748 21 10 12651
9768 21 22 13190
9772 21 22 13206
9774 21 2 12457
9786 21 20 12669
9788 21 22 12670
9798 21 24 12991
9804 21 24 13231
9810 21 0 12856
9812 21 14 13292
9816 21 24 13143
9820 21 4 12634
9830 21 24 12591
9834 21 14 13044
9836 21 20 12381
9838 21 24 12391
9844 21 20 12717
9850 21 4 13202
9852 21 2 12505
9860 21 0 12920
9862 21 10 12931
9864 21 22 13102
9866 21 20 13301
9868 21 0 12848
9870 21 24 12783
9872 21 20 12813
9874 21 2 13185
9882 21 0 12368
9886 21 14 12460
9888 21 20 13077
9900 21 4 12386
9902 21 2 12793
9904 21 0 13128
9914 21 10 12299
9916 21 0 13248
9918 21 0 12288
9924 21 22 13110
9944 21 24 13247
9952 21 4 12794
9954 21 20 12805
9982 21 2 13025
10010 21 2 12425
10022 21 14 12964
10028 21 0 12648
10030 21 24 12959
10032 21 10 12739
10034 21 2 13297
10042 21 24 12903
10052 21 4 12690
10056 21 22 13166
10058 21 14 12436
10060 21 20 12645
10070 21 20 12869
10072 21 10 12355
10074 21 14 13036
10078 21 24 13287
10088 21 20 12581
10090 21 10 12715
10100 21 10 12939
10102 21 14 12988
10104 21 0 13040
10108 21 20 12605
10116 21 24 12527
10138 21 2 13001
10140 21 14 13028
10148 21 22 12686
10150 21 24 13167
10152 21 24 12447
10156 21 20 12509
10172 21 4 12722
10180 21 4 12442
10184 21 2 12913
10186 21 24 13039
10192 21 4 12658
10200 21 22 12878
10202 21 2 13249
10204 21 4 13250
10206 21 24 12415
10208 21 24 12519
10210 21 4 12626
10212 21 22 12990
10216 21 14 13220
10220 21 14 12300
10222 21 14 12868
10224 21 14 12812
10232 21 22 12382
10250 21 2 12537
10252 21 10 12315
10254 21 2 12401
10256 21 4 12402
10258 21 22 12622
10260 21 0 12624
10262 21 2 12881
10268 21 4 13146
10278 21 0 13120
10284 21 14 13132
10288 21 22 12998
10306 21 24 12327
10310 21 14 13308
10312 21 0 12504
10316 21 14 13148
10332 21 4 12530
10358 21 24 12887
10360 21 22 12326
10362 21 0 12384
10366 21 24 12743
10368 21 4 13018
10376 21 14 12316
10396 21 10 13275
10406 21 2 12649
10416 21 10 13235
10430 21 24 12455
10432 21 22 12806
10438 21 20 12477
10440 21 20 13133
10456 21 10 12659
10458 21 14 12668
10478 21 4 12418
10486 21 2 12617
10504 21 20 12405
10506 21 22 12902
10508 21 2 13161
10536 21 14 12804
10620 21 4 13194
10632 21 22 13086
10662 21 0 12416
10670 21 24 13223
10676 21 20 12661
10680 21 2 13145
10696 21 2 12289
10722 21 24 12847
10726 21 10 12435
10728 21 20 12541
10730 21 4 12922
10742 21 14 12516
10744 21 22 12526
10754 21 24 12967
10758 21 10 12611
10760 21 10 13003
10764 21 2 12345
10766 21 24 12791
10768 21 22 12294
10770 21 20 12365
10772 21 24 12463
10776 21 2 12545
10778 21 20 12549
10782 21 10 12579
10786 21 0 12712
10792 21 14 12860
10796 21 22 13014
10798 21 20 13101
10804 21 24 13295
10812 21 24 12607
10814 21 24 12639
10828 21 24 13159
10830 21 14 13284
10844 21 4 12666
10854 21 10 12691
10860 21 20 12685
10870 21 10 12763
10906 21 10 13107
10914 21 14 12412
10916 21 2 12745
10920 21 22 12838
10940 21 4 12370
10942 21 22 12494
10944 21 24 12495
10962 21 4 12546
10974 21 24 12599
10978 21 10 13155
11002 21 24 12911
11006 21 2 13177
11012 21 10 13131
11044 21 10 12379
11046 21 22 12750
11062 21 24 12631
11066 21 20 13221
11072 21 24 13279
11076 21 24 12591
11084 21 0 12400
11106 21 4 13834
11108 21 22 13558
11110 21 22 13614
11112 21 0 13736
11114 21 20 13813
11116 21 14 13820
11118 21 22 14102
11120 21 24 14167
11122 21 14 14204
11124 21 10 14211
11126 21 20 13549
11128 21 0 14176
11130 21 2 13713
11132 21 22 13830
11134 21 24 13831
11136 21 22 13958
11138 21 24 13919
11140 21 2 14145
11142 21 22 13782
11146 21 10 13523
11148 21 10 13659
11150 21 2 14161
11152 21 20 14005
11154 21 20 14189
11156 21 24 14007
11158 21 24 14159
11160 21 22 14182
11162 21 0 14328
11164 21 24 14335
11166 21 14 13948
11168 21 22 13974
11170 21 4 14162
11172 21 14 14332
11174 21 20 13477
11176 21 2 13329
11178 21 2 13529
11180 21 4 13954
11182 21 14 14076
11184 21 10 14315
11188 21 0 14248
11192 21 10 13587
11194 21 0 13720
11196 21 4 13930
11198 21 10 14083
11208 21 24 14295
11210 21 4 13650
11212 21 0 13824
11214 21 2 14297
11216 21 22 14294
11218 21 10 13555
11220 21 10 13947
11222 21 10 14011
11224 21 20 13669
11226 21 24 13855
11228 21 4 13802
11230 21 2 14121
11234 21 2 13945
11236 21 0 13360
11238 21 24 14151
11240 21 2 13337
11242 21 10 14163
11244 21 4 14010
11246 21 14 14292
11248 21 4 13570
11250 21 22 13742
11252 21 4 13562
11256 21 24 13991
11266 21 4 13314
11268 21 4 13378
11270 21 22 13646
11272 21 10 13435
11274 21 4 14114
11276 21 10 13907
11278 21 10 13563
11280 21 14 14148
11282 21 14 13396
11284 21 24 13399
11286 21 20 13621
11288 21 22 13710
11290 21 2 14065
11292 21 20 14093
11294 21 2 14089
11296 21 14 13460
11300 21 24 13631
11302 21 4 14066
11306 21 14 13620
11312 21 14 14124
11318 21 22 13926
11320 21 24 14063
11322 21 24 13735
11324 21 14 13644
11326 21 22 14086
11330 21 0 13472
11332 21 10 13827
11334 21 0 14240
11338 21 22 13734
11340 21 24 13559
11342 21 0 13664
11344 21 24 14015
11346 21 2 13833
11348 21 24 14079
11352 21 14 13444
11356 21 24 13543
11358 21 0 13712
11360 21 10 13731
11364 21 2 14185
11366 21 10 14259
11368 21 24 14303
11370 21 0 13480
11372 21 24 13887
11376 21 22 14198
11380 21 20 13365
11382 21 20 13573
11384 21 24 13487
11386 21 0 14088
11388 21 24 14143
11390 21 2 14321
11392 21 2 13369
11394 21 2 13393
11396 21 10 13763
11406 21 4 13762
11408 21 24 13359
11410 21 2 13569
11412 21 4 13714
11414 21 4 13986
11416 21 4 13746
11418 21 2 14201
11420 21 4 13554
11422 21 0 13560
11424 21 22 13950
11428 21 0 13960
11430 21 0 13968
11432 21 24 14223
11434 21 4 14298
11438 21 14 13740
11440 21 24 13911
11456 21 22 13574
11460 21 4 14234
11464 21 10 13411
11466 21 20 13421
11468 21 24 13599
11478 21 10 13331
11480 21 20 14173
11496 21 4 13594
11500 21 24 13695
11516 21 20 13917
11522 21 4 13578
11524 21 14 13364
11526 21 20 13733
11528 21 22 13318
11530 21 14 13532
11532 21 0 14048
11536 21 24 13535
11538 21 24 13759
11540 21 10 14067
11550 21 4 14266
11554 21 22 13566
11560 21 14 14004
11562 21 10 13915
11570 21 4 14282
11572 21 24 14255
11574 21 24 13663
11576 21 24 13807
11580 21 2 14073
11586 21 2 13665
11598 21 10 14275
11602 21 10 14299
11604 21 22 13390
11606 21 20 13605
11608 21 2 13889
11610 21 20 13341
11612 21 24 13367
11614 21 2 13449
11622 21 2 14177
11638 21 2 13921
11640 21 4 13914
11648 21 2 13401
11664 21 4 14146
11666 21 22 13942
11668 21 2 14241
11670 21 20 14077
11672 21 20 14013
11674 21 20 13861
11682 21 22 13470
11686 21 2 13977
11688 21 22 14110
11690 21 20 13381
11694 21 0 13704
11696 21 10 13355
11698 21 10 13531
11700 21 20 13509
11704 21 24 13719
11706 21 4 13898
11712 21 20 13565
11718 21 22 13774
11726 21 2 14233
11734 21 24 13407
11736 21 4 13442
11738 21 10 13755
11758 21 4 13850
11770 21 4 13722
11772 21 24 13823
11776 21 24 14031
11778 21 0 14152
11782 21 22 13422
11784 21 0 13848
11786 21 4 14330
11788 21 24 13447
11790 21 24 14239
11800 21 24 13863
11804 21 14 13500
11806 21 2 13929
11808 21 20 14101
11820 21 10 14291
11824 21 0 14120
11830 21 22 13358
11836 21 20 13333
11838 21 14 13892
11842 21 10 14051
11850 21 10 13811
11854 21 4 13994
11856 21 22 14062
11858 21 22 13630
11864 21 10 13987
11878 21 10 13691
11880 21 14 14116
11882 21 0 13856
11892 21 2 13753
11910 21 14 14100
11912 21 24 14247
11914 21 22 13638
11918 21 2 14217
11924 21 10 14171
11926 21 20 13853
11932 21 10 14323
11936 21 24 13711
11938 21 14 14068
11940 21 0 14280
11942 21 2 13433
11944 21 0 13880
11946 21 24 14135
11950 21 20 13837
11960 21 2 13417
11962 21 22 13438
11964 21 14 14084
11966 21 4 14306
11968 21 4 13890
11972 21 0 14080
11982 21 14 14140
11988 21 2 13633
11992 21 4 13634
12014 21 4 13610
12016 21 0 13920
12060 21 2 14105
12064 21 14 13812
12066 21 4 13946
12068 21 0 13752
12070 21 10 13339
12076 21 24 13439
12080 21 4 13794
12086 21 4 13626
12092 21 0 13368
12094 21 14 13524
12096 21 22 13854
12098 21 10 14131
12104 21 22 13502
12108 21 14 14052
12112 21 20 13821
12114 21 2 14025
12118 21 4 13922
12138 21 24 14215
12142 21 24 13703
12146 21 0 14256
12148 21 0 13520
12164 21 14 14212
12198 21 10 14027
12200 21 14 14060
12208 21 24 13471
12210 21 0 13616
12212 21 20 13685
12214 21 24 13791
12216 21 14 13876
12218 21 22 14206
12220 21 10 14235
12222 21 20 14269
12232 21 2 13457
12234 21 14 13556
12236 21 10 14139
12240 21 14 13652
12242 21 10 14331
12246 21 10 13723
12276 21 10 13923
12292 21 0 14056
12294 21 22 13518
12298 21 4 13826
12300 21 10 13547
12304 21 4 13498
12320 21 24 13335
12322 21 4 13450
12326 21 24 13455
12330 21 20 14317
12340 21 20 13613
12342 21 0 13912
12352 21 4 14106
12358 21 2 13825
12364 21 14 13580
12378 21 0 13336
12380 21 4 13370
12382 21 14 13436
12394 21 22 13678
12404 21 24 14015
12406 21 10 14091
12414 21 2 14305
12426 21 20 13997
12442 21 22 13686
12444 21 22 14078
12452 21 24 13375
12454 21 0 13384
12468 21 24 14111
12480 21 22 13662
12484 21 22 13790
12486 21 2 14017
12488 21 0 14024
12494 21 10 13539
12496 21 22 14222
12502 21 4 13506
12516 21 0 13760
12518 21 20 13709
12520 21 14 14092
12532 21 14 13836
12534 21 0 13352
12538 21 22 14254
12540 21 22 13598
12544 21 2 13409
12546 21 14 13884
12548 21 24 13895
12552 21 22 13366
12558 21 0 13576
12574 21 22 13966
12578 21 14 13348
12580 21 14 13948
12594 21 0 13784
12614 21 2 13321
12622 21 4 13426
12624 21 20 13757
12628 21 20 14333
12666 21 22 14094
12672 21 0 13832
12686 21 4 13978
12698 21 20 13845
12700 21 0 13896
12730 21 10 13859
12736 21 0 13872
12738 21 10 13419
12740 21 2 13617
12742 21 0 14040
12750 21 0 13680
12776 21 14 14188
12812 21 2 14041
12814 21 14 13548
12818 21 4 13730
12820 21 14 14172
12832 21 22 13918
12850 21 2 13441
12854 21 14 13940
12858 21 24 14095
12874 21 14 14036
12876 21 20 13725
12916 21 22 13758
12920 21 2 13465
12942 21 22 13910
12952 21 14 14332
12964 21 10 14251
12974 21 2 13473
12976 21 10 14099
12998 21 20 13749
13018 21 22 13694
13056 21 24 14183
13082 21 0 13672
13090 21 20 14109
13092 21 2 14249
13096 21 4 13434
13098 21 10 13483
13100 21 4 14082
13106 21 2 13553
13122 21 20 14053
13124 21 22 13622
13126 21 24 13759
13128 21 4 13762
13132 21 24 13495
13142 21 4 13570
13148 21 14 13732
13152 21 2 14097
13156 21 14 14260
13164 21 0 14264
13170 21 22 14246
13176 21 2 13513
13208 21 10 13403
13214 21 4 13970
13222 21 20 13869
13232 21 24 13575
13238 21 2 13593
13278 21 0 13744
13282 21 14 13500
13308 21 0 13608
13312 21 20 14029
13318 21 2 13681
13320 21 2 14297
13334 21 2 13401
13338 21 2 14153
13366 21 4 14242
13372 21 10 14267
13392 21 4 13666
13396 21 0 13488
13404 21 4 14258
13418 21 24 14327
13430 21 10 13787
13432 21 4 13890
13434 21 20 13517
13452 21 0 13592
13458 21 20 13941
13460 21 2 14193
13472 21 10 13851
13490 21 24 13815
13514 21 22 8150
13516 21 0 7936
