0 23 0 17792
2 23 20 17781
4 23 24 17767
6 23 4 18354
8 23 2 16385
10 23 0 16392
14 23 20 16461
18 23 14 16420
20 23 14 16452
22 23 14 16436
24 23 14 16444
26 23 2 16449
28 23 4 16442
32 23 24 16447
34 23 22 16462
38 23 0 16472
46 23 2 16433
50 23 10 16475
52 23 0 16520
54 23 2 16521
58 23 24 16431
62 23 24 16455
64 23 20 16477
70 23 0 16464
72 23 22 16470
76 23 2 16393
78 23 14 16532
82 23 0 16488
84 23 14 16516
86 23 2 16569
90 23 4 16554
92 23 22 16894
96 23 0 16576
100 23 0 16560
108 23 4 16386
110 23 0 16432
112 23 14 16596
114 23 0 16480
116 23 0 16624
120 23 10 16595
122 23 0 16448
124 23 22 16390
140 23 2 16497
142 23 24 16503
144 23 24 16511
150 23 10 16531
152 23 20 16533
154 23 24 16631
156 23 4 16482
158 23 0 16408
160 23 0 16504
162 23 4 16658
164 23 10 16563
166 23 14 16636
192 23 22 16550
200 23 14 16588
202 23 2 16681
208 23 2 16577
210 23 24 16391
218 23 24 16647
224 23 22 16686
226 23 4 16698
228 23 10 16699
234 23 4 16466
238 23 0 16584
240 23 24 16439
242 23 14 16612
244 23 2 16465
246 23 20 16469
248 23 22 16510
250 23 2 16513
252 23 24 16695
256 23 4 16562
266 23 24 16655
268 23 24 16743
274 23 4 16706
276 23 4 16618
278 23 4 16762
282 23 2 16697
284 23 22 16726
286 23 4 16674
296 23 24 16687
302 23 10 16643
304 23 0 16648
308 23 2 16585
318 23 24 16583
322 23 22 16662
330 23 2 16457
332 23 22 16718
346 23 22 16710
348 23 24 16711
350 23 2 16737
358 23 4 16722
362 23 4 16730
364 23 14 16620
368 23 20 16669
374 23 4 16426
376 23 24 16575
384 23 2 16801
396 23 20 16805
408 23 20 16797
410 23 24 16823
416 23 24 16703
418 23 22 16742
420 23 2 16857
422 23 0 16856
428 23 22 16790
430 23 22 16838
434 23 4 16626
440 23 10 16491
442 23 0 16616
446 23 4 16498
448 23 0 16680
450 23 22 16870
452 23 10 16787
458 23 4 17306
476 23 2 16833
484 23 20 16525
486 23 20 16429
490 23 2 16769
492 23 24 16887
496 23 24 16791
502 23 2 16617
504 23 24 16671
508 23 20 16421
510 23 10 16547
524 23 22 16846
526 23 4 16882
528 23 20 16621
532 23 10 16843
534 23 0 16840
536 23 4 16898
552 23 10 16443
554 23 20 16917
570 23 4 16866
572 23 10 16883
574 23 22 16902
582 23 20 16845
588 23 10 16779
592 23 10 16851
608 23 4 16922
620 23 0 16640
628 23 0 16760
630 23 22 16798
632 23 0 16920
636 23 0 16696
638 23 24 16783
640 23 14 16700
642 23 10 16387
658 23 24 16863
662 23 22 16926
670 23 2 16873
672 23 4 16538
678 23 20 16613
684 23 20 16749
688 23 10 16899
692 23 24 16423
694 23 10 16507
702 23 20 16685
720 23 2 16921
734 23 20 16837
740 23 10 16907
752 23 4 16930
760 23 14 16988
766 23 0 16880
774 23 24 16919
780 23 14 16868
782 23 4 16642
784 23 14 16716
786 23 22 16774
788 23 4 16962
790 23 20 16405
792 23 22 16606
800 23 14 16924
806 23 4 16738
810 23 0 17008
814 23 20 16765
834 23 2 16961
836 23 2 16937
860 23 0 16784
868 23 10 16963
870 23 24 17007
872 23 0 16456
876 23 4 16890
880 23 24 16815
882 23 0 16952
906 23 2 16985
910 23 10 16731
912 23 22 16614
918 23 22 16862
924 23 10 17067
928 23 22 16638
932 23 4 16714
956 23 0 16976
962 23 0 16744
976 23 20 16773
1004 23 22 17022
1008 23 4 17002
1010 23 20 16493
1040 23 2 16425
1046 23 22 16998
1048 23 2 17065
1050 23 22 16918
1054 23 4 16682
1056 23 20 16725
1076 23 4 16690
1078 23 24 17031
1084 23 24 17119
1100 23 20 16413
1102 23 0 16672
1112 23 2 17009
1114 23 4 17034
1116 23 20 17085
1122 23 4 16986
1124 23 4 16994
1126 23 4 17042
1128 23 20 16397
1130 23 14 16772
1132 23 0 16896
1144 23 0 17016
1146 23 4 17090
1152 23 20 16709
1170 23 20 16925
1176 23 20 16989
1178 23 20 17069
1182 23 24 17127
1188 23 2 17105
1198 23 10 16691
1208 23 22 17126
1220 23 10 16427
1248 23 24 16879
1258 23 24 16959
1260 23 0 16992
1262 23 24 17175
1278 23 10 17099
1294 23 2 17097
1298 23 14 17036
1312 23 0 16720
1316 23 24 16759
1342 23 2 17145
1396 23 14 16404
1398 23 4 16522
1402 23 22 17046
1406 23 24 16679
1432 23 24 17167
1434 23 0 17192
1458 23 22 17118
1462 23 0 17208
1464 23 4 17210
1466 23 10 17211
1468 23 2 17225
1486 23 14 16860
1488 23 4 16602
1490 23 4 17162
1494 23 10 16979
1496 23 14 16676
1506 23 2 17041
1508 23 22 17150
1510 23 10 17163
1512 23 10 17227
1514 23 24 16911
1516 23 2 16913
1522 23 0 16808
1524 23 20 16941
1530 23 0 17144
1532 23 0 16608
1534 23 20 16853
1538 23 0 16712
1556 23 4 17226
1572 23 22 17190
1586 23 20 17181
1604 23 4 16802
1612 23 14 16508
1614 23 0 17128
1616 23 22 16670
1630 23 20 17141
1652 23 24 17151
1654 23 2 17153
1658 23 14 16876
1660 23 22 16886
1666 23 4 16810
1668 23 14 16692
1680 23 10 17083
1684 23 4 16938
1686 23 22 17214
1700 23 22 16878
1704 23 0 17136
1706 23 24 17327
1712 23 0 17088
1716 23 20 17237
1718 23 24 17271
1752 23 20 16909
1774 23 14 17052
1776 23 0 17168
1778 23 14 16908
1780 23 2 16409
1784 23 20 16517
1786 23 14 16788
1790 23 14 16764
1838 23 24 17159
1850 23 14 16804
1866 23 20 16869
1868 23 20 16485
1870 23 4 16858
1874 23 10 16723
1876 23 20 16813
1894 23 2 17273
1896 23 2 16481
1902 23 4 17202
1904 23 24 17215
1918 23 4 17026
1972 23 14 17324
1974 23 24 17335
1978 23 14 16852
1980 23 0 17056
1982 23 4 16394
1984 23 10 17179
1986 23 24 16463
1988 23 24 16799
1990 23 2 16945
1992 23 4 17010
1994 23 4 17018
2012 23 22 16982
2014 23 20 17045
2054 23 2 17209
2090 23 14 16732
2092 23 2 16905
2098 23 14 16844
2114 23 2 16841
2116 23 0 17080
2120 23 10 17035
2134 23 4 17282
2136 23 22 16486
2144 23 20 17309
2154 23 10 16995
2156 23 22 17174
2158 23 0 17160
2188 23 2 17265
2190 23 0 17352
2192 23 20 17269
2206 23 10 17355
2216 23 2 16625
2226 23 20 16861
2228 23 24 17287
2230 23 10 16675
2232 23 4 15442
2234 23 14 15756
2236 23 10 15603
2238 23 0 15736
2240 23 10 15755
2242 23 0 15960
2244 23 14 16012
2246 23 24 16143
2248 23 2 16145
2250 23 4 16178
2252 23 24 16247
2254 23 14 16260
2256 23 0 16280
2258 23 0 15920
2260 23 20 15925
2262 23 4 15938
2264 23 0 16112
2266 23 24 16119
2268 23 0 16176
2270 23 20 16253
2272 23 22 15502
2274 23 24 15543
2276 23 2 15561
2278 23 2 15681
2280 23 14 16020
2282 23 22 15406
2284 23 2 15793
2286 23 22 15846
2288 23 20 15637
2290 23 4 15658
2292 23 10 15955
2296 23 0 16248
2298 23 24 16311
2300 23 10 15995
2302 23 24 15495
2304 23 14 16236
2306 23 22 16214
2308 23 20 15533
2310 23 4 15698
2312 23 2 16033
2314 23 4 16050
2316 23 24 16167
2318 23 14 16268
2320 23 0 16272
2322 23 14 15380
2324 23 22 15366
2326 23 10 15507
2328 23 0 15976
2332 23 22 15934
2334 23 22 16046
2336 23 24 15367
2338 23 0 15368
2340 23 2 15873
2342 23 20 15877
2344 23 22 16006
2346 23 22 15430
2348 23 4 15826
2350 23 14 16340
2356 23 20 15805
2360 23 14 15932
2364 23 4 16002
2366 23 10 16243
2368 23 0 16264
2370 23 22 16310
2384 23 2 16153
2386 23 22 16334
2388 23 0 15848
2390 23 20 16221
2396 23 4 15930
2412 23 4 15450
2414 23 24 15759
2416 23 10 15939
2418 23 2 16297
2422 23 0 16056
2430 23 4 15434
2432 23 4 15914
2440 23 0 15432
2442 23 10 15451
2444 23 22 15518
2446 23 14 15564
2456 23 2 15905
2460 23 20 16093
2462 23 10 16139
2464 23 4 16146
2466 23 14 16156
2470 23 2 16257
2472 23 2 16313
2474 23 4 16378
2480 23 10 16179
2482 23 0 15392
2488 23 10 15715
2492 23 24 15743
2496 23 0 15912
2498 23 2 15913
2506 23 4 16034
2508 23 14 16084
2516 23 0 16184
2518 23 24 16215
2528 23 20 15373
2530 23 24 15519
2532 23 24 15911
2534 23 0 16040
2536 23 4 16106
2538 23 4 16362
2540 23 10 15403
2542 23 4 15594
2544 23 14 15652
2566 23 4 15906
2568 23 0 15400
2570 23 22 15582
2572 23 20 15909
2590 23 10 15699
2592 23 20 16109
2594 23 0 16296
2596 23 2 16337
2598 23 0 15512
2600 23 24 16007
2602 23 22 16078
2604 23 0 16224
2606 23 22 16318
2608 23 2 15689
2624 23 0 15784
2628 23 14 16100
2634 23 24 16279
2636 23 10 16331
2646 23 22 15798
2660 23 24 15439
2674 23 22 16134
2684 23 14 16212
2688 23 14 15580
2690 23 0 15704
2692 23 10 16171
2694 23 22 16358
2698 23 4 15778
2702 23 24 15999
2704 23 4 16114
2706 23 2 15457
2708 23 24 15511
2724 23 0 15528
2728 23 22 15926
2732 23 4 16354
2738 23 22 15606
2752 23 0 16376
2774 23 0 16168
2776 23 14 16316
2778 23 24 15407
2780 23 0 15776
2788 23 22 15886
2820 23 20 15885
2834 23 20 16061
2836 23 22 16110
2842 23 24 16135
2858 23 14 16332
2864 23 2 16369
2866 23 10 16371
2870 23 0 16088
2878 23 2 15673
2882 23 24 16359
2894 23 14 15644
2900 23 10 16259
2906 23 2 15585
2908 23 2 15409
2912 23 14 15788
2914 23 2 16193
2938 23 22 15782
2940 23 24 15983
2942 23 10 15475
2952 23 22 15830
2954 23 2 15881
2958 23 4 15834
2960 23 10 15827
2962 23 24 16015
2964 23 4 15794
2966 23 22 16166
2968 23 14 15980
2970 23 20 15421
2974 23 2 15745
2976 23 4 15746
2978 23 24 16023
2980 23 24 16191
3000 23 4 15370
3008 23 20 15557
3024 23 24 15655
3026 23 24 15951
3030 23 14 16116
3032 23 22 16142
3034 23 4 16010
3036 23 22 15726
3040 23 22 16182
3042 23 10 16203
3046 23 24 16303
3048 23 24 15567
3050 23 10 15595
3052 23 0 15600
3058 23 24 15783
3062 23 24 15815
3064 23 14 15868
3066 23 22 15870
3068 23 22 15910
3076 23 24 15943
3084 23 10 16131
3086 23 2 16169
3090 23 2 16217
3096 23 2 15441
3098 23 10 15483
3100 23 10 15667
3102 23 24 15687
3104 23 0 15720
3116 23 0 15848
3134 23 4 15530
3136 23 22 15598
3138 23 0 16064
3140 23 10 15611
3144 23 24 15679
3146 23 20 16053
3152 23 10 16123
3154 23 22 15454
3158 23 2 16249
3160 23 10 15683
3162 23 10 15987
3176 23 14 15428
3180 23 0 15408
3182 23 20 16165
3188 23 14 15700
3218 23 4 16154
3222 23 14 16172
3244 23 2 15737
3260 23 0 15808
3262 23 10 16355
3264 23 0 15416
3266 23 4 16258
3268 23 22 15446
3270 23 0 15728
3272 23 0 15928
3284 23 0 15880
3286 23 4 16122
3292 23 10 15875
3296 23 10 16059
3298 23 4 16170
3300 23 14 16252
3302 23 22 15678
3374 23 14 15772
3376 23 24 15831
3380 23 22 15710
3382 23 10 15435
3384 23 10 15851
3386 23 24 16071
3388 23 24 15735
3392 23 0 15888
3402 23 20 16181
3452 23 14 15524
3456 23 22 15622
3462 23 20 15565
3464 23 10 15803
3466 23 0 15800
3504 23 0 15896
3516 23 14 15452
3518 23 0 16368
3520 23 2 15505
3528 23 14 15516
3530 23 14 15684
3532 23 22 16014
3534 23 2 16137
3536 23 0 15504
3538 23 24 15807
3542 23 14 15404
3544 23 2 15433
3548 23 4 15666
3552 23 20 15773
3596 23 0 16032
3600 23 4 15506
3602 23 10 15523
3604 23 14 15740
3606 23 10 16099
3608 23 10 15411
3616 23 4 16202
3618 23 2 16281
3620 23 24 15927
3624 23 4 15810
3642 23 20 16021
3656 23 14 15844
3660 23 10 16227
3682 23 0 16152
3684 23 24 15399
3688 23 2 15849
3692 23 2 15513
3694 23 10 15883
3696 23 24 15471
3698 23 0 15656
3700 23 10 15787
3712 23 22 15654
3720 23 0 16040
3730 23 14 15884
3748 23 20 15829
3750 23 14 16204
3752 23 0 15440
3758 23 24 15607
3762 23 0 15760
3768 23 24 15727
3772 23 14 16068
3780 23 2 15633
3788 23 10 15739
3792 23 24 15839
3794 23 14 15948
3796 23 2 16129
3798 23 10 16163
3836 23 2 16353
3868 23 20 15445
3888 23 20 16125
3906 23 0 16296
3912 23 22 15566
3964 23 4 15458
3978 23 2 16009
3980 23 10 16027
3984 23 10 16267
3992 23 0 16200
4020 23 20 16205
4026 23 14 16060
4036 23 2 16161
4046 23 24 15415
4048 23 14 15676
4050 23 2 15833
4052 23 20 15613
4054 23 22 15662
4058 23 20 15797
4060 23 14 16036
4064 23 10 15707
4066 23 10 16275
4068 23 20 16333
4070 23 14 16044
4074 23 0 15680
4102 23 10 15491
4104 23 24 15631
4106 23 20 15989
4108 23 0 15992
4110 23 4 16026
4138 23 22 15734
4146 23 20 15509
4148 23 2 16289
4154 23 4 15362
4158 23 20 15997
4162 23 0 16168
4166 23 10 16019
4182 23 14 15900
4184 23 4 15946
4198 23 20 16245
4208 23 4 15618
4210 23 24 16287
4212 23 0 16024
4214 23 2 16025
4216 23 4 16298
4230 23 4 15898
4256 23 2 15961
4268 23 22 16230
4304 23 10 16363
4306 23 4 15410
4316 23 0 15952
4330 23 4 15762
4332 23 2 15921
4334 23 0 16352
4342 23 0 15464
4402 23 2 15529
4404 23 0 15472
4410 23 4 15554
4414 23 2 15473
4514 23 2 15545
4522 23 20 15981
4560 23 10 15835
4562 23 10 15859
4564 23 24 16295
4566 23 0 15904
4576 23 2 15937
4584 23 20 15437
4586 23 2 15521
4608 23 2 15977
4620 23 20 15453
4636 23 2 16233
4644 23 20 16277
4662 23 4 15986
4664 23 2 15417
4672 23 4 15586
4676 23 24 15719
4680 23 4 15714
4696 23 10 16107
4724 23 24 15575
4734 23 0 15840
4776 23 14 15916
4780 23 4 15738
4822 23 20 15573
4830 23 22 16270
4842 23 20 15741
4844 23 24 15791
4846 23 14 16300
4872 23 14 15940
4874 23 10 16211
4876 23 20 16373
4878 23 22 16374
4880 23 4 15522
4912 23 14 15692
4916 23 22 15750
4936 23 24 15959
4938 23 14 15476
4940 23 10 15819
4982 23 22 16158
4986 23 10 15971
4988 23 22 15790
5054 23 0 15608
5064 23 4 15690
5082 23 0 16096
5084 23 2 15369
5144 23 14 16028
5146 23 0 16160
5150 23 20 15677
5152 23 4 15570
5162 23 2 15729
5164 23 0 16104
5166 23 0 16120
5172 23 20 15413
5174 23 22 15414
5176 23 4 15866
5198 23 20 16301
5200 23 10 15763
5202 23 22 16286
5234 23 14 15604
5236 23 22 15646
5242 23 0 16360
5246 23 24 16039
5250 23 24 15879
5266 23 10 16035
5272 23 22 16206
5310 23 24 16183
5328 23 0 16248
5334 23 14 15988
5342 23 22 16246
5346 23 2 15713
5348 23 2 15569
5350 23 10 15651
5352 23 22 15942
5364 23 22 15510
5366 23 24 15895
5368 23 24 16239
5404 23 20 15629
5406 23 20 16213
5408 23 2 15497
5412 23 22 16150
5464 23 24 16255
5524 23 20 15589
5528 23 24 16199
5600 23 10 15531
5602 23 4 15874
5606 23 4 15890
5608 23 4 16234
5612 23 22 16054
5638 23 2 15841
5640 23 10 15635
5644 23 22 16182
5648 23 2 15697
5650 23 10 15867
5652 23 0 16056
5664 23 4 16370
5668 23 4 15474
5672 23 0 15832
5674 23 10 15907
5676 23 10 16155
5682 23 22 16190
5684 23 4 16282
5686 23 0 15544
5696 23 20 15893
5700 23 24 16175
5710 23 2 15809
5712 23 0 16232
5714 23 0 15800
5726 23 20 15829
5730 23 0 16328
5738 23 20 16285
5790 23 24 16111
5792 23 14 15996
5872 23 0 15360
5966 23 4 15426
5970 23 4 15722
5984 23 4 15706
5996 23 24 16071
6002 23 20 16293
6010 23 20 15493
6014 23 2 15785
6078 23 10 16099
6080 23 22 15486
6084 23 10 15731
6086 23 22 15742
6088 23 20 16101
6092 23 4 16226
6094 23 24 15431
6098 23 0 15992
6122 23 0 15704
6156 23 14 15860
6176 23 20 15389
6178 23 24 15767
6188 23 10 16067
6192 23 0 16296
6242 23 22 16326
6268 23 2 15969
6272 23 4 16250
6294 23 4 16034
6336 23 14 15812
6342 23 14 16148
6358 23 2 15777
6392 23 0 15616
6394 23 0 15792
6396 23 0 15408
6416 23 0 19856
6418 23 22 10902
6420 23 20 10397
6422 23 0 10400
6424 23 20 10509
6426 23 4 10778
6428 23 14 10860
6430 23 4 11202
6432 23 22 10790
6434 23 0 10912
6436 23 20 10341
6438 23 24 10407
6440 23 14 10772
6442 23 0 10576
6444 23 4 10706
6446 23 0 10800
6448 23 24 10463
6450 23 0 10536
6452 23 10 10459
6454 23 22 11054
6456 23 0 11032
6458 23 2 11177
6460 23 22 11262
6462 23 4 11250
6464 23 0 10704
6466 23 14 10364
6468 23 2 10449
6470 23 14 10492
6472 23 0 10528
6474 23 2 10569
6480 23 24 10367
6482 23 0 10456
6484 23 2 11129
6486 23 0 11256
6488 23 0 10480
6490 23 14 10604
6492 23 4 10338
6494 23 4 10346
6496 23 20 10621
6498 23 14 10644
6500 23 0 11152
6502 23 24 11159
6504 23 22 11254
6506 23 0 10664
6508 23 2 10761
6512 23 20 10789
6514 23 10 10291
6516 23 14 10516
6520 23 4 10818
6522 23 20 11045
6524 23 0 10504
6526 23 24 10455
6530 23 20 10965
6534 23 24 11239
6536 23 14 10620
6538 23 24 11215
6540 23 10 10635
6542 23 4 10978
6544 23 0 11104
6546 23 10 11139
6550 23 22 10718
6552 23 10 10843
6556 23 2 10929
6560 23 14 11076
6562 23 24 10335
6564 23 10 10347
6566 23 2 10457
6568 23 4 10466
6570 23 20 10565
6572 23 10 10651
6574 23 4 10738
6576 23 4 10962
6578 23 22 11038
6580 23 20 10949
6582 23 2 11137
6586 23 10 11171
6588 23 0 10600
6592 23 22 11062
6594 23 2 10713
6596 23 4 11218
6598 23 2 10393
6600 23 20 10941
6602 23 2 10297
6604 23 22 10334
6608 23 24 10575
6610 23 20 11021
6614 23 2 11049
6616 23 0 10584
6618 23 10 10331
6620 23 24 10831
6622 23 2 10961
6624 23 22 10982
6630 23 2 10737
6632 23 0 11096
6634 23 2 10489
6636 23 4 10810
6644 23 4 10970
6648 23 22 10750
6650 23 20 10373
6652 23 2 10361
6656 23 0 10880
6658 23 0 11064
6660 23 22 10726
6662 23 24 10999
6664 23 4 11194
6668 23 24 10559
6670 23 14 10500
6672 23 4 10650
6674 23 14 11116
6676 23 20 11133
6678 23 2 11249
6680 23 22 10374
6682 23 24 10807
6686 23 0 10656
6688 23 22 10870
6690 23 20 10285
6692 23 24 10295
6694 23 0 10296
6696 23 2 10313
6698 23 20 10357
6700 23 14 10428
6702 23 4 10458
6704 23 4 10930
6708 23 20 10485
6710 23 2 10545
6712 23 2 10481
6714 23 10 10515
6718 23 20 10325
6722 23 10 10955
6724 23 2 10537
6726 23 24 11055
6730 23 2 10289
6732 23 2 10345
6734 23 22 10534
6736 23 10 10739
6738 23 24 10935
6740 23 20 11037
6742 23 20 11245
6746 23 10 11099
6754 23 14 11260
6756 23 10 10547
6758 23 0 10768
6760 23 24 10919
6764 23 20 11093
6766 23 2 10689
6768 23 24 11071
6778 23 22 10302
6780 23 2 10465
6782 23 0 10816
6784 23 14 11148
6786 23 24 10303
6788 23 22 10590
6790 23 10 10715
6792 23 0 10888
6794 23 2 10905
6798 23 10 10747
6806 23 14 10900
6808 23 22 10702
6810 23 22 11006
6816 23 10 10555
6818 23 14 11188
6820 23 0 11144
6826 23 24 11183
6828 23 24 11015
6832 23 24 10759
6834 23 20 10957
6840 23 10 10483
6844 23 10 11043
6854 23 4 11258
6858 23 14 11140
6868 23 20 10309
6884 23 14 10636
6888 23 20 10693
6892 23 20 10805
6894 23 24 10855
6898 23 14 11060
6900 23 10 10395
6902 23 0 10552
6906 23 4 10306
6910 23 4 10370
6914 23 20 10733
6920 23 14 10980
6924 23 14 11036
6930 23 10 11227
6932 23 10 11259
6948 23 4 11058
6954 23 22 10446
6956 23 24 10519
6958 23 24 10679
6960 23 4 10914
6962 23 14 10916
6964 23 14 10924
7004 23 20 10829
7006 23 20 10845
7008 23 4 10994
7010 23 14 11132
7014 23 0 10744
7016 23 14 10996
7020 23 22 10518
7022 23 24 10287
7024 23 20 10669
7028 23 0 10792
7030 23 10 10803
7032 23 14 10836
7034 23 14 10940
7040 23 10 10987
7042 23 4 10418
7048 23 24 11199
7058 23 22 11022
7060 23 14 11244
7066 23 10 10475
7068 23 14 10388
7076 23 24 10847
7078 23 20 10989
7080 23 20 10589
7082 23 0 10624
7084 23 2 10753
7086 23 10 10899
7090 23 20 10933
7092 23 24 11007
7096 23 10 10707
7098 23 2 10641
7100 23 14 10324
7106 23 2 10585
7112 23 2 10353
7118 23 24 11119
7124 23 14 10716
7126 23 0 10808
7128 23 20 10541
7130 23 14 10580
7132 23 24 10351
7136 23 14 10804
7138 23 14 11212
7148 23 10 10787
7156 23 22 10406
7186 23 10 10907
7188 23 14 10564
7190 23 0 10648
7192 23 24 10551
7194 23 2 10601
7206 23 0 11248
7208 23 22 10710
7216 23 2 10337
7220 23 0 10512
7224 23 24 10719
7234 23 14 11180
7248 23 10 10859
7250 23 2 11161
7274 23 22 10486
7278 23 2 11145
7284 23 20 11213
7290 23 14 10572
7304 23 20 10637
7306 23 14 10852
7312 23 14 10396
7314 23 10 10699
7316 23 0 10720
7322 23 10 10523
7330 23 4 11098
7332 23 4 10362
7336 23 2 10857
7338 23 0 10592
7340 23 22 10958
7348 23 0 10288
7354 23 22 10550
7358 23 24 11039
7360 23 0 10920
7362 23 22 10614
7364 23 4 10442
7372 23 2 10897
7374 23 24 10967
7380 23 22 10918
7386 23 4 10746
7392 23 2 10561
7396 23 0 10904
7398 23 14 11044
7412 23 10 10403
7414 23 20 10717
7422 23 20 10749
7430 23 20 11077
7436 23 14 11124
7438 23 22 10398
7444 23 0 11072
7452 23 22 11142
7454 23 10 10443
7460 23 14 10988
7464 23 20 10389
7466 23 14 10300
7468 23 10 10355
7470 23 22 10990
7472 23 4 11018
7476 23 24 11255
7524 23 10 11027
7540 23 4 10658
7542 23 0 10688
7544 23 14 10876
7546 23 24 10319
7550 23 10 10771
7552 23 10 11115
7558 23 0 10856
7560 23 24 11175
7562 23 4 10506
7566 23 4 10986
7568 23 22 10654
7578 23 10 10779
7584 23 22 10926
7612 23 10 10755
7616 23 10 10683
7620 23 10 10411
7630 23 24 10863
7632 23 2 10873
7634 23 14 11108
7644 23 0 10776
7646 23 2 11009
7654 23 2 10817
7662 23 14 10460
7680 23 2 10865
7684 23 2 10769
7686 23 4 10874
7690 23 14 10908
7704 23 20 10461
7706 23 22 10462
7708 23 10 11147
7730 23 14 10812
7732 23 4 11178
7734 23 22 10646
7748 23 4 10514
7750 23 0 10784
7752 23 20 10981
7754 23 0 11240
7756 23 22 11086
7762 23 0 10928
7772 23 22 10774
7774 23 24 10991
7776 23 10 10563
7778 23 14 10724
7876 23 22 10350
7880 23 4 10570
7884 23 24 11031
7888 23 0 11120
7890 23 10 10363
7918 23 14 10932
7920 23 0 10544
7934 23 22 10678
7936 23 10 11243
7958 23 24 10607
7994 23 0 11000
7996 23 0 11208
8010 23 20 10501
8012 23 10 10627
8018 23 2 10673
8040 23 14 11084
8050 23 10 10491
8062 23 0 10616
8064 23 24 10791
8066 23 20 11197
8094 23 24 10375
8102 23 0 10568
8106 23 0 10712
8110 23 20 10837
8126 23 10 10851
8134 23 24 11263
8136 23 24 10687
8138 23 10 11235
8142 23 0 10384
8156 23 4 11010
8158 23 0 11056
8170 23 20 10917
8182 23 0 10496
8192 23 14 11252
8208 23 10 10435
8210 23 22 10454
8214 23 0 10760
8226 23 4 10378
8230 23 2 10665
8234 23 24 11247
8268 23 22 11046
8276 23 2 10417
8278 23 14 10428
8282 23 14 10756
8286 23 20 10997
8296 23 4 26426
8298 23 20 23797
8300 23 0 11272
8302 23 10 12131
8304 23 20 12061
8306 23 14 12260
8308 23 10 11875
8310 23 10 11467
8312 23 4 11522
8314 23 10 12091
8316 23 4 12130
8318 23 0 12072
8320 23 4 11834
8322 23 22 11902
8324 23 2 11705
8326 23 14 12068
8330 23 10 12171
8332 23 10 11595
8334 23 0 12200
8338 23 24 11583
8340 23 20 11765
8342 23 20 12021
8344 23 24 11399
8346 23 2 11561
8348 23 4 11562
8350 23 14 11956
8352 23 22 11934
8354 23 2 11369
8356 23 0 11536
8358 23 0 11560
8360 23 22 12230
8362 23 10 11491
8364 23 4 11554
8366 23 0 11800
8368 23 2 12041
8370 23 10 12211
8372 23 0 12240
8374 23 22 11294
8376 23 2 11297
8378 23 20 11301
8380 23 24 11303
8382 23 0 11392
8384 23 0 11672
8386 23 10 12275
8388 23 0 11400
8390 23 20 11309
8392 23 0 11432
8394 23 20 12109
8396 23 10 11755
8398 23 14 12004
8404 23 4 11962
8410 23 0 12088
8412 23 4 11442
8414 23 14 11476
8416 23 2 11641
8418 23 4 11826
8420 23 10 12003
8422 23 24 12247
8424 23 4 11634
8426 23 10 11683
8428 23 14 12212
8432 23 22 11302
8434 23 24 11751
8440 23 10 11403
8442 23 4 12018
8444 23 14 11676
8446 23 2 11905
8450 23 22 11310
8452 23 24 11975
8454 23 24 11431
8456 23 0 11600
8460 23 10 11747
8462 23 14 11644
8464 23 24 11863
8466 23 2 12105
8468 23 4 11418
8474 23 20 11933
8478 23 0 12064
8480 23 4 11882
8482 23 20 12045
8484 23 10 12179
8492 23 14 11716
8494 23 14 12028
8500 23 10 11539
8506 23 22 11894
8510 23 2 11553
8512 23 22 11670
8516 23 24 11439
8522 23 14 11964
8524 23 2 11377
8526 23 20 11453
8530 23 14 11876
8532 23 22 12078
8534 23 10 12083
8536 23 14 12084
8540 23 24 12167
8544 23 22 12086
8548 23 20 11965
8554 23 0 11520
8556 23 14 12196
8560 23 20 11389
8562 23 4 11586
8568 23 4 11578
8570 23 10 11883
8572 23 0 12120
8574 23 2 11401
8576 23 4 11890
8580 23 4 12050
8588 23 4 12146
8590 23 20 11485
8592 23 14 11740
8594 23 10 12059
8596 23 2 12185
8598 23 0 12256
8600 23 10 11499
8604 23 0 11528
8606 23 2 11849
8608 23 24 11319
8614 23 20 11645
8616 23 2 11825
8620 23 20 11293
8624 23 24 12239
8626 23 4 11282
8628 23 0 11552
8630 23 14 11788
8634 23 20 12173
8636 23 14 11660
8638 23 0 12000
8642 23 10 11923
8644 23 10 11507
8646 23 10 11827
8648 23 4 12034
8650 23 22 12110
8656 23 4 11594
8666 23 10 11915
8668 23 0 11624
8670 23 0 11784
8678 23 0 11816
8686 23 4 12234
8696 23 4 12282
8702 23 2 11473
8704 23 24 11943
8708 23 14 11812
8710 23 24 11855
8712 23 22 11886
8714 23 0 11728
8720 23 20 11685
8726 23 14 11836
8728 23 20 11621
8730 23 14 12236
8736 23 14 11916
8738 23 2 11745
8740 23 24 11823
8742 23 20 12165
8744 23 22 12198
8748 23 14 11340
8750 23 24 12175
8752 23 22 11590
8754 23 4 11714
8766 23 0 11288
8768 23 0 11504
8770 23 14 11620
8772 23 14 11628
8776 23 4 11290
8778 23 0 11264
8780 23 4 11338
8788 23 2 11601
8790 23 4 11762
8832 23 24 11695
8834 23 0 12208
8844 23 10 11307
8850 23 0 11440
8852 23 4 11690
8858 23 20 11669
8860 23 22 11830
8862 23 14 11980
8864 23 0 11984
8866 23 14 11292
8878 23 24 12191
8880 23 4 11666
8882 23 10 12163
8884 23 22 11614
8886 23 22 11726
8890 23 22 11406
8894 23 2 11801
8896 23 20 11941
8900 23 14 12052
8902 23 10 12195
8904 23 24 12231
8906 23 2 12233
8934 23 24 12031
8936 23 0 11408
8938 23 4 11490
8940 23 14 12116
8942 23 10 11347
8944 23 2 11721
8964 23 24 11423
8966 23 14 11972
8968 23 2 11409
8974 23 10 12067
8976 23 22 11782
8978 23 22 11798
8984 23 14 11804
8996 23 24 11703
9004 23 24 11479
9008 23 2 12177
9010 23 4 12178
9014 23 2 11737
9020 23 2 11345
9022 23 0 11920
9026 23 22 12118
9030 23 2 12001
9042 23 4 11362
9044 23 0 12264
9054 23 20 11957
9056 23 2 11865
9058 23 2 11265
9068 23 4 11650
9070 23 0 12016
9080 23 2 11937
9082 23 20 11573
9092 23 10 11419
9094 23 2 11929
9096 23 20 11269
9104 23 10 11435
9110 23 4 11818
9112 23 10 12043
9118 23 24 11351
9120 23 14 11396
9122 23 24 11407
9124 23 20 11461
9126 23 14 11668
9128 23 24 11951
9130 23 4 11986
9132 23 22 12270
9152 23 20 11925
9154 23 22 11334
9172 23 20 11717
9174 23 20 11893
9176 23 20 12101
9178 23 20 11813
9180 23 2 11329
9184 23 22 11486
9188 23 22 11430
9192 23 4 12026
9198 23 24 11959
9204 23 10 11803
9206 23 0 11888
9212 23 24 11655
9238 23 10 11731
9250 23 24 11447
9252 23 22 12150
9260 23 14 11460
9262 23 22 11758
9264 23 2 11817
9266 23 10 11523
9270 23 20 12229
9274 23 24 11711
9282 23 20 11629
9302 23 0 12184
9306 23 0 11488
9308 23 4 11602
9310 23 20 11869
9322 23 14 11652
9324 23 2 11633
9336 23 24 11367
9338 23 0 11936
9350 23 22 11974
9352 23 14 11308
9354 23 14 11500
9362 23 14 11796
9376 23 2 12081
9388 23 2 11497
9398 23 14 11996
9404 23 2 11393
9408 23 2 11713
9412 23 4 11434
9414 23 0 11336
9416 23 10 12011
9424 23 22 12158
9426 23 2 11417
9428 23 4 11810
9430 23 24 11879
9438 23 14 11756
9448 23 0 11312
9450 23 22 11542
9464 23 22 11742
9466 23 20 11973
9470 23 0 11688
9474 23 4 11322
9476 23 4 11938
9480 23 14 11580
9488 23 24 11671
9490 23 2 12025
9492 23 0 11760
9498 23 24 11935
9500 23 20 12277
9516 23 0 11840
9518 23 0 12192
9540 23 10 11443
9542 23 0 11616
9548 23 10 11611
9550 23 24 11735
9552 23 0 11752
9554 23 4 12066
9556 23 14 11852
9572 23 14 11388
9574 23 22 11342
9576 23 14 11724
9580 23 22 11550
9598 23 4 12042
9600 23 14 12228
9654 23 24 12047
9656 23 20 11533
9678 23 0 12144
9680 23 2 11505
9686 23 10 12107
9694 23 24 11727
9698 23 0 11432
9700 23 20 11909
9718 23 4 11610
9720 23 10 11819
9726 23 14 12092
9754 23 22 11822
9756 23 14 11348
9758 23 10 11907
9766 23 24 11415
9772 23 22 11270
9784 23 10 11947
9798 23 10 11771
9806 23 4 11906
9822 23 22 11478
9860 23 2 11609
9874 23 22 11518
9890 23 10 11587
9900 23 20 12037
9910 23 0 11808
9912 23 4 11514
9914 23 14 11564
9920 23 24 12095
9922 23 14 12100
9930 23 22 11958
9944 23 24 11647
9950 23 10 11987
9964 23 20 12117
9966 23 20 11525
9968 23 4 11530
9972 23 24 11871
9974 23 22 11950
9980 23 20 12053
9986 23 14 11540
10000 23 20 12101
10006 23 22 11558
10008 23 0 11712
10012 23 20 12253
10016 23 24 12255
10018 23 22 14830
10020 23 22 14958
10022 23 14 14724
10024 23 22 14350
10026 23 14 14908
10030 23 24 14399
10034 23 22 15342
10040 23 20 14829
10042 23 14 14836
10044 23 10 15131
10046 23 22 15102
10048 23 22 15294
10050 23 4 15170
10052 23 22 15302
10054 23 24 15231
10056 23 0 14592
10058 23 24 14415
10060 23 0 15128
10062 23 4 15154
10064 23 20 14701
10066 23 22 14886
10068 23 24 14863
10070 23 0 15320
10072 23 0 14472
10076 23 24 14567
10078 23 4 14730
10080 23 22 14734
10082 23 0 14336
10084 23 4 14930
10086 23 14 14492
10088 23 22 14566
10090 23 4 14754
10092 23 24 14623
10094 23 22 14862
10096 23 4 15018
10098 23 14 15156
10100 23 22 15270
10108 23 2 14625
10112 23 10 14643
10114 23 14 14940
10120 23 14 15236
10122 23 22 15038
10124 23 24 15039
10126 23 4 14338
10128 23 22 14382
10130 23 24 14607
10132 23 4 14794
10134 23 0 15016
10136 23 10 15083
10138 23 24 15127
10140 23 4 15290
10142 23 4 15330
10146 23 4 14698
10148 23 24 15167
10150 23 2 14937
10156 23 22 14510
10158 23 2 14617
10168 23 14 14732
10178 23 4 14962
10180 23 20 14349
10182 23 4 14762
10184 23 20 14869
10186 23 24 14951
10188 23 24 14487
10192 23 0 15256
10198 23 0 15328
10200 23 10 14987
10206 23 10 15227
10218 23 4 15034
10224 23 10 15171
10230 23 22 14438
10232 23 4 15354
10234 23 22 14430
10236 23 24 14751
10242 23 0 14872
10250 23 22 14702
10252 23 10 14779
10254 23 14 14948
10264 23 14 15172
10268 23 4 14426
10272 23 0 14504
10276 23 14 14476
10278 23 24 14871
10280 23 24 15151
10282 23 20 14877
10284 23 0 14624
10286 23 20 14341
10288 23 24 14543
10290 23 22 15182
10292 23 10 15235
10298 23 24 14503
10302 23 10 15091
10304 23 4 15202
10306 23 0 14648
10308 23 10 14707
10310 23 4 15234
10318 23 24 14471
10320 23 2 14393
10328 23 20 15341
10332 23 10 14435
10336 23 20 14773
10342 23 24 14711
10344 23 24 14799
10346 23 14 14452
10350 23 2 14529
10352 23 4 14530
10364 23 22 14854
10366 23 4 14538
10368 23 14 14556
10370 23 2 15129
10374 23 14 15132
10376 23 14 15308
10378 23 2 14921
10396 23 14 15180
10404 23 20 15229
10406 23 4 15298
10422 23 10 14347
10424 23 4 15146
10426 23 2 14753
10428 23 20 14525
10430 23 24 15271
10442 23 10 14387
10444 23 2 14593
10448 23 0 14512
10450 23 2 14553
10454 23 4 14626
10456 23 0 15184
10458 23 14 15332
10462 23 24 14983
10468 23 0 15144
10470 23 10 15195
10474 23 0 15168
10476 23 10 15291
10480 23 24 14759
10486 23 4 15050
10490 23 4 14922
10492 23 2 14433
10496 23 24 15191
10498 23 10 14507
10502 23 24 14551
10504 23 0 14608
10506 23 10 14811
10508 23 22 14486
10512 23 24 15079
10514 23 20 15109
10518 23 24 14719
10520 23 10 14739
10526 23 24 15087
10528 23 14 15196
10530 23 20 14381
10540 23 4 14634
10546 23 4 14586
10554 23 0 14984
10556 23 24 15255
10558 23 10 15299
10562 23 22 15318
10576 23 0 15352
10580 23 0 14464
10590 23 20 14925
10594 23 2 15233
10602 23 22 14694
10604 23 22 14982
10606 23 10 15331
10608 23 24 14679
10610 23 2 14585
10612 23 10 14891
10616 23 20 14669
10620 23 14 14788
10622 23 4 14354
10626 23 2 15225
10628 23 14 14436
10630 23 24 15263
10638 23 24 15135
10642 23 2 15273
10644 23 0 14896
10670 23 14 15212
10672 23 24 14743
10674 23 24 14903
10676 23 10 15347
10678 23 4 14522
10682 23 10 14971
10684 23 24 14407
10686 23 4 15042
10694 23 20 14501
10696 23 2 15353
10698 23 10 15051
10700 23 20 15053
10702 23 14 15268
10704 23 20 14845
10706 23 0 14840
10708 23 14 14892
10726 23 10 14931
10732 23 2 15289
10756 23 0 15104
10762 23 14 15300
10764 23 10 15307
10766 23 0 15032
10788 23 4 15338
10790 23 14 15044
10794 23 4 14466
10796 23 0 15312
10798 23 24 15351
10800 23 4 14954
10824 23 24 14807
10828 23 14 14828
10830 23 4 14450
10834 23 24 14559
10836 23 22 14614
10846 23 0 14384
10848 23 10 15067
10850 23 10 14459
10852 23 14 14468
10854 23 14 15260
10856 23 0 14736
10860 23 24 14527
10862 23 4 15058
10864 23 10 15267
10880 23 22 14670
10890 23 14 14932
10910 23 2 14857
10914 23 20 15101
10924 23 0 15056
10930 23 10 14899
10932 23 4 14978
10934 23 4 15138
10936 23 14 15220
10940 23 0 14600
10944 23 10 14915
10950 23 10 14619
10966 23 4 14810
10974 23 0 14928
10984 23 4 14498
10992 23 0 14560
10994 23 24 14991
11000 23 22 14526
11004 23 24 14879
11040 23 4 14562
11042 23 2 15105
11046 23 24 15111
11050 23 0 14696
11054 23 22 14390
11074 23 10 15115
11078 23 10 15203
11080 23 14 14340
11098 23 22 15094
11102 23 24 15247
11108 23 4 14570
11114 23 4 14658
11116 23 20 14789
11118 23 14 15140
11120 23 24 15223
11128 23 14 14364
11130 23 20 15277
11132 23 20 15301
11136 23 22 14494
11138 23 20 14805
11140 23 2 14809
11142 23 22 15174
11148 23 0 15008
11150 23 22 15134
11152 23 14 15324
11154 23 20 14637
11184 23 20 15261
11186 23 20 14757
11200 23 20 14941
11220 23 2 14897
11222 23 0 14864
11230 23 14 15036
11262 23 20 14621
11272 23 22 14918
11300 23 4 14402
11306 23 22 14598
11312 23 4 14834
11314 23 2 15313
11358 23 2 14833
11368 23 2 15265
11372 23 10 15011
11374 23 0 15024
11392 23 10 15339
11396 23 22 14446
11410 23 22 15222
11412 23 20 15269
11430 23 14 14780
11442 23 2 15321
11444 23 20 15333
11458 23 4 15170
11468 23 4 15298
11484 23 4 15122
11500 23 2 15305
11514 23 0 14968
11518 23 24 14495
11532 23 10 14587
11534 23 10 14803
11536 23 20 14565
11548 23 24 14703
11566 23 14 15252
11568 23 4 15258
11570 23 20 14405
11572 23 10 14595
11592 23 2 14977
11604 23 22 14894
11610 23 22 14822
11614 23 24 14351
11616 23 10 14955
11634 23 22 14942
11640 23 2 14505
11658 23 10 14547
11660 23 0 15152
11668 23 22 14790
11670 23 20 14997
11678 23 10 15035
11696 23 10 15283
11698 23 20 14909
11704 23 20 14853
11706 23 14 15340
11716 23 24 14583
11718 23 22 14590
11722 23 14 14740
11724 23 14 14796
11726 23 2 15041
11750 23 0 14808
11754 23 10 15243
11756 23 14 15292
11760 23 20 14469
11776 23 14 14444
11778 23 2 14929
11816 23 22 15350
11820 23 10 14523
11822 23 24 14943
11832 23 10 14651
11842 23 4 15042
11858 23 2 14417
11894 23 20 15093
11902 23 2 14337
11904 23 2 14889
11906 23 20 15237
11920 23 20 14677
11934 23 0 14400
11936 23 24 14831
11938 23 0 14832
11940 23 0 15120
11946 23 4 14378
11948 23 24 15303
11980 23 22 15246
11984 23 0 15224
12012 23 14 14700
12016 23 14 15100
12022 23 0 14680
12026 23 4 14978
12076 23 10 15019
12104 23 24 15183
12108 23 14 14804
12110 23 20 14549
12130 23 2 14537
12168 23 4 14882
12172 23 4 15130
12222 23 2 14369
12224 23 24 15159
12236 23 2 15345
12240 23 24 14871
12244 23 24 15207
12270 23 0 15192
12278 23 2 15241
12294 23 20 15021
12332 23 10 14611
12344 23 14 15076
12350 23 22 14870
12352 23 0 14880
12358 23 22 14686
12362 23 2 14969
12374 23 22 15214
12378 23 20 15317
12388 23 2 14425
12392 23 4 14690
12394 23 2 12649
12396 23 22 13302
12400 23 20 12293
12402 23 0 13160
12404 23 20 13173
12406 23 14 13076
12408 23 20 12477
12410 23 20 13133
12416 23 10 12659
12418 23 0 12600
12420 23 4 12970
12422 23 0 13240
12424 23 22 12782
12426 23 22 12334
12428 23 2 12825
12430 23 20 13037
12432 23 4 13130
12434 23 0 12384
12436 23 4 12346
12438 23 22 12358
12440 23 4 12538
12442 23 0 13304
12444 23 22 12350
12446 23 2 12681
12448 23 0 12416
12450 23 0 12584
12452 23 22 12614
12454 23 4 12914
12456 23 0 13104
12458 23 10 13147
12460 23 22 13270
12462 23 4 12906
12466 23 22 13014
12468 23 22 13054
12470 23 14 13004
12472 23 24 12991
12474 23 2 13273
12478 23 14 12572
12480 23 22 12686
12482 23 10 13027
12492 23 20 12541
12494 23 0 13040
12496 23 10 13267
12500 23 22 13294
12502 23 20 12765
12504 23 20 12557
12506 23 2 12953
12508 23 2 13089
12510 23 4 13274
12512 23 0 12472
12518 23 4 12858
12520 23 20 12861
12522 23 2 12993
12528 23 14 12524
12536 23 0 12488
12540 23 4 12786
12542 23 24 13007
12544 23 0 12616
12546 23 2 12937
12548 23 10 13219
12550 23 4 13282
12552 23 14 13180
12554 23 22 13182
12556 23 10 13227
12558 23 10 13259
12560 23 0 13272
12564 23 22 12574
12566 23 4 13146
12568 23 0 12704
12570 23 4 13034
12572 23 14 13036
12574 23 0 13056
12576 23 24 13111
12578 23 4 12402
12580 23 10 13235
12592 23 2 12481
12594 23 4 12706
12596 23 10 13035
12602 23 0 12456
12604 23 4 12338
12606 23 4 12442
12608 23 4 12474
12610 23 20 12461
12612 23 4 13002
12614 23 20 13197
12620 23 24 12431
12622 23 14 12460
12630 23 4 12386
12632 23 2 12793
12634 23 0 12392
12636 23 14 12500
12638 23 0 12904
12640 23 24 12999
12644 23 10 13211
12646 23 0 12960
12652 23 4 12418
12660 23 14 13292
12662 23 20 12701
12664 23 20 13117
12666 23 20 13261
12670 23 4 12730
12672 23 24 12807
12674 23 22 12814
12676 23 0 12816
12678 23 24 12871
12680 23 10 12883
12682 23 4 13098
12686 23 20 13293
12688 23 22 12366
12690 23 10 12331
12692 23 20 12341
12694 23 4 12546
12704 23 24 12455
12706 23 2 12529
12708 23 10 12819
12710 23 2 12753
12712 23 22 13174
12714 23 14 13300
12716 23 10 12571
12718 23 24 12591
12720 23 0 12840
12726 23 22 12462
12732 23 10 12307
12734 23 14 12740
12744 23 14 12956
12746 23 10 12611
12748 23 20 12685
12756 23 10 12339
12760 23 10 12787
12762 23 22 13022
12766 23 0 12368
12770 23 14 12812
12774 23 14 13092
12784 23 24 12391
12786 23 20 12869
12788 23 0 12424
12790 23 20 12949
12798 23 4 12426
12802 23 2 13001
12804 23 2 12521
12810 23 0 12784
12812 23 24 12951
12814 23 10 12995
12816 23 22 13046
12818 23 4 13202
12820 23 20 12997
12824 23 14 12452
12840 23 24 13143
12844 23 24 12583
12846 23 22 12958
12848 23 10 12811
12850 23 22 12822
12852 23 20 13189
12854 23 4 12570
12864 23 10 12619
12868 23 4 12370
12870 23 22 12654
12872 23 14 12636
12874 23 14 12764
12878 23 24 12655
12880 23 22 12526
12884 23 22 12918
12888 23 14 13100
12890 23 10 12739
12892 23 2 13297
12896 23 10 13195
12904 23 20 12853
12914 23 24 12511
12918 23 22 12302
12928 23 14 12348
12930 23 24 13079
12934 23 10 12603
12938 23 22 12598
12940 23 22 12670
12942 23 22 13126
12944 23 2 12321
12948 23 20 13253
12958 23 4 12818
12966 23 2 12625
12968 23 22 12758
12970 23 10 12795
12974 23 14 13068
12978 23 0 12296
12980 23 20 13101
12984 23 24 13031
12986 23 4 12586
12988 23 10 13291
12990 23 0 12592
12992 23 0 12848
12994 23 4 12882
12996 23 4 12946
13000 23 14 12900
13004 23 24 12359
13006 23 24 12887
13012 23 22 13070
13016 23 10 12683
13022 23 24 12639
13024 23 24 12823
13026 23 22 13238
13030 23 14 12700
13036 23 24 12631
13044 23 10 13275
13048 23 4 12834
13052 23 10 13179
13054 23 22 12750
13058 23 10 13283
13062 23 2 13233
13070 23 10 12379
13074 23 0 13128
13082 23 2 13305
13084 23 4 13306
13096 23 24 12327
13098 23 20 12821
13104 23 10 12635
13110 23 10 12843
13124 23 20 12925
13138 23 4 12898
13150 23 22 12510
13154 23 20 13221
13156 23 4 12722
13158 23 24 12399
13176 23 22 12374
13178 23 2 12417
13190 23 10 12387
13194 23 4 12466
13196 23 14 12780
13202 23 0 13176
13224 23 4 12890
13226 23 4 13138
13228 23 20 13141
13230 23 0 12520
13232 23 22 12926
13234 23 0 13296
13236 23 14 13148
13240 23 2 12353
13242 23 4 13298
13244 23 10 12667
13246 23 20 12749
13250 23 24 12775
13264 23 4 12530
13272 23 24 12415
13274 23 24 12519
13276 23 4 12626
13282 23 2 12745
13288 23 0 12776
13292 23 2 12409
13296 23 20 12485
13298 23 24 12607
13314 23 24 13103
13320 23 20 12973
13326 23 2 12289
13336 23 20 12717
13338 23 24 12751
13352 23 10 12531
13354 23 20 12661
13356 23 24 12487
13360 23 20 13085
13362 23 0 12512
13364 23 20 12693
13366 23 20 12645
13382 23 2 13121
13392 23 14 13052
13412 23 22 12838
13416 23 20 12789
13418 23 20 12957
13422 23 22 13254
13424 23 4 12354
13438 23 0 12864
13458 23 24 12623
13460 23 20 12605
13462 23 0 13080
13466 23 0 12400
13468 23 14 12660
13482 23 4 13082
13484 23 24 13167
13490 23 2 13185
13500 23 0 12304
13502 23 2 12505
13512 23 22 12494
13516 23 20 12813
13520 23 20 13237
13524 23 14 12804
13526 23 20 12669
13532 23 4 12658
13536 23 4 12290
13556 23 2 12729
13570 23 22 12622
13584 23 14 12924
13586 23 0 12504
13598 23 10 12347
13612 23 24 13151
13614 23 20 12405
13642 23 20 12805
13646 23 0 12920
13648 23 10 12771
13650 23 10 12515
13652 23 10 12315
13662 23 14 12380
13666 23 22 13118
13678 23 10 13107
13702 23 2 12345
13724 23 10 12595
13730 23 10 12363
13734 23 24 13303
13740 23 4 12690
13756 23 2 12537
13776 23 24 12383
13778 23 10 12475
13780 23 22 13134
13784 23 0 12648
13818 23 0 12936
13832 23 14 12532
13834 23 0 12344
13836 23 14 12668
13838 23 14 13044
13842 23 24 12695
13844 23 20 13045
13846 23 4 12394
13848 23 24 12503
13850 23 14 12948
13888 23 2 12433
13890 23 10 12939
13892 23 14 12988
13900 23 14 13156
13906 23 0 12736
13908 23 24 12847
13930 23 10 13131
13944 23 14 12708
13954 23 2 12425
13956 23 20 12517
13966 23 20 13213
13972 23 20 13029
13980 23 4 13106
13998 23 24 13119
14000 23 20 13269
14012 23 14 12828
14028 23 24 12895
14040 23 22 12982
14044 23 24 12447
14046 23 24 12535
14068 23 22 13102
14070 23 20 13301
14086 23 24 13039
14090 23 0 13088
14098 23 0 12352
14100 23 20 12501
14102 23 2 12577
14104 23 10 13067
14106 23 22 13310
14110 23 4 12914
14118 23 10 13243
14120 23 20 12581
14122 23 10 12715
14152 23 2 12785
14154 23 0 13072
14156 23 4 12458
14158 23 4 12634
14166 23 0 12720
14182 23 22 13878
14184 23 24 13695
14186 23 20 14109
14188 23 24 14159
14190 23 2 14249
14194 23 22 13566
14198 23 4 14258
14200 23 2 13321
14202 23 10 13411
14204 23 24 13599
14206 23 22 13774
14208 23 14 14292
14210 23 22 14334
14212 23 10 13659
14214 23 4 13610
14216 23 0 13920
14218 23 20 13541
14220 23 0 13640
14222 23 14 13892
14224 23 20 14069
14226 23 24 13551
14228 23 14 14076
14232 23 0 14328
14234 23 22 13758
14236 23 24 13919
14238 23 22 14102
14240 23 14 14204
14242 23 22 14086
14244 23 14 14220
14248 23 22 13726
14250 23 22 13518
14252 23 4 13826
14254 23 2 13881
14258 23 0 13752
14260 23 24 13991
14264 23 0 13592
14266 23 2 14145
14268 23 4 14322
14270 23 14 13460
14272 23 0 14256
14274 23 20 13333
14276 23 24 13431
14278 23 0 13856
14280 23 22 14182
14282 23 24 13671
14284 23 24 13911
14288 23 24 14335
14292 23 20 13565
14294 23 24 14007
14304 23 24 13959
14306 23 20 13989
14308 23 0 13560
14310 23 10 14011
14312 23 10 14275
14314 23 0 14248
14316 23 10 13779
14318 23 2 13329
14322 23 4 13666
14326 23 22 14294
14328 23 0 13400
14330 23 14 14028
14336 23 20 13869
14338 23 22 14094
14344 23 14 14068
14350 23 2 13529
14356 23 22 13390
14358 23 10 13987
14360 23 24 14255
14362 23 0 14080
14364 23 24 14143
14366 23 2 14321
14370 23 14 14252
14372 23 22 13446
14374 23 10 13723
14376 23 10 14051
14382 23 2 13993
14384 23 0 13352
14386 23 22 14254
14388 23 10 13731
14390 23 14 13740
14396 23 14 13860
14412 23 22 13958
14414 23 14 13980
14416 23 10 13675
14418 23 22 14286
14420 23 2 14009
14422 23 20 14029
14428 23 14 13340
14438 23 4 13650
14440 23 0 13824
14448 23 10 13947
14452 23 24 14295
14460 23 10 13563
14470 23 20 13949
14472 23 4 14226
14474 23 10 13763
14476 23 2 13449
14480 23 20 13917
14482 23 24 13543
14484 23 24 13607
14486 23 24 13935
14488 23 24 13759
14494 23 4 13370
14496 23 14 13436
14500 23 24 13559
14502 23 14 13620
14504 23 0 13664
14506 23 24 14015
14508 23 22 13734
14512 23 14 13644
14514 23 2 13753
14516 23 2 13377
14520 23 22 13782
14522 23 10 13851
14524 23 2 13433
14526 23 0 13880
14528 23 2 14193
14530 23 20 13805
14532 23 4 14066
14534 23 2 13401
14536 23 14 13412
14538 23 20 13517
14544 23 4 13354
14548 23 24 13823
14550 23 14 14140
14556 23 20 13629
14558 23 4 13786
14562 23 20 13845
14568 23 0 13896
14570 23 20 13725
14572 23 22 13686
14574 23 20 13837
14578 23 22 14078
14580 23 14 14060
14584 23 4 14010
14586 23 14 13564
14588 23 4 13642
14590 23 20 13429
14592 23 0 13784
14594 23 4 13794
14596 23 22 14006
14602 23 2 14177
14608 23 22 13830
14614 23 14 14004
14616 23 10 13907
14618 23 2 14073
14622 23 14 13548
14626 23 22 13942
14628 23 4 13554
14630 23 4 14170
14632 23 4 14298
14638 23 20 14077
14640 23 2 14137
14650 23 20 14189
14652 23 0 14280
14656 23 4 13970
14660 23 0 14120
14662 23 24 14183
14664 23 14 14188
14672 23 10 13739
14674 23 22 14134
14690 23 22 13950
14710 23 4 13730
14724 23 4 14106
14726 23 0 14152
14730 23 4 13314
14732 23 4 13378
14734 23 10 13691
14736 23 14 13348
14738 23 4 13658
14740 23 24 14327
14742 23 10 13323
14756 23 22 13574
14770 23 24 13663
14774 23 4 14146
14776 23 22 14150
14778 23 14 13372
14784 23 2 13977
14786 23 20 13573
14798 23 14 13948
14800 23 24 13983
14812 23 0 14128
14814 23 2 13473
14820 23 10 13435
14822 23 14 14052
14824 23 4 14114
14834 23 24 13647
14840 23 0 13712
14854 23 24 14287
14856 23 4 13578
14868 23 4 13850
14872 23 22 13318
14874 23 4 13978
14882 23 22 14278
14888 23 24 13359
14890 23 10 14123
14892 23 14 13388
14894 23 2 13905
14898 23 2 14161
14900 23 4 14266
14904 23 2 14217
14912 23 2 13825
14914 23 10 14003
14916 23 14 14084
14918 23 4 14306
14922 23 14 14116
14928 23 24 14263
14936 23 10 14107
14938 23 4 13394
14940 23 20 14093
14942 23 24 13943
14964 23 22 13478
14966 23 24 13703
14970 23 14 14100
14972 23 2 13681
14974 23 2 14297
14984 23 10 14091
14986 23 2 13889
14988 23 24 13407
14992 23 20 14085
15014 23 22 14198
15016 23 10 14259
15020 23 2 13929
15024 23 22 14126
15026 23 20 13789
15036 23 2 13353
15040 23 2 13569
15042 23 4 13714
15044 23 2 14185
15046 23 24 14303
15056 23 0 14088
15060 23 2 14241
15066 23 22 14222
15072 23 0 13744
15074 23 14 13724
15086 23 14 13588
15090 23 0 14048
15104 23 2 13417
15106 23 14 13812
15108 23 4 13946
15120 23 4 14154
15138 23 10 13635
15144 23 14 13628
15154 23 20 13653
15160 23 20 13661
15162 23 4 13834
15166 23 10 13827
15170 23 14 13684
15172 23 24 13455
15174 23 22 13662
15176 23 10 13555
15220 23 0 13360
15222 23 22 13646
15224 23 4 14082
15226 23 2 13969
15238 23 24 13847
15246 23 10 13619
15248 23 24 13895
15258 23 22 13710
15262 23 20 13349
15266 23 2 13665
15268 23 24 14151
15284 23 4 13914
15288 23 4 13490
15300 23 14 13964
15314 23 20 13373
15318 23 4 13954
15320 23 10 14027
15324 23 10 14315
15326 23 14 13804
15334 23 10 13755
15336 23 22 13926
15344 23 0 13976
15346 23 4 14186
15348 23 22 13614
15350 23 14 13820
15352 23 14 14204
15356 23 4 13890
15360 23 24 13967
15364 23 24 13487
15368 23 4 13514
15370 23 20 14037
15376 23 24 14031
15380 23 24 14111
15394 23 0 14320
15396 23 4 13426
15398 23 2 13617
15400 23 20 13757
15402 23 24 13511
15404 23 24 13655
15406 23 22 13558
15412 23 20 13813
15422 23 22 13494
15424 23 24 13495
15426 23 10 13931
15432 23 4 13802
15434 23 10 14219
15436 23 14 13884
15454 23 14 14276
15464 23 0 14200
15468 23 2 13633
15474 23 24 13447
15480 23 20 14101
15484 23 20 13365
15494 23 2 13817
15496 23 4 13842
15498 23 20 14045
15500 23 10 14131
15506 23 24 13863
15516 23 0 14000
15522 23 24 13399
15524 23 24 13463
15526 23 0 13584
15528 23 20 13621
15530 23 14 13924
15532 23 24 14063
15534 23 2 13393
15540 23 4 13458
15544 23 2 13457
15554 23 0 13384
15558 23 2 13513
15560 23 24 14079
15566 23 0 13408
15568 23 0 13736
15574 23 4 14234
15576 23 4 13762
15582 23 24 13375
15590 23 20 13733
15592 23 10 14243
15618 23 0 13968
15628 23 24 13719
15642 23 24 13575
15668 23 0 14264
15672 23 10 14291
15688 23 20 14317
15702 23 10 13427
15704 23 22 13462
15706 23 20 13501
15720 23 24 13735
15726 23 14 14012
15748 23 24 13791
15750 23 10 14235
15756 23 14 13556
15768 23 22 13422
15772 23 0 13848
15776 23 0 13960
15780 23 24 14223
15794 23 4 13898
15834 23 24 14239
15840 23 10 13603
15844 23 22 13742
15852 23 20 13669
15854 23 0 14224
15876 23 22 14246
15878 23 22 13598
15892 23 2 13441
15896 23 24 13727
15900 23 14 13940
15902 23 24 14095
15906 23 20 13853
15908 23 0 13904
15918 23 10 14323
15920 23 24 14175
15940 23 2 14105
15942 23 22 13366
15948 23 20 13509
15952 23 2 14233
15954 23 0 14288
15956 23 20 13341
15958 23 24 13367
15972 23 2 13841
15978 23 0 13472
15982 23 24 13807
15986 23 14 13468
15992 23 4 14218
16006 23 20 13709
16024 23 14 13564
16030 23 2 14033
16032 23 14 14180
16060 23 10 13339
16062 23 10 14267
16068 23 0 7936
16086 23 24 27687
