0 20 14 15702
2 20 22 10718
4 20 1 10312
6 20 2 10361
8 20 21 10705
10 20 22 11198
12 20 14 11254
14 20 3 11262
16 20 5 10975
18 20 9 10976
20 20 22 11078
22 20 15 10379
24 20 9 10424
26 20 5 10303
28 20 23 10335
30 20 23 10347
32 20 2 10457
34 20 22 10466
36 20 23 10467
38 20 5 10495
40 20 1 10636
42 20 5 10507
48 20 1 10468
50 20 2 10601
52 20 5 10603
54 20 5 10651
56 20 21 10693
58 20 15 10739
60 20 5 10855
62 20 21 11005
64 20 23 10563
66 20 9 10724
68 20 23 10395
70 20 1 10552
72 20 15 10331
74 20 22 10334
76 20 23 10635
78 20 15 10991
80 20 21 10909
82 20 5 10327
84 20 9 11036
86 20 5 10291
88 20 1 10516
92 20 1 10828
94 20 23 10647
96 20 19 10620
98 20 21 10621
100 20 22 10514
102 20 9 10784
104 20 22 11138
108 20 15 10343
110 20 21 10309
112 20 9 10364
114 20 2 10301
118 20 9 10388
120 20 23 10515
124 20 21 10801
126 20 23 10431
128 20 23 10743
130 20 21 10861
132 20 2 10289
134 20 1 10300
136 20 23 10311
138 20 15 10451
140 20 21 10333
142 20 10 10317
144 20 1 10624
146 20 21 10285
148 20 3 10506
150 20 19 10848
152 20 22 11114
156 20 14 10342
158 20 9 10304
160 20 21 10441
162 20 23 10503
164 20 14 10330
166 20 21 10825
168 20 9 10928
172 20 5 11167
174 20 10 10701
176 20 23 10455
178 20 10 10617
182 20 1 10744
190 20 23 10287
192 20 1 10444
194 20 10 10929
196 20 1 10936
198 20 10 11097
200 20 15 10307
202 20 14 10702
204 20 19 10296
206 20 5 10543
208 20 21 10561
210 20 1 10720
212 20 1 10804
216 20 14 10582
218 20 9 10640
220 20 19 10800
226 20 5 10399
230 20 14 10738
236 20 19 10704
242 20 15 10355
244 20 5 10411
258 20 2 10805
260 20 23 10863
262 20 23 10959
264 20 2 10997
266 20 14 11194
268 20 15 10367
276 20 19 10512
278 20 23 10551
280 20 10 10665
282 20 23 10407
284 20 23 10611
286 20 5 10723
288 20 9 10772
296 20 1 10564
298 20 1 10876
300 20 10 10905
302 20 14 10558
304 20 3 10722
306 20 23 11139
308 20 2 10505
310 20 5 10423
312 20 19 10608
314 20 23 10683
316 20 21 10369
320 20 14 10522
328 20 1 10408
330 20 5 10771
332 20 5 10519
334 20 21 10393
336 20 22 10394
338 20 14 10402
340 20 19 10488
344 20 2 10889
348 20 3 10398
350 20 2 10481
358 20 19 10644
360 20 3 10446
362 20 10 10857
364 20 23 11019
366 20 21 11221
380 20 22 10682
382 20 23 10719
386 20 22 10874
388 20 9 10676
390 20 1 10288
392 20 21 10465
394 20 22 10550
400 20 5 10471
404 20 5 10999
406 20 14 11038
412 20 19 10548
420 20 22 10382
422 20 1 11056
424 20 15 10703
432 20 15 10727
438 20 23 10359
440 20 19 10476
444 20 15 10751
446 20 1 10396
458 20 3 10650
460 20 14 10750
462 20 1 10900
464 20 9 11096
466 20 10 11133
468 20 5 11227
470 20 2 11249
478 20 21 11149
480 20 22 10370
482 20 10 10581
484 20 9 10760
486 20 21 11101
488 20 2 11105
490 20 14 11110
504 20 14 10618
506 20 14 10714
510 20 10 10305
512 20 9 10484
514 20 15 10439
516 20 22 10730
518 20 3 10374
520 20 23 10527
530 20 2 10325
532 20 22 10454
534 20 1 10432
536 20 22 10298
538 20 1 10492
540 20 15 10499
542 20 14 10510
544 20 1 10528
546 20 10 10689
548 20 14 10690
552 20 3 10818
554 20 23 10947
556 20 23 10995
560 20 9 11084
562 20 21 11137
578 20 2 11225
584 20 10 10677
586 20 14 11014
592 20 2 10673
598 20 15 10295
600 20 2 10313
602 20 21 10357
604 20 19 10428
606 20 2 10793
616 20 15 10427
620 20 9 10592
622 20 19 10668
626 20 9 10472
644 20 19 10752
650 20 15 11075
654 20 2 10733
656 20 2 10421
672 20 3 11058
678 20 2 10565
690 20 5 11215
692 20 22 11054
698 20 3 10638
700 20 15 10775
702 20 3 11214
706 20 1 11044
716 20 1 10984
718 20 23 10923
720 20 9 10856
726 20 2 10649
752 20 2 10349
754 20 22 10358
756 20 1 10672
758 20 23 11055
760 20 19 10764
772 20 5 11083
792 20 5 10831
800 20 5 10483
802 20 15 10487
804 20 9 10796
806 20 22 10826
808 20 9 10652
812 20 9 11144
814 20 5 11239
828 20 23 10575
832 20 3 10338
840 20 10 10653
842 20 1 10600
854 20 10 10341
856 20 3 10710
868 20 19 10860
870 20 10 10953
878 20 14 10474
880 20 19 10572
892 20 21 11077
902 20 21 10837
904 20 23 10971
906 20 10 10389
908 20 21 10345
912 20 22 10778
942 20 5 10363
952 20 22 10898
970 20 19 10380
982 20 21 10297
984 20 1 10384
986 20 9 10580
988 20 15 11087
990 20 15 10319
992 20 1 10696
1002 20 5 11191
1004 20 3 10422
1008 20 3 11190
1012 20 2 10469
1016 20 3 10362
1018 20 15 10955
1020 20 3 10758
1030 20 14 10630
1032 20 15 10643
1034 20 21 10657
1040 20 15 11171
1042 20 2 10385
1050 20 10 10497
1052 20 2 10709
1054 20 2 10721
1060 20 21 10957
1062 20 19 11076
1070 20 22 10982
1072 20 15 10475
1074 20 9 10544
1076 20 3 10626
1086 20 21 10789
1090 20 3 10926
1092 20 2 10949
1094 20 10 10965
1096 20 2 11045
1114 20 23 10875
1116 20 14 10978
1118 20 2 10685
1122 20 22 10502
1128 20 19 10920
1130 20 3 10830
1132 20 5 10435
1134 20 2 10517
1140 20 10 10893
1142 20 14 10942
1154 20 22 10706
1156 20 14 10762
1158 20 21 10765
1160 20 2 10577
1164 20 14 10294
1166 20 5 10627
1168 20 1 10924
1172 20 15 10547
1174 20 23 10479
1176 20 9 11012
1188 20 21 10969
1194 20 19 11040
1198 20 21 10873
1200 20 9 11108
1202 20 10 11109
1208 20 21 11065
1220 20 23 11127
1226 20 22 10886
1234 20 3 10614
1236 20 19 10968
1238 20 1 10504
1254 20 19 10440
1256 20 5 11035
1260 20 1 10780
1262 20 21 10633
1264 20 1 11116
1268 20 10 10917
1278 20 9 11216
1282 20 9 10688
1286 20 23 10899
1292 20 10 10461
1294 20 10 10437
1296 20 10 10545
1302 20 3 10302
1308 20 3 10698
1310 20 1 10816
1316 20 15 10391
1318 20 15 11123
1336 20 2 11033
1338 20 23 10779
1340 20 2 11189
1372 20 19 10392
1380 20 1 10768
1396 20 21 10525
1418 20 5 10531
1420 20 19 10560
1448 20 2 10769
1458 20 21 10741
1486 20 5 10999
1492 20 9 10532
1498 20 2 10493
1502 20 10 10509
1504 20 23 10359
1514 20 15 10523
1530 20 10 10449
1534 20 9 10568
1538 20 3 10290
1550 20 23 11115
1560 20 21 10585
1562 20 19 10656
1568 20 22 10790
1582 20 9 10820
1584 20 15 10559
1596 20 2 11141
1606 20 9 10520
1614 20 5 10675
1618 20 2 10757
1620 20 2 10865
1642 20 22 11234
1646 20 5 10711
1648 20 21 10453
1656 20 3 10794
1658 20 5 11143
1682 20 1 10888
1684 20 22 11042
1710 20 15 10595
1712 20 10 10941
1724 20 19 10740
1736 20 15 10835
1738 20 15 10655
1748 20 3 10962
1756 20 15 10979
1758 20 14 10990
1760 20 22 11018
1762 20 21 11209
1764 20 14 10306
1770 20 1 11104
1774 20 2 11213
1806 20 23 10611
1810 20 14 11146
1812 20 9 11156
1838 20 14 10318
1852 20 15 11243
1854 20 23 10299
1872 20 5 10687
1874 20 3 10746
1878 20 23 11235
1884 20 3 10590
1890 20 2 10937
1900 20 3 10494
1904 20 19 10824
1914 20 22 10346
1916 20 15 10535
1918 20 19 10632
1926 20 23 10995
1934 20 10 10401
1942 20 15 11027
1956 20 3 10410
1958 20 9 10604
1964 20 22 10670
1966 20 23 10731
2006 20 14 10726
2012 20 23 10743
2030 20 5 10963
2040 20 9 11060
2046 20 9 11180
2048 20 15 11183
2052 20 2 11237
2060 20 10 10485
2062 20 19 10788
2064 20 15 10607
2070 20 10 10809
2094 20 15 10463
2136 20 3 10854
2146 20 3 11010
2166 20 2 10409
2170 20 22 10934
2184 20 5 11095
2188 20 21 10645
2202 20 3 10938
2216 20 15 10403
2230 20 23 10623
2232 20 15 10679
2272 20 21 11053
2274 20 3 11250
2300 20 1 10648
2302 20 23 11103
2318 20 22 10322
2320 20 19 10776
2350 20 22 10286
2356 20 22 10754
2358 20 22 11030
2370 20 22 10766
2378 20 3 10314
2384 20 5 10663
2420 20 14 10462
2422 20 15 11147
2424 20 10 10377
2428 20 3 10950
2430 20 1 10960
2432 20 9 10316
2438 20 22 10994
2440 20 1 11080
2448 20 19 10680
2454 20 3 10518
2470 20 10 10761
2476 20 22 11258
2478 20 1 11260
2480 20 14 10570
2482 20 15 10571
2484 20 23 11031
2488 20 5 10759
2500 20 21 10885
2506 20 10 11013
2558 20 3 10458
2564 20 9 10904
2638 20 3 10530
2646 20 14 10858
2652 20 3 10974
2654 20 2 10397
2662 20 3 10902
2666 20 9 10892
2704 20 19 10524
2734 20 5 10843
2738 20 10 11145
2746 20 23 10527
2750 20 15 10907
2764 20 22 10646
2790 20 14 10438
2792 20 10 10605
2816 20 14 10930
2838 20 5 10567
2842 20 23 10755
2844 20 22 11102
2846 20 2 11057
2860 20 10 10425
2864 20 5 10639
2868 20 23 10851
2870 20 23 11043
2878 20 15 10967
2892 20 9 10664
2900 20 5 10735
2922 20 5 10975
2924 20 9 10976
2952 20 15 11039
2958 20 9 10400
2960 20 9 10460
2998 20 2 10829
3006 20 2 10589
3010 20 21 10753
3058 20 15 10715
3060 20 15 10763
3070 20 10 10533
3072 20 23 10563
3084 20 9 11168
3086 20 15 11219
3090 20 22 10634
3104 20 5 10699
3110 20 19 10320
3118 20 1 10420
3140 20 23 10491
3142 20 1 10576
3144 20 5 10891
3146 20 15 10487
3148 20 21 10489
3150 20 22 10490
3152 20 14 10810
3154 20 2 11117
3156 20 15 11171
3164 20 9 10712
3174 20 5 10747
3176 20 14 11294
3178 20 23 11275
3180 20 23 11335
3182 20 15 11283
3184 20 15 11355
3186 20 19 11284
3192 20 2 11397
3194 20 1 11264
3196 20 3 11446
3198 20 3 11338
3200 20 22 11298
3202 20 23 11299
3204 20 1 11372
3206 20 10 11605
3210 20 2 11445
3212 20 21 11417
3214 20 23 11443
3216 20 22 11982
3218 20 23 11983
3220 20 19 11416
3224 20 1 11456
3234 20 3 11278
3236 20 5 11363
3240 20 23 11539
3242 20 2 11541
3244 20 9 11568
3246 20 9 11580
3248 20 15 11583
3258 20 21 11297
3260 20 2 11301
3262 20 5 11303
3264 20 19 11392
3270 20 19 11464
3272 20 5 11519
3274 20 5 11279
3276 20 1 11528
3278 20 22 11634
3280 20 15 11271
3284 20 23 11323
3290 20 22 11418
3292 20 22 11442
3294 20 10 11641
3296 20 5 11435
3298 20 19 11668
3300 20 15 11619
3302 20 1 11396
3304 20 10 11461
3308 20 23 11755
3310 20 2 11529
3312 20 19 11548
3314 20 5 11339
3320 20 15 11523
3322 20 3 11578
3324 20 3 11590
3330 20 10 11485
3334 20 23 11395
3338 20 19 11476
3342 20 21 11801
3344 20 5 11903
3346 20 19 11740
3348 20 22 11382
3352 20 23 11659
3354 20 1 11348
3356 20 23 11359
3358 20 2 11841
3360 20 3 11314
3364 20 15 11487
3368 20 3 11482
3370 20 5 11483
3372 20 14 11522
3374 20 3 11614
3376 20 23 12091
3378 20 14 12170
3380 20 3 11542
3382 20 9 11676
3384 20 5 11495
3386 20 5 11699
3388 20 23 11863
3390 20 2 12117
3392 20 15 11391
3394 20 14 11834
3398 20 1 11600
3404 20 9 11532
3408 20 21 11573
3410 20 23 11743
3412 20 19 11572
3414 20 1 11864
3416 20 2 11421
3418 20 14 11654
3426 20 15 11823
3428 20 14 11282
3430 20 9 11328
3432 20 2 11385
3436 20 19 11452
3438 20 9 11472
3440 20 1 11504
3450 20 10 11593
3452 20 10 11617
3454 20 9 11628
3456 20 5 11639
3458 20 22 11670
3460 20 22 11802
3464 20 15 11883
3466 20 2 11901
3468 20 1 11912
3470 20 2 11937
3472 20 3 11998
3474 20 21 12005
3476 20 22 12006
3478 20 10 12013
3480 20 2 12045
3482 20 14 12098
3484 20 9 12120
3486 20 14 12134
3488 20 1 12248
3490 20 15 12267
3492 20 9 11748
3494 20 15 11895
3496 20 5 11351
3504 20 10 11761
3506 20 1 11480
3508 20 15 11319
3510 20 10 11269
3512 20 15 11307
3514 20 21 11309
3516 20 14 11690
3518 20 3 11374
3520 20 1 11636
3522 20 10 11905
3526 20 9 11400
3532 20 10 11569
3534 20 2 11577
3542 20 3 11830
3544 20 1 12008
3546 20 22 11766
3558 20 1 11876
3560 20 1 11588
3562 20 14 11954
3564 20 23 11935
3566 20 5 11399
3576 20 22 11826
3580 20 14 11594
3582 20 10 11821
3598 20 15 11403
3600 20 21 12017
3602 20 22 12018
3606 20 19 12016
3614 20 19 11368
3616 20 14 11930
3618 20 19 11788
3622 20 9 11460
3624 20 14 11342
3626 20 3 11530
3628 20 5 12059
3630 20 14 12158
3640 20 19 12028
3642 20 9 11316
3644 20 3 11926
3646 20 1 12032
3648 20 21 11537
3650 20 9 11604
3652 20 2 11661
3654 20 21 11993
3664 20 15 11595
3672 20 3 12046
3674 20 22 11850
3680 20 10 11737
3682 20 9 11796
3684 20 14 11882
3686 20 1 11336
3688 20 5 11615
3690 20 9 11916
3692 20 15 11295
3696 20 1 11468
3708 20 19 11944
3714 20 23 11371
3716 20 21 11909
3728 20 23 11695
3748 20 1 11420
3752 20 15 11499
3754 20 22 11502
3766 20 5 11507
3772 20 23 11647
3776 20 1 11408
3778 20 21 11705
3780 20 5 11711
3782 20 9 11712
3784 20 23 11731
3786 20 22 11742
3798 20 23 11503
3800 20 14 11486
3804 20 23 11707
3806 20 5 12023
3808 20 14 12206
3812 20 1 11708
3816 20 10 12205
3818 20 14 11666
3822 20 5 11687
3828 20 19 12112
3830 20 9 12144
3836 20 1 12092
3838 20 21 11921
3840 20 19 11536
3844 20 21 11621
3846 20 2 11673
3850 20 14 11630
3852 20 3 11410
3854 20 15 11715
3866 20 5 12191
3870 20 22 11958
3872 20 14 11714
3874 20 23 11407
3876 20 23 12271
3880 20 2 11685
3882 20 2 11745
3886 20 14 12026
3898 20 1 11672
3900 20 15 11451
3902 20 22 12610
3904 20 9 12316
3906 20 3 12914
3908 20 23 12359
3910 20 14 12318
3912 20 14 12330
3914 20 3 12338
3916 20 5 12351
3918 20 22 12442
3920 20 14 12474
3930 20 23 2995
3934 20 22 8150
3936 20 1 7936
3946 20 10 22581
3948 20 15 23063
3950 20 5 23215
3952 20 19 23268
3956 20 19 22668
3958 20 2 22709
3960 20 23 22743
3962 20 9 22796
3964 20 10 22797
3966 20 23 22923
3968 20 9 22928
3970 20 19 23088
3972 20 15 23111
3974 20 14 23134
3976 20 21 23185
3980 20 19 23316
3982 20 19 23352
3984 20 10 23361
3986 20 15 23531
3988 20 10 22653
3990 20 21 22801
3992 20 14 23446
3994 20 3 23526
3996 20 19 23064
3998 20 10 22953
4000 20 22 23006
4002 20 9 23048
4004 20 2 23225
4006 20 10 23313
4008 20 1 23320
4010 20 10 23421
4012 20 23 23499
4014 20 21 22777
4028 20 21 23221
4032 20 19 23376
4034 20 9 23480
4036 20 5 23419
4038 20 10 23193
4040 20 9 22736
4042 20 2 22865
4044 20 21 23005
4046 20 9 22676
4050 20 3 22998
4054 20 15 23411
4056 20 15 23423
4058 20 23 23427
4060 20 21 23485
4062 20 14 22774
4072 20 21 22645
4084 20 3 23022
4086 20 14 23122
4088 20 14 22582
4090 20 1 22588
4092 20 5 22999
4094 20 3 22974
4096 20 14 22990
4098 20 2 23429
4100 20 5 22651
4102 20 1 22708
4104 20 22 23414
4106 20 10 23493
4118 20 5 22903
4122 20 3 22926
4126 20 3 23010
4128 20 21 23041
4130 20 15 23051
4132 20 5 23191
4136 20 5 23359
4142 20 15 22535
4144 20 22 22766
4146 20 22 22802
4152 20 10 23025
4160 20 10 22809
4162 20 2 22901
4166 20 2 22961
4170 20 10 23217
4172 20 14 23290
4174 20 21 23329
4176 20 2 23501
4190 20 21 23197
4192 20 1 23416
4198 20 19 23496
4200 20 23 22659
4208 20 22 23498
4212 20 15 22787
4220 20 19 23136
4228 20 14 22870
4230 20 19 23040
4240 20 2 23213
4244 20 9 23264
4248 20 1 23392
4250 20 9 23408
4254 20 15 22751
4256 20 5 22555
4258 20 10 22617
4266 20 3 22794
4272 20 19 23076
4288 20 2 22637
4290 20 21 22933
4292 20 1 22984
4294 20 15 23207
4296 20 21 23269
4298 20 23 23415
4300 20 19 23460
4302 20 15 23471
4304 20 3 23046
4306 20 1 22552
4308 20 10 22569
4310 20 3 22806
4312 20 3 22818
4314 20 22 23390
4318 20 19 23016
4322 20 9 22820
4324 20 1 22960
4326 20 2 23333
4328 20 15 22919
4332 20 2 23165
4334 20 2 23189
4338 20 23 23211
4340 20 19 23220
4342 20 19 22908
4346 20 15 23171
4348 20 10 23373
4350 20 23 23403
4354 20 10 22677
4356 20 5 22579
4358 20 21 22633
4360 20 19 23328
4362 20 3 23514
4364 20 22 23222
4372 20 10 22821
4374 20 21 22861
4382 20 3 23226
4386 20 3 23334
4414 20 21 22789
4416 20 3 22854
4418 20 15 22883
4420 20 5 23047
4426 20 1 23344
4428 20 2 23393
4430 20 22 23402
4432 20 21 23449
4434 20 23 23331
4436 20 9 22616
4446 20 3 22530
4448 20 3 23118
4450 20 9 22880
4452 20 23 22899
4454 20 14 22930
4464 20 2 22853
4476 20 1 23152
4478 20 10 23265
4480 20 5 22615
4494 20 10 22689
4496 20 22 23378
4498 20 10 22785
4500 20 2 22793
4502 20 14 23014
4504 20 5 23551
4516 20 19 23544
4518 20 5 22723
4522 20 22 23510
4524 20 2 22745
4526 20 15 22991
4528 20 19 22536
4534 20 14 23386
4538 20 15 22715
4542 20 23 22755
4548 20 10 22869
4550 20 14 23038
4552 20 2 23249
4570 20 22 23162
4582 20 19 23148
4586 20 15 22955
4588 20 14 22642
4640 20 19 22956
4642 20 23 23283
4644 20 23 22587
4656 20 15 23483
4660 20 22 23522
4664 20 21 23053
4666 20 21 23173
4668 20 15 23327
4680 20 10 23277
4682 20 15 23351
4694 20 14 22594
4698 20 23 22851
4700 20 15 23243
4702 20 1 23296
4714 20 19 22884
4716 20 3 23274
4722 20 14 22954
4728 20 3 23442
4732 20 14 23398
4734 20 1 23440
4742 20 5 22879
4764 20 22 22934
4766 20 23 23079
4768 20 5 23143
4770 20 21 23161
4774 20 9 23468
4776 20 5 23503
4778 20 5 22543
4780 20 3 22566
4784 20 23 23511
4788 20 2 23453
4790 20 19 22548
4792 20 21 22669
4804 20 23 23379
4806 20 2 23477
4828 20 15 22631
4830 20 3 23106
4838 20 5 23275
4846 20 14 22570
4848 20 19 22824
4850 20 21 22837
4852 20 19 22860
4856 20 14 23170
4862 20 19 22776
4864 20 5 23155
4866 20 1 22540
4876 20 14 23434
4880 20 22 22682
4882 20 2 22685
4884 20 14 23242
4890 20 5 23023
4892 20 23 23067
4896 20 5 23011
4908 20 15 22823
4910 20 19 23340
4912 20 19 22596
4924 20 1 23104
4926 20 2 22565
4928 20 2 23021
4930 20 3 22782
4932 20 15 22967
4936 20 23 22563
4938 20 19 22572
4940 20 15 23027
4942 20 14 23182
4944 20 9 23384
4946 20 10 22545
4948 20 2 22889
4952 20 23 23223
4958 20 22 22994
5014 20 21 23317
5016 20 5 22927
5018 20 19 22680
5020 20 21 23425
5036 20 22 22790
5038 20 10 22833
5042 20 21 23245
5044 20 22 23450
5052 20 1 22816
5054 20 21 23017
5058 20 14 23146
5062 20 5 23299
5072 20 23 22539
5074 20 14 22714
5084 20 9 23036
5110 20 14 23206
5116 20 9 22604
5118 20 9 22760
5120 20 1 22780
5124 20 10 23253
5126 20 5 23323
5130 20 9 23420
5132 20 9 22688
5138 20 21 23257
5142 20 14 23338
5152 20 23 22683
5158 20 1 22996
5202 20 3 23538
5204 20 5 23539
5206 20 10 22701
5208 20 21 23509
5220 20 10 23457
5238 20 9 22724
5246 20 21 22813
5248 20 2 23525
5250 20 2 22541
5260 20 22 23018
5266 20 21 22849
5268 20 10 23469
5276 20 15 23147
5278 20 10 23481
5282 20 3 23166
5288 20 22 23474
5290 20 5 23491
5294 20 15 23075
5296 20 10 22605
5306 20 19 23208
5310 20 9 22832
5312 20 3 22986
5326 20 10 23397
5344 20 2 23501
5348 20 5 23251
5356 20 2 22841
5364 20 15 22931
5366 20 22 23126
5368 20 22 23294
5380 20 22 22550
5382 20 1 22612
5384 20 1 23176
5390 20 22 23186
5392 20 3 22542
5396 20 3 22890
5406 20 19 23280
5432 20 14 22846
5448 20 19 23532
5478 20 15 23303
5486 20 22 22826
5488 20 15 22847
5490 20 21 22861
5494 20 9 22976
5496 20 5 22987
5500 20 14 23278
5504 20 19 23388
5506 20 21 23389
5508 20 1 23404
5510 20 2 23549
5532 20 19 23172
5534 20 3 23430
5562 20 15 22571
5564 20 1 23272
5566 20 9 22652
5568 20 23 22839
5570 20 14 23374
5572 20 14 23542
5582 20 23 22779
5596 20 19 22932
5606 20 2 23537
5610 20 22 23318
5620 20 1 22732
5634 20 15 22547
5636 20 10 23121
5646 20 9 23084
5660 20 21 22717
5664 20 14 23050
5668 20 21 23305
5670 20 1 23380
5696 20 19 23436
5698 20 2 23285
5702 20 10 23085
5704 20 5 22531
5710 20 3 23466
5716 20 15 22895
5718 20 1 23128
5722 20 2 22649
5728 20 10 22929
5730 20 14 22978
5732 20 2 23081
5754 20 14 23314
5768 20 5 22735
5784 20 15 22643
5790 20 5 22939
5792 20 22 23078
5794 20 22 23486
5812 20 22 22670
5814 20 14 22726
5824 20 9 22988
5826 20 1 23080
5830 20 15 22583
5834 20 9 22664
5842 20 2 22757
5844 20 21 23089
5852 20 14 23098
5860 20 1 23032
5862 20 2 23033
5872 20 14 22558
5878 20 1 22972
5890 20 5 22807
5892 20 21 22957
5916 20 10 23529
5920 20 5 23119
5922 20 10 23181
5934 20 19 23244
5938 20 19 23052
5942 20 15 22703
5948 20 2 22817
5950 20 14 22858
5952 20 14 23422
5954 20 1 22540
5974 20 9 22604
5990 20 9 22904
6000 20 14 22630
6010 20 9 22844
6024 20 5 23383
6030 20 14 22654
6080 20 19 23472
6092 20 23 23343
6096 20 10 22725
6098 20 23 22935
6100 20 22 23030
6102 20 22 23174
6104 20 23 23175
6106 20 21 23353
6108 20 10 23505
6110 20 21 22657
6148 20 14 22798
6158 20 23 23487
6168 20 14 23218
6172 20 23 23259
6174 20 14 22882
6176 20 3 23214
6216 20 9 23312
6218 20 15 23387
6226 20 23 22875
6228 20 15 23063
6230 20 23 23199
6244 20 2 23417
6260 20 5 22711
6262 20 21 22741
6274 20 9 22532
6296 20 23 22827
6298 20 10 23337
6302 20 5 22603
6316 20 22 23426
6350 20 1 22936
6364 20 15 22619
6366 20 3 22674
6368 20 9 23396
6370 20 14 23086
6372 20 3 22614
6378 20 1 22828
6398 20 9 23372
6408 20 19 23004
6412 20 2 23381
6432 20 19 23292
6434 20 5 23467
6478 20 15 22859
6506 20 9 23144
6516 20 10 22857
6524 20 21 23029
6542 20 9 23432
6544 20 1 22636
6568 20 15 22691
6570 20 22 23258
6574 20 23 23523
6586 20 10 22665
6594 20 10 23229
6596 20 9 22712
6598 20 10 23301
6600 20 23 22767
6636 20 19 23232
6644 20 10 23325
6646 20 5 22615
6654 20 23 23535
6664 20 19 23400
6692 20 1 23236
6694 20 23 23247
6696 20 21 23545
6738 20 9 23120
6790 20 22 22646
6798 20 14 22918
6800 20 23 23007
6832 20 9 23156
6834 20 2 23201
6846 20 21 22909
6852 20 21 23053
6854 20 14 23062
6874 20 1 23464
6878 20 19 22560
6884 20 21 22945
6922 20 14 23362
6938 20 2 22805
6940 20 1 23248
6946 20 3 22878
6980 20 22 22610
6986 20 22 22982
7016 20 22 22946
7018 20 21 23413
7022 20 5 22699
7026 20 23 23439
7028 20 15 23447
7048 20 1 23428
7064 20 19 22620
7082 20 15 23183
7084 20 1 22672
7086 20 10 23445
7088 20 14 23506
7106 20 22 23210
7126 20 19 22800
7142 20 21 22573
7146 20 19 22692
7174 20 15 23399
7182 20 5 22915
7186 20 9 22700
7196 20 22 22874
7200 20 22 22910
7218 20 15 22799
7226 20 14 22786
7240 20 19 22908
7242 20 23 22911
7246 20 23 22983
7248 20 21 23113
7256 20 1 23500
7286 20 2 22673
7356 20 5 22759
7382 20 23 22659
7384 20 19 22788
7392 20 19 23256
7444 20 21 23221
7458 20 21 22729
7460 20 22 22634
7486 20 21 23161
7520 20 22 22730
7524 20 1 22912
7526 20 10 23373
7530 20 22 23018
7552 20 1 22648
7580 20 9 23132
7586 20 19 23436
7588 20 23 22719
7650 20 10 23181
7662 20 22 22802
7664 20 14 22606
7686 20 22 22826
7688 20 21 22861
7708 20 3 22590
7734 20 21 23245
7762 20 23 22947
7822 20 5 23515
7836 20 21 22705
7838 20 21 23341
7840 20 10 23541
7848 20 9 23360
7864 20 10 22557
7866 20 2 22937
7894 20 14 23230
7918 20 21 22873
7922 20 23 23115
7930 20 5 23299
7954 20 23 23091
7956 20 21 23137
7962 20 5 22975
8004 20 9 23252
8008 20 14 23458
8010 20 1 23548
8080 20 5 22819
8082 20 22 22922
8090 20 15 22979
8150 20 19 23424
8152 20 21 23497
8176 20 2 23477
8184 20 5 22531
8188 20 3 22842
8200 20 1 22756
8256 20 10 22581
8272 20 14 23110
8274 20 9 22952
8276 20 1 22924
8310 20 9 22748
8312 20 10 22749
8314 20 14 22966
8352 20 23 22995
8378 20 3 22602
8448 20 5 23179
8450 20 21 22561
8472 20 14 22534
8484 20 15 23171
8498 20 14 23434
8510 20 9 23072
8536 20 2 22781
8544 20 10 22629
8566 20 15 22727
8580 20 19 22572
8582 20 15 23039
8586 20 5 23263
8588 20 22 23282
8590 20 15 23423
8594 20 14 23194
8602 20 21 22669
8610 20 22 23054
8614 20 14 22546
8620 20 3 22854
8650 20 2 23501
8666 20 22 23198
8672 20 21 22537
8674 20 22 23354
8676 20 23 22803
8704 20 14 23122
8712 20 9 23300
8784 20 14 22954
8794 20 10 23409
8812 20 22 23234
8816 20 1 22540
8822 20 5 22843
8824 20 10 23517
8826 20 9 22580
8872 20 22 23294
8876 20 3 23202
8878 20 14 22594
8880 20 1 23332
8890 20 22 23330
8894 20 1 22564
8896 20 19 23208
8902 20 5 23407
8950 20 14 23338
9006 20 3 23454
9020 20 15 23123
9024 20 5 22663
9026 20 19 22752
9070 20 21 23293
9074 20 10 22965
9118 20 22 22898
9148 20 14 22702
9222 20 23 23355
9224 20 19 23448
9246 20 5 23491
9248 20 3 22770
9252 20 5 23287
9302 20 3 22662
9304 20 10 17473
9306 20 22 17550
9308 20 10 17569
9310 20 22 17658
9312 20 22 17814
9314 20 2 17829
9316 20 9 18096
9318 20 5 18299
9320 20 23 17503
9324 20 3 17638
9326 20 15 17847
9328 20 15 18219
9330 20 2 18021
9332 20 10 17941
9334 20 15 17607
9336 20 19 17920
9340 20 9 17892
9342 20 14 18218
9344 20 10 17593
9346 20 5 18227
9348 20 19 17632
9350 20 5 17687
9352 20 19 17776
9354 20 21 17921
9356 20 9 18060
9360 20 3 17974
9364 20 15 17775
9366 20 9 18024
9368 20 15 18399
9370 20 21 18269
9372 20 15 18183
9378 20 1 17852
9382 20 2 17577
9384 20 22 17754
9386 20 23 17755
9388 20 10 17797
9390 20 10 17677
9396 20 19 18088
9400 20 3 17578
9404 20 5 18047
9406 20 15 17547
9408 20 5 17843
9412 20 19 17596
9414 20 19 17644
9416 20 10 17701
9418 20 19 17836
9420 20 15 18267
9422 20 21 18317
9424 20 5 17975
9426 20 3 17590
9428 20 5 17603
9430 20 23 17707
9434 20 9 17820
9436 20 19 18244
9438 20 9 17436
9440 20 9 17544
9450 20 22 17766
9458 20 3 18058
9462 20 2 18069
9464 20 5 18155
9466 20 22 18162
9468 20 3 17962
9470 20 23 18091
9472 20 1 18092
9474 20 10 18385
9476 20 23 18151
9478 20 23 17467
9488 20 23 17731
9494 20 2 18333
9496 20 15 17871
9498 20 21 18125
9500 20 19 18400
9502 20 15 17559
9504 20 23 17563
9506 20 21 17729
9508 20 9 17844
9510 20 22 18186
9514 20 3 18130
9536 20 19 18112
9538 20 21 18209
9540 20 9 17520
9542 20 5 18275
9544 20 3 18298
9546 20 10 18361
9554 20 23 18415
9556 20 9 17580
9560 20 5 17699
9562 20 23 18139
9564 20 3 17770
9568 20 14 17690
9572 20 2 17697
9574 20 14 18122
9584 20 5 17639
9586 20 15 17763
9588 20 5 18083
9590 20 3 18010
9594 20 14 17786
9596 20 1 17444
9598 20 23 17455
9602 20 10 18133
9604 20 19 17452
9606 20 21 17537
9608 20 22 17862
9610 20 23 17887
9614 20 3 17986
9616 20 22 18138
9618 20 3 18226
9622 20 15 17571
9636 20 5 17927
9638 20 9 18108
9640 20 1 18128
9644 20 2 17985
9660 20 21 18089
9662 20 10 17437
9666 20 1 17792
9668 20 10 18121
9672 20 5 18251
9676 20 22 17466
9684 20 5 17855
9686 20 9 17916
9690 20 21 18077
9692 20 21 18113
9694 20 9 18132
9698 20 9 18252
9700 20 19 18268
9702 20 9 18288
9704 20 9 18384
9706 20 5 18419
9714 20 22 17574
9716 20 3 17746
9722 20 3 18346
9724 20 21 17597
9726 20 9 17868
9730 20 9 17976
9732 20 1 17516
9746 20 10 18025
9748 20 21 17573
9750 20 19 17608
9752 20 3 17926
9754 20 21 17993
9756 20 23 17635
9758 20 14 17702
9760 20 23 17779
9762 20 14 17834
9768 20 10 17557
9770 20 15 18279
9780 20 10 18037
9796 20 15 17811
9798 20 10 18001
9812 20 3 17890
9814 20 2 18345
9818 20 1 18344
9834 20 15 17439
9842 20 14 18410
9850 20 23 17659
9864 20 14 17558
9870 20 21 17981
9872 20 5 18011
9874 20 5 18059
9876 20 1 18164
9884 20 21 17417
9888 20 19 18340
9902 20 5 18407
9920 20 9 17700
9922 20 3 17854
9928 20 23 17599
9930 20 9 17796
9932 20 15 17823
9940 20 15 17667
9972 20 9 17928
9976 20 1 18044
9978 20 10 17521
9980 20 19 17536
9982 20 5 17723
9984 20 23 17827
9986 20 5 17963
9988 20 1 18296
9994 20 22 17586
10000 20 23 18343
10008 20 15 18159
10012 20 14 17930
10014 20 3 17626
10024 20 3 17878
10026 20 5 17951
10040 20 3 17530
10042 20 21 17489
10064 20 5 17591
10066 20 2 18165
10090 20 15 18099
10106 20 22 18282
10110 20 9 17496
10112 20 2 18033
10114 20 21 18005
10120 20 2 18297
10122 20 22 18390
10140 20 2 17661
10144 20 3 17938
10168 20 5 18287
10170 20 9 18336
10176 20 21 17813
10190 20 14 17414
10206 20 2 17805
10210 20 22 17694
10212 20 10 17905
10218 20 3 18286
10240 20 19 17728
10244 20 19 17956
10250 20 14 17450
10256 20 5 17783
10262 20 3 18250
10266 20 22 18114
10290 20 22 18174
10302 20 19 17524
10310 20 5 17747
10312 20 2 18081
10314 20 14 18302
10324 20 5 18023
10328 20 22 18066
10332 20 19 18208
10334 20 1 18260
10338 20 23 18223
10366 20 22 18102
10398 20 2 17541
10410 20 22 17646
10412 20 14 17678
10414 20 2 17553
10420 20 9 18216
10424 20 19 18016
10442 20 1 17768
10466 20 19 17440
10470 20 1 18116
10474 20 14 18098
10476 20 15 17499
10484 20 10 18049
10496 20 10 17629
10498 20 19 17788
10508 20 14 18182
10510 20 19 17560
10512 20 22 17994
10528 20 19 18028
10530 20 14 18218
10540 20 21 17465
10550 20 21 17669
10552 20 21 17621
10564 20 15 18315
10568 20 21 17693
10572 20 22 18078
10594 20 19 18148
10622 20 14 18398
10624 20 15 18255
10628 20 1 18332
10632 20 22 18018
10652 20 2 18201
10654 20 21 17645
10670 20 19 18376
10684 20 2 17481
10686 20 3 17698
10692 20 14 18170
10698 20 1 17864
10700 20 22 18354
10702 20 5 17411
10728 20 19 18424
10730 20 5 18347
10742 20 2 18417
10774 20 22 17418
10810 20 23 18355
10812 20 10 17965
10866 20 22 18294
10868 20 22 18210
10908 20 9 17736
10912 20 10 17821
10918 20 5 17795
10922 20 19 17944
10930 20 21 17549
10934 20 1 17888
10936 20 9 18144
10938 20 21 18413
10942 20 14 18290
10944 20 15 18411
10956 20 23 17419
10962 20 22 18246
10966 20 23 17947
10972 20 21 17861
10978 20 23 18163
10980 20 15 18003
10998 20 2 17853
11010 20 14 18194
11026 20 23 17863
11048 20 21 17969
11056 20 1 17840
11058 20 3 18418
11098 20 10 18337
11152 20 9 17676
11154 20 2 17709
11158 20 1 17552
11194 20 15 17907
11196 20 2 17961
11212 20 15 17859
11226 20 3 18430
11258 20 14 17474
11260 20 3 17494
11262 20 21 17849
11272 20 5 17435
11280 20 1 18200
11306 20 23 17575
11308 20 14 17630
11310 20 1 17804
11326 20 15 18075
11330 20 3 17842
11332 20 1 18236
11344 20 21 18365
11346 20 22 17682
11358 20 2 17937
11360 20 21 17945
11370 20 14 16714
11372 20 9 16520
11374 20 5 16531
11376 20 14 16726
11378 20 22 16790
11380 20 22 16838
11382 20 23 16863
11384 20 15 16907
11386 20 5 16963
11388 20 2 17117
11390 20 23 17211
11392 20 2 17225
11394 20 21 17389
11396 20 5 16927
11406 20 3 16986
11410 20 14 16510
11412 20 1 16744
11414 20 23 17067
11416 20 9 17228
11418 20 1 16456
11420 20 21 16801
11422 20 21 17329
11424 20 2 16625
11430 20 3 17118
11434 20 21 16633
11436 20 5 17359
11438 20 14 16870
11442 20 15 16679
11446 20 10 16821
11448 20 5 17239
11452 20 3 17358
11462 20 2 17009
11464 20 14 16678
11466 20 1 16672
11468 20 10 16485
11470 20 19 17208
11476 20 1 16648
11480 20 15 16475
11484 20 22 16550
11492 20 21 16837
11500 20 2 16961
11504 20 22 16994
11506 20 21 17041
11508 20 10 17181
11510 20 23 17271
11514 20 9 17396
11516 20 15 16619
11518 20 9 16532
11522 20 14 16882
11524 20 14 16930
11526 20 10 17397
11536 20 1 16444
11540 20 23 17163
11542 20 2 17297
11546 20 23 16887
11548 20 14 17038
11554 20 3 16386
11556 20 23 16851
11558 20 2 16925
11562 20 1 16612
11564 20 23 16995
11566 20 22 17018
11568 20 2 17129
11570 20 10 16545
11572 20 15 17159
11574 20 21 16825
11580 20 19 16680
11586 20 22 16922
11588 20 19 17232
11596 20 5 16759
11600 20 5 16387
11602 20 5 17383
11608 20 23 16743
11612 20 10 17145
11614 20 15 16787
11618 20 9 16976
11620 20 5 17287
11622 20 1 16576
11624 20 5 17371
11626 20 23 16815
11630 20 10 16845
11636 20 9 17300
11640 20 14 16738
11644 20 23 16671
11648 20 14 17398
11666 20 5 17203
11678 20 15 17195
11680 20 10 16713
11682 20 2 16805
11690 20 5 17323
11692 20 21 17365
11694 20 9 16940
11698 20 23 16707
11700 20 21 16717
11704 20 15 17099
11706 20 15 16991
11708 20 21 16813
11710 20 21 16525
11720 20 5 16435
11722 20 10 16569
11726 20 19 16584
11728 20 15 17279
11730 20 23 17031
11732 20 9 16568
11734 20 1 16636
11736 20 3 16662
11738 20 23 17175
11740 20 3 17190
11742 20 19 17268
11746 20 23 16899
11748 20 1 16924
11756 20 21 16873
11762 20 10 17229
11766 20 9 16472
11776 20 21 16681
11778 20 3 17142
11782 20 15 16439
11784 20 10 16449
11786 20 1 17080
11792 20 1 17308
11810 20 9 17204
11838 20 23 16791
11840 20 3 16494
11842 20 3 17202
11846 20 21 16441
11850 20 19 16488
11862 20 3 16530
11872 20 3 17034
11874 20 22 17126
11886 20 23 17055
11888 20 19 16560
11890 20 2 16613
11892 20 22 16718
11896 20 10 16797
11904 20 10 17097
11914 20 5 16747
11926 20 22 16694
11948 20 22 17090
11952 20 15 17375
11956 20 3 17298
11962 20 14 16990
11964 20 14 17338
11966 20 3 16698
11968 20 5 16699
11974 20 15 16883
11976 20 3 16902
11978 20 21 16921
11980 20 19 17052
11982 20 9 17168
11984 20 21 17305
12000 20 14 17134
12004 20 5 16711
12006 20 10 16833
12010 20 2 17105
12012 20 14 17158
12058 20 15 16871
12060 20 23 16875
12062 20 15 16655
12064 20 23 16779
12084 20 10 17265
12096 20 3 16650
12098 20 5 17071
12100 20 2 16937
12110 20 23 16695
12124 20 15 16919
12128 20 21 16429
12134 20 2 16697
12140 20 19 17088
12160 20 22 16598
12164 20 15 16859
12166 20 2 16409
12168 20 15 16535
12174 20 3 17322
12176 20 2 17345
12178 20 22 16646
12184 20 10 16989
12188 20 9 16616
12204 20 22 17030
12208 20 2 16385
12232 20 9 17324
12234 20 23 17223
12238 20 10 16557
12242 20 23 16971
12246 20 3 17286
12272 20 23 17355
12276 20 21 16513
12280 20 9 17084
12292 20 3 16926
12304 20 19 17016
12308 20 14 16690
12316 20 9 16760
12326 20 5 17335
12342 20 14 17074
12344 20 1 17092
12364 20 1 17008
12374 20 14 16570
12376 20 2 16853
12378 20 5 16951
12388 20 1 16900
12390 20 1 16996
12408 20 3 17226
12416 20 23 17283
12422 20 19 16632
12430 20 22 17042
12436 20 15 17327
12454 20 14 16774
12456 20 1 16420
12466 20 10 16533
12470 20 15 16751
12492 20 3 16710
12538 20 21 17341
12548 20 14 16810
12552 20 15 16559
12564 20 2 17237
12566 20 1 17320
12588 20 15 17291
12594 20 21 16945
12608 20 1 17224
12634 20 2 17273
12644 20 10 16965
12660 20 23 17151
12678 20 5 16819
12698 20 19 16620
12706 20 19 17112
12724 20 9 16808
12726 20 5 17347
12728 20 19 16908
12768 20 10 16497
12774 20 2 16577
12776 20 1 16696
12792 20 3 16458
12796 20 19 16884
12802 20 1 17380
12822 20 2 17369
12824 20 9 16868
12828 20 5 17143
12840 20 19 16992
12862 20 23 16767
12920 20 23 16827
12952 20 2 16745
12956 20 15 17135
12958 20 21 17149
12960 20 21 17077
12964 20 21 17113
12986 20 2 16985
13006 20 15 16943
13008 20 3 16950
13020 20 14 16966
13024 20 3 17178
13040 20 10 16461
13078 20 15 17231
13080 20 21 17353
13082 20 15 16691
13084 20 3 16818
13124 20 23 16647
13134 20 1 17056
13136 20 9 17060
13154 20 5 16423
13156 20 19 16980
13172 20 21 16405
13174 20 9 16436
13176 20 23 16539
13190 20 14 17158
13192 20 1 15516
13194 20 5 15543
13196 20 21 15561
13198 20 5 15603
13200 20 23 15755
13202 20 2 15793
13204 20 14 15846
13206 20 9 15784
13208 20 19 16280
13210 20 15 16279
13212 20 19 16376
13214 20 10 16289
13216 20 2 15457
13218 20 19 16112
13222 20 23 16139
13224 20 21 16257
13226 20 22 16378
13228 20 19 16088
13230 20 14 16362
13232 20 10 16181
13234 20 14 16074
13236 20 5 16011
13240 20 9 15400
13242 20 5 15831
13244 20 21 15909
13246 20 3 15854
13248 20 3 15494
13250 20 1 15960
13252 20 19 16340
13254 20 15 15439
13256 20 22 15970
13258 20 23 15851
13260 20 15 16291
13262 20 2 15409
13266 20 19 16064
13268 20 3 16166
13270 20 19 16328
13272 20 3 15518
13276 20 19 15644
13278 20 9 15736
13284 20 19 15848
13286 20 10 15905
13288 20 14 15930
13292 20 14 16146
13294 20 5 16215
13296 20 21 16221
13300 20 10 16313
13304 20 5 15411
13310 20 1 15912
13314 20 9 16012
13316 20 10 16145
13322 20 9 15472
13328 20 1 16380
13330 20 2 16093
13334 20 10 15701
13336 20 21 16329
13338 20 2 15853
13340 20 1 15636
13342 20 5 15567
13344 20 9 15868
13346 20 14 15870
13348 20 2 15925
13350 20 3 15938
13352 20 15 15943
13354 20 10 16253
13356 20 14 15702
13358 20 22 16354
13362 20 15 15595
13364 20 5 16131
13368 20 3 16142
13370 20 22 15454
13372 20 10 15569
13378 20 2 15841
13382 20 1 15600
13384 20 3 15554
13386 20 23 16007
13388 20 5 15399
13390 20 21 15849
13392 20 23 16331
13398 20 14 15810
13400 20 19 16184
13404 20 14 16050
13408 20 15 15679
13410 20 21 16053
13414 20 15 15715
13416 20 14 15630
13420 20 1 16044
13424 20 2 16381
13428 20 23 16247
13432 20 2 15637
13434 20 14 16002
13438 20 9 15724
13440 20 2 16033
13442 20 21 15981
13444 20 3 16214
13448 20 21 15813
13450 20 5 15615
13456 20 2 16165
13458 20 21 15429
13460 20 21 16245
13462 20 2 15913
13466 20 21 15789
13468 20 3 15686
13470 20 3 16262
13474 20 2 16369
13476 20 5 16371
13478 20 23 15971
13480 20 10 16049
13482 20 15 15655
13488 20 5 16071
13492 20 5 16167
13494 20 1 15504
13504 20 23 15431
13506 20 2 15997
13518 20 22 15382
13524 20 10 15533
13526 20 1 15852
13532 20 14 15978
13550 20 19 16172
13552 20 3 16178
13556 20 9 15928
13566 20 19 15404
13570 20 15 15967
13572 20 19 16004
13576 20 3 15458
13578 20 9 15556
13594 20 2 15673
13596 20 23 15719
13598 20 19 15920
13602 20 5 16359
13604 20 19 16244
13606 20 5 15495
13608 20 9 16120
13610 20 22 15406
13616 20 5 15519
13628 20 23 15743
13634 20 3 15830
13638 20 10 15881
13640 20 21 15885
13642 20 22 15886
13644 20 14 15906
13656 20 14 16134
13658 20 5 16143
13662 20 3 16202
13668 20 3 16334
13694 20 3 15950
13706 20 23 15923
13708 20 19 15896
13710 20 19 15932
13714 20 2 15805
13718 20 15 15955
13722 20 15 16135
13724 20 15 16243
13730 20 9 16156
13742 20 1 15888
13744 20 10 15917
13764 20 1 16248
13766 20 23 16355
13772 20 2 15541
13778 20 9 15532
13780 20 9 15580
13788 20 9 15652
13794 20 22 15910
13798 20 10 16169
13800 20 1 16176
13802 20 10 16217
13804 20 2 15625
13806 20 22 16138
13834 20 3 15362
13836 20 19 16268
13838 20 1 16272
13840 20 10 16025
13842 20 3 16298
13846 20 22 15982
13848 20 5 15435
13852 20 3 16094
13854 20 23 15875
13880 20 10 16241
13884 20 14 15882
13886 20 5 16119
13890 20 5 15363
13908 20 15 15487
13912 20 15 16147
13914 20 10 15737
13920 20 1 15900
13922 20 10 15677
13932 20 1 15684
13934 20 21 16137
13950 20 19 15800
13954 20 10 16349
13956 20 14 16350
13964 20 22 15682
13966 20 3 15734
13970 20 14 15786
13972 20 23 15911
13976 20 9 16252
13980 20 19 15368
13992 20 1 15576
13994 20 15 15919
13998 20 1 16056
14014 20 15 15631
14030 20 1 15768
14052 20 2 15829
14076 20 22 16210
14078 20 23 15899
14080 20 9 16240
14096 20 10 16193
14108 20 21 15441
14110 20 2 15589
14112 20 10 15509
14114 20 22 15586
14120 20 15 15847
14138 20 10 15941
14140 20 21 15957
14142 20 14 15582
14154 20 1 15360
14156 20 22 16054
14158 20 14 15642
14178 20 14 16194
14182 20 2 15445
14186 20 19 15776
14188 20 2 15781
14190 20 22 15826
14194 20 15 15403
14196 20 1 16116
14208 20 19 15512
14216 20 14 15594
14226 20 15 16267
14230 20 3 16226
14232 20 19 15884
14236 20 23 16235
14284 20 21 16209
14290 20 9 15676
14308 20 19 15560
14310 20 9 16144
14322 20 3 15842
14336 20 19 15728
14340 20 5 16251
14374 20 22 15430
14386 20 19 15680
14390 20 23 15575
14392 20 1 15840
14394 20 5 15843
14428 20 9 15772
14430 20 10 15773
14444 20 10 15425
14464 20 21 15693
14504 20 1 16032
14526 20 23 15635
14532 20 14 15546
14534 20 21 15969
14544 20 15 15823
14546 20 19 15824
14554 20 3 15698
14574 20 19 15392
14576 20 22 16042
14594 20 15 16363
14598 20 5 15699
14600 20 14 19486
14602 20 19 19512
14604 20 22 19550
14606 20 1 19576
14608 20 22 19694
14610 20 23 19719
14612 20 22 19850
14614 20 1 20080
14616 20 22 20138
14618 20 21 20185
14620 20 14 20230
14622 20 15 20231
14624 20 9 20240
14626 20 15 20363
14628 20 3 20406
14630 20 21 20437
14632 20 15 19979
14634 20 21 19981
14636 20 9 20072
14638 20 10 19521
14640 20 5 19591
14644 20 19 19836
14646 20 15 20015
14648 20 10 20325
14654 20 23 20019
14656 20 23 20115
14660 20 10 20277
14662 20 2 20213
14664 20 1 20344
14666 20 21 20425
14668 20 21 19669
14670 20 1 20200
14672 20 5 20203
14674 20 10 20241
14678 20 19 20400
14682 20 10 20097
14690 20 22 19598
14692 20 15 19799
14694 20 9 19688
14696 20 21 20293
14698 20 10 19881
14700 20 19 20472
14702 20 21 20473
14704 20 1 19912
14712 20 3 19842
14716 20 5 20347
14718 20 14 20374
14720 20 14 20014
14722 20 10 19629
14724 20 3 20022
14726 20 15 20411
14730 20 2 20141
14734 20 3 19974
14738 20 19 20136
14740 20 9 19496
14742 20 1 20248
14744 20 2 20093
14746 20 21 20365
14752 20 5 19987
14756 20 10 19701
14758 20 21 20173
14760 20 10 20121
14764 20 15 20135
14768 20 3 20430
14770 20 1 19972
14772 20 10 20049
14776 20 21 19513
14778 20 14 19522
14782 20 15 19775
14784 20 22 19970
14786 20 5 20107
14790 20 15 20291
14792 20 19 19524
14794 20 23 20259
14796 20 3 20394
14798 20 19 20088
14800 20 5 19507
14802 20 23 19551
14804 20 19 19656
14806 20 19 19908
14808 20 21 19945
14810 20 15 19967
14812 20 22 19982
14820 20 3 19650
14828 20 21 19693
14830 20 15 19943
14832 20 22 19778
14834 20 2 19973
14836 20 19 20064
14840 20 1 20392
14844 20 14 19570
14848 20 3 19638
14852 20 21 20269
14856 20 19 20412
14862 20 22 20210
14866 20 14 20098
14868 20 9 19544
14870 20 22 20114
14878 20 19 19860
14892 20 19 19476
14894 20 21 19561
14896 20 14 20302
14916 20 10 20061
14918 20 14 20086
14922 20 15 19955
14924 20 23 19467
14926 20 3 19686
14936 20 23 19899
14938 20 5 19735
14942 20 9 19940
14944 20 21 19957
14946 20 1 19960
14952 20 21 20413
14954 20 19 20460
14956 20 10 19593
14958 20 14 19594
14966 20 15 20111
14970 20 14 19774
14974 20 2 20381
14976 20 15 19463
14978 20 19 19464
14980 20 21 19465
14982 20 22 19946
14984 20 1 20164
14986 20 1 20476
14994 20 15 19787
14996 20 3 20238
14998 20 5 19699
15000 20 9 19748
15006 20 15 20387
15008 20 10 19473
15010 20 3 19542
15012 20 14 19882
15018 20 2 19469
15026 20 10 20421
15028 20 14 20386
15030 20 21 19549
15032 20 22 19682
15034 20 19 19848
15036 20 10 19965
15042 20 14 19990
15044 20 22 20066
15046 20 5 20383
15050 20 1 19528
15056 20 10 19869
15078 20 19 20004
15082 20 22 20426
15086 20 5 19759
15094 20 10 19689
15100 20 23 20055
15102 20 19 20076
15104 20 3 20202
15106 20 9 19652
15108 20 10 19773
15110 20 23 19875
15112 20 23 19659
15120 20 22 19958
15122 20 15 19547
15124 20 21 19921
15126 20 2 20009
15130 20 5 20335
15138 20 22 19730
15140 20 21 19969
15160 20 10 19653
15164 20 9 20156
15168 20 2 19721
15170 20 14 19786
15178 20 14 19534
15186 20 14 19546
15188 20 15 19919
15192 20 3 20274
15204 20 5 19615
15208 20 10 19509
15210 20 22 19538
15216 20 22 19766
15222 20 21 20281
15224 20 9 20300
15228 20 9 20444
15238 20 14 19762
15252 20 5 19483
15266 20 9 20060
15268 20 15 19691
15270 20 2 19901
15272 20 9 19532
15276 20 23 20199
15280 20 1 19600
15282 20 1 19888
15284 20 9 20408
15290 20 2 20249
15302 20 2 20021
15304 20 2 20045
15308 20 2 20177
15310 20 5 20251
15312 20 2 20297
15314 20 5 20299
15316 20 1 20308
15320 20 19 20364
15322 20 2 20369
15324 20 2 20405
15326 20 14 20410
15328 20 21 20461
15340 20 21 19741
15344 20 9 19808
15346 20 23 19839
15348 20 10 19941
15350 20 15 20087
15352 20 19 20196
15356 20 21 20161
15360 20 1 20440
15366 20 9 20372
15368 20 3 20382
15380 20 5 20275
15394 20 1 19852
15398 20 10 19677
15400 20 19 19692
15402 20 1 20260
15404 20 2 20321
15406 20 10 20409
15408 20 22 20474
15436 20 23 19491
15452 20 21 19765
15460 20 9 20048
15474 20 5 19579
15476 20 2 19769
15480 20 9 20252
15482 20 23 20403
15506 20 5 20431
15508 20 15 20447
15514 20 10 19545
15518 20 21 20005
15528 20 22 20162
15538 20 15 20471
15568 20 3 19830
15572 20 22 19646
15576 20 3 20322
15580 20 9 19736
15582 20 14 20470
15604 20 10 20013
15616 20 1 20044
15618 20 5 19687
15624 20 14 19630
15626 20 1 19840
15628 20 19 19968
15632 20 3 20178
15642 20 3 19710
15654 20 5 19999
15662 20 9 19640
15668 20 5 19915
15682 20 3 19794
15686 20 2 20201
15690 20 5 20239
15692 20 19 20256
15700 20 21 20245
15704 20 15 20147
15708 20 10 20001
15728 20 10 20037
15730 20 21 20197
15732 20 1 19876
15734 20 10 19977
15760 20 1 20032
15774 20 15 19655
15788 20 1 19468
15798 20 15 20327
15808 20 23 20463
15816 20 22 20354
15822 20 5 19795
15826 20 15 19907
15830 20 1 19864
15848 20 10 20385
15852 20 3 20454
15860 20 2 19961
15862 20 14 20266
15872 20 9 20456
15884 20 9 19700
15906 20 1 20056
15920 20 5 19675
15926 20 15 19595
15936 20 9 19952
15940 20 23 19563
15942 20 2 20105
15946 20 19 20448
15952 20 2 20069
15954 20 2 20189
15956 20 21 20377
15974 20 2 19661
15980 20 3 19662
15994 20 2 19553
16006 20 3 20310
16012 20 21 19801
16026 20 3 20046
16040 20 1 20092
16052 20 23 20475
16056 20 10 19665
16058 20 5 20059
16060 20 19 19620
16062 20 9 19928
16064 20 1 19936
16066 20 14 20194
16086 20 10 20085
16096 20 14 20110
16100 20 21 19789
16110 20 10 20277
16126 20 14 19654
16130 20 22 20462
16138 20 19 19704
16140 20 5 20155
16146 20 1 19660
16156 20 23 19863
16168 20 21 19717
16172 20 9 19844
16194 20 2 19529
16202 20 1 20176
16206 20 1 19552
16210 20 5 19903
16214 20 9 20432
16248 20 14 20362
16254 20 3 19518
16258 20 14 19966
16286 20 15 19679
16290 20 19 20172
16296 20 19 20304
16342 20 9 20288
16356 20 9 19664
16358 20 3 19806
16364 20 2 20081
16366 20 5 20083
16368 20 19 20124
16370 20 23 20163
16378 20 2 20393
16384 20 23 20319
16388 20 5 20071
16392 20 5 19663
16410 20 23 20271
16414 20 9 19472
16416 20 3 19890
16428 20 15 20051
16442 20 19 19644
16458 20 10 19557
16464 20 19 19584
16466 20 14 20398
16476 20 3 19482
16478 20 22 20414
16494 20 9 20180
16524 20 5 20227
16538 20 23 20103
16542 20 14 19726
16574 20 1 20272
16650 20 23 19707
16656 20 9 19820
16692 20 21 20353
16696 20 10 19737
16700 20 21 19837
16706 20 14 19534
16718 20 3 19878
16744 20 22 19562
16758 20 2 20357
16762 20 23 20391
16780 20 2 19541
16782 20 2 20213
16814 20 22 19886
16816 20 10 19905
16818 20 22 19910
16820 20 9 20024
16826 20 2 20273
16830 20 9 20036
16832 20 1 20380
16838 20 21 20017
16846 20 15 20459
16848 20 9 20312
16854 20 9 20360
16858 20 14 20182
16860 20 14 19642
16866 20 9 20228
16886 20 3 20346
16888 20 19 19716
16894 20 3 19662
16902 20 2 19985
16904 20 19 20376
16912 20 15 18475
16914 20 5 18675
16916 20 14 18702
16918 20 2 18733
16920 20 23 18923
16922 20 2 19153
16924 20 5 19155
16926 20 1 19392
16928 20 19 19400
16930 20 1 18876
16932 20 2 19357
16934 20 14 18978
16936 20 15 18823
16938 20 3 19358
16942 20 9 18532
16944 20 23 19295
16946 20 2 18433
16948 20 5 18987
16950 20 10 19277
16954 20 19 18680
16956 20 3 18866
16958 20 21 19113
16964 20 19 19280
16966 20 14 18894
16968 20 5 18543
16970 20 19 19424
16972 20 21 19425
16974 20 22 19246
16976 20 21 18897
16978 20 5 19215
16980 20 15 18931
16982 20 15 19075
16984 20 1 19428
16986 20 21 19353
16990 20 3 18626
16998 20 9 18544
17002 20 22 18694
17004 20 9 18832
17006 20 21 19449
17008 20 14 18714
17010 20 15 18523
17012 20 3 19082
17014 20 9 19144
17018 20 21 19221
17020 20 2 19297
17022 20 15 18583
17024 20 3 18818
17026 20 2 19045
17028 20 10 19349
17032 20 15 18535
17034 20 2 18625
17038 20 14 18786
17042 20 15 18979
17048 20 15 19339
17050 20 14 19350
17052 20 21 19389
17056 20 9 18748
17058 20 5 18603
17064 20 5 18483
17070 20 19 18824
17072 20 14 19062
17074 20 5 19119
17078 20 5 19227
17080 20 10 19397
17084 20 14 19242
17086 20 23 18743
17088 20 14 19338
17090 20 23 18695
17092 20 21 18801
17094 20 14 19254
17096 20 5 19335
17098 20 5 19347
17102 20 23 19415
17112 20 19 19112
17114 20 22 19138
17116 20 22 19390
17118 20 14 19422
17120 20 22 18754
17122 20 2 18853
17124 20 23 19403
17126 20 5 18879
17128 20 19 18728
17130 20 19 19088
17136 20 15 19135
17138 20 22 19450
17146 20 3 19058
17154 20 21 18645
17156 20 22 19126
17158 20 3 19142
17160 20 22 18778
17168 20 14 19014
17170 20 9 19408
17176 20 9 19192
17188 20 2 18649
17190 20 14 18750
17192 20 15 19015
17194 20 22 19234
17202 20 22 19366
17206 20 2 18565
17208 20 10 18461
17210 20 5 18615
17218 20 5 18843
17224 20 19 18872
17228 20 3 18638
17234 20 14 19026
17238 20 22 18706
17240 20 1 19056
17248 20 2 18793
17252 20 2 18529
17254 20 21 19149
17258 20 19 18896
17262 20 1 19260
17264 20 15 19267
17266 20 21 19413
17270 20 9 19156
17272 20 15 19255
17274 20 15 18559
17278 20 23 18851
17280 20 10 19001
17284 20 5 18795
17286 20 14 18882
17288 20 1 18792
17292 20 22 18646
17302 20 3 18734
17306 20 3 19010
17312 20 14 19074
17320 20 19 18632
17322 20 5 18435
17324 20 3 19454
17330 20 14 18558
17332 20 23 18767
17334 20 19 19364
17336 20 14 18450
17340 20 21 19041
17348 20 14 19374
17350 20 23 19391
17364 20 23 19091
17366 20 5 19095
17370 20 10 18533
17372 20 19 18884
17376 20 9 18616
17380 20 3 18662
17382 20 2 18961
17384 20 2 18589
17400 20 23 18755
17404 20 1 18888
17406 20 3 18962
17408 20 23 19187
17412 20 2 18457
17430 20 10 19337
17436 20 23 18443
17438 20 2 18505
17440 20 23 18551
17442 20 2 18697
17444 20 10 18761
17446 20 9 19240
17448 20 19 19328
17454 20 14 19002
17456 20 22 19210
17458 20 10 19301
17460 20 23 18587
17466 20 2 19213
17474 20 14 18498
17480 20 22 19090
17482 20 21 19257
17490 20 21 18777
17492 20 21 18489
17496 20 9 18676
17498 20 14 18762
17502 20 5 18915
17506 20 22 18742
17508 20 1 18636
17518 20 15 18811
17522 20 10 18857
17526 20 5 19263
17528 20 23 19367
17536 20 3 19046
17542 20 21 19245
17550 20 10 18593
17552 20 1 18588
17564 20 10 19097
17566 20 22 19342
17580 20 5 18951
17582 20 22 19006
17584 20 23 19043
17590 20 19 19232
17606 20 21 19137
17610 20 23 18515
17620 20 23 18803
17644 20 9 18472
17650 20 19 18524
17652 20 1 18540
17674 20 15 19063
17676 20 9 18592
17678 20 2 18721
17682 20 22 18682
17698 20 3 18806
17704 20 5 18591
17706 20 2 18769
17712 20 1 18924
17722 20 1 18612
17732 20 15 18751
17734 20 14 19134
17736 20 14 19278
17738 20 15 18607
17740 20 22 18442
17742 20 14 18570
17744 20 15 19051
17748 20 5 19299
17750 20 14 18678
17760 20 23 19343
17768 20 19 18548
17776 20 23 19439
17778 20 3 18506
17786 20 9 18916
17788 20 5 18963
17794 20 3 18578
17796 20 14 18642
17800 20 19 18812
17804 20 1 19176
17808 20 22 19066
17822 20 21 19317
17846 20 5 18663
17848 20 14 18618
17868 20 14 18930
17876 20 3 19262
17878 20 22 18466
17880 20 15 18799
17882 20 23 18815
17892 20 9 18568
17944 20 2 19201
17956 20 14 18522
17962 20 2 19237
17974 20 2 19429
17988 20 14 18546
17990 20 10 19361
18006 20 19 19388
18010 20 14 19206
18028 20 21 18993
18054 20 10 19061
18056 20 3 18614
18062 20 19 19100
18064 20 2 19261
18066 20 5 19443
18070 20 23 18791
18072 20 23 18899
18076 20 23 18659
18080 20 1 19452
18084 20 15 19231
18086 20 1 18672
18088 20 19 19076
18094 20 1 19188
18098 20 23 18599
18102 20 21 18885
18108 20 23 18635
18122 20 1 18936
18124 20 23 19031
18132 20 5 18747
18138 20 19 18908
18140 20 10 18557
18152 20 19 19244
18166 20 5 18459
18174 20 15 18511
18188 20 22 18898
18194 20 21 19341
18202 20 5 19455
18206 20 19 19256
18212 20 9 18736
18214 20 14 18474
18232 20 9 19084
18252 20 19 19304
18262 20 10 19109
18298 20 23 19271
18308 20 3 19094
18348 20 10 18785
18358 20 1 18432
18360 20 19 19148
18362 20 2 19273
18378 20 2 19333
18382 20 22 19414
18386 20 9 19276
18388 20 5 18639
18412 20 2 18817
18422 20 22 18490
18424 20 23 18563
18428 20 2 18481
18430 20 2 18841
18440 20 1 19140
18444 20 21 19089
18446 20 14 19302
18454 20 5 18975
18478 20 14 18594
18490 20 14 18438
18510 20 10 18605
18580 20 2 19405
18608 20 1 18600
18620 20 21 18945
18634 20 10 18905
18640 20 23 19427
18644 20 1 18972
18664 20 9 18724
18672 20 19 18836
18680 20 3 19214
18712 20 21 18789
18718 20 3 19430
18720 20 14 18870
18730 20 15 19027
18772 20 5 18495
18776 20 9 19096
18784 20 23 18647
18804 20 2 18601
18808 20 21 18909
18816 20 10 18545
18820 20 14 19314
18822 20 5 18807
18824 20 15 18547
18836 20 1 18768
18844 20 14 18954
18846 20 21 18957
18848 20 22 18958
18850 20 22 18994
18860 20 21 19161
18862 20 1 18960
18864 20 21 21717
18866 20 9 21784
18868 20 2 22153
18870 20 1 22524
18872 20 1 21588
18874 20 9 21604
18876 20 2 21709
18878 20 14 21726
18880 20 23 21923
18882 20 19 21932
18884 20 2 21937
18886 20 1 21960
18890 20 22 22162
18892 20 5 22227
18894 20 23 22403
18896 20 23 22475
18898 20 1 21948
18900 20 15 22219
18902 20 14 22230
18904 20 21 22269
18906 20 9 21724
18908 20 3 22082
18912 20 22 22174
18914 20 21 21513
18916 20 22 21526
18918 20 14 22158
18924 20 10 21749
18926 20 14 21750
18928 20 3 21998
18930 20 15 22195
18932 20 19 22508
18934 20 21 21957
18938 20 3 21854
18940 20 9 21532
18942 20 10 21761
18944 20 1 22008
18948 20 21 22401
18950 20 21 22425
18954 20 5 21843
18960 20 23 21587
18962 20 14 21630
18964 20 9 21700
18968 20 10 22097
18974 20 21 21561
18976 20 10 21689
18978 20 2 22477
18980 20 23 22295
18984 20 1 21828
18986 20 14 21978
18988 20 9 22012
18990 20 21 22065
19000 20 5 22203
19004 20 21 21597
19006 20 23 22415
19008 20 1 22092
19012 20 1 21564
19028 20 15 22027
19034 20 14 22218
19036 20 1 22272
19038 20 21 22353
19040 20 15 22387
19046 20 2 22429
19050 20 2 21553
19052 20 15 21739
19054 20 21 21861
19058 20 22 22390
19060 20 19 21512
19062 20 10 22049
19064 20 9 22084
19066 20 14 22362
19068 20 5 22047
19074 20 1 22080
19076 20 1 21768
19078 20 3 22010
19082 20 10 21629
19084 20 22 22054
19086 20 2 22201
19088 20 3 21830
19090 20 10 22205
19092 20 23 22331
19096 20 15 21895
19098 20 22 21982
19100 20 23 22067
19102 20 23 21635
19104 20 23 21935
19106 20 19 21572
19108 20 10 21713
19110 20 2 22525
19112 20 15 21559
19116 20 10 21833
19118 20 5 21723
19132 20 1 22044
19142 20 2 21961
19144 20 22 21718
19146 20 19 21740
19148 20 5 22167
19150 20 23 22319
19154 20 14 21990
19172 20 23 22463
19174 20 10 21941
19176 20 15 21955
19182 20 15 21547
19184 20 3 21914
19186 20 19 22112
19188 20 22 22150
19190 20 21 22365
19192 20 19 22436
19194 20 21 22257
19196 20 9 22492
19198 20 19 21968
19202 20 3 21902
19206 20 3 22478
19208 20 1 21552
19216 20 9 22156
19218 20 3 22214
19226 20 22 22318
19230 20 14 22242
19232 20 15 22519
19234 20 19 21596
19240 20 3 21938
19242 20 1 22116
19246 20 22 21874
19254 20 1 21624
19256 20 14 22062
19258 20 2 22285
19270 20 21 21705
19282 20 9 22348
19284 20 9 21520
19286 20 15 22351
19292 20 22 22498
19294 20 19 21560
19296 20 3 21590
19298 20 2 21529
19304 20 21 21837
19318 20 1 21684
19320 20 15 22063
19322 20 10 22217
19324 20 5 22467
19330 20 2 22045
19332 20 22 22078
19336 20 5 22119
19340 20 9 22204
19342 20 23 22271
19344 20 2 22381
19346 20 5 21915
19348 20 14 21882
19350 20 2 22213
19356 20 14 22314
19360 20 10 22337
19362 20 5 22407
19368 20 14 22002
19374 20 19 22448
19384 20 19 22352
19392 20 23 21527
19394 20 10 22265
19398 20 22 21826
19400 20 1 22104
19402 20 14 21966
19406 20 9 21556
19408 20 9 21904
19418 20 14 22098
19432 20 5 21567
19434 20 23 22115
19438 20 21 21789
19440 20 9 21940
19446 20 22 22366
19448 20 9 22372
19450 20 3 22514
19452 20 10 21593
19454 20 19 21872
19462 20 10 22085
19464 20 10 22253
19472 20 19 21536
19478 20 22 21850
19482 20 22 21886
19488 20 2 22453
19494 20 3 22226
19506 20 9 21964
19520 20 10 22421
19530 20 19 22472
19532 20 10 22145
19534 20 1 21792
19540 20 3 22238
19542 20 23 22307
19544 20 1 22308
19550 20 14 21918
19552 20 19 21980
19554 20 21 21993
19568 20 23 21911
19600 20 1 22488
19606 20 3 21818
19612 20 2 21841
19614 20 14 22014
19616 20 1 22032
19626 20 3 22406
19628 20 9 22408
19632 20 21 21753
19638 20 19 22052
19650 20 15 21703
19656 20 21 22209
19662 20 23 21815
19664 20 14 22122
19666 20 21 21777
19668 20 5 21891
19680 20 1 21708
19682 20 1 21912
19684 20 1 21936
19690 20 1 21780
19696 20 15 22111
19700 20 21 22185
19704 20 5 22287
19708 20 2 22297
19712 20 14 22410
19714 20 15 22423
19716 20 22 22426
19730 20 23 21575
19732 20 23 21899
19734 20 21 21909
19736 20 15 22039
19738 20 23 21551
19740 20 15 21799
19742 20 19 21944
19744 20 10 21953
19746 20 2 22057
19748 20 14 22110
19750 20 15 22147
19752 20 9 22264
19754 20 21 22329
19756 20 3 22442
19760 20 15 22339
19776 20 2 22225
19782 20 3 22022
19784 20 21 22485
19788 20 9 22228
19792 20 2 21721
19802 20 19 22316
19806 20 9 22240
19810 20 21 21945
19830 20 19 21884
19832 20 15 22291
19838 20 3 22166
19840 20 2 21853
19842 20 2 22081
19848 20 1 22068
19856 20 2 21541
19858 20 3 22154
19862 20 9 22216
19870 20 5 21819
19886 20 19 22232
19888 20 23 22283
19890 20 3 22346
19892 20 21 22221
19894 20 10 22241
19896 20 1 22284
19898 20 23 21611
19906 20 3 22202
19910 20 22 22234
19928 20 19 22364
19948 20 9 21640
19952 20 1 21816
19972 20 9 22072
19984 20 3 21506
20000 20 22 22510
20002 20 22 21730
20024 20 5 21579
20026 20 23 21671
20028 20 3 22070
20030 20 19 22280
20032 20 19 22028
20034 20 23 22055
20038 20 23 21803
20040 20 22 21970
20072 20 21 21657
20074 20 23 21599
20080 20 9 22180
20082 20 5 21603
20100 20 10 21557
20104 20 5 21951
20106 20 23 21731
20118 20 15 21511
20120 20 9 21580
20122 20 15 22099
20124 20 3 21782
20134 20 19 21992
20150 20 14 22350
20154 20 21 22437
20168 20 9 21952
20170 20 21 22053
20196 20 21 22173
20198 20 3 21518
20202 20 9 21688
20204 20 2 22357
20220 20 14 22374
20224 20 21 21585
20226 20 10 21617
20242 20 2 22033
20250 20 23 22259
20252 20 5 22311
20254 20 9 22336
20256 20 23 22523
20262 20 2 22165
20264 20 22 22198
20268 20 23 21959
20278 20 19 22100
20280 20 2 22189
20282 20 14 22278
20294 20 10 21737
20298 20 9 21772
20300 20 22 21898
20302 20 3 21950
20316 20 5 22035
20326 20 3 22526
20334 20 10 22229
20360 20 5 22491
20382 20 10 22037
20400 20 9 22120
20416 20 3 21842
20418 20 14 22398
20424 20 15 21991
20436 20 19 21896
20438 20 19 21920
20444 20 15 22135
20446 20 9 22444
20448 20 22 21514
20450 20 2 21613
20470 20 5 22455
20472 20 10 22481
20476 20 3 21614
20486 20 19 21764
20506 20 19 21668
20560 20 9 22132
20568 20 14 21522
20582 20 15 21595
20584 20 14 21618
20594 20 3 22178
20604 20 5 22155
20624 20 15 22003
20634 20 21 22197
20638 20 5 22263
20658 20 1 22512
20660 20 14 21570
20688 20 3 21722
20696 20 9 22060
20708 20 10 21701
20714 20 22 22018
20770 20 22 22090
20772 20 23 21683
20778 20 14 22086
20786 20 15 22471
20792 20 22 22042
20796 20 2 22333
20798 20 14 21534
20800 20 9 21880
20806 20 1 22296
20808 20 1 21888
20824 20 19 21812
20836 20 3 22094
20838 20 23 22139
20846 20 5 22071
20858 20 15 21811
20864 20 3 22430
20874 20 19 22172
20890 20 10 21965
20892 20 21 22317
20894 20 9 22348
20912 20 21 21921
20920 20 2 22237
20926 20 21 22497
20946 20 10 21773
20948 20 9 22480
20986 20 21 22353
20988 20 3 21974
20990 20 19 22124
21000 20 10 21521
21028 20 22 22354
21030 20 19 22424
21032 20 10 22109
21046 20 3 21578
21048 20 15 22495
21050 20 19 22496
21110 20 15 21859
21114 20 5 22011
21116 20 2 21913
21132 20 23 21839
21136 20 5 21735
21164 20 14 21870
21166 20 2 22009
21170 20 21 22005
21172 20 10 22181
21174 20 23 22355
21188 20 10 21605
21190 20 1 22332
21192 20 10 21509
21212 20 14 22458
21222 20 14 22326
21226 20 2 22117
21232 20 21 21537
21242 20 10 22061
21246 20 2 21565
21264 20 5 22443
21288 20 1 21864
21300 20 14 22038
21306 20 21 22089
21308 20 21 22281
21344 20 15 21835
21374 20 3 21854
21392 20 10 22097
21408 20 21 22101
21450 20 1 21528
21466 20 14 22518
21468 20 3 22190
21478 20 21 21969
21488 20 19 22376
21504 20 14 21858
21512 20 23 22235
21516 20 19 21548
21518 20 1 21636
21534 20 9 21652
21536 20 3 21662
21538 20 22 21742
21540 20 1 21924
21544 20 5 22131
21546 20 22 22186
21548 20 14 22338
21602 20 10 21677
21604 20 15 21883
21620 20 15 22051
21624 20 1 22164
21638 20 22 21754
21656 20 14 22494
21674 20 1 21972
21686 20 21 22233
21692 20 1 22308
21694 20 9 21916
21696 20 1 22404
21698 20 22 21862
21762 20 15 22183
21764 20 9 22312
21830 20 2 21949
21832 20 19 22340
21866 20 9 22300
21868 20 1 22428
21882 20 23 21647
21884 20 10 22193
21886 20 5 22299
21890 20 5 22371
21908 20 5 21783
21912 20 10 22409
21916 20 2 22249
21922 20 3 10698
21924 20 3 10902
21926 20 22 10982
21928 20 15 10559
21930 20 3 10614
21932 20 14 11206
21934 20 9 10364
21936 20 14 11098
21938 20 19 10572
21940 20 14 10642
21942 20 1 10480
21944 20 10 10449
21946 20 19 10728
21948 20 10 11205
21954 20 1 11188
21958 20 15 10715
21964 20 22 10994
21966 20 14 10978
21970 20 9 10724
21972 20 23 10335
21974 20 23 10347
21976 20 1 10636
21978 20 3 10638
21980 20 3 11214
21982 20 5 10291
21984 20 19 10500
21986 20 21 10789
21988 20 2 10481
21990 20 23 10515
21992 20 19 10620
21994 20 19 10644
21998 20 5 11215
22000 20 10 11253
22002 20 3 10302
22004 20 21 10465
22006 20 22 10550
22008 20 1 10816
22010 20 10 10965
22012 20 15 10487
22014 20 22 10490
22016 20 14 10810
22020 20 5 10699
22022 20 15 10955
22026 20 3 10650
22028 20 10 11133
22030 20 15 10703
22032 20 21 10861
22036 20 9 10496
22038 20 3 10854
22040 20 14 10870
22042 20 5 10483
22052 20 22 10526
22054 20 15 10919
22056 20 23 10635
22060 20 15 10727
22062 20 3 10734
22064 20 21 10285
22066 20 19 10296
22068 20 2 10313
22070 20 19 10428
22072 20 3 10446
22074 20 3 10458
22076 20 9 10904
22078 20 22 10598
22080 20 14 10606
22082 20 2 10589
22084 20 21 10753
22086 20 23 10899
22088 20 22 10706
22090 20 14 10762
22094 20 2 11249
22096 20 22 10418
22100 20 14 10738
22102 20 3 10962
22110 20 14 11062
22114 20 22 10694
22118 20 5 10855
22122 20 23 10587
22124 20 21 10945
22126 20 14 10486
22130 20 9 10664
22132 20 10 10761
22136 20 1 11260
22138 20 9 11144
22142 20 5 10303
22146 20 9 10388
22152 20 21 10585
22156 20 2 10637
22158 20 19 10656
22160 20 1 10852
22162 20 9 10868
22164 20 22 10910
22170 20 1 11152
22174 20 22 10382
22180 20 21 10669
22184 20 9 11120
22190 20 23 10467
22192 20 1 10468
22196 20 23 11199
22200 20 23 10683
22202 20 21 10549
22204 20 21 10741
22206 20 14 11254
22208 20 23 10575
22214 20 2 10781
22218 20 1 10768
22220 20 22 10442
22222 20 21 10897
22224 20 15 10943
22226 20 1 10948
22228 20 22 11054
22232 20 21 10309
22234 20 1 10600
22236 20 19 11040
22238 20 15 11183
22240 20 21 10393
22248 20 2 10697
22250 20 2 10913
22252 20 19 10860
22254 20 3 10350
22256 20 1 11140
22258 20 21 10297
22260 20 2 10541
22262 20 9 10580
22264 20 15 10439
22266 20 1 10624
22268 20 22 10730
22270 20 1 10492
22274 20 3 11058
22278 20 3 10926
22280 20 9 10568
22282 20 14 10930
22286 20 9 10796
22288 20 3 11250
22290 20 2 11213
22300 20 9 10712
22314 20 2 10565
22320 20 3 10818
22322 20 21 11137
22336 20 1 11032
22340 20 19 10896
22346 20 15 10607
22354 20 3 10338
22356 20 22 10346
22358 20 19 10632
22362 20 22 11042
22364 20 9 11060
22366 20 1 10612
22378 20 2 10529
22380 20 10 10497
22382 20 9 10700
22384 20 10 10485
22388 20 9 10436
22394 20 10 10641
22396 20 15 10331
22398 20 22 10370
22400 20 14 10534
22402 20 14 11218
22404 20 5 11227
22406 20 5 10627
22408 20 19 10788
22410 20 1 10312
22412 20 10 10341
22414 20 21 10369
22416 20 23 10407
22420 20 5 10723
22422 20 9 10772
22424 20 9 10808
22426 20 19 10884
22428 20 15 11231
22430 20 1 10300
22438 20 23 10527
22442 20 1 11248
22450 20 14 10570
22452 20 22 10778
22454 20 3 11202
22456 20 14 10330
22474 20 9 10688
22476 20 3 10758
22478 20 1 10876
22480 20 10 10917
22482 20 10 11013
22484 20 23 11019
22486 20 19 10596
22488 20 22 10766
22490 20 22 11198
22518 20 15 10679
22522 20 1 10396
22524 20 21 10717
22526 20 1 10720
22528 20 1 11128
22530 20 3 11022
22534 20 3 10410
22536 20 9 10652
22538 20 9 11072
22548 20 14 10774
22554 20 2 10721
22578 20 21 11233
22582 20 1 10528
22586 20 1 10828
22596 20 23 10719
22604 20 3 10590
22606 20 14 11074
22612 20 15 11063
22620 20 14 10918
22624 20 15 11075
22640 20 19 10344
22642 20 1 10408
22646 20 3 11226
22656 20 15 10907
22662 20 22 10790
22664 20 1 10912
22670 20 1 10456
22672 20 15 11255
22674 20 19 11256
22680 20 21 10705
22690 20 2 20685
22692 20 14 20870
22694 20 21 20957
22696 20 9 20496
22698 20 2 20505
22700 20 21 20549
22702 20 3 20842
22704 20 14 20546
22706 20 21 21209
22708 20 14 21218
22710 20 5 20783
22712 20 10 21337
22714 20 2 21501
22716 20 3 20566
22718 20 5 20639
22720 20 14 21158
22722 20 1 21476
22724 20 10 21061
22726 20 5 21323
22728 20 21 21401
22732 20 10 21265
22734 20 10 20773
22736 20 1 20792
22738 20 14 21398
22740 20 10 20557
22742 20 19 20668
22744 20 22 20706
22748 20 10 21445
22750 20 15 21339
22752 20 21 20945
22754 20 15 20967
22756 20 19 20968
22762 20 23 20899
22764 20 19 20740
22766 20 2 20565
22768 20 10 20881
22770 20 5 20663
22772 20 15 20799
22774 20 1 21152
22776 20 21 21173
22780 20 21 20609
22782 20 23 20815
22784 20 14 20930
22786 20 22 20958
22788 20 3 20578
22790 20 1 20768
22792 20 10 20809
22794 20 3 21430
22796 20 5 21215
22798 20 14 20774
22800 20 5 20795
22806 20 21 21089
22808 20 1 20672
22812 20 10 20845
22814 20 23 20947
22816 20 23 20995
22818 20 2 20997
22820 20 5 21095
22822 20 2 21393
22824 20 19 21400
22826 20 23 20659
22834 20 15 21075
22836 20 10 20857
22838 20 19 20872
22840 20 5 20999
22842 20 1 21104
22844 20 9 21120
22846 20 14 21194
22848 20 22 21222
22850 20 2 21297
22852 20 10 21205
22854 20 5 21395
22856 20 10 20785
22858 20 14 20834
22860 20 3 20974
22862 20 9 21000
22864 20 2 21021
22866 20 10 21121
22868 20 3 21370
22870 20 3 21418
22872 20 3 20674
22874 20 19 20692
22876 20 22 20718
22880 20 15 21123
22882 20 5 21047
22884 20 19 21388
22886 20 19 21256
22890 20 14 21278
22892 20 22 20934
22894 20 5 21155
22896 20 14 20714
22898 20 15 21375
22900 20 1 20804
22902 20 3 20938
22912 20 10 20797
22914 20 9 20820
22916 20 5 20951
22918 20 1 21140
22920 20 2 20529
22922 20 5 20591
22924 20 10 20665
22926 20 15 21027
22930 20 1 21284
22934 20 15 20847
22936 20 22 21006
22938 20 19 20584
22942 20 9 20940
22946 20 23 20983
22956 20 5 20603
22960 20 19 20728
22966 20 19 20752
22970 20 10 20581
22972 20 10 20761
22974 20 22 20514
22978 20 19 21448
22986 20 19 20572
22988 20 23 20683
22990 20 9 20808
22996 20 2 21201
23000 20 14 21470
23002 20 19 21340
23004 20 9 20976
23010 20 1 21236
23012 20 14 21290
23016 20 15 20499
23018 20 9 20892
23020 20 2 21285
23024 20 19 21316
23026 20 14 20786
23028 20 19 20812
23030 20 22 20910
23032 20 14 21014
23034 20 1 21212
23036 20 10 21373
23038 20 3 21382
23040 20 21 21293
23048 20 5 21071
23056 20 14 20750
23060 20 23 21079
23062 20 14 20642
23068 20 1 21092
23072 20 22 21414
23074 20 3 20806
23076 20 5 21023
23078 20 19 20716
23080 20 15 20931
23088 20 21 20621
23090 20 1 20780
23092 20 21 21449
23096 20 21 20513
23098 20 22 20658
23106 20 2 20841
23108 20 9 20868
23112 20 1 21080
23114 20 10 21325
23116 20 15 20751
23118 20 23 21295
23120 20 10 21097
23124 20 5 21503
23132 20 9 20988
23134 20 15 21147
23144 20 1 21128
23150 20 19 20656
23152 20 10 20713
23158 20 3 21166
23160 20 3 20590
23162 20 9 21444
23166 20 5 21407
23168 20 3 20746
23170 20 5 21479
23172 20 3 20542
23174 20 5 20831
23176 20 23 20491
23184 20 9 21024
23186 20 14 21302
23190 20 23 21283
23192 20 15 20535
23200 20 23 20527
23204 20 9 21264
23206 20 5 21431
23212 20 5 21227
23224 20 23 21031
23226 20 14 21050
23232 20 1 21296
23242 20 14 20966
23248 20 21 21041
23252 20 15 21495
23256 20 5 20675
23262 20 19 21172
23270 20 9 21360
23276 20 3 21154
23278 20 3 21226
23280 20 3 21238
23282 20 2 20817
23284 20 3 20854
23286 20 22 21054
23288 20 22 21270
23290 20 21 20561
23292 20 22 20754
23302 20 21 20741
23310 20 19 21364
23312 20 10 21001
23314 20 19 21280
23316 20 22 21162
23326 20 5 20891
23328 20 5 20807
23332 20 3 21142
23336 20 21 21065
23340 20 3 20710
23342 20 3 21298
23352 20 3 20650
23362 20 14 20906
23366 20 23 21331
23370 20 14 21374
23372 20 2 21417
23376 20 14 21446
23378 20 15 21447
23380 20 23 21463
23386 20 19 21100
23392 20 15 21423
23400 20 15 20619
23404 20 21 20909
23406 20 23 21199
23408 20 23 21499
23410 20 1 21500
23412 20 2 20937
23424 20 1 20588
23428 20 5 20651
23436 20 15 20559
23438 20 2 21093
23442 20 2 21213
23462 20 1 21068
23464 20 21 20765
23466 20 2 20745
23468 20 22 20646
23470 20 1 20828
23472 20 19 21004
23474 20 15 21291
23476 20 10 21397
23504 20 22 20886
23516 20 19 20680
23528 20 2 21441
23534 20 23 20755
23536 20 3 21178
23556 20 1 20840
23562 20 15 20955
23566 20 3 21358
23570 20 23 21367
23604 20 9 21084
23610 20 14 21350
23614 20 1 21452
23620 20 3 20902
23636 20 23 21091
23640 20 9 21192
23652 20 22 21102
23654 20 2 20481
23656 20 1 20576
23658 20 3 20782
23660 20 10 20653
23670 20 23 21259
23674 20 21 20753
23676 20 19 20932
23680 20 3 21466
23688 20 1 20816
23690 20 19 21088
23692 20 14 20858
23696 20 1 20996
23698 20 3 21202
23742 20 19 20608
23746 20 5 20735
23750 20 5 21335
23752 20 19 20776
23754 20 10 20965
23776 20 15 21051
23778 20 10 21181
23782 20 3 21346
23786 20 1 20492
23790 20 14 20918
23796 20 21 21257
23798 20 3 20830
23820 20 3 21274
23822 20 15 21015
23850 20 5 21467
23882 20 10 21241
23910 20 14 20774
23918 20 23 21379
23924 20 10 21409
23926 20 23 20599
23942 20 10 20977
23966 20 1 20600
23968 20 1 20720
23970 20 23 20971
23974 20 5 21419
23976 20 9 21156
23980 20 14 21266
24000 20 10 21013
24004 20 21 20657
24006 20 9 20760
24024 20 23 20611
24032 20 3 21478
24046 20 9 21036
24052 20 2 20949
24058 20 2 20925
24066 20 15 21351
24090 20 2 21369
24100 20 14 20798
24110 20 3 21322
24116 20 23 21415
24118 20 10 20701
24126 20 14 20966
24128 20 10 21025
24134 20 10 20929
24136 20 15 21435
24138 20 5 21107
24140 20 3 21058
24156 20 21 20705
24168 20 14 20726
24170 20 15 21459
24174 20 2 20637
24178 20 22 21366
24182 20 5 20747
24184 20 5 21275
24190 20 9 21372
24212 20 21 21053
24214 20 14 20822
24250 20 22 20682
24252 20 15 20739
24258 20 2 20901
24270 20 5 20579
24272 20 21 20633
24278 20 14 20846
24280 20 3 20866
24284 20 22 21318
24286 20 2 21333
24294 20 3 21094
24306 20 19 21244
24316 20 14 20678
24318 20 5 21083
24322 20 22 21258
24324 20 15 21483
24326 20 21 20681
24344 20 3 20494
24356 20 3 21262
24366 20 3 21166
24372 20 5 20687
24378 20 9 20628
24380 20 2 20649
24382 20 1 20912
24384 20 15 21387
24386 20 14 20498
24388 20 21 20861
24392 20 5 20567
24398 20 9 21384
24404 20 1 20960
24438 20 21 20669
24444 20 19 21268
24452 20 10 20617
24454 20 9 20664
24456 20 22 21486
24468 20 2 20697
24478 20 5 21179
24490 20 9 21096
24504 20 1 20540
24508 20 10 20677
24510 20 2 21261
24538 20 22 20982
24564 20 3 21082
24570 20 9 21000
24618 20 9 21336
24628 20 9 21216
24634 20 10 21421
24644 20 5 20627
24664 20 3 20518
24666 20 5 21455
24682 20 9 21240
24700 20 9 20556
24706 20 14 21434
24738 20 14 20570
24740 20 22 20586
24760 20 5 20615
24762 20 14 20810
24764 20 22 21474
24774 20 5 20915
24776 20 9 20724
24784 20 3 20998
24788 20 22 21330
24806 20 3 21358
24808 20 22 21438
24816 20 23 20743
24818 20 9 20520
24840 20 9 20832
24846 20 10 21301
24854 20 22 20706
24856 20 3 21406
24864 20 10 21049
24894 20 22 21234
24922 20 14 21314
24932 20 15 20811
24934 20 3 20662
24936 20 23 20671
24942 20 3 20782
24944 20 19 21208
24948 20 9 20604
24958 20 3 21310
24972 20 15 20571
24988 20 14 20762
24998 20 22 20550
25006 20 10 21073
25008 20 9 21300
25016 20 21 20789
25024 20 22 26886
25026 20 10 26965
25028 20 15 27087
25030 20 5 26699
25032 20 22 27330
25034 20 19 27100
25036 20 3 27130
25038 20 21 27617
25040 20 9 220
25042 20 2 25973
25044 20 15 25991
25046 20 10 25773
25048 20 5 25663
25050 20 22 25706
25052 20 10 25941
25054 20 5 25975
25056 20 19 26316
25058 20 21 26389
25060 20 23 25887
25062 20 15 26027
25064 20 23 26115
25066 20 21 25681
25068 20 9 25688
25070 20 22 26054
25072 20 22 26126
25074 20 14 25654
25076 20 19 24472
25078 20 21 24041
25080 20 23 24391
25082 20 19 24460
25084 20 15 24543
25086 20 15 23655
25088 20 23 23695
25090 20 1 23888
25092 20 15 23967
25094 20 1 24152
25096 20 3 24370
25098 20 2 23577
25100 20 2 24489
25102 20 14 23582
25104 20 9 23628
25108 20 15 24135
25110 20 14 24170
25114 20 21 24533
25116 20 5 23771
25118 20 14 23570
25120 20 1 23576
25122 20 15 23907
25124 20 23 23647
25130 20 9 24216
25132 20 5 24491
25134 20 3 23806
25136 20 9 23868
25140 20 5 23615
25142 20 15 23619
25146 20 14 23690
25148 20 23 23791
25152 20 5 23567
25154 20 9 24552
25156 20 14 24098
25158 20 1 23732
25160 20 22 23778
25162 20 9 23796
25164 20 5 23987
25166 20 5 24083
25168 20 23 24379
25170 20 5 23999
25172 20 22 24570
25176 20 1 24140
25178 20 22 23646
25180 20 14 24206
25182 20 2 24237
25184 20 15 24051
25186 20 22 24378
25188 20 23 23947
25190 20 10 23965
25192 20 1 24020
25194 20 14 24530
25196 20 19 24532
25198 20 22 23670
25200 20 1 23672
25202 20 5 23795
25206 20 2 23937
25210 20 2 24009
25212 20 21 24089
25214 20 1 24104
25216 20 14 24122
25220 20 5 24299
25222 20 9 24444
25224 20 22 24450
25226 20 1 23552
25228 20 3 23650
25234 20 14 23846
25236 20 21 23897
25240 20 3 23950
25242 20 14 23966
25246 20 5 24011
25248 20 23 24067
25250 20 22 24078
25252 20 9 24180
25254 20 1 24368
25256 20 22 24462
25258 20 23 24547
25260 20 14 23858
25262 20 1 23612
25264 20 22 23814
25266 20 14 24062
25268 20 21 24221
25270 20 10 24493
25272 20 14 23666
25274 20 5 23807
25276 20 10 24025
25278 20 5 24227
25280 20 1 23768
25284 20 2 23961
25286 20 3 23590
25288 20 22 24042
25290 20 23 24271
25294 20 3 23686
25296 20 19 24232
25298 20 14 24254
25300 20 19 24568
25302 20 5 23819
25304 20 9 23820
25306 20 3 24274
25308 20 1 24560
25310 20 22 24318
25312 20 1 24320
25314 20 14 24350
25316 20 22 23766
25318 20 14 23954
25322 20 2 23745
25328 20 14 23978
25330 20 15 24003
25334 20 3 24202
25336 20 5 24239
25338 20 15 24459
25340 20 3 23626
25342 20 9 24000
25344 20 9 23652
25346 20 21 23597
25368 20 21 23561
25370 20 14 23750
25372 20 10 23869
25374 20 9 24432
25376 20 10 24313
25380 20 5 24455
25382 20 1 24524
25386 20 22 24006
25388 20 9 24012
25394 20 3 24046
25396 20 1 24332
25398 20 9 23916
25402 20 15 24039
25404 20 10 24145
25406 20 14 24146
25408 20 9 24168
25410 20 22 24174
25414 20 1 24500
25416 20 10 24505
25418 20 10 24529
25422 20 23 24415
25424 20 5 24419
25426 20 14 24134
25428 20 15 24555
25430 20 14 24566
25434 20 3 24178
25438 20 9 23616
25440 20 19 24064
25442 20 21 24053
25444 20 21 24293
25446 20 10 23617
25448 20 14 23618
25450 20 2 24189
25452 20 22 24342
25454 20 10 24445
25456 20 19 24508
25460 20 5 23711
25464 20 19 23860
25468 20 14 24506
25470 20 10 24565
25472 20 14 24266
25478 20 23 24463
25480 20 10 23629
25482 20 23 24223
25486 20 1 23960
25494 20 2 24285
25496 20 23 24499
25502 20 5 23651
25504 20 10 23809
25506 20 14 24230
25508 20 22 24270
25512 20 23 23935
25516 20 3 24298
25518 20 5 23759
25520 20 15 24231
25524 20 19 23788
25538 20 21 23585
25542 20 3 24070
25550 20 19 23584
25552 20 21 24149
25554 20 3 23554
25556 20 5 24191
25558 20 3 23890
25560 20 19 24412
25562 20 22 24426
25564 20 3 24490
25568 20 21 23621
25570 20 5 23579
25578 20 5 24575
25580 20 19 24352
25604 20 9 24024
25606 20 19 23572
25622 20 15 23631
25624 20 21 24401
25632 20 22 23838
25634 20 19 24208
25636 20 19 23692
25638 20 5 24347
25640 20 21 23693
25642 20 1 23780
25644 20 22 24366
25646 20 23 23611
25648 20 14 23702
25650 20 9 23712
25652 20 10 23725
25658 20 9 24240
25662 20 1 23588
25664 20 1 23600
25666 20 5 24059
25668 20 9 24060
25682 20 22 23982
25684 20 2 23637
25690 20 2 23913
25692 20 21 23945
25696 20 2 23565
25698 20 3 23566
25700 20 23 23623
25702 20 9 24108
25704 20 1 24236
25706 20 14 23606
25716 20 15 24519
25720 20 21 23969
25726 20 3 23578
25734 20 15 23727
25736 20 23 24439
25738 20 9 23556
25742 20 19 24388
25750 20 3 23794
25754 20 10 23797
25758 20 10 23821
25764 20 22 24090
25766 20 2 24465
25768 20 5 24515
25770 20 2 24573
25780 20 9 24096
25782 20 15 24435
25786 20 23 24511
25790 20 19 23776
25792 20 14 23906
25794 20 10 24229
25798 20 19 24220
25808 20 10 24337
25810 20 14 24194
25812 20 1 24296
25814 20 10 24397
25822 20 14 24314
25824 20 22 24402
25826 20 1 23804
25828 20 15 23859
25830 20 23 23923
25832 20 15 23991
25834 20 23 24403
25836 20 9 24540
25838 20 9 23832
25840 20 5 24023
25842 20 14 24458
25844 20 5 24095
25848 20 3 23734
25854 20 5 23723
25856 20 22 23934
25876 20 14 23834
25884 20 2 24249
25904 20 10 24265
25906 20 22 24294
25914 20 23 23875
25918 20 1 24284
25920 20 19 23896
25924 20 2 23589
25926 20 21 23933
25932 20 10 23833
25934 20 1 24128
25938 20 23 24475
25940 20 2 24117
25942 20 10 24133
25944 20 1 24416
25946 20 23 24427
25948 20 23 23983
25952 20 14 24218
25972 20 1 24548
25982 20 5 24563
25986 20 23 24139
26000 20 23 24535
26004 20 10 23785
26014 20 5 23831
26018 20 10 23653
26020 20 2 23673
26026 20 22 23586
26030 20 15 23955
26048 20 22 23946
26052 20 23 23755
26056 20 1 24308
26058 20 14 24386
26060 20 3 23962
26066 20 10 24421
26070 20 21 24305
26086 20 15 23979
26092 20 14 24158
26096 20 9 24252
26100 20 21 24317
26116 20 21 24509
26148 20 3 23998
26154 20 22 24558
26156 20 19 23560
26174 20 2 24309
26176 20 23 23839
26178 20 5 24107
26186 20 15 23835
26188 20 14 24050
26190 20 3 24406
26202 20 2 23973
26204 20 19 24028
26210 20 21 23873
26238 20 10 24049
26252 20 14 23714
26260 20 2 23889
26262 20 5 23603
26266 20 15 23811
26268 20 5 23627
26270 20 19 23680
26276 20 5 24047
26278 20 9 24264
26282 20 9 24528
26286 20 14 24554
26300 20 23 23887
26302 20 23 23851
26304 20 19 23740
26306 20 21 24197
26320 20 9 24048
26328 20 22 23610
26330 20 5 24131
26332 20 10 24289
26334 20 5 23891
26336 20 15 24147
26338 20 23 24343
26340 20 22 24114
26342 20 14 24494
26344 20 14 23774
26360 20 22 23922
26362 20 19 23884
26378 20 5 24503
26398 20 15 24183
26404 20 22 23718
26408 20 3 23986
26430 20 2 23757
26432 20 2 23781
26434 20 1 23648
26440 20 9 23904
26444 20 22 24018
26448 20 22 24438
26468 20 3 24010
26488 20 15 24207
26512 20 10 23881
26514 20 2 23997
26516 20 19 23596
26518 20 21 23765
26520 20 10 24541
26538 20 1 24212
26540 20 21 23849
26542 20 2 23733
26550 20 23 23899
26566 20 23 24499
26568 20 15 24531
26576 20 2 24213
26578 20 22 24066
26584 20 19 24148
26586 20 9 24120
26596 20 3 24166
26604 20 2 24261
26612 20 19 23920
26620 20 3 24454
26642 20 22 23634
26664 20 15 23595
26668 20 10 23929
26670 20 22 24210
26672 20 10 24181
26676 20 21 24125
26704 20 15 24339
26712 20 15 23691
26716 20 9 24276
26718 20 5 24551
26728 20 10 23917
26744 20 19 23824
26746 20 21 23993
26764 20 21 23921
26776 20 19 24460
26818 20 21 23777
26844 20 10 24061
26848 20 1 23756
26850 20 1 24080
26858 20 9 24396
26860 20 1 23660
26864 20 19 23836
26866 20 22 23862
26868 20 15 23895
26870 20 22 23898
26872 20 1 23936
26874 20 14 24290
26876 20 9 24384
26886 20 15 24051
26888 20 21 24173
26890 20 14 24446
26914 20 22 24186
26920 20 3 24358
26922 20 9 23724
26970 20 23 24367
26980 20 19 24136
26986 20 22 24246
26988 20 22 23790
26990 20 14 23654
27024 20 21 24485
27048 20 2 24333
27070 20 21 23813
27092 20 22 23970
27094 20 19 24340
27110 20 23 24103
27114 20 2 24105
27116 20 23 24295
27118 20 10 24013
27120 20 19 23704
27138 20 1 23876
27188 20 2 23601
27216 20 3 23914
27254 20 9 23736
27256 20 3 24394
27258 20 1 24164
27260 20 5 24119
27262 20 5 24179
27292 20 10 24325
27294 20 1 24344
27298 20 2 23925
27310 20 2 24453
27314 20 14 23798
27316 20 9 23880
27322 20 1 24404
27336 20 5 23591
27344 20 2 24477
27358 20 21 23957
27360 20 9 23964
27362 20 10 24361
27366 20 21 23729
27386 20 9 23856
27396 20 21 24557
27398 20 2 23613
27412 20 19 24100
27416 20 23 24007
27418 20 1 24056
27420 20 3 24034
27430 20 15 24555
27438 20 15 23643
27440 20 1 24176
27442 20 1 23924
27448 20 5 23867
27458 20 2 24441
27526 20 2 23649
27564 20 9 23772
27566 20 22 23730
27568 20 19 23908
27602 20 21 24377
27608 20 1 24044
27612 20 5 24215
27614 20 10 24301
27674 20 23 24283
27676 20 14 24074
27686 20 10 24385
27694 20 9 24372
27744 20 15 23739
27782 20 15 24219
27792 20 23 23719
27796 20 1 24380
27806 20 9 23976
27810 20 3 24082
27824 20 19 24004
27826 20 2 23721
27834 20 15 24327
27856 20 2 24189
27874 20 9 23688
27908 20 14 24434
27910 20 15 24447
27920 20 5 24383
27922 20 15 23847
27924 20 19 23968
27926 20 10 24517
27938 20 10 23641
27956 20 10 23869
27958 20 21 23933
27964 20 19 24172
27968 20 21 23645
27970 20 9 24516
27976 20 3 23770
27998 20 22 23574
28006 20 22 23694
28010 20 15 23931
28036 20 23 24559
28062 20 14 24470
28066 20 9 23844
28068 20 1 24032
28086 20 2 24093
28120 20 21 23825
28122 20 23 23995
28128 20 10 23593
28164 20 1 23852
28168 20 19 24436
28182 20 21 24077
28190 20 21 24437
28192 20 1 24068
28206 20 19 23620
28224 20 14 24110
28232 20 19 23884
28250 20 2 24357
28276 20 21 24269
28306 20 3 24238
28318 20 5 24323
28342 20 9 23676
28344 20 3 24046
28346 20 5 24443
28386 20 21 24329
28398 20 23 23563
28402 20 14 23570
28416 20 21 24161
28420 20 22 23802
28424 20 15 23943
28426 20 15 24351
28436 20 1 23576
28438 20 10 24241
28442 20 3 24550
28522 20 9 24348
28526 20 14 24050
28534 20 9 23892
28542 20 22 23622
28562 20 21 23981
28564 20 15 24099
28566 20 21 24497
28586 20 19 23692
28592 20 9 24300
28606 20 1 24332
28638 20 3 23974
28730 20 3 23878
28746 20 9 23988
28748 20 19 24052
28750 20 15 24303
28760 20 3 23926
28796 20 19 23716
28818 20 19 23980
28820 20 3 23590
28822 20 5 23723
28860 20 19 23992
28874 20 22 23754
28884 20 23 23635
28886 20 19 23644
28888 20 1 23696
28890 20 15 24111
28892 20 19 24112
28894 20 2 24165
28896 20 19 24256
28908 20 19 23944
28910 20 22 24114
28912 20 19 24424
28924 20 22 23634
28934 20 3 24286
28950 20 14 23678
28954 20 10 24581
28956 20 23 24707
28958 20 14 24606
28960 20 23 25391
28962 20 19 24596
28966 20 22 24610
28968 20 3 24650
28970 20 1 24600
28972 20 5 24615
28974 20 2 24577
28976 20 15 24595
28978 20 23 24587
28980 20 21 25149
28982 20 15 24619
28988 20 14 24594
28990 20 22 24706
28992 20 1 24672
28994 20 1 24708
28996 20 22 24718
28998 20 15 24631
29002 20 1 24612
29006 20 21 24585
29008 20 14 24642
29010 20 21 24693
29012 20 23 24719
29022 20 2 24673
29024 20 1 24624
29026 20 5 24603
29028 20 5 24711
29030 20 9 24748
29032 20 5 24747
29034 20 15 24691
29036 20 22 24682
29040 20 22 24766
29044 20 9 24772
29046 20 1 24636
29050 20 19 24704
29054 20 5 24723
29056 20 2 24733
29058 20 14 24750
29060 20 2 24589
29062 20 9 24616
29068 20 1 24744
29070 20 21 24861
29072 20 9 24784
29076 20 23 24779
29078 20 22 24730
29080 20 1 24660
29082 20 3 24794
29084 20 14 24786
29086 20 14 24810
29088 20 10 24701
29090 20 23 24623
29092 20 3 24818
29096 20 21 24717
29098 20 10 24833
29100 20 5 24699
29104 20 5 24591
29108 20 19 24680
29110 20 15 24727
29112 20 21 24837
29116 20 2 24781
29118 20 2 24793
29120 20 2 24685
29122 20 3 24674
29124 20 14 24714
29126 20 5 24819
29128 20 2 24613
29138 20 2 24841
29140 20 14 24582
29142 20 5 24735
29144 20 19 24584
29146 20 22 24874
29152 20 2 24757
29154 20 9 25132
29160 20 21 24777
29166 20 5 24831
29168 20 23 24875
29174 20 1 24852
29180 20 21 24741
29182 20 3 24890
29188 20 5 24843
29192 20 3 25454
29194 20 23 24887
29198 20 5 24579
29206 20 2 24697
29210 20 5 24891
29214 20 23 24671
29218 20 15 24919
29220 20 19 24800
29228 20 22 24742
29230 20 19 24896
29234 20 21 24645
29238 20 23 24851
29240 20 5 24879
29242 20 23 24659
29244 20 23 24971
29246 20 15 24979
29248 20 10 24893
29262 20 3 24806
29264 20 15 24871
29268 20 10 24845
29272 20 14 24834
29274 20 14 24894
29282 20 3 24866
29284 20 5 24903
29290 20 1 25008
29292 20 2 25021
29294 20 15 24607
29302 20 1 24900
29304 20 22 24934
29306 20 3 24686
29308 20 1 24876
29320 20 2 25009
29322 20 1 24840
29328 20 22 25042
29332 20 23 25007
29334 20 15 25015
29346 20 21 24681
29350 20 21 24789
29352 20 10 24725
29356 20 14 25050
29368 20 10 24773
29370 20 9 24892
29376 20 22 24838
29378 20 10 24653
29380 20 14 24774
29386 20 15 25051
29388 20 1 25104
29390 20 10 25157
29396 20 5 25047
29398 20 23 24683
29402 20 1 24816
29404 20 10 24917
29424 20 21 24801
29428 20 21 25005
29430 20 10 24857
29436 20 1 24948
29448 20 22 24922
29450 20 14 25062
29454 20 14 24870
29456 20 3 24614
29460 20 21 24897
29462 20 2 25033
29466 20 14 24762
29470 20 19 25016
29472 20 19 24848
29474 20 14 25014
29480 20 23 24863
29482 20 10 25061
29506 20 21 24885
29510 20 5 24915
29512 20 22 24670
29514 20 22 24946
29538 20 19 25148
29540 20 9 24640
29542 20 9 24592
29544 20 10 24797
29548 20 19 25052
29550 20 2 24649
29552 20 14 25170
29562 20 10 25013
29568 20 3 24698
29574 20 3 25034
29582 20 15 24991
29586 20 1 25164
29588 20 3 24830
29594 20 9 24844
29604 20 15 24895
29612 20 22 25126
29614 20 21 25125
29616 20 21 25173
29620 20 2 24853
29624 20 2 24997
29630 20 1 25068
29642 20 9 25168
29644 20 22 24970
29646 20 19 25124
29658 20 19 25100
29660 20 5 24927
29666 20 1 25152
29672 20 1 25572
29676 20 5 25023
29678 20 1 25092
29682 20 19 24860
29686 20 3 25070
29688 20 22 25066
29696 20 3 25058
29700 20 3 25154
29708 20 21 25185
29712 20 23 25043
29724 20 9 24664
29726 20 14 24966
29728 20 1 24684
29736 20 1 25200
29740 20 5 24963
29742 20 3 25166
29744 20 1 25188
29746 20 14 24978
29748 20 2 25045
29750 20 14 24618
29780 20 1 24828
29784 20 9 24820
29786 20 5 25035
29792 20 15 25123
29802 20 3 24938
29808 20 10 25181
29818 20 9 25036
29828 20 2 25105
29830 20 3 25106
29832 20 3 25274
29842 20 23 24743
29844 20 14 24858
29846 20 5 25059
29848 20 23 25067
29850 20 14 25266
29852 20 10 25241
29854 20 22 25054
29868 20 2 24985
29870 20 23 25091
29878 20 22 25222
29880 20 1 25272
29890 20 2 25165
29902 20 3 24962
29904 20 5 25263
29906 20 5 25275
29908 20 9 25120
29916 20 2 24721
29920 20 1 24792
29922 20 21 24849
29924 20 10 24749
29926 20 22 24886
29938 20 2 25153
29940 20 15 25279
29954 20 9 25048
29956 20 15 25255
29958 20 15 25303
29960 20 14 25302
29964 20 5 24855
29966 20 23 24959
29980 20 2 25261
29982 20 14 25278
29992 20 9 25204
29994 20 23 25319
29996 20 14 25362
29998 20 19 24992
30008 20 2 24973
30010 20 19 25064
30026 20 21 25305
30030 20 10 25277
30032 20 19 24608
30034 20 14 25194
30036 20 23 25163
30044 20 5 25299
30046 20 2 24769
30048 20 23 25175
30064 20 22 25306
30066 20 10 24761
30088 20 19 25304
30092 20 3 25190
30100 20 9 25108
30108 20 15 24823
30112 20 15 24943
30130 20 19 25292
30132 20 10 25301
30134 20 1 24768
30136 20 23 25139
30142 20 22 24850
30148 20 22 24994
30154 20 15 25231
30156 20 19 24728
30158 20 9 24760
30160 20 3 25322
30162 20 3 25334
30170 20 1 25344
30180 20 10 24809
30186 20 5 25071
30188 20 19 25568
30196 20 19 25328
30198 20 19 24968
30228 20 1 25056
30230 20 5 25167
30234 20 10 24593
30238 20 22 25090
30240 20 10 25097
30242 20 14 24918
30248 20 14 25314
30256 20 15 25195
30268 20 21 25329
30270 20 2 24913
30290 20 2 25309
30292 20 19 25076
30296 20 3 25238
30298 20 23 25031
30300 20 9 25192
30302 20 15 25267
30312 20 3 25082
30320 20 9 25372
30342 20 14 25290
30360 20 15 24667
30368 20 9 25084
30376 20 5 25227
30378 20 21 25365
30384 20 19 25400
30386 20 21 25233
30388 20 10 24881
30390 20 3 24986
30392 20 3 25022
30394 20 23 25331
30400 20 3 24926
30404 20 22 25138
30408 20 22 25162
30410 20 21 25029
30412 20 9 25288
30414 20 14 25242
30420 20 3 25094
30434 20 22 25150
30436 20 2 25285
30448 20 22 25198
30468 20 3 25394
30492 20 2 25357
30518 20 15 25291
30526 20 9 25324
30532 20 19 25316
30536 20 22 24958
30538 20 14 25254
30544 20 5 25203
30548 20 14 25446
30554 20 2 25273
30556 20 5 25083
30558 20 15 24931
30560 20 23 25187
30570 20 3 25310
30578 20 9 25432
30580 20 15 25435
30582 20 22 25102
30588 20 9 25420
30602 20 10 25421
30608 20 5 24807
30610 20 1 24912
30622 20 1 25236
30630 20 5 25143
30636 20 5 25311
30642 20 5 25359
30646 20 14 24798
30652 20 19 25280
30654 20 21 24597
30658 20 22 25246
30662 20 2 25189
30672 20 19 25436
30678 20 19 24764
30700 20 10 25169
30710 20 5 25239
30712 20 2 25345
30714 20 1 25404
30776 20 23 25439
30798 20 14 25458
30802 20 5 25215
30806 20 1 25320
30808 20 15 25459
30810 20 9 24880
30814 20 14 24954
30826 20 19 25376
30830 20 23 25127
30834 20 1 25260
30836 20 21 25425
30860 20 14 25494
30862 20 23 25499
30864 20 1 25500
30880 20 21 25521
30882 20 1 24720
30890 20 21 25401
30892 20 19 25088
30894 20 10 24869
30898 20 5 25515
30928 20 10 25349
30942 20 21 24969
30974 20 5 25395
30986 20 9 25360
31012 20 21 25221
31014 20 23 24815
31016 20 14 25218
31022 20 5 25323
31050 20 3 25514
31058 20 9 25540
31072 20 9 25180
31082 20 14 25374
31084 20 22 25558
31086 20 21 25209
31088 20 9 24928
31092 20 1 24756
31098 20 21 25461
31104 20 23 25355
31112 20 2 25093
31116 20 5 25251
31120 20 1 25308
31122 20 23 25451
31124 20 5 25503
31134 20 19 24716
31152 20 15 25363
31156 20 2 25381
31162 20 3 24722
31164 20 2 24805
31166 20 23 25343
31172 20 14 25206
31182 20 14 25134
31186 20 14 25578
31192 20 1 24888
31194 20 5 24627
31216 20 22 25006
31220 20 23 25487
31224 20 10 25001
31240 20 1 25116
31242 20 10 12061
31244 20 19 11272
31246 20 19 12052
31248 20 1 11396
31250 20 10 11461
31252 20 19 11668
31254 20 9 12240
31256 20 2 11349
31262 20 5 11951
31264 20 21 11837
31266 20 19 11500
31268 20 3 12238
31270 20 10 11629
31274 20 22 11934
31276 20 1 11996
31278 20 21 11645
31280 20 10 11905
31282 20 21 11909
31286 20 3 11758
31290 20 21 11609
31292 20 10 11533
31294 20 21 11453
31296 20 5 12059
31298 20 14 12158
31300 20 14 11762
31304 20 15 11439
31308 20 14 11594
31312 20 1 11852
31316 20 19 12004
31318 20 14 11894
31320 20 19 12064
31322 20 1 12200
31326 20 10 12229
31328 20 23 11899
31330 20 2 11709
31332 20 1 11624
31334 20 9 11328
31336 20 19 11872
31338 20 2 12249
31340 20 19 11920
31342 20 1 11528
31344 20 19 12100
31348 20 19 11440
31350 20 21 11621
31352 20 10 11269
31356 20 9 11640
31360 20 15 11703
31362 20 3 11854
31364 20 21 12245
31366 20 19 11740
31370 20 3 11938
31384 20 10 11293
31386 20 9 11520
31390 20 22 11670
31400 20 5 11975
31402 20 5 11279
31404 20 23 11551
31408 20 3 12034
31410 20 3 11818
31414 20 19 11788
31416 20 3 11482
31418 20 19 11644
31420 20 1 11660
31422 20 2 11877
31424 20 19 12220
31428 20 5 12131
31432 20 23 11491
31434 20 15 11319
31440 20 3 11662
31442 20 2 11865
31446 20 23 12043
31448 20 3 11782
31460 20 3 12154
31466 20 14 11426
31468 20 15 11367
31470 20 5 11939
31472 20 10 11329
31474 20 21 12197
31476 20 22 11490
31478 20 22 11442
31484 20 15 11811
31486 20 5 12191
31494 20 14 11462
31496 20 22 11922
31498 20 23 12019
31502 20 5 12155
31504 20 19 12208
31506 20 21 11405
31512 20 10 11437
31514 20 23 11419
31518 20 5 11591
31520 20 22 12126
31522 20 9 11964
31524 20 19 11428
31526 20 3 11506
31530 20 21 11705
31536 20 10 12241
31542 20 15 11535
31546 20 9 12144
31548 20 2 11361
31554 20 2 11721
31568 20 22 11322
31570 20 10 11485
31574 20 9 11616
31576 20 23 11635
31578 20 21 11657
31582 20 14 12026
31590 20 1 11792
31598 20 23 11827
31602 20 23 11275
31606 20 5 11399
31618 20 2 12021
31620 20 22 11538
31622 20 1 11540
31626 20 22 12066
31628 20 9 11340
31630 20 5 11447
31632 20 19 12028
31646 20 19 12232
31650 20 1 11936
31656 20 1 12236
31658 20 15 11391
31660 20 14 11834
31662 20 22 11550
31664 20 3 11314
31666 20 22 12186
31668 20 15 11991
31674 20 15 11607
31676 20 15 11955
31678 20 15 11655
31682 20 1 11864
31684 20 21 11921
31686 20 10 12097
31688 20 23 12127
31690 20 23 12163
31692 20 22 12138
31694 20 23 11863
31700 20 1 12092
31716 20 9 12120
31718 20 21 12101
31722 20 9 11748
31726 20 5 12095
31730 20 1 12128
31734 20 1 11720
31742 20 15 11523
31750 20 10 12085
31756 20 15 12183
31760 20 21 12173
31764 20 14 12086
31768 20 23 12151
31770 20 19 12184
31776 20 3 11974
31778 20 5 12071
31782 20 15 12087
31786 20 3 12118
31788 20 1 11888
31790 20 21 11801
31802 20 10 12109
31812 20 14 11270
31822 20 1 12008
31832 20 3 11890
31834 20 15 12123
31836 20 22 11406
31844 20 5 11735
31848 20 19 12172
31856 20 22 11742
31864 20 9 11724
31866 20 19 12076
31888 20 22 11454
31894 20 23 11875
31896 20 23 11923
31912 20 23 11455
31914 20 22 11418
31918 20 10 11641
31920 20 14 11822
31922 20 22 11826
31924 20 15 12003
31930 20 10 11929
31932 20 2 1757
31934 20 15 1367
31936 20 9 14724
31938 20 9 15156
31940 20 22 15270
31944 20 10 15313
31946 20 10 14365
31948 20 3 15010
31950 20 10 14809
31952 20 3 14350
31954 20 2 14505
31956 20 14 14930
31958 20 21 15113
31960 20 15 14643
31962 20 15 14487
31964 20 22 14922
31966 20 23 15055
31970 20 2 14589
31972 20 15 14523
31976 20 22 15066
31978 20 2 14625
31980 20 10 15277
31986 20 21 14405
31990 20 2 15357
31994 20 2 15345
31996 20 1 14504
32000 20 19 14908
32010 20 14 14510
32016 20 9 15180
32018 20 1 15236
32020 20 19 15256
32022 20 22 15138
32026 20 5 15227
32042 20 2 14913
32050 20 3 15202
32056 20 1 14588
32066 20 10 14701
32068 20 22 14886
32070 20 1 14660
32074 20 23 15271
32076 20 15 14367
32080 20 1 15068
32082 20 23 15259
32088 20 5 14399
32094 20 10 15241
32100 20 23 14347
32102 20 1 14468
32104 20 10 14797
32106 20 9 15252
32108 20 2 14757
32110 20 10 15001
32112 20 19 14872
32114 20 10 14425
32118 20 23 15091
32122 20 22 14634
32124 20 23 15175
32126 20 1 15176
32128 20 9 15204
32130 20 10 15265
32132 20 23 14983
32134 20 21 14417
32136 20 10 14569
32138 20 3 14854
32142 20 15 15195
32144 20 1 14984
32154 20 21 14777
32160 20 15 15087
32162 20 14 14426
32164 20 5 14711
32166 20 2 14565
32180 20 3 14698
32190 20 2 14373
32200 20 14 14954
32204 20 3 14650
32206 20 10 14665
32208 20 23 15295
32210 20 23 14779
32218 20 22 14958
32220 20 1 15008
32224 20 9 14688
32228 20 3 14626
32232 20 21 14753
32234 20 22 14754
32236 20 2 14829
32242 20 19 15172
32248 20 15 15039
32268 20 14 14906
32270 20 14 15122
32276 20 19 14836
32292 20 10 14773
32296 20 10 14581
32298 20 1 15152
32302 20 15 15063
32304 20 23 14587
32306 20 1 14852
32310 20 9 15120
32314 20 14 14570
32316 20 23 14623
32320 20 1 14564
32322 20 21 14429
32328 20 9 14940
32342 20 2 14457
32346 20 21 14441
32348 20 2 14433
32358 20 9 15060
32360 20 9 14964
32364 20 10 14941
32368 20 21 14501
32388 20 9 15312
32394 20 9 14484
32396 20 19 15328
32398 20 2 14409
32412 20 15 15267
32416 20 5 15191
32422 20 14 14486
32426 20 22 14670
32430 20 21 14993
32448 20 1 14480
32466 20 19 14764
32470 20 5 14651
32474 20 1 14864
32478 20 1 15332
32480 20 10 14617
32488 20 21 14453
32496 20 3 14962
32500 20 15 14811
32502 20 2 14721
32504 20 22 14982
32506 20 15 15183
32508 20 23 15331
32510 20 19 15184
32512 20 21 15281
32516 20 3 14362
32526 20 3 14494
32528 20 22 15282
32532 20 22 14526
32534 20 22 14706
32546 20 2 14613
32548 20 2 15273
32554 20 22 14694
32568 20 19 15196
32574 20 19 14380
32584 20 15 15255
32596 20 19 14956
32598 20 19 15268
32604 20 1 14792
32606 20 2 14793
32614 20 15 14343
32616 20 2 14841
32622 20 3 14530
32628 20 14 14342
32630 20 10 15109
32644 20 22 15234
32646 20 23 15235
32660 20 5 14435
32666 20 14 14402
32670 20 21 14669
32674 20 5 15287
32708 20 2 15309
32732 20 5 14879
32734 20 14 15350
32736 20 10 15229
32738 20 3 15298
32742 20 23 15187
32744 20 22 14682
32760 20 23 14503
32806 20 1 14732
32808 20 19 14968
32810 20 2 14805
32814 20 22 15174
32816 20 5 14627
32820 20 19 14932
32830 20 15 14991
32832 20 15 15231
32858 20 3 14338
32862 20 19 15016
32864 20 5 15083
32878 20 5 15275
32882 20 1 14768
32884 20 21 14813
32888 20 9 13240
32890 20 21 12609
32892 20 21 12897
32894 20 14 12930
32896 20 14 13170
32898 20 21 13089
32900 20 19 12584
32902 20 15 12595
32904 20 15 12667
32906 20 15 12775
32908 20 19 13292
32910 20 15 12511
32912 20 5 13179
32914 20 22 13294
32916 20 1 12732
32918 20 22 13126
32920 20 23 13211
32922 20 9 13180
32924 20 23 13259
32926 20 10 12293
32930 20 9 12304
32934 20 22 13270
32940 20 10 13085
32946 20 15 12715
32948 20 21 12789
32950 20 21 12957
32952 20 15 12643
32954 20 14 13302
32956 20 23 12659
32960 20 22 12574
32962 20 3 12614
32964 20 23 12827
32970 20 19 12668
32972 20 21 12801
32974 20 10 12461
32978 20 5 12951
32980 20 5 12339
32984 20 2 13273
32986 20 10 13121
32990 20 3 12386
32992 20 3 13202
32994 20 5 13239
32996 20 3 13310
32998 20 22 13042
33000 20 21 12669
33002 20 22 12670
33008 20 22 13198
33010 20 9 13276
33014 20 19 13172
33016 20 21 12297
33020 20 14 12402
33022 20 15 12403
33024 20 21 13005
33026 20 10 13253
33030 20 22 13234
33032 20 3 12794
33034 20 14 12882
33036 20 15 12391
33038 20 21 13053
33040 20 23 12455
33042 20 1 12456
33044 20 19 13004
33046 20 19 12488
33048 20 19 12524
33050 20 5 12759
33056 20 9 13132
33060 20 10 12617
33062 20 10 12425
33070 20 3 13130
33074 20 10 12341
33076 20 23 12431
33078 20 9 12460
33080 20 15 12607
33084 20 5 12639
33086 20 1 12792
33094 20 3 12926
33096 20 21 13161
33098 20 21 13305
33100 20 22 13306
33110 20 10 13049
33118 20 5 12423
33120 20 3 13082
33126 20 19 12764
33132 20 21 12333
33134 20 2 13153
33136 20 9 12604
33138 20 15 12331
33142 20 23 12599
33144 20 1 13140
33146 20 2 13117
33148 20 3 13154
33150 20 15 12799
33154 20 21 12381
33158 20 5 12771
33160 20 10 12437
33162 20 15 13159
33164 20 19 12608
33166 20 5 12603
33168 20 9 12856
33170 20 15 12895
33174 20 22 13282
33182 20 2 12661
33184 20 23 12611
33186 20 1 12756
33192 20 22 12538
33196 20 10 12677
33198 20 9 12844
33200 20 2 13141
33206 20 22 12586
33224 20 19 12500
33226 20 15 12427
33230 20 3 12758
33232 20 1 13044
33236 20 22 13138
33242 20 21 12825
33248 20 23 13235
33254 20 15 12583
33256 20 23 12803
33262 20 5 13035
33276 20 22 12466
33278 20 23 12995
33280 20 3 13046
33284 20 2 12481
33288 20 14 12366
33294 20 15 13183
33296 20 19 12512
33298 20 22 12502
33300 20 15 12487
33306 20 23 13079
33308 20 3 13286
33310 20 14 12834
33316 20 1 13164
33324 20 19 13088
33330 20 1 12720
33336 20 15 12619
33342 20 22 12442
33344 20 2 12745
33348 20 23 13067
33352 20 14 12654
33362 20 1 12780
33364 20 22 13102
33370 20 23 13307
33378 20 19 12344
33380 20 15 12847
33392 20 9 12412
33396 20 14 12534
33398 20 2 12529
33400 20 14 12714
33412 20 10 12485
33418 20 21 13185
33424 20 19 12368
33428 20 1 12924
33430 20 22 12418
33436 20 5 13275
33438 20 3 12914
33442 20 22 12298
33446 20 5 12819
33452 20 9 12736
33458 20 3 12842
33460 20 3 12338
33470 20 5 12795
33472 20 15 13303
33476 20 5 13203
33508 20 10 13205
33510 20 15 12655
33518 20 22 12622
33524 20 9 12616
33534 20 19 12452
33540 20 22 12730
33548 20 21 13293
33554 20 14 12474
33556 20 22 12838
33568 20 3 12566
33572 20 19 12848
33576 20 23 13695
33578 20 23 13827
33580 20 15 14159
33582 20 23 13359
33584 20 1 13936
33588 20 5 14275
33590 20 3 13314
33592 20 23 13875
33594 20 5 13435
33598 20 21 13645
33602 20 10 13569
33604 20 14 14086
33606 20 15 13943
33608 20 21 13333
33610 20 19 14328
33612 20 14 14278
33616 20 9 13556
33618 20 1 14248
33620 20 2 13757
33622 20 22 14234
33624 20 2 13889
33632 20 2 13517
33634 20 19 13416
33636 20 10 13449
33638 20 19 13968
33640 20 15 13991
33642 20 22 14114
33648 20 23 13731
33650 20 14 14062
33652 20 15 14207
33654 20 2 13841
33658 20 3 13566
33660 20 15 13487
33664 20 21 13369
33666 20 21 13393
33668 20 15 13763
33670 20 22 14102
33678 20 9 13496
33680 20 3 13914
33682 20 15 14255
33684 20 5 14251
33686 20 23 13659
33688 20 19 14004
33692 20 9 14276
33694 20 9 13364
33696 20 10 13965
33700 20 10 13329
33702 20 2 13529
33706 20 2 13433
33708 20 9 13880
33710 20 21 13981
33712 20 3 13434
33714 20 5 14335
33716 20 5 14011
33722 20 15 13859
33724 20 9 14288
33726 20 2 13805
33728 20 21 14233
33730 20 2 13457
33732 20 23 13563
33738 20 9 13352
33742 20 1 13564
33744 20 19 13884
33748 20 19 14076
33750 20 15 14087
33754 20 15 13847
33756 20 19 13872
33758 20 10 13365
33762 20 9 14036
33768 20 2 14333
33770 20 10 14145
33772 20 3 14322
33786 20 15 14327
33790 20 19 13452
33798 20 1 13960
33804 20 1 14176
33806 20 21 13837
33812 20 1 13372
33814 20 5 13723
33816 20 22 13970
33826 20 21 13561
33830 20 10 13665
33834 20 19 14088
33838 20 22 13478
33840 20 3 13734
33842 20 21 13753
33844 20 9 13760
33846 20 3 13890
33848 20 1 13900
33850 20 23 13947
33852 20 1 14128
33856 20 23 14295
33860 20 22 13598
33862 20 10 13821
33876 20 1 13912
33878 20 14 14038
33884 20 15 14135
33890 20 1 14188
33892 20 5 13351
33894 20 9 13832
33896 20 3 14190
33900 20 15 13331
33902 20 5 13447
33904 20 2 13349
33906 20 23 14151
33908 20 3 13686
33910 20 22 14078
33912 20 5 14071
33914 20 10 14325
33916 20 19 13896
33918 20 22 13718
33920 20 15 13703
33932 20 23 13719
33942 20 1 13348
33958 20 9 14048
33970 20 14 13726
33972 20 23 13791
33976 20 3 13650
33980 20 3 13998
33990 20 9 13628
33998 20 21 13549
34000 20 3 14310
34004 20 23 14019
34010 20 3 13950
34020 20 14 13906
34022 20 9 13544
34024 20 3 13422
34028 20 22 14330
34030 20 22 13466
34032 20 22 14246
34034 20 21 13813
34046 20 3 13578
34062 20 1 14236
34082 20 21 14077
34084 20 21 14137
34086 20 9 14072
34092 20 10 14301
34098 20 14 13834
34100 20 3 14082
34104 20 23 13467
34106 20 9 13700
34108 20 9 13712
34110 20 10 14157
34112 20 9 13664
34114 20 9 14216
34124 20 10 13869
34126 20 2 14189
34128 20 21 13501
34130 20 15 13979
34138 20 2 13601
34140 20 5 14179
34144 20 2 14297
34164 20 3 13494
34166 20 15 13931
34182 20 1 13744
34184 20 1 14152
34190 20 19 13740
34208 20 10 13725
34210 20 19 14220
34240 20 14 14242
34244 20 19 13500
34250 20 19 13644
34262 20 21 14161
34268 20 10 13521
34272 20 5 13375
34274 20 22 13742
34284 20 21 13969
34288 20 14 13594
34290 20 10 13737
34292 20 14 14014
34294 20 2 13409
34300 20 1 13684
34308 20 15 13355
34310 20 3 13758
34320 20 5 13987
34322 20 22 14258
34338 20 21 13537
34342 20 9 13460
34344 20 22 13610
34346 20 19 13920
34354 20 23 2995
34356 20 23 7575
34358 20 1 7936
